 lameFE

 Timestamp is 3cff7269 (Thu Jun 06 16:32:09 2002)

 Preferred load address is 00400000

 Start         Length     Name                   Class
 0001:00000000 000318ecH .text                   CODE
 0001:000318f0 00005cbbH .text$x                 CODE
 0001:000375ab 0001ba05H .textbss                CODE
 0002:00000000 00004f0cH .rdata                  DATA
 0002:00004f10 00000151H .rdata$r                DATA
 0002:00005068 00004699H .xdata$x                DATA
 0002:00009701 00000000H .edata                  DATA
 0003:00000000 00000104H .CRT$XCA                DATA
 0003:00000104 00000104H .CRT$XCL                DATA
 0003:00000208 00000104H .CRT$XCU                DATA
 0003:0000030c 00000104H .CRT$XCZ                DATA
 0003:00000410 00000104H .CRT$XIA                DATA
 0003:00000514 00000104H .CRT$XIZ                DATA
 0003:00000620 0000081bH .data                   DATA
 0003:00000e40 0000017cH .bss                    DATA
 0004:00000000 0000012cH .idata$2                DATA
 0004:0000012c 00000014H .idata$3                DATA
 0004:00000140 00000c14H .idata$4                DATA
 0004:00000d54 00000c14H .idata$5                DATA
 0004:00001968 00000a78H .idata$6                DATA
 0005:00000000 00000fb3H .rsrc$01                DATA
 0005:00000fc0 0001aedcH .rsrc$02                DATA

  Address         Publics by Value              Rva+Base     Lib:Object

 0001:00001570       ??0Buffer@@QAE@XZ          00402570 f   Buffer.obj
 0001:000015e6       ?CR_GetJitterPosition@@YGJXZ 004025e6 f   CDRip:CDRIP.DLL
 0001:000015ec       _Beep@8                    004025ec f   kernel32:KERNEL32.dll
 0001:00001610       ??_EBuffer@@UAEPAXI@Z      00402610 f i Buffer.obj
 0001:00001610       ??_GBuffer@@UAEPAXI@Z      00402610 f i Buffer.obj
 0001:00001680       ??1Buffer@@UAE@XZ          00402680 f   Buffer.obj
 0001:000016c0       ?Init@Buffer@@QAE_NHH@Z    004026c0 f   Buffer.obj
 0001:000017d0       ?BuffersAvailable@Buffer@@QAEHXZ 004027d0 f   Buffer.obj
 0001:00001810       ?Write@Buffer@@QAEHPAFH@Z  00402810 f   Buffer.obj
 0001:000018d0       ?Read@Buffer@@QAEHPAF@Z    004028d0 f   Buffer.obj
 0001:000019a0       ?deInit@Buffer@@QAEXXZ     004029a0 f   Buffer.obj
 0001:00001a30       ?CreateObject@CCDDBPage@@SGPAVCObject@@XZ 00402a30 f   CDDBPage.obj
 0001:00001ae0       ?_GetBaseClass@CCDDBPage@@KGPAUCRuntimeClass@@XZ 00402ae0 f   CDDBPage.obj
 0001:00001b10       ?GetRuntimeClass@CCDDBPage@@UBEPAUCRuntimeClass@@XZ 00402b10 f   CDDBPage.obj
 0001:00001b50       ??0CCDDBPage@@QAE@XZ       00402b50 f   CDDBPage.obj
 0001:00001d90       ?SetPlayerStatus@CLameFEDlg@@AAEXH@Z 00402d90 f   lameFEDlg.obj
 0001:00001e20       ??_GCCDDBPage@@UAEPAXI@Z   00402e20 f i CDDBPage.obj
 0001:00001e20       ??_ECCDDBPage@@UAEPAXI@Z   00402e20 f i CDDBPage.obj
 0001:00001e90       ??1CCDDBPage@@UAE@XZ       00402e90 f   CDDBPage.obj
 0001:00002010       ?SetActiveCD@CLameFEDlg@@AAEXH@Z 00403010 f   lameFEDlg.obj
 0001:00002070       ?DoDataExchange@CCDDBPage@@MAEXPAVCDataExchange@@@Z 00403070 f   CDDBPage.obj
 0001:000022d0       ?_GetBaseMessageMap@CCDDBPage@@KGPBUAFX_MSGMAP@@XZ 004032d0 f   CDDBPage.obj
 0001:00002300       ?GetMessageMap@CCDDBPage@@MBEPBUAFX_MSGMAP@@XZ 00403300 f   CDDBPage.obj
 0001:00002340       ?init@CCDDBPage@@QAEXVCString@@@Z 00403340 f   CDDBPage.obj
 0001:000023e0       ?OnInitDialog@CCDDBPage@@UAEHXZ 004033e0 f   CDDBPage.obj
 0001:00002690       ?OnUseProxy@CCDDBPage@@IAEXXZ 00403690 f   CDDBPage.obj
 0001:00002740       ?OnAuthentication@CCDDBPage@@IAEXXZ 00403740 f   CDDBPage.obj
 0001:00002830       ?OnSelendokRemoteServer@CCDDBPage@@IAEXXZ 00403830 f   CDDBPage.obj
 0001:00002b10       ?OnOK@CCDDBPage@@UAEXXZ    00403b10 f   CDDBPage.obj
 0001:00002b60       ?SaveSettings@CCDDBPage@@AAEXXZ 00403b60 f   CDDBPage.obj
 0001:00002d80       ?OnUpdate@CCDDBPage@@IAEXXZ 00403d80 f   CDDBPage.obj
 0001:000030e0       ?OnHelpLicense@CLameFEDlg@@IAEXXZ 004040e0 f   lameFEDlg.obj
 0001:000031c0       ?GetLastCommandResponse@CCDDB@@QBE?AVCString@@XZ 004041c0 f i CDDBPage.obj
 0001:00003230       ??1CCDDBSite@@QAE@XZ       00404230 f i CDDBPage.obj
 0001:000032d0       ?WriteServerList@CCDDBPage@@AAEHXZ 004042d0 f   CDDBPage.obj
 0001:000035b0       ??1AFX_EXCEPTION_LINK@@QAE@XZ 004045b0 f i CDDBPage.obj
 0001:000035f0       ?ReadServerList@CCDDBPage@@AAEHXZ 004045f0 f   CDDBPage.obj
 0001:000038a0       ??0?$CArray@VCCDDBSite@@AAV1@@@QAE@XZ 004048a0 f i CDDBPage.obj
 0001:00003930       ?GetSize@?$CArray@VCCDDBSite@@AAV1@@@QBEHXZ 00404930 f i CDDBPage.obj
 0001:00003970       ?ElementAt@?$CArray@VCCDDBSite@@AAV1@@@QAEAAVCCDDBSite@@H@Z 00404970 f i CDDBPage.obj
 0001:00003a00       ??1?$CArray@VCCDDBSite@@AAV1@@@UAE@XZ 00404a00 f i CDDBPage.obj
 0001:00003ae0       ?Serialize@?$CArray@VCCDDBSite@@AAV1@@@UAEXAAVCArchive@@@Z 00404ae0 f i CDDBPage.obj
 0001:00003bb0       ?Dump@?$CArray@VCCDDBSite@@AAV1@@@UBEXAAVCDumpContext@@@Z 00404bb0 f i CDDBPage.obj
 0001:00003c80       ?AssertValid@?$CArray@VCCDDBSite@@AAV1@@@UBEXXZ 00404c80 f i CDDBPage.obj
 0001:00003e00       ??_G?$CArray@VCCDDBSite@@AAV1@@@UAEPAXI@Z 00404e00 f i CDDBPage.obj
 0001:00003e00       ??_E?$CArray@VCCDDBSite@@AAV1@@@UAEPAXI@Z 00404e00 f i CDDBPage.obj
 0001:00003e70       ?SetSize@?$CArray@VCCDDBSite@@AAV1@@@QAEXHH@Z 00404e70 f i CDDBPage.obj
 0001:00004260       ?DestructElements@@YGXPAVCCDDBSite@@H@Z 00405260 f i CDDBPage.obj
 0001:00004310       ?SerializeElements@@YGXAAVCArchive@@PAVCCDDBSite@@H@Z 00405310 f i CDDBPage.obj
 0001:000043d0       ?DumpElements@@YGXAAVCDumpContext@@PBVCCDDBSite@@H@Z 004053d0 f i CDDBPage.obj
 0001:00004450       ??_GCCDDBSite@@QAEPAXI@Z   00405450 f i CDDBPage.obj
 0001:000044c0       ?ConstructElements@@YGXPAVCCDDBSite@@H@Z 004054c0 f i CDDBPage.obj
 0001:000045f0       ??2@YAPAXIPAX@Z            004055f0 f i CDDBPage.obj
 0001:00004620       ??3@YAXPAX0@Z              00405620 f i CDDBPage.obj
 0001:00004650       ?cddb_sum@@YAHH@Z          00405650 f   CDdbQueryDlg.obj
 0001:000046f0       ??0CCDdbQueryDlg@@QAE@PAVCWnd@@PAVCPtrArray@@HVCString@@@Z 004056f0 f   CDdbQueryDlg.obj
 0001:00004880       ??_ECCDdbQueryDlg@@UAEPAXI@Z 00405880 f i CDdbQueryDlg.obj
 0001:00004880       ??_GCCDdbQueryDlg@@UAEPAXI@Z 00405880 f i CDdbQueryDlg.obj
 0001:000048f0       ??1CCDdbQueryDlg@@UAE@XZ   004058f0 f i CDdbQueryDlg.obj
 0001:00004a20       ?DoDataExchange@CCDdbQueryDlg@@MAEXPAVCDataExchange@@@Z 00405a20 f   CDdbQueryDlg.obj
 0001:00004ac0       ?_GetBaseMessageMap@CCDdbQueryDlg@@KGPBUAFX_MSGMAP@@XZ 00405ac0 f   CDdbQueryDlg.obj
 0001:00004af0       ?GetMessageMap@CCDdbQueryDlg@@MBEPBUAFX_MSGMAP@@XZ 00405af0 f   CDdbQueryDlg.obj
 0001:00004b30       ?OnCancel@CCDdbQueryDlg@@MAEXXZ 00405b30 f   CDdbQueryDlg.obj
 0001:00004b80       ?OnInitDialog@CCDdbQueryDlg@@MAEHXZ 00405b80 f   CDdbQueryDlg.obj
 0001:00005370       ?OnCdMp3@CLameFEDlg@@IAEXXZ 00406370 f   lameFEDlg.obj
 0001:00005570       ??0CCDDBStatus@@QAE@XZ     00406570 f i CDdbQueryDlg.obj
 0001:00005630       ??1CCDDBStatus@@QAE@XZ     00406630 f i CDdbQueryDlg.obj
 0001:000056f0       ?QueryCDDB@CCDdbQueryDlg@@QAEHXZ 004066f0 f   CDdbQueryDlg.obj
 0001:00005c00       ?OnWavMp3@CLameFEDlg@@IAEXXZ 00406c00 f   lameFEDlg.obj
 0001:00005d50       ??1CCDDBRecord@@QAE@XZ     00406d50 f i CDdbQueryDlg.obj
 0001:00005e90       ?AddLine@CCDdbQueryDlg@@AAEXVCString@@@Z 00406e90 f   CDdbQueryDlg.obj
 0001:00005f30       ?OnStart@CCDdbQueryDlg@@IAEXXZ 00406f30 f   CDdbQueryDlg.obj
 0001:00005f80       ?GetServerString@CCDdbQueryDlg@@AAE?AVCString@@H@Z 00406f80 f   CDdbQueryDlg.obj
 0001:00006200       ?CalculateDiscID@CCDdbQueryDlg@@AAEHXZ 00407200 f   CDdbQueryDlg.obj
 0001:00006370       ?GetTrackPositions@CCDdbQueryDlg@@AAEHAAV?$CArray@VCCDDBTrackPosition@@AAV1@@@@Z 00407370 f   CDdbQueryDlg.obj
 0001:000064b0       ??0?$CArray@HAAH@@QAE@XZ   004074b0 f i CDdbQueryDlg.obj
 0001:00006540       ??1?$CArray@HAAH@@UAE@XZ   00407540 f i CDdbQueryDlg.obj
 0001:00006620       ?Serialize@?$CArray@HAAH@@UAEXAAVCArchive@@@Z 00407620 f i CDdbQueryDlg.obj
 0001:000066f0       ?Dump@?$CArray@HAAH@@UBEXAAVCDumpContext@@@Z 004076f0 f i CDdbQueryDlg.obj
 0001:000067c0       ?AssertValid@?$CArray@HAAH@@UBEXXZ 004077c0 f i CDdbQueryDlg.obj
 0001:00006940       ??0?$CArray@VCCDDBQueryResult@@AAV1@@@QAE@XZ 00407940 f i CDdbQueryDlg.obj
 0001:000069d0       ?GetSize@?$CArray@VCCDDBQueryResult@@AAV1@@@QBEHXZ 004079d0 f i CDdbQueryDlg.obj
 0001:00006a10       ?ElementAt@?$CArray@VCCDDBQueryResult@@AAV1@@@QAEAAVCCDDBQueryResult@@H@Z 00407a10 f i CDdbQueryDlg.obj
 0001:00006aa0       ??1?$CArray@VCCDDBQueryResult@@AAV1@@@UAE@XZ 00407aa0 f i CDdbQueryDlg.obj
 0001:00006b80       ?Serialize@?$CArray@VCCDDBQueryResult@@AAV1@@@UAEXAAVCArchive@@@Z 00407b80 f i CDdbQueryDlg.obj
 0001:00006c50       ?Dump@?$CArray@VCCDDBQueryResult@@AAV1@@@UBEXAAVCDumpContext@@@Z 00407c50 f i CDdbQueryDlg.obj
 0001:00006d20       ?AssertValid@?$CArray@VCCDDBQueryResult@@AAV1@@@UBEXXZ 00407d20 f i CDdbQueryDlg.obj
 0001:00006ea0       ??0?$CArray@VCCDDBTrackPosition@@AAV1@@@QAE@XZ 00407ea0 f i CDdbQueryDlg.obj
 0001:00006f30       ?Add@?$CArray@VCCDDBTrackPosition@@AAV1@@@QAEHAAVCCDDBTrackPosition@@@Z 00407f30 f i CDdbQueryDlg.obj
 0001:00006f90       ??1?$CArray@VCCDDBTrackPosition@@AAV1@@@UAE@XZ 00407f90 f i CDdbQueryDlg.obj
 0001:00007070       ?Serialize@?$CArray@VCCDDBTrackPosition@@AAV1@@@UAEXAAVCArchive@@@Z 00408070 f i CDdbQueryDlg.obj
 0001:00007140       ?Dump@?$CArray@VCCDDBTrackPosition@@AAV1@@@UBEXAAVCDumpContext@@@Z 00408140 f i CDdbQueryDlg.obj
 0001:00007210       ?AssertValid@?$CArray@VCCDDBTrackPosition@@AAV1@@@UBEXXZ 00408210 f i CDdbQueryDlg.obj
 0001:00007390       ??_E?$CArray@HAAH@@UAEPAXI@Z 00408390 f i CDdbQueryDlg.obj
 0001:00007390       ??_G?$CArray@HAAH@@UAEPAXI@Z 00408390 f i CDdbQueryDlg.obj
 0001:00007400       ??_G?$CArray@VCCDDBQueryResult@@AAV1@@@UAEPAXI@Z 00408400 f i CDdbQueryDlg.obj
 0001:00007400       ??_E?$CArray@VCCDDBQueryResult@@AAV1@@@UAEPAXI@Z 00408400 f i CDdbQueryDlg.obj
 0001:00007470       ??_G?$CArray@VCCDDBTrackPosition@@AAV1@@@UAEPAXI@Z 00408470 f i CDdbQueryDlg.obj
 0001:00007470       ??_E?$CArray@VCCDDBTrackPosition@@AAV1@@@UAEPAXI@Z 00408470 f i CDdbQueryDlg.obj
 0001:000074e0       ?SetSize@?$CArray@HAAH@@QAEXHH@Z 004084e0 f i CDdbQueryDlg.obj
 0001:000078d0       ?DestructElements@@YGXPAHH@Z 004088d0 f i CDdbQueryDlg.obj
 0001:00007970       ?SerializeElements@@YGXAAVCArchive@@PAHH@Z 00408970 f i CDdbQueryDlg.obj
 0001:00007a30       ?DumpElements@@YGXAAVCDumpContext@@PBHH@Z 00408a30 f i CDdbQueryDlg.obj
 0001:00007ab0       ?SetSize@?$CArray@VCCDDBQueryResult@@AAV1@@@QAEXHH@Z 00408ab0 f i CDdbQueryDlg.obj
 0001:00007ea0       ?DestructElements@@YGXPAVCCDDBQueryResult@@H@Z 00408ea0 f i CDdbQueryDlg.obj
 0001:00007f50       ?SerializeElements@@YGXAAVCArchive@@PAVCCDDBQueryResult@@H@Z 00408f50 f i CDdbQueryDlg.obj
 0001:00008010       ?DumpElements@@YGXAAVCDumpContext@@PBVCCDDBQueryResult@@H@Z 00409010 f i CDdbQueryDlg.obj
 0001:00008090       ?SetSize@?$CArray@VCCDDBTrackPosition@@AAV1@@@QAEXHH@Z 00409090 f i CDdbQueryDlg.obj
 0001:00008480       ?SetAtGrow@?$CArray@VCCDDBTrackPosition@@AAV1@@@QAEXHAAVCCDDBTrackPosition@@@Z 00409480 f i CDdbQueryDlg.obj
 0001:00008540       ?DestructElements@@YGXPAVCCDDBTrackPosition@@H@Z 00409540 f i CDdbQueryDlg.obj
 0001:000085e0       ?SerializeElements@@YGXAAVCArchive@@PAVCCDDBTrackPosition@@H@Z 004095e0 f i CDdbQueryDlg.obj
 0001:000086a0       ?DumpElements@@YGXAAVCDumpContext@@PBVCCDDBTrackPosition@@H@Z 004096a0 f i CDdbQueryDlg.obj
 0001:00008720       ??_GCCDDBQueryResult@@QAEPAXI@Z 00409720 f i CDdbQueryDlg.obj
 0001:00008790       ??1CCDDBQueryResult@@QAE@XZ 00409790 f i CDdbQueryDlg.obj
 0001:00008830       ?ConstructElements@@YGXPAHH@Z 00409830 f i CDdbQueryDlg.obj
 0001:00008900       ?ConstructElements@@YGXPAVCCDDBQueryResult@@H@Z 00409900 f i CDdbQueryDlg.obj
 0001:00008a30       ?ConstructElements@@YGXPAVCCDDBTrackPosition@@H@Z 00409a30 f i CDdbQueryDlg.obj
 0001:00008b60       ?CreateObject@CCDROMPage@@SGPAVCObject@@XZ 00409b60 f   CDROMPage.obj
 0001:00008c10       ?_GetBaseClass@CCDROMPage@@KGPAUCRuntimeClass@@XZ 00409c10 f   CDROMPage.obj
 0001:00008c40       ?GetRuntimeClass@CCDROMPage@@UBEPAUCRuntimeClass@@XZ 00409c40 f   CDROMPage.obj
 0001:00008c80       ??0CCDROMPage@@QAE@XZ      00409c80 f   CDROMPage.obj
 0001:00008e60       ??_GCCDROMPage@@UAEPAXI@Z  00409e60 f i CDROMPage.obj
 0001:00008e60       ??_ECCDROMPage@@UAEPAXI@Z  00409e60 f i CDROMPage.obj
 0001:00008ed0       ??1CCDROMPage@@UAE@XZ      00409ed0 f   CDROMPage.obj
 0001:00009040       ?DoDataExchange@CCDROMPage@@MAEXPAVCDataExchange@@@Z 0040a040 f   CDROMPage.obj
 0001:00009210       ?_GetBaseMessageMap@CCDROMPage@@KGPBUAFX_MSGMAP@@XZ 0040a210 f   CDROMPage.obj
 0001:00009240       ?GetMessageMap@CCDROMPage@@MBEPBUAFX_MSGMAP@@XZ 0040a240 f   CDROMPage.obj
 0001:00009280       ?init@CCDROMPage@@QAEXVCString@@@Z 0040a280 f   CDROMPage.obj
 0001:00009320       ?OnOK@CCDROMPage@@UAEXXZ   0040a320 f   CDROMPage.obj
 0001:00009370       ?OnCancel@CCDROMPage@@UAEXXZ 0040a370 f   CDROMPage.obj
 0001:000093a0       ?SaveSettings@CCDROMPage@@AAEXXZ 0040a3a0 f   CDROMPage.obj
 0001:00009610       ?OnInitDialog@CCDROMPage@@UAEHXZ 0040a610 f   CDROMPage.obj
 0001:00009760       ?initControls@CCDROMPage@@AAEXXZ 0040a760 f   CDROMPage.obj
 0001:00009920       ?OnNative@CCDROMPage@@IAEXXZ 0040a920 f   CDROMPage.obj
 0001:00009990       ?OnSelchangeCdDrive@CCDROMPage@@IAEXXZ 0040a990 f   CDROMPage.obj
 0001:00009a10       ??0cfgFile@@QAE@VCString@@@Z 0040aa10 f   cfgFile.obj
 0001:00009d30       ??_GcfgFile@@UAEPAXI@Z     0040ad30 f i cfgFile.obj
 0001:00009d30       ??_EcfgFile@@UAEPAXI@Z     0040ad30 f i cfgFile.obj
 0001:00009da0       ??1cfgFile@@UAE@XZ         0040ada0 f   cfgFile.obj
 0001:00009e40       ?SetValue@cfgFile@@QAEHHPAX@Z 0040ae40 f   cfgFile.obj
 0001:0000a3b0       ?ResetFileList@CLameFEDlg@@AAEXXZ 0040b3b0 f   lameFEDlg.obj
 0001:0000a500       ?GetValue@cfgFile@@QAEHHH@Z 0040b500 f   cfgFile.obj
 0001:0000b250       ?SetListTitle@CLameFEDlg@@AAEXXZ 0040c250 f   lameFEDlg.obj
 0001:0000b5a0       ?GetStringValue@cfgFile@@QAE?AVCString@@H@Z 0040c5a0 f   cfgFile.obj
 0001:0000bb90       ?FormatBps@cfgFile@@AAE?AV?$basic_string@DU?$char_traits@D@std@@V?$allocator@D@2@@std@@V23@@Z 0040cb90 f   cfgFile.obj
 0001:0000bda0       ?findItem@cfgFile@@AAE?AV?$basic_string@DU?$char_traits@D@std@@V?$allocator@D@2@@std@@VCString@@@Z 0040cda0 f   cfgFile.obj
 0001:0000c030       ?writeToDisk@cfgFile@@AAEHXZ 0040d030 f   cfgFile.obj
 0001:0000c2d0       ??0Encoder@@QAE@VCString@@@Z 0040d2d0 f   Encoder.obj
 0001:0000c420       ??_EEncoder@@UAEPAXI@Z     0040d420 f i Encoder.obj
 0001:0000c420       ??_GEncoder@@UAEPAXI@Z     0040d420 f i Encoder.obj
 0001:0000c490       ??1Encoder@@UAE@XZ         0040d490 f   Encoder.obj
 0001:0000c4f0       ?init@Encoder@@QAEHXZ      0040d4f0 f   Encoder.obj
 0001:0000c750       ?setOutputFormat@Encoder@@QAEXH@Z 0040d750 f   Encoder.obj
 0001:0000c790       ?prepareEncoding@Encoder@@QAEHPAVMP3File@@@Z 0040d790 f   Encoder.obj
 0001:0000c830       ?passBuffer@Encoder@@QAEXPAXK@Z 0040d830 f   Encoder.obj
 0001:0000c980       ?prepareWave@Encoder@@IAEHVCString@@@Z 0040d980 f   Encoder.obj
 0001:0000ca80       ?prepareMP3@Encoder@@IAEHPAVMP3File@@@Z 0040da80 f   Encoder.obj
 0001:0000cdd0       ?deInit@Encoder@@QAEHXZ    0040ddd0 f   Encoder.obj
 0001:0000cfa0       ?writeWaveHeader@Encoder@@IAEHXZ 0040dfa0 f   Encoder.obj
 0001:0000d0e0       ?getSamplesToRead@Encoder@@QAEKXZ 0040e0e0 f   Encoder.obj
 0001:0000d120       ?getEstimatedSize@Encoder@@QAEHHHHH@Z 0040e120 f   Encoder.obj
 0001:0000d1d0       ??0EncoderFeeder@@QAE@PAVEncoder@@HHAAH@Z 0040e1d0 f   EncoderFeeder.obj
 0001:0000d320       ??_EEncoderFeeder@@UAEPAXI@Z 0040e320 f i EncoderFeeder.obj
 0001:0000d320       ??_GEncoderFeeder@@UAEPAXI@Z 0040e320 f i EncoderFeeder.obj
 0001:0000d390       ??1EncoderFeeder@@UAE@XZ   0040e390 f   EncoderFeeder.obj
 0001:0000d430       ?addData@EncoderFeeder@@QAE_NPAFK@Z 0040e430 f   EncoderFeeder.obj
 0001:0000d560       ?encProc@EncoderFeeder@@AAEXXZ 0040e560 f   EncoderFeeder.obj
 0001:0000d6e0       ?waitForFinished@EncoderFeeder@@QAEXXZ 0040e6e0 f   EncoderFeeder.obj
 0001:0000d790       ?FeederProc@EncoderFeeder@@SAIPAX@Z 0040e790 f   EncoderFeeder.obj
 0001:0000d7d0       ?GetBufferStatus@EncoderFeeder@@QAEHXZ 0040e7d0 f   EncoderFeeder.obj
 0001:0000d840       ?deInit@EncoderFeeder@@QAEXXZ 0040e840 f   EncoderFeeder.obj
 0001:0000d890       ?CreateObject@CEncoderSheet@@SGPAVCObject@@XZ 0040e890 f   EncoderSheet.obj
 0001:0000d940       ?_GetBaseClass@CEncoderSheet@@KGPAUCRuntimeClass@@XZ 0040e940 f   EncoderSheet.obj
 0001:0000d970       ?GetRuntimeClass@CEncoderSheet@@UBEPAUCRuntimeClass@@XZ 0040e970 f   EncoderSheet.obj
 0001:0000d9b0       ??0CEncoderSheet@@QAE@XZ   0040e9b0 f   EncoderSheet.obj
 0001:0000dba0       ??_GCEncoderSheet@@UAEPAXI@Z 0040eba0 f i EncoderSheet.obj
 0001:0000dba0       ??_ECEncoderSheet@@UAEPAXI@Z 0040eba0 f i EncoderSheet.obj
 0001:0000dc10       ??1CEncoderSheet@@UAE@XZ   0040ec10 f   EncoderSheet.obj
 0001:0000ddc0       ?DoDataExchange@CEncoderSheet@@MAEXPAVCDataExchange@@@Z 0040edc0 f   EncoderSheet.obj
 0001:0000df70       ?_GetBaseMessageMap@CEncoderSheet@@KGPBUAFX_MSGMAP@@XZ 0040ef70 f   EncoderSheet.obj
 0001:0000dfa0       ?GetMessageMap@CEncoderSheet@@MBEPBUAFX_MSGMAP@@XZ 0040efa0 f   EncoderSheet.obj
 0001:0000dfe0       ?init@CEncoderSheet@@QAEXVCString@@@Z 0040efe0 f   EncoderSheet.obj
 0001:0000e260       ?OnInitDialog@CEncoderSheet@@UAEHXZ 0040f260 f   EncoderSheet.obj
 0001:0000e490       ?OnOK@CEncoderSheet@@UAEXXZ 0040f490 f   EncoderSheet.obj
 0001:0000e4e0       ?OnCancel@CEncoderSheet@@UAEXXZ 0040f4e0 f   EncoderSheet.obj
 0001:0000e530       ?saveSettings@CEncoderSheet@@AAEXXZ 0040f530 f   EncoderSheet.obj
 0001:0000e720       ?OnRename@CEncoderSheet@@IAEXXZ 0040f720 f   EncoderSheet.obj
 0001:0000e780       ??0EncodingStatusDlg@@QAE@PAVCWnd@@@Z 0040f780 f   EncodingStatusDlg.obj
 0001:0000eaf0       ??_EEncodingStatusDlg@@UAEPAXI@Z 0040faf0 f i EncodingStatusDlg.obj
 0001:0000eaf0       ??_GEncodingStatusDlg@@UAEPAXI@Z 0040faf0 f i EncodingStatusDlg.obj
 0001:0000eb60       ??1CTrayDialog@@UAE@XZ     0040fb60 f i EncodingStatusDlg.obj
 0001:0000ebf0       ??1EncodingStatusDlg@@UAE@XZ 0040fbf0 f i EncodingStatusDlg.obj
 0001:0000ee00       ?DoDataExchange@EncodingStatusDlg@@MAEXPAVCDataExchange@@@Z 0040fe00 f   EncodingStatusDlg.obj
 0001:0000eff0       ?_GetBaseMessageMap@EncodingStatusDlg@@KGPBUAFX_MSGMAP@@XZ 0040fff0 f   EncodingStatusDlg.obj
 0001:0000f020       ?GetMessageMap@EncodingStatusDlg@@MBEPBUAFX_MSGMAP@@XZ 00410020 f   EncodingStatusDlg.obj
 0001:0000f060       ?OnInitDialog@EncodingStatusDlg@@MAEHXZ 00410060 f   EncodingStatusDlg.obj
 0001:0000f140       ?OnTimer@EncodingStatusDlg@@IAEXI@Z 00410140 f   EncodingStatusDlg.obj
 0001:0000f390       ?OnCancel@EncodingStatusDlg@@MAEXXZ 00410390 f   EncodingStatusDlg.obj
 0001:0000f440       ?OnStRestore@EncodingStatusDlg@@IAEXXZ 00410440 f   EncodingStatusDlg.obj
 0001:0000f4c0       ?OnStExit@EncodingStatusDlg@@IAEXXZ 004104c0 f   EncodingStatusDlg.obj
 0001:0000f530       ?parseFiles@EncodingStatusDlg@@QAEXPAVCPtrArray@@VCString@@H@Z 00410530 f   EncodingStatusDlg.obj
 0001:0000f5f0       ?writeID3Tag@EncodingStatusDlg@@QAEHPAVMP3File@@@Z 004105f0 f   EncodingStatusDlg.obj
 0001:0000f920       ?viewLog@EncodingStatusDlg@@QAEXXZ 00410920 f   EncodingStatusDlg.obj
 0001:0000fe60       ?setJob@EncodingStatusDlg@@QAEXH@Z 00410e60 f   EncodingStatusDlg.obj
 0001:0000fea0       ?encoderFunc@EncodingStatusDlg@@SAIPAX@Z 00410ea0 f   EncodingStatusDlg.obj
 0001:0000ff30       ?WaveToMP3@EncodingStatusDlg@@QAEHXZ 00410f30 f   EncodingStatusDlg.obj
 0001:00010df0       ?OnToolsEditid3tag@CLameFEDlg@@IAEXXZ 00411df0 f   lameFEDlg.obj
 0001:000111a0       ?RipToWave@EncodingStatusDlg@@QAEHXZ 004121a0 f   EncodingStatusDlg.obj
 0001:00011f40       ?RipToMP3@EncodingStatusDlg@@QAEHXZ 00412f40 f   EncodingStatusDlg.obj
 0001:00013230       ?readCDContents@CLameFEDlg@@IAEXXZ 00414230 f   lameFEDlg.obj
 0001:00013610       ?GetJob@EncodingStatusDlg@@AAEHXZ 00414610 f   EncodingStatusDlg.obj
 0001:00013650       ?finishedJobs@EncodingStatusDlg@@AAEXXZ 00414650 f   EncodingStatusDlg.obj
 0001:00014460       ?FileExists@EncodingStatusDlg@@AAEHVCString@@@Z 00415460 f   EncodingStatusDlg.obj
 0001:00014640       ??0CFileStatus@@QAE@XZ     00415640 f i EncodingStatusDlg.obj
 0001:000146b0       ?createSubDirs@EncodingStatusDlg@@AAEHVCString@@00@Z 004156b0 f   EncodingStatusDlg.obj
 0001:000149d0       ?createDirs@EncodingStatusDlg@@AAEHVCString@@@Z 004159d0 f   EncodingStatusDlg.obj
 0001:00014d70       ??0CFolderDialog@@QAE@PBDKPAVCWnd@@@Z 00415d70 f   FolderDialog.obj
 0001:00014f50       ??_ECFolderDialog@@UAEPAXI@Z 00415f50 f i FolderDialog.obj
 0001:00014f50       ??_GCFolderDialog@@UAEPAXI@Z 00415f50 f i FolderDialog.obj
 0001:00014fc0       ??1CFolderDialog@@UAE@XZ   00415fc0 f   FolderDialog.obj
 0001:00015060       ?CallbackFunction@CFolderDialog@@MAEXPAUHWND__@@IJ@Z 00416060 f   FolderDialog.obj
 0001:00015100       ?DoModal@CFolderDialog@@UAEHXZ 00416100 f   FolderDialog.obj
 0001:00015270       ?GetPathName@CFolderDialog@@QBE?AVCString@@XZ 00416270 f   FolderDialog.obj
 0001:000152e0       ?EnableOK@CFolderDialog@@IAEXH@Z 004162e0 f   FolderDialog.obj
 0001:00015350       ?SetSelection@CFolderDialog@@IAEXPBD@Z 00416350 f   FolderDialog.obj
 0001:000153c0       ?SetSelection@CFolderDialog@@IAEXPAU_ITEMIDLIST@@@Z 004163c0 f   FolderDialog.obj
 0001:00015430       ?SetStatusText@CFolderDialog@@IAEXPBD@Z 00416430 f   FolderDialog.obj
 0001:000154a0       ?ShortName@CFolderDialog@@IAE?AVCString@@ABV2@@Z 004164a0 f   FolderDialog.obj
 0001:000155f0       ?OnInitDialog@CFolderDialog@@MAEXXZ 004165f0 f   FolderDialog.obj
 0001:000156c0       ?OnSelChanged@CFolderDialog@@MAEXPAU_ITEMIDLIST@@@Z 004166c0 f   FolderDialog.obj
 0001:000157c0       ??0ID3Info@@QAE@XZ         004167c0 f   ID3Info.obj
 0001:00015910       ??_EID3Info@@UAEPAXI@Z     00416910 f i ID3Info.obj
 0001:00015910       ??_GID3Info@@UAEPAXI@Z     00416910 f i ID3Info.obj
 0001:00015980       ??1ID3Info@@UAE@XZ         00416980 f   ID3Info.obj
 0001:00015a50       ?getSong@ID3Info@@QAE?AVCString@@XZ 00416a50 f   ID3Info.obj
 0001:00015ac0       ?getArtist@ID3Info@@QAE?AVCString@@XZ 00416ac0 f   ID3Info.obj
 0001:00015b30       ?getAlbum@ID3Info@@QAE?AVCString@@XZ 00416b30 f   ID3Info.obj
 0001:00015ba0       ?getComment@ID3Info@@QAE?AVCString@@XZ 00416ba0 f   ID3Info.obj
 0001:00015c10       ?getGenre@ID3Info@@QAE?AVCString@@XZ 00416c10 f   ID3Info.obj
 0001:00015c80       ?getTrack@ID3Info@@QAEHXZ  00416c80 f   ID3Info.obj
 0001:00015cc0       ?getYear@ID3Info@@QAEHXZ   00416cc0 f   ID3Info.obj
 0001:00015d00       ?setSong@ID3Info@@QAEXVCString@@@Z 00416d00 f   ID3Info.obj
 0001:00015da0       ?setArtist@ID3Info@@QAEXVCString@@@Z 00416da0 f   ID3Info.obj
 0001:00015e40       ?setAlbum@ID3Info@@QAEXVCString@@@Z 00416e40 f   ID3Info.obj
 0001:00015ee0       ?setComment@ID3Info@@QAEXVCString@@@Z 00416ee0 f   ID3Info.obj
 0001:00015f80       ?setGenre@ID3Info@@QAEXVCString@@@Z 00416f80 f   ID3Info.obj
 0001:00016020       ?setTrack@ID3Info@@QAEXH@Z 00417020 f   ID3Info.obj
 0001:00016060       ?setYear@ID3Info@@QAEXH@Z  00417060 f   ID3Info.obj
 0001:000160a0       ??0CID3TagEditor@@QAE@PAVCWnd@@@Z 004170a0 f   ID3TagEditor.obj
 0001:00016490       ??_ECID3TagEditor@@UAEPAXI@Z 00417490 f i ID3TagEditor.obj
 0001:00016490       ??_GCID3TagEditor@@UAEPAXI@Z 00417490 f i ID3TagEditor.obj
 0001:00016500       ??1CID3TagEditor@@UAE@XZ   00417500 f i ID3TagEditor.obj
 0001:00016820       ?DoDataExchange@CID3TagEditor@@MAEXPAVCDataExchange@@@Z 00417820 f   ID3TagEditor.obj
 0001:00016c40       ?_GetBaseMessageMap@CID3TagEditor@@KGPBUAFX_MSGMAP@@XZ 00417c40 f   ID3TagEditor.obj
 0001:00016c70       ?GetMessageMap@CID3TagEditor@@MBEPBUAFX_MSGMAP@@XZ 00417c70 f   ID3TagEditor.obj
 0001:00016cb0       ?OnInitDialog@CID3TagEditor@@MAEHXZ 00417cb0 f   ID3TagEditor.obj
 0001:00016eb0       ?ParseFileInformation@CID3TagEditor@@QAEHPAVCPtrArray@@H@Z 00417eb0 f   ID3TagEditor.obj
 0001:00016f10       ?InitFileBox@CID3TagEditor@@IAEHXZ 00417f10 f   ID3TagEditor.obj
 0001:00017060       ?OnSelchangeFiles@CID3TagEditor@@IAEXXZ 00418060 f   ID3TagEditor.obj
 0001:00017750       ?initGenreList@CID3TagEditor@@IAEHXZ 00418750 f   ID3TagEditor.obj
 0001:000177e0       ?OnOK@CID3TagEditor@@MAEXXZ 004187e0 f   ID3TagEditor.obj
 0001:00017b50       ?OnSongA@CID3TagEditor@@IAEXXZ 00418b50 f   ID3TagEditor.obj
 0001:00017bc0       ?OnAlbumA@CID3TagEditor@@IAEXXZ 00418bc0 f   ID3TagEditor.obj
 0001:00017c30       ?OnAmAlbum@CID3TagEditor@@IAEXXZ 00418c30 f   ID3TagEditor.obj
 0001:00017e00       ?OnAmArtist@CID3TagEditor@@IAEXXZ 00418e00 f   ID3TagEditor.obj
 0001:00017fd0       ?OnAmComment@CID3TagEditor@@IAEXXZ 00418fd0 f   ID3TagEditor.obj
 0001:000181a0       ?OnAmGenre@CID3TagEditor@@IAEXXZ 004191a0 f   ID3TagEditor.obj
 0001:00018380       ?OnAmYear@CID3TagEditor@@IAEXXZ 00419380 f   ID3TagEditor.obj
 0001:00018500       ?OnArtistA@CID3TagEditor@@IAEXXZ 00419500 f   ID3TagEditor.obj
 0001:00018570       ?OnCommentA@CID3TagEditor@@IAEXXZ 00419570 f   ID3TagEditor.obj
 0001:000185e0       ?OnGenreA@CID3TagEditor@@IAEXXZ 004195e0 f   ID3TagEditor.obj
 0001:00018650       ?OnTrackA@CID3TagEditor@@IAEXXZ 00419650 f   ID3TagEditor.obj
 0001:000186c0       ?OnYearA@CID3TagEditor@@IAEXXZ 004196c0 f   ID3TagEditor.obj
 0001:00018730       ?OnId3tag@CID3TagEditor@@IAEXXZ 00419730 f   ID3TagEditor.obj
 0001:00018910       ?OnAlbumMode@CID3TagEditor@@IAEXXZ 00419910 f   ID3TagEditor.obj
 0001:00018ab0       ?checkState@CID3TagEditor@@IAEHXZ 00419ab0 f   ID3TagEditor.obj
 0001:00018ca0       ?checkID3@CID3TagEditor@@IAEXXZ 00419ca0 f   ID3TagEditor.obj
 0001:00018e50       ??0InternalPlayer@@QAE@HPAUHWND__@@@Z 00419e50 f   InternalPlayer.obj
 0001:00018ee0       ??_GInternalPlayer@@UAEPAXI@Z 00419ee0 f i InternalPlayer.obj
 0001:00018ee0       ??_EInternalPlayer@@UAEPAXI@Z 00419ee0 f i InternalPlayer.obj
 0001:00018f50       ??1InternalPlayer@@UAE@XZ  00419f50 f   InternalPlayer.obj
 0001:00018f90       ?playback@InternalPlayer@@SAIPAX@Z 00419f90 f   InternalPlayer.obj
 0001:00018ff0       ?play@InternalPlayer@@QAEXXZ 00419ff0 f   InternalPlayer.obj
 0001:00019060       ?stop@InternalPlayer@@QAEXXZ 0041a060 f   InternalPlayer.obj
 0001:000190f0       ?setPlaylist@InternalPlayer@@QAEXPAVCPtrArray@@@Z 0041a0f0 f   InternalPlayer.obj
 0001:00019130       ?next@InternalPlayer@@QAEXXZ 0041a130 f   InternalPlayer.obj
 0001:000191e0       ?prev@InternalPlayer@@QAEXXZ 0041a1e0 f   InternalPlayer.obj
 0001:00019290       ?playInternal@InternalPlayer@@QAEXXZ 0041a290 f   InternalPlayer.obj
 0001:000193b0       ?deInit@InternalPlayer@@QAEXXZ 0041a3b0 f   InternalPlayer.obj
 0001:00019500       ?pause@InternalPlayer@@QAEXXZ 0041a500 f   InternalPlayer.obj
 0001:00019570       ?_GetBaseMessageMap@CLameFEApp@@KGPBUAFX_MSGMAP@@XZ 0041a570 f   lameFE.obj
 0001:000195a0       ?GetMessageMap@CLameFEApp@@MBEPBUAFX_MSGMAP@@XZ 0041a5a0 f   lameFE.obj
 0001:000195e0       ??0CLameFEApp@@QAE@XZ      0041a5e0 f   lameFE.obj
 0001:00019640       ??_ECLameFEApp@@UAEPAXI@Z  0041a640 f i lameFE.obj
 0001:00019640       ??_GCLameFEApp@@UAEPAXI@Z  0041a640 f i lameFE.obj
 0001:000196b0       ??1CLameFEApp@@UAE@XZ      0041a6b0 f i lameFE.obj
 0001:00019810       ?InitInstance@CLameFEApp@@UAEHXZ 0041a810 f   lameFE.obj
 0001:000199b0       ??0CAboutDlg@@QAE@VCString@@@Z 0041a9b0 f   lameFEDlg.obj
 0001:00019ac0       ??_ECAboutDlg@@UAEPAXI@Z   0041aac0 f i lameFEDlg.obj
 0001:00019ac0       ??_GCAboutDlg@@UAEPAXI@Z   0041aac0 f i lameFEDlg.obj
 0001:00019b30       ??1CAboutDlg@@UAE@XZ       0041ab30 f i lameFEDlg.obj
 0001:00019bf0       ?DoDataExchange@CAboutDlg@@MAEXPAVCDataExchange@@@Z 0041abf0 f   lameFEDlg.obj
 0001:00019c40       ?_GetBaseMessageMap@CAboutDlg@@KGPBUAFX_MSGMAP@@XZ 0041ac40 f   lameFEDlg.obj
 0001:00019c70       ?GetMessageMap@CAboutDlg@@MBEPBUAFX_MSGMAP@@XZ 0041ac70 f   lameFEDlg.obj
 0001:00019cb0       ?OnOK@CAboutDlg@@MAEXXZ    0041acb0 f   lameFEDlg.obj
 0001:00019d10       ?OnInitDialog@CAboutDlg@@MAEHXZ 0041ad10 f   lameFEDlg.obj
 0001:00019f40       ?OnTimer@CAboutDlg@@IAEXI@Z 0041af40 f   lameFEDlg.obj
 0001:0001a170       ?OnPaint@CAboutDlg@@IAEXXZ 0041b170 f   lameFEDlg.obj
 0001:0001ac90       ?OnDestroy@CAboutDlg@@IAEXXZ 0041bc90 f   lameFEDlg.obj
 0001:0001ad10       ??0CLameFEDlg@@QAE@PAVCWnd@@@Z 0041bd10 f   lameFEDlg.obj
 0001:0001af80       ??_GCLameFEDlg@@UAEPAXI@Z  0041bf80 f i lameFEDlg.obj
 0001:0001af80       ??_ECLameFEDlg@@UAEPAXI@Z  0041bf80 f i lameFEDlg.obj
 0001:0001aff0       ??1CLameFEDlg@@UAE@XZ      0041bff0 f   lameFEDlg.obj
 0001:0001b210       ?DoDataExchange@CLameFEDlg@@MAEXPAVCDataExchange@@@Z 0041c210 f   lameFEDlg.obj
 0001:0001b450       ?_GetBaseMessageMap@CLameFEDlg@@KGPBUAFX_MSGMAP@@XZ 0041c450 f   lameFEDlg.obj
 0001:0001b480       ?GetMessageMap@CLameFEDlg@@MBEPBUAFX_MSGMAP@@XZ 0041c480 f   lameFEDlg.obj
 0001:0001b4c0       ?OnInitDialog@CLameFEDlg@@MAEHXZ 0041c4c0 f   lameFEDlg.obj
 0001:0001ba90       ?OnSysCommand@CLameFEDlg@@IAEXIJ@Z 0041ca90 f   lameFEDlg.obj
 0001:0001bb90       ?OnPaint@CLameFEDlg@@IAEXXZ 0041cb90 f   lameFEDlg.obj
 0001:0001bd10       ?OnQueryDragIcon@CLameFEDlg@@IAEPAUHICON__@@XZ 0041cd10 f   lameFEDlg.obj
 0001:0001bd50       ?OnNewPreset@CLameFEDlg@@IAEXXZ 0041cd50 f   lameFEDlg.obj
 0001:0001bda0       ?OnAddFile@CLameFEDlg@@IAEXXZ 0041cda0 f   lameFEDlg.obj
 0001:0001c1d0       ??1CFileDialog@@UAE@XZ     0041d1d0 f i lameFEDlg.obj
 0001:0001c260       ??1CCommonDialog@@UAE@XZ   0041d260 f i lameFEDlg.obj
 0001:0001c2b0       ?OnRemoveFile@CLameFEDlg@@IAEXXZ 0041d2b0 f   lameFEDlg.obj
 0001:0001c520       ?OnExit@CLameFEDlg@@IAEXXZ 0041d520 f   lameFEDlg.obj
 0001:0001c640       ?OnAbout@CLameFEDlg@@IAEXXZ 0041d640 f   lameFEDlg.obj
 0001:0001c770       ?OnHelpHelpindex@CLameFEDlg@@IAEXXZ 0041d770 f   lameFEDlg.obj
 0001:0001c7b0       ?OnCddbReadfromremotecddbserver@CLameFEDlg@@IAEXXZ 0041d7b0 f   lameFEDlg.obj
 0001:0001cbb0       ?OnHelp@CLameFEDlg@@IAEXXZ 0041dbb0 f   lameFEDlg.obj
 0001:0001cbf0       ?OnEncode@CLameFEDlg@@IAEHXZ 0041dbf0 f   lameFEDlg.obj
 0001:0001d5b0       ?OnPlay@CLameFEDlg@@IAEXXZ 0041e5b0 f   lameFEDlg.obj
 0001:0001d640       ?OnNext@CLameFEDlg@@IAEXXZ 0041e640 f   lameFEDlg.obj
 0001:0001d6c0       ?OnPause@CLameFEDlg@@IAEXXZ 0041e6c0 f   lameFEDlg.obj
 0001:0001d740       ?OnPrev@CLameFEDlg@@IAEXXZ 0041e740 f   lameFEDlg.obj
 0001:0001d930       ?OnStop@CLameFEDlg@@IAEXXZ 0041e930 f   lameFEDlg.obj
 0001:0001dca0       ?OnCdWav@CLameFEDlg@@IAEXXZ 0041eca0 f   lameFEDlg.obj
 0001:0001e2a0       ?OnRefresh@CLameFEDlg@@IAEXXZ 0041f2a0 f   lameFEDlg.obj
 0001:0001e3b0       ?OnEjectCd@CLameFEDlg@@IAEXXZ 0041f3b0 f   lameFEDlg.obj
 0001:0001e4c0       ?OnCddbSettings@CLameFEDlg@@IAEXXZ 0041f4c0 f   lameFEDlg.obj
 0001:0001e5d0       ?OnPreferencesPlugins@CLameFEDlg@@IAEXXZ 0041f5d0 f   lameFEDlg.obj
 0001:0001e6e0       ?OnSettings@CLameFEDlg@@IAEXXZ 0041f6e0 f   lameFEDlg.obj
 0001:0001e7e0       ?OnPreferencesCdreadersettings@CLameFEDlg@@IAEXXZ 0041f7e0 f   lameFEDlg.obj
 0001:0001e8f0       ?OnPreferencesTagwritersettings@CLameFEDlg@@IAEXXZ 0041f8f0 f   lameFEDlg.obj
 0001:0001ee90       ?OnCancel@CLameFEDlg@@MAEXXZ 0041fe90 f   lameFEDlg.obj
 0001:0001eee0       ?OnEditId3@CLameFEDlg@@IAEXXZ 0041fee0 f   lameFEDlg.obj
 0001:0001efb0       ?OnCddb@CLameFEDlg@@IAEXXZ 0041ffb0 f   lameFEDlg.obj
 0001:0001f030       ?SortArray@CLameFEDlg@@AAEXPAHH@Z 00420030 f   lameFEDlg.obj
 0001:0001f1c0       ?SelItems@CLameFEDlg@@AAEXHPAH@Z 004201c0 f   lameFEDlg.obj
 0001:0001f340       ?CreateObject@CMainSettingsPage@@SGPAVCObject@@XZ 00420340 f   MainSettingsPage.obj
 0001:0001f3f0       ?_GetBaseClass@CMainSettingsPage@@KGPAUCRuntimeClass@@XZ 004203f0 f   MainSettingsPage.obj
 0001:0001f420       ?GetRuntimeClass@CMainSettingsPage@@UBEPAUCRuntimeClass@@XZ 00420420 f   MainSettingsPage.obj
 0001:0001f460       ??0CMainSettingsPage@@QAE@XZ 00420460 f   MainSettingsPage.obj
 0001:0001f610       ??_GCMainSettingsPage@@UAEPAXI@Z 00420610 f i MainSettingsPage.obj
 0001:0001f610       ??_ECMainSettingsPage@@UAEPAXI@Z 00420610 f i MainSettingsPage.obj
 0001:0001f680       ??1CMainSettingsPage@@UAE@XZ 00420680 f   MainSettingsPage.obj
 0001:0001f7f0       ?DoDataExchange@CMainSettingsPage@@MAEXPAVCDataExchange@@@Z 004207f0 f   MainSettingsPage.obj
 0001:0001f950       ?_GetBaseMessageMap@CMainSettingsPage@@KGPBUAFX_MSGMAP@@XZ 00420950 f   MainSettingsPage.obj
 0001:0001f980       ?GetMessageMap@CMainSettingsPage@@MBEPBUAFX_MSGMAP@@XZ 00420980 f   MainSettingsPage.obj
 0001:0001f9c0       ?init@CMainSettingsPage@@QAEXVCString@@@Z 004209c0 f   MainSettingsPage.obj
 0001:0001fa60       ?OnInitDialog@CMainSettingsPage@@UAEHXZ 00420a60 f   MainSettingsPage.obj
 0001:0001fcb0       ?OnOK@CMainSettingsPage@@UAEXXZ 00420cb0 f   MainSettingsPage.obj
 0001:0001fea0       ?OnOutput@CMainSettingsPage@@IAEXXZ 00420ea0 f   MainSettingsPage.obj
 0001:0001fff0       ?OnPlayer@CMainSettingsPage@@IAEXXZ 00420ff0 f   MainSettingsPage.obj
 0001:00020130       ?OnPlugins@CMainSettingsPage@@IAEXXZ 00421130 f   MainSettingsPage.obj
 0001:00020160       ??0CCDDBSite@@QAE@H@Z      00421160 f   Mfccddb.obj
 0001:00020280       ??0CCDDBSite@@QAE@ABV0@@Z  00421280 f   Mfccddb.obj
 0001:00020340       ??4CCDDBSite@@QAEAAV0@ABV0@@Z 00421340 f   Mfccddb.obj
 0001:00020410       ?Parse@CCDDBSite@@IAEHPAD@Z 00421410 f   Mfccddb.obj
 0001:00020c60       ??0CCDDBQueryResult@@QAE@XZ 00421c60 f   Mfccddb.obj
 0001:00020d10       ??0CCDDBQueryResult@@QAE@ABV0@@Z 00421d10 f   Mfccddb.obj
 0001:00020dd0       ??4CCDDBQueryResult@@QAEAAV0@ABV0@@Z 00421dd0 f   Mfccddb.obj
 0001:00020e60       ?Parse@CCDDBQueryResult@@IAEHPAD@Z 00421e60 f   Mfccddb.obj
 0001:000211f0       ??0CCDDBTrackPosition@@QAE@XZ 004221f0 f   Mfccddb.obj
 0001:00021250       ??0CCDDBTrackPosition@@QAE@ABV0@@Z 00422250 f   Mfccddb.obj
 0001:000212a0       ??4CCDDBTrackPosition@@QAEAAV0@ABV0@@Z 004222a0 f   Mfccddb.obj
 0001:00021300       ??0CHTTPSocket@@QAE@XZ     00422300 f   Mfccddb.obj
 0001:00021340       ??1CHTTPSocket@@QAE@XZ     00422340 f   Mfccddb.obj
 0001:00021390       ?Create@CHTTPSocket@@QAEHXZ 00422390 f   Mfccddb.obj
 0001:000213f0       ?Connect@CHTTPSocket@@QAEHPBDH@Z 004223f0 f   Mfccddb.obj
 0001:00021530       ?T2A@@YAPADPAD@Z           00422530 f i Mfccddb.obj
 0001:00021560       ?Connect@CHTTPSocket@@IAEHPBUsockaddr@@H@Z 00422560 f   Mfccddb.obj
 0001:000215c0       ?Send@CHTTPSocket@@QAEHPBDH@Z 004225c0 f   Mfccddb.obj
 0001:00021660       ?Receive@CHTTPSocket@@QAEHPADH@Z 00422660 f   Mfccddb.obj
 0001:000216f0       ?Close@CHTTPSocket@@QAEXXZ 004226f0 f   Mfccddb.obj
 0001:00021780       ?IsReadible@CHTTPSocket@@QAEHAAH@Z 00422780 f   Mfccddb.obj
 0001:00021870       ??0CCDDBRecord@@QAE@XZ     00422870 f   Mfccddb.obj
 0001:000219e0       ??0CCDDBRecord@@QAE@ABV0@@Z 004229e0 f   Mfccddb.obj
 0001:00021b30       ??4CCDDBRecord@@QAEAAV0@ABV0@@Z 00422b30 f   Mfccddb.obj
 0001:00021ca0       ??0CCDDB@@QAE@XZ           00422ca0 f   Mfccddb.obj
 0001:00021dd0       ??1CCDDB@@QAE@XZ           00422dd0 f   Mfccddb.obj
 0001:00021ec0       ?GetLastError@CCDDB@@QBEKXZ 00422ec0 f   Mfccddb.obj
 0001:00021f30       ?SetCDDBProtocolVersion@CCDDB@@QAEXH@Z 00422f30 f   Mfccddb.obj
 0001:00021fb0       ?GetErrorMessage@CCDDB@@QBE?AVCString@@XZ 00422fb0 f   Mfccddb.obj
 0001:00022180       ?ComputeDiscID@CCDDB@@QAEKABV?$CArray@VCCDDBTrackPosition@@AAV1@@@@Z 00423180 f   Mfccddb.obj
 0001:00022340       ?GetTrackPositions@CCDDB@@QAEHAAV?$CArray@VCCDDBTrackPosition@@AAV1@@@PBD@Z 00423340 f   Mfccddb.obj
 0001:00022bc0       ?ComputeDiscID@CCDDB@@QAEHAAKPBD@Z 00423bc0 f   Mfccddb.obj
 0001:00022cb0       ?GetCDROMDrives@CCDDB@@QAEXAAVCStringArray@@@Z 00423cb0 f   Mfccddb.obj
 0001:00022dc0       ?ReadResponse@CCDDB@@MAEHAAVCHTTPSocket@@PADAAPADHK@Z 00423dc0 f   Mfccddb.obj
 0001:00023220       ?GetUserNameA@CCDDB@@MAE?AVCString@@XZ 00424220 f   Mfccddb.obj
 0001:00023420       ?GetHostName@CCDDB@@MAE?AVCString@@XZ 00424420 f   Mfccddb.obj
 0001:00023610       ?GetHelloCommand@CCDDB@@UAE?AVCString@@XZ 00424610 f   Mfccddb.obj
 0001:00023780       ?FindHTTPBody@CCDDB@@IAEPADPBD@Z 00424780 f   Mfccddb.obj
 0001:00023870       ?SkipToNextLine@CCDDB@@IAEPADPAD@Z 00424870 f   Mfccddb.obj
 0001:00023960       ?GetNextLine@CCDDB@@IAEPADPAD@Z 00424960 f   Mfccddb.obj
 0001:00023a80       ?GetCDDBReponseCode@CCDDB@@IAEHPAD@Z 00424a80 f   Mfccddb.obj
 0001:00023ba0       ?ParseCommentLine@CCDDB@@IAEHPBDAAVCString@@@Z 00424ba0 f   Mfccddb.obj
 0001:00023cf0       ?SplitSemiColonLine@CCDDB@@IAEHPBDAAVCString@@1@Z 00424cf0 f   Mfccddb.obj
 0001:00023e90       ?Sites@CCDDB@@QAEHAAV?$CArray@VCCDDBSite@@AAV1@@@ABVCCDDBSite@@@Z 00424e90 f   Mfccddb.obj
 0001:00024480       ?ParseSitesBody@CCDDB@@IAEHPADAAV?$CArray@VCCDDBSite@@AAV1@@@@Z 00425480 f   Mfccddb.obj
 0001:00024620       ?Sites@CCDDB@@QAEHAAV?$CArray@VCCDDBSite@@AAV1@@@ABVCString@@1H@Z 00425620 f   Mfccddb.obj
 0001:000246f0       ?Categories@CCDDB@@QAEHABVCCDDBSite@@AAVCStringArray@@@Z 004256f0 f   Mfccddb.obj
 0001:00024ce0       ?ParseCategoriesBody@CCDDB@@IAEHPADAAVCStringArray@@@Z 00425ce0 f   Mfccddb.obj
 0001:00024e60       ?Status@CCDDB@@QAEHABVCCDDBSite@@AAVCCDDBStatus@@@Z 00425e60 f   Mfccddb.obj
 0001:00025450       ?ParseStatusBody@CCDDB@@IAEHPADAAVCCDDBStatus@@@Z 00426450 f   Mfccddb.obj
 0001:00025d50       ?Query@CCDDB@@QAEHABVCCDDBSite@@KABV?$CArray@VCCDDBTrackPosition@@AAV1@@@AAV?$CArray@VCCDDBQueryResult@@AAV1@@@@Z 00426d50 f   Mfccddb.obj
 0001:00026600       ?ParseQueryBody@CCDDB@@IAEHPADABVCString@@AAV?$CArray@VCCDDBQueryResult@@AAV1@@@@Z 00427600 f   Mfccddb.obj
 0001:00026840       ?Read@CCDDB@@QAEHABVCCDDBSite@@KABVCString@@AAVCCDDBRecord@@@Z 00427840 f   Mfccddb.obj
 0001:00026ee0       ?ReplaceSubString@CCDDB@@IAEXAAVCString@@ABV2@1@Z 00427ee0 f   Mfccddb.obj
 0001:000270c0       ?ParseKeywordLine@CCDDB@@IAEHPBDAAVCString@@1@Z 004280c0 f   Mfccddb.obj
 0001:00027370       ?ParseRecordBody@CCDDB@@IAEHPADAAVCCDDBRecord@@@Z 00428370 f   Mfccddb.obj
 0001:00028340       __tcstok                   00429340 f i Mfccddb.obj
 0001:000283a0       ?PrepareTextForSubmit@CCDDB@@IAEXAAVCString@@@Z 004293a0 f   Mfccddb.obj
 0001:00028540       ?FormSubmitLine@CCDDB@@IAE?AVCString@@ABV2@0@Z 00429540 f   Mfccddb.obj
 0001:00028780       ?Submit@CCDDB@@QAEHABVCCDDBSite@@ABVCString@@1AAVCCDDBRecord@@1H@Z 00429780 f   Mfccddb.obj
 0001:000294e0       ?ParseSubmitBody@CCDDB@@IAEHPAD@Z 0042a4e0 f   Mfccddb.obj
 0001:00029580       ?MessageOfTheDay@CCDDB@@QAEHAAVCString@@ABV2@1H@Z 0042a580 f   Mfccddb.obj
 0001:00029650       ?MessageOfTheDay@CCDDB@@QAEHABVCCDDBSite@@AAVCString@@@Z 0042a650 f   Mfccddb.obj
 0001:00029c40       ?ParseMessageBody@CCDDB@@IAEHPADAAVCString@@@Z 0042ac40 f   Mfccddb.obj
 0001:00029d10       ?SetProxyDetails@CCDDB@@QAEXABVCString@@H00@Z 0042ad10 f   Mfccddb.obj
 0001:00029d90       ?Base64BufferSize@CCDDB@@IAEHH@Z 0042ad90 f   Mfccddb.obj
 0001:00029e20       ?EncodeBase64@CCDDB@@IAEHPBDHPADHPAH@Z 0042ae20 f   Mfccddb.obj
 0001:0002a420       ?GetProxyHeader@CCDDB@@IAE?AVCString@@ABV2@@Z 0042b420 f   Mfccddb.obj
 0001:0002a690       ?A2T@@YAPADPAD@Z           0042b690 f i Mfccddb.obj
 0001:0002a6c0       ?GetSize@?$CArray@HAAH@@QBEHXZ 0042b6c0 f i Mfccddb.obj
 0001:0002a700       ?RemoveAll@?$CArray@HAAH@@QAEXXZ 0042b700 f i Mfccddb.obj
 0001:0002a750       ?GetAt@?$CArray@HAAH@@QBEHH@Z 0042b750 f i Mfccddb.obj
 0001:0002a7d0       ?Add@?$CArray@HAAH@@QAEHAAH@Z 0042b7d0 f i Mfccddb.obj
 0001:0002a830       ?Copy@?$CArray@HAAH@@QAEXABV1@@Z 0042b830 f i Mfccddb.obj
 0001:0002a8f0       ?GetSize@?$CArray@VCCDDBTrackPosition@@AAV1@@@QBEHXZ 0042b8f0 f i Mfccddb.obj
 0001:0002a930       ?RemoveAll@?$CArray@VCCDDBTrackPosition@@AAV1@@@QAEXXZ 0042b930 f i Mfccddb.obj
 0001:0002a980       ?SetAt@?$CArray@VCCDDBTrackPosition@@AAV1@@@QAEXHAAVCCDDBTrackPosition@@@Z 0042b980 f i Mfccddb.obj
 0001:0002aa10       ??A?$CArray@VCCDDBTrackPosition@@AAV1@@@QAEAAVCCDDBTrackPosition@@H@Z 0042ba10 f i Mfccddb.obj
 0001:0002aa60       ??A?$CArray@VCCDDBTrackPosition@@AAV1@@@QBE?AVCCDDBTrackPosition@@H@Z 0042ba60 f i Mfccddb.obj
 0001:0002aac0       ?RemoveAll@?$CArray@VCCDDBSite@@AAV1@@@QAEXXZ 0042bac0 f i Mfccddb.obj
 0001:0002ab10       ?Add@?$CArray@VCCDDBSite@@AAV1@@@QAEHAAVCCDDBSite@@@Z 0042bb10 f i Mfccddb.obj
 0001:0002ab70       ?RemoveAll@?$CArray@VCCDDBQueryResult@@AAV1@@@QAEXXZ 0042bb70 f i Mfccddb.obj
 0001:0002abc0       ?Add@?$CArray@VCCDDBQueryResult@@AAV1@@@QAEHAAVCCDDBQueryResult@@@Z 0042bbc0 f i Mfccddb.obj
 0001:0002ac20       ?SetAtGrow@?$CArray@HAAH@@QAEXHAAH@Z 0042bc20 f i Mfccddb.obj
 0001:0002ace0       ?CopyElements@@YGXPAHPBHH@Z 0042bce0 f i Mfccddb.obj
 0001:0002add0       ?GetAt@?$CArray@VCCDDBTrackPosition@@AAV1@@@QBE?AVCCDDBTrackPosition@@H@Z 0042bdd0 f i Mfccddb.obj
 0001:0002ae70       ?ElementAt@?$CArray@VCCDDBTrackPosition@@AAV1@@@QAEAAVCCDDBTrackPosition@@H@Z 0042be70 f i Mfccddb.obj
 0001:0002af00       ?SetAtGrow@?$CArray@VCCDDBSite@@AAV1@@@QAEXHAAVCCDDBSite@@@Z 0042bf00 f i Mfccddb.obj
 0001:0002afc0       ?SetAtGrow@?$CArray@VCCDDBQueryResult@@AAV1@@@QAEXHAAVCCDDBQueryResult@@@Z 0042bfc0 f i Mfccddb.obj
 0001:0002b080       ??0MP3File@@QAE@VCString@@0@Z 0042c080 f   MP3File.obj
 0001:0002b510       ??_GMP3File@@UAEPAXI@Z     0042c510 f i MP3File.obj
 0001:0002b510       ??_EMP3File@@UAEPAXI@Z     0042c510 f i MP3File.obj
 0001:0002b580       ??0MP3File@@QAE@UTOCENTRY@@VCString@@H@Z 0042c580 f   MP3File.obj
 0001:0002b880       ??1MP3File@@UAE@XZ         0042c880 f   MP3File.obj
 0001:0002b9d0       ?getID3Info@MP3File@@QAEPAVID3Info@@XZ 0042c9d0 f   MP3File.obj
 0001:0002ba10       ?setID3Info@MP3File@@QAEXPAVID3Info@@@Z 0042ca10 f   MP3File.obj
 0001:0002ba50       ?validateWaveFormat@MP3File@@IAEHXZ 0042ca50 f   MP3File.obj
 0001:0002bdf0       ?isEncoded@MP3File@@QAEHXZ 0042cdf0 f   MP3File.obj
 0001:0002be30       ?isValidateWave@MP3File@@QAEHXZ 0042ce30 f   MP3File.obj
 0001:0002be70       ?getError@MP3File@@QAE?AVCString@@XZ 0042ce70 f   MP3File.obj
 0001:0002bee0       ?getFileShort@MP3File@@QAE?AVCString@@XZ 0042cee0 f   MP3File.obj
 0001:0002bf50       ?setRename@MP3File@@QAEXH@Z 0042cf50 f   MP3File.obj
 0001:0002bf90       ?getRename@MP3File@@QAEHXZ 0042cf90 f   MP3File.obj
 0001:0002bfd0       ?getSaveAs@MP3File@@QAE?AVCString@@XZ 0042cfd0 f   MP3File.obj
 0001:0002c620       ?getFileName@MP3File@@QAE?AVCString@@XZ 0042d620 f   MP3File.obj
 0001:0002c690       ?getFileSize@MP3File@@QAEMXZ 0042d690 f   MP3File.obj
 0001:0002c6d0       ?getWfx@MP3File@@QAEPAUtWAVEFORMATEX@@XZ 0042d6d0 f   MP3File.obj
 0001:0002c710       ?setErrorString@MP3File@@QAEXI@Z 0042d710 f   MP3File.obj
 0001:0002c760       ?setErrorString@MP3File@@QAEXVCString@@@Z 0042d760 f   MP3File.obj
 0001:0002c800       ?setEncoded@MP3File@@QAEXH@Z 0042d800 f   MP3File.obj
 0001:0002c840       ?getCDTrackNum@MP3File@@QAEHXZ 0042d840 f   MP3File.obj
 0001:0002c880       ?getStartSect@MP3File@@QAEJXZ 0042d880 f   MP3File.obj
 0001:0002c8c0       ?getEndSect@MP3File@@QAEJXZ 0042d8c0 f   MP3File.obj
 0001:0002c900       ?UpdateTrackInfo@MP3File@@QAEXVCString@@@Z 0042d900 f   MP3File.obj
 0001:0002c950       ?GetStartSector@MP3File@@QAEJXZ 0042d950 f   MP3File.obj
 0001:0002c990       ?GetEndSector@MP3File@@QAEJXZ 0042d990 f   MP3File.obj
 0001:0002c9d0       ?getTrackDuration@MP3File@@QAE?AVCCDDBTrackPosition@@XZ 0042d9d0 f   MP3File.obj
 0001:0002ca80       ?getValue@MP3File@@AAE?AVCString@@V2@@Z 0042da80 f   MP3File.obj
 0001:0002cd40       ?verifyFilename@MP3File@@AAEXAAVCString@@@Z 0042dd40 f   MP3File.obj
 0001:0002ce20       ?CreateObject@CPluginPage@@SGPAVCObject@@XZ 0042de20 f   PluginPage.obj
 0001:0002ced0       ?_GetBaseClass@CPluginPage@@KGPAUCRuntimeClass@@XZ 0042ded0 f   PluginPage.obj
 0001:0002cf00       ?GetRuntimeClass@CPluginPage@@UBEPAUCRuntimeClass@@XZ 0042df00 f   PluginPage.obj
 0001:0002cf40       ??0CPluginPage@@QAE@XZ     0042df40 f   PluginPage.obj
 0001:0002cfa0       ??_GCPluginPage@@UAEPAXI@Z 0042dfa0 f i PluginPage.obj
 0001:0002cfa0       ??_ECPluginPage@@UAEPAXI@Z 0042dfa0 f i PluginPage.obj
 0001:0002d010       ??1CPluginPage@@UAE@XZ     0042e010 f i PluginPage.obj
 0001:0002d060       ?DoDataExchange@CPluginPage@@MAEXPAVCDataExchange@@@Z 0042e060 f   PluginPage.obj
 0001:0002d0b0       ?_GetBaseMessageMap@CPluginPage@@KGPBUAFX_MSGMAP@@XZ 0042e0b0 f   PluginPage.obj
 0001:0002d0e0       ?GetMessageMap@CPluginPage@@MBEPBUAFX_MSGMAP@@XZ 0042e0e0 f   PluginPage.obj
 0001:0002d120       ?_GetBaseClass@CSettingsSheet@@KGPAUCRuntimeClass@@XZ 0042e120 f   SettingsSheet.obj
 0001:0002d150       ?GetRuntimeClass@CSettingsSheet@@UBEPAUCRuntimeClass@@XZ 0042e150 f   SettingsSheet.obj
 0001:0002d190       ??0CSettingsSheet@@QAE@PBDPAVCWnd@@I@Z 0042e190 f   SettingsSheet.obj
 0001:0002d350       ??_GCSettingsSheet@@UAEPAXI@Z 0042e350 f i SettingsSheet.obj
 0001:0002d350       ??_ECSettingsSheet@@UAEPAXI@Z 0042e350 f i SettingsSheet.obj
 0001:0002d3c0       ??1CSettingsSheet@@UAE@XZ  0042e3c0 f   SettingsSheet.obj
 0001:0002d4d0       ?_GetBaseMessageMap@CSettingsSheet@@KGPBUAFX_MSGMAP@@XZ 0042e4d0 f   SettingsSheet.obj
 0001:0002d500       ?GetMessageMap@CSettingsSheet@@MBEPBUAFX_MSGMAP@@XZ 0042e500 f   SettingsSheet.obj
 0001:0002d540       ?init@CSettingsSheet@@QAEXVCString@@@Z 0042e540 f   SettingsSheet.obj
 0001:0002d6a0       ??0CTimeStatus@@QAE@XZ     0042e6a0 f   TimeStatus.obj
 0001:0002d700       ??_GCTimeStatus@@UAEPAXI@Z 0042e700 f i TimeStatus.obj
 0001:0002d700       ??_ECTimeStatus@@UAEPAXI@Z 0042e700 f i TimeStatus.obj
 0001:0002d770       ??1CTimeStatus@@UAE@XZ     0042e770 f   TimeStatus.obj
 0001:0002d7b0       ?ReInit@CTimeStatus@@QAEXXZ 0042e7b0 f   TimeStatus.obj
 0001:0002d840       ?GetElapsedString@CTimeStatus@@QAE?AVCString@@XZ 0042e840 f   TimeStatus.obj
 0001:0002d930       ?GetEstimateString@CTimeStatus@@QAE?AVCString@@XZ 0042e930 f   TimeStatus.obj
 0001:0002da20       ?GetRemainingString@CTimeStatus@@QAE?AVCString@@XZ 0042ea20 f   TimeStatus.obj
 0001:0002db10       ?Calculate@CTimeStatus@@QAEXH@Z 0042eb10 f   TimeStatus.obj
 0001:0002dcd0       ??0CTrayDialog@@QAE@IPAVCWnd@@@Z 0042ecd0 f   TrayDialog.obj
 0001:0002de00       ??_ECTrayDialog@@UAEPAXI@Z 0042ee00 f i TrayDialog.obj
 0001:0002de00       ??_GCTrayDialog@@UAEPAXI@Z 0042ee00 f i TrayDialog.obj
 0001:0002de70       ?_GetBaseMessageMap@CTrayDialog@@KGPBUAFX_MSGMAP@@XZ 0042ee70 f   TrayDialog.obj
 0001:0002dea0       ?GetMessageMap@CTrayDialog@@MBEPBUAFX_MSGMAP@@XZ 0042eea0 f   TrayDialog.obj
 0001:0002dee0       ?OnCreate@CTrayDialog@@IAEHPAUtagCREATESTRUCTA@@@Z 0042eee0 f   TrayDialog.obj
 0001:0002df60       ?OnDestroy@CTrayDialog@@IAEXXZ 0042ef60 f   TrayDialog.obj
 0001:0002dff0       ?TrayIsVisible@CTrayDialog@@QAEHXZ 0042eff0 f   TrayDialog.obj
 0001:0002e030       ?TraySetIcon@CTrayDialog@@QAEXPAUHICON__@@@Z 0042f030 f   TrayDialog.obj
 0001:0002e0c0       ?TraySetIcon@CTrayDialog@@QAEXI@Z 0042f0c0 f   TrayDialog.obj
 0001:0002e190       ?TraySetIcon@CTrayDialog@@QAEXPBD@Z 0042f190 f   TrayDialog.obj
 0001:0002e230       ?TraySetToolTip@CTrayDialog@@QAEXPBD@Z 0042f230 f   TrayDialog.obj
 0001:0002e2f0       ?TrayShow@CTrayDialog@@QAEHXZ 0042f2f0 f   TrayDialog.obj
 0001:0002e390       ?TrayHide@CTrayDialog@@QAEHXZ 0042f390 f   TrayDialog.obj
 0001:0002e430       ?TrayUpdate@CTrayDialog@@QAEHXZ 0042f430 f   TrayDialog.obj
 0001:0002e4c0       ?TraySetMenu@CTrayDialog@@QAEHII@Z 0042f4c0 f   TrayDialog.obj
 0001:0002e520       ?TraySetMenu@CTrayDialog@@QAEHPBDI@Z 0042f520 f   TrayDialog.obj
 0001:0002e580       ?TraySetMenu@CTrayDialog@@QAEHPAUHMENU__@@I@Z 0042f580 f   TrayDialog.obj
 0001:0002e5e0       ?OnTrayNotify@CTrayDialog@@AAEXIJ@Z 0042f5e0 f   TrayDialog.obj
 0001:0002e840       ?OnSysCommand@CTrayDialog@@IAEXIJ@Z 0042f840 f   TrayDialog.obj
 0001:0002e8f0       ?TraySetMinimizeToTray@CTrayDialog@@QAEXH@Z 0042f8f0 f   TrayDialog.obj
 0001:0002e930       ?OnTrayRButtonDown@CTrayDialog@@UAEXVCPoint@@@Z 0042f930 f   TrayDialog.obj
 0001:0002e9d0       ?OnTrayLButtonDown@CTrayDialog@@UAEXVCPoint@@@Z 0042f9d0 f   TrayDialog.obj
 0001:0002ea00       ?OnTrayLButtonDblClk@CTrayDialog@@UAEXVCPoint@@@Z 0042fa00 f   TrayDialog.obj
 0001:0002ea70       ?OnTrayRButtonDblClk@CTrayDialog@@UAEXVCPoint@@@Z 0042fa70 f   TrayDialog.obj
 0001:0002eaa0       ?OnTrayMouseMove@CTrayDialog@@UAEXVCPoint@@@Z 0042faa0 f   TrayDialog.obj
 0001:0002ead0       ??0CLameFESplash@@QAE@II@Z 0042fad0 f   LameFESplash.obj
 0001:0002ebb0       ??_GCLameFESplash@@UAEPAXI@Z 0042fbb0 f i LameFESplash.obj
 0001:0002ebb0       ??_ECLameFESplash@@UAEPAXI@Z 0042fbb0 f i LameFESplash.obj
 0001:0002ec20       ??1CLameFESplash@@UAE@XZ   0042fc20 f   LameFESplash.obj
 0001:0002ece0       ?_GetBaseMessageMap@CLameFESplash@@KGPBUAFX_MSGMAP@@XZ 0042fce0 f   LameFESplash.obj
 0001:0002ed10       ?GetMessageMap@CLameFESplash@@MBEPBUAFX_MSGMAP@@XZ 0042fd10 f   LameFESplash.obj
 0001:0002ed50       ?Create@CLameFESplash@@QAEHXZ 0042fd50 f   LameFESplash.obj
 0001:0002ef00       ?GetBitmapAndPalette@CLameFESplash@@IAEHIAAVCBitmap@@AAVCPalette@@@Z 0042ff00 f   LameFESplash.obj
 0001:0002f2e0       ?OnPaint@CLameFESplash@@IAEXXZ 004302e0 f   LameFESplash.obj
 0001:0002f470       ?OnTimer@CLameFESplash@@IAEXI@Z 00430470 f   LameFESplash.obj
 0001:0002f540       ?PreTranslateMessage@CLameFESplash@@UAEHPAUtagMSG@@@Z 00430540 f   LameFESplash.obj
 0001:0002f680       _mciGetErrorStringA@12     00430680 f   winmm:WINMM.dll
 0001:0002f686       _mciSendCommandA@16        00430686 f   winmm:WINMM.dll
 0001:0002f68c       _HtmlHelpA@16              0043068c f   htmlhelp:init.obj
 0001:0002f784       _HtmlHelpW@16              00430784 f   htmlhelp:init.obj
 0001:0002f81e       ?CR_SaveSettings@@YGJXZ    0043081e f   CDRip:CDRIP.DLL
 0001:0002f824       ?CR_SelectCDROMType@@YGJW4DRIVETYPE@@@Z 00430824 f   CDRip:CDRIP.DLL
 0001:0002f82a       ?CR_SetCDROMParameters@@YGJPAUCDROMPARAMS@@@Z 0043082a f   CDRip:CDRIP.DLL
 0001:0002f830       ?CR_SetTransportLayer@@YGXH@Z 00430830 f   CDRip:CDRIP.DLL
 0001:0002f836       ?CR_GetCDROMParameters@@YGJPAUCDROMPARAMS@@@Z 00430836 f   CDRip:CDRIP.DLL
 0001:0002f83c       ?CR_SetActiveCDROM@@YGXJ@Z 0043083c f   CDRip:CDRIP.DLL
 0001:0002f842       ?CR_GetNumCDROM@@YGJXZ     00430842 f   CDRip:CDRIP.DLL
 0001:0002f848       ?CR_GetActiveCDROM@@YGJXZ  00430848 f   CDRip:CDRIP.DLL
 0001:0002f84e       ?CR_GetCDRipVersion@@YGJXZ 0043084e f   CDRip:CDRIP.DLL
 0001:0002f854       ?CR_GetCDROMType@@YG?AW4DRIVETYPE@@XZ 00430854 f   CDRip:CDRIP.DLL
 0001:0002f85a       ?CR_LockCD@@YGXH@Z         0043085a f   CDRip:CDRIP.DLL
 0001:0002f860       ?CR_EjectCD@@YGHH@Z        00430860 f   CDRip:CDRIP.DLL
 0001:0002f866       ?CR_CloseRipper@@YGJXZ     00430866 f   CDRip:CDRIP.DLL
 0001:0002f86c       ?CR_GetPercentCompleted@@YGJXZ 0043086c f   CDRip:CDRIP.DLL
 0001:0002f872       ?CR_GetLastJitterErrorPosition@@YGXAAK0@Z 00430872 f   CDRip:CDRIP.DLL
 0001:0002f878       ?CR_RipChunk@@YGJPAEPAJAAH@Z 00430878 f   CDRip:CDRIP.DLL
 0001:0002f87e       ?CR_OpenRipper@@YGJPAJJJ@Z 0043087e f   CDRip:CDRIP.DLL
 0001:0002f884       ?CR_StopPlayTrack@@YGJXZ   00430884 f   CDRip:CDRIP.DLL
 0001:0002f88a       ?CR_IsAudioPlaying@@YGHXZ  0043088a f   CDRip:CDRIP.DLL
 0001:0002f890       ?CR_PlayTrack@@YGJH@Z      00430890 f   CDRip:CDRIP.DLL
 0001:0002f896       ?CR_PauseCD@@YGJH@Z        00430896 f   CDRip:CDRIP.DLL
 0001:0002f89c       ?CR_Init@@YGJPBD@Z         0043089c f   CDRip:CDRIP.DLL
 0001:0002f8a2       ?CR_GetTocEntry@@YG?AUTOCENTRY@@J@Z 004308a2 f   CDRip:CDRIP.DLL
 0001:0002f8a8       ?CR_GetNumTocEntries@@YGJXZ 004308a8 f   CDRip:CDRIP.DLL
 0001:0002f8ae       ?CR_ReadToc@@YGJXZ         004308ae f   CDRip:CDRIP.DLL
 0001:0002f8b4       ?CR_LoadSettings@@YGJXZ    004308b4 f   CDRip:CDRIP.DLL
 0001:0002f8ba       ?CR_IsUnitReady@@YGHXZ     004308ba f   CDRip:CDRIP.DLL
 0001:0002f8c0       ?TW_RenderTags@@YGHPBD000000@Z 004308c0 f   tagWriter:TAGWRITER.DLL
 0001:0002f8c6       ?TW_InitTagRenderer@@YGHPBD@Z 004308c6 f   tagWriter:TAGWRITER.DLL
 0001:0002f8cc       ?TW_GetVersion@@YGXPAUMP3_VERSION@@@Z 004308cc f   tagWriter:TAGWRITER.DLL
 0001:0002f8d2       ??3@YAXPAX@Z               004308d2 f   mfc42d:MFC42D.DLL
 0001:0002f8d8       ??2@YAPAXIPBDH@Z           004308d8 f   mfc42d:MFC42D.DLL
 0001:0002f8de       ??3CObject@@SGXPAXPBDH@Z   004308de f   mfc42d:MFC42D.DLL
 0001:0002f8e4       ??2CObject@@SGPAXIPBDH@Z   004308e4 f   mfc42d:MFC42D.DLL
 0001:0002f8ea       ?OnWizardFinish@CPropertyPage@@UAEHXZ 004308ea f   mfc42d:MFC42D.DLL
 0001:0002f8f0       ?OnWizardNext@CPropertyPage@@UAEJXZ 004308f0 f   mfc42d:MFC42D.DLL
 0001:0002f8f6       ?OnWizardBack@CPropertyPage@@UAEJXZ 004308f6 f   mfc42d:MFC42D.DLL
 0001:0002f8fc       ?OnQueryCancel@CPropertyPage@@UAEHXZ 004308fc f   mfc42d:MFC42D.DLL
 0001:0002f902       ?OnKillActive@CPropertyPage@@UAEHXZ 00430902 f   mfc42d:MFC42D.DLL
 0001:0002f908       ?OnSetActive@CPropertyPage@@UAEHXZ 00430908 f   mfc42d:MFC42D.DLL
 0001:0002f90e       ?OnReset@CPropertyPage@@UAEXXZ 0043090e f   mfc42d:MFC42D.DLL
 0001:0002f914       ?OnApply@CPropertyPage@@UAEHXZ 00430914 f   mfc42d:MFC42D.DLL
 0001:0002f91a       ?PreInitDialog@CDialog@@MAEXXZ 0043091a f   mfc42d:MFC42D.DLL
 0001:0002f920       ?OnCancel@CPropertyPage@@UAEXXZ 00430920 f   mfc42d:MFC42D.DLL
 0001:0002f926       ?OnSetFont@CDialog@@UAEXPAVCFont@@@Z 00430926 f   mfc42d:MFC42D.DLL
 0001:0002f92c       ?DoModal@CDialog@@UAEHXZ   0043092c f   mfc42d:MFC42D.DLL
 0001:0002f932       ?SetOccDialogInfo@CDialog@@MAEHPAU_AFX_OCC_DIALOG_INFO@@@Z 00430932 f   mfc42d:MFC42D.DLL
 0001:0002f938       ?IsFrameWnd@CWnd@@UBEHXZ   00430938 f   mfc42d:MFC42D.DLL
 0001:0002f93e       ?CheckAutoCenter@CDialog@@UAEHXZ 0043093e f   mfc42d:MFC42D.DLL
 0001:0002f944       ?OnChildNotify@CWnd@@MAEHIIJPAJ@Z 00430944 f   mfc42d:MFC42D.DLL
 0001:0002f94a       ?PostNcDestroy@CWnd@@MAEXXZ 0043094a f   mfc42d:MFC42D.DLL
 0001:0002f950       ?DefWindowProcA@CWnd@@MAEJIIJ@Z 00430950 f   mfc42d:MFC42D.DLL
 0001:0002f956       ?OnWndMsg@CWnd@@MAEHIIJPAJ@Z 00430956 f   mfc42d:MFC42D.DLL
 0001:0002f95c       ?WindowProc@CWnd@@MAEJIIJ@Z 0043095c f   mfc42d:MFC42D.DLL
 0001:0002f962       ?OnAmbientProperty@CWnd@@UAEHPAVCOleControlSite@@JPAUtagVARIANT@@@Z 00430962 f   mfc42d:MFC42D.DLL
 0001:0002f968       ?PreTranslateMessage@CPropertyPage@@MAEHPAUtagMSG@@@Z 00430968 f   mfc42d:MFC42D.DLL
 0001:0002f96e       ?EndModalState@CWnd@@UAEXXZ 0043096e f   mfc42d:MFC42D.DLL
 0001:0002f974       ?BeginModalState@CWnd@@UAEXXZ 00430974 f   mfc42d:MFC42D.DLL
 0001:0002f97a       ?GetSuperWndProcAddr@CWnd@@MAEPAP6GJPAUHWND__@@IIJ@ZXZ 0043097a f   mfc42d:MFC42D.DLL
 0001:0002f980       ?OnNotify@CPropertyPage@@MAEHIJPAJ@Z 00430980 f   mfc42d:MFC42D.DLL
 0001:0002f986       ?OnCommand@CWnd@@MAEHIJ@Z  00430986 f   mfc42d:MFC42D.DLL
 0001:0002f98c       ?EndModalLoop@CWnd@@UAEXH@Z 0043098c f   mfc42d:MFC42D.DLL
 0001:0002f992       ?ContinueModal@CWnd@@UAEHXZ 00430992 f   mfc42d:MFC42D.DLL
 0001:0002f998       ?WinHelpA@CWnd@@UAEXKI@Z   00430998 f   mfc42d:MFC42D.DLL
 0001:0002f99e       ?GetScrollBarCtrl@CWnd@@UBEPAVCScrollBar@@H@Z 0043099e f   mfc42d:MFC42D.DLL
 0001:0002f9a4       ?OnToolHitTest@CWnd@@UBEHVCPoint@@PAUtagTOOLINFOA@@@Z 004309a4 f   mfc42d:MFC42D.DLL
 0001:0002f9aa       ?CalcWindowRect@CWnd@@UAEXPAUtagRECT@@I@Z 004309aa f   mfc42d:MFC42D.DLL
 0001:0002f9b0       ?PreCreateWindow@CWnd@@UAEHAAUtagCREATESTRUCTA@@@Z 004309b0 f   mfc42d:MFC42D.DLL
 0001:0002f9b6       ?DestroyWindow@CWnd@@UAEHXZ 004309b6 f   mfc42d:MFC42D.DLL
 0001:0002f9bc       ?Create@CWnd@@UAEHPBD0KABUtagRECT@@PAV1@IPAUCCreateContext@@@Z 004309bc f   mfc42d:MFC42D.DLL
 0001:0002f9c2       ?PreSubclassWindow@CWnd@@UAEXXZ 004309c2 f   mfc42d:MFC42D.DLL
 0001:0002f9c8       ?GetConnectionHook@CCmdTarget@@MAEPAUIConnectionPoint@@ABU_GUID@@@Z 004309c8 f   mfc42d:MFC42D.DLL
 0001:0002f9ce       ?GetExtraConnectionPoints@CCmdTarget@@MAEHPAVCPtrArray@@@Z 004309ce f   mfc42d:MFC42D.DLL
 0001:0002f9d4       ?GetInterfaceHook@CCmdTarget@@UAEPAUIUnknown@@PBX@Z 004309d4 f   mfc42d:MFC42D.DLL
 0001:0002f9da       ?OnCreateAggregates@CCmdTarget@@UAEHXZ 004309da f   mfc42d:MFC42D.DLL
 0001:0002f9e0       ?GetEventSinkMap@CCmdTarget@@MBEPBUAFX_EVENTSINKMAP@@XZ 004309e0 f   mfc42d:MFC42D.DLL
 0001:0002f9e6       ?GetInterfaceMap@CCmdTarget@@MBEPBUAFX_INTERFACEMAP@@XZ 004309e6 f   mfc42d:MFC42D.DLL
 0001:0002f9ec       ?GetConnectionMap@CCmdTarget@@MBEPBUAFX_CONNECTIONMAP@@XZ 004309ec f   mfc42d:MFC42D.DLL
 0001:0002f9f2       ?GetDispatchMap@CCmdTarget@@MBEPBUAFX_DISPMAP@@XZ 004309f2 f   mfc42d:MFC42D.DLL
 0001:0002f9f8       ?GetCommandMap@CCmdTarget@@MBEPBUAFX_OLECMDMAP@@XZ 004309f8 f   mfc42d:MFC42D.DLL
 0001:0002f9fe       ?GetTypeLib@CCmdTarget@@UAEJKPAPAUITypeLib@@@Z 004309fe f   mfc42d:MFC42D.DLL
 0001:0002fa04       ?GetTypeLibCache@CCmdTarget@@UAEPAVCTypeLibCache@@XZ 00430a04 f   mfc42d:MFC42D.DLL
 0001:0002fa0a       ?GetTypeInfoCount@CCmdTarget@@UAEIXZ 00430a0a f   mfc42d:MFC42D.DLL
 0001:0002fa10       ?GetDispatchIID@CCmdTarget@@UAEHPAU_GUID@@@Z 00430a10 f   mfc42d:MFC42D.DLL
 0001:0002fa16       ?IsInvokeAllowed@CCmdTarget@@UAEHJ@Z 00430a16 f   mfc42d:MFC42D.DLL
 0001:0002fa1c       ?OnFinalRelease@CWnd@@UAEXXZ 00430a1c f   mfc42d:MFC42D.DLL
 0001:0002fa22       ?OnCmdMsg@CDialog@@UAEHIHPAXPAUAFX_CMDHANDLERINFO@@@Z 00430a22 f   mfc42d:MFC42D.DLL
 0001:0002fa28       ?Dump@CPropertyPage@@UBEXAAVCDumpContext@@@Z 00430a28 f   mfc42d:MFC42D.DLL
 0001:0002fa2e       ?AssertValid@CPropertyPage@@UBEXXZ 00430a2e f   mfc42d:MFC42D.DLL
 0001:0002fa34       ?Serialize@CObject@@UAEXAAVCArchive@@@Z 00430a34 f   mfc42d:MFC42D.DLL
 0001:0002fa3a       ??1CString@@QAE@XZ         00430a3a f   mfc42d:MFC42D.DLL
 0001:0002fa40       ??1CComboBox@@UAE@XZ       00430a40 f   mfc42d:MFC42D.DLL
 0001:0002fa46       ??1CEdit@@UAE@XZ           00430a46 f   mfc42d:MFC42D.DLL
 0001:0002fa4c       ??1CButton@@UAE@XZ         00430a4c f   mfc42d:MFC42D.DLL
 0001:0002fa52       ??1CPropertyPage@@UAE@XZ   00430a52 f   mfc42d:MFC42D.DLL
 0001:0002fa58       ??4CString@@QAEABV0@PBD@Z  00430a58 f   mfc42d:MFC42D.DLL
 0001:0002fa5e       ??0CString@@QAE@XZ         00430a5e f   mfc42d:MFC42D.DLL
 0001:0002fa64       ??0CComboBox@@QAE@XZ       00430a64 f   mfc42d:MFC42D.DLL
 0001:0002fa6a       ??0CEdit@@QAE@XZ           00430a6a f   mfc42d:MFC42D.DLL
 0001:0002fa70       ??0CButton@@QAE@XZ         00430a70 f   mfc42d:MFC42D.DLL
 0001:0002fa76       ??0CPropertyPage@@QAE@II@Z 00430a76 f   mfc42d:MFC42D.DLL
 0001:0002fa7c       ??3CObject@@SGXPAX@Z       00430a7c f   mfc42d:MFC42D.DLL
 0001:0002fa82       ?DDX_Text@@YGXPAVCDataExchange@@HAAH@Z 00430a82 f   mfc42d:MFC42D.DLL
 0001:0002fa88       ?DDX_Check@@YGXPAVCDataExchange@@HAAH@Z 00430a88 f   mfc42d:MFC42D.DLL
 0001:0002fa8e       ?DDX_Text@@YGXPAVCDataExchange@@HAAVCString@@@Z 00430a8e f   mfc42d:MFC42D.DLL
 0001:0002fa94       ?DDX_Control@@YGXPAVCDataExchange@@HAAVCWnd@@@Z 00430a94 f   mfc42d:MFC42D.DLL
 0001:0002fa9a       ?DoDataExchange@CWnd@@MAEXPAVCDataExchange@@@Z 00430a9a f   mfc42d:MFC42D.DLL
 0001:0002faa0       ??4CString@@QAEABV0@ABV0@@Z 00430aa0 f   mfc42d:MFC42D.DLL
 0001:0002faa6       ?UpdateData@CWnd@@QAEHH@Z  00430aa6 f   mfc42d:MFC42D.DLL
 0001:0002faac       ?SetCheck@CButton@@QAEXH@Z 00430aac f   mfc42d:MFC42D.DLL
 0001:0002fab2       ?SetCurSel@CComboBox@@QAEHH@Z 00430ab2 f   mfc42d:MFC42D.DLL
 0001:0002fab8       ??0CString@@QAE@ABV0@@Z    00430ab8 f   mfc42d:MFC42D.DLL
 0001:0002fabe       ?OnInitDialog@CDialog@@UAEHXZ 00430abe f   mfc42d:MFC42D.DLL
 0001:0002fac4       ?EnableWindow@CWnd@@QAEHH@Z 00430ac4 f   mfc42d:MFC42D.DLL
 0001:0002faca       ?GetCheck@CButton@@QBEHXZ  00430aca f   mfc42d:MFC42D.DLL
 0001:0002fad0       ?Right@CString@@QBE?AV1@H@Z 00430ad0 f   mfc42d:MFC42D.DLL
 0001:0002fad6       ?ReleaseBuffer@CString@@QAEXH@Z 00430ad6 f   mfc42d:MFC42D.DLL
 0001:0002fadc       ?GetBuffer@CString@@QAEPADH@Z 00430adc f   mfc42d:MFC42D.DLL
 0001:0002fae2       ?Mid@CString@@QBE?AV1@HH@Z 00430ae2 f   mfc42d:MFC42D.DLL
 0001:0002fae8       ?Find@CString@@QBEHDH@Z    00430ae8 f   mfc42d:MFC42D.DLL
 0001:0002faee       ?Left@CString@@QBE?AV1@H@Z 00430aee f   mfc42d:MFC42D.DLL
 0001:0002faf4       ?Find@CString@@QBEHD@Z     00430af4 f   mfc42d:MFC42D.DLL
 0001:0002fafa       ?GetLength@CString@@QBEHXZ 00430afa f   mfc42d:MFC42D.DLL
 0001:0002fb00       ?GetLBText@CComboBox@@QBEXHAAVCString@@@Z 00430b00 f   mfc42d:MFC42D.DLL
 0001:0002fb06       ?GetCurSel@CComboBox@@QBEHXZ 00430b06 f   mfc42d:MFC42D.DLL
 0001:0002fb0c       ?AddString@CComboBox@@QAEHPBD@Z 00430b0c f   mfc42d:MFC42D.DLL
 0001:0002fb12       ?Format@CString@@QAAXPBDZZ 00430b12 f   mfc42d:MFC42D.DLL
 0001:0002fb18       ?ResetContent@CComboBox@@QAEXXZ 00430b18 f   mfc42d:MFC42D.DLL
 0001:0002fb1e       ?AfxMessageBox@@YGHPBDII@Z 00430b1e f   mfc42d:MFC42D.DLL
 0001:0002fb24       ??BCString@@QBEPBDXZ       00430b24 f   mfc42d:MFC42D.DLL
 0001:0002fb2a       ?Format@CString@@QAAXIZZ   00430b2a f   mfc42d:MFC42D.DLL
 0001:0002fb30       ??0CString@@QAE@PBD@Z      00430b30 f   mfc42d:MFC42D.DLL
 0001:0002fb36       ?AfxMessageBox@@YGHIII@Z   00430b36 f   mfc42d:MFC42D.DLL
 0001:0002fb3c       ??1CStdioFile@@UAE@XZ      00430b3c f   mfc42d:MFC42D.DLL
 0001:0002fb42       ??1CFileException@@UAE@XZ  00430b42 f   mfc42d:MFC42D.DLL
 0001:0002fb48       ?AfxAssertFailedLine@@YGHPBDH@Z 00430b48 f   mfc42d:MFC42D.DLL
 0001:0002fb4e       ?IsKindOf@CObject@@QBEHPBUCRuntimeClass@@@Z 00430b4e f   mfc42d:MFC42D.DLL
 0001:0002fb54       ?Close@CStdioFile@@UAEXXZ  00430b54 f   mfc42d:MFC42D.DLL
 0001:0002fb5a       ?Flush@CStdioFile@@UAEXXZ  00430b5a f   mfc42d:MFC42D.DLL
 0001:0002fb60       ?WriteString@CStdioFile@@UAEXPBD@Z 00430b60 f   mfc42d:MFC42D.DLL
 0001:0002fb66       ?GetCount@CComboBox@@QBEHXZ 00430b66 f   mfc42d:MFC42D.DLL
 0001:0002fb6c       ?Open@CStdioFile@@UAEHPBDIPAVCFileException@@@Z 00430b6c f   mfc42d:MFC42D.DLL
 0001:0002fb72       ??H@YG?AVCString@@ABV0@PBD@Z 00430b72 f   mfc42d:MFC42D.DLL
 0001:0002fb78       ??0AFX_EXCEPTION_LINK@@QAE@XZ 00430b78 f   mfc42d:MFC42D.DLL
 0001:0002fb7e       ??0CFileException@@QAE@HJPBD@Z 00430b7e f   mfc42d:MFC42D.DLL
 0001:0002fb84       ??0CStdioFile@@QAE@XZ      00430b84 f   mfc42d:MFC42D.DLL
 0001:0002fb8a       ?AfxTryCleanup@@YGXXZ      00430b8a f   mfc42d:MFC42D.DLL
 0001:0002fb90       ?ReadString@CStdioFile@@UAEHAAVCString@@@Z 00430b90 f   mfc42d:MFC42D.DLL
 0001:0002fb96       ?GetLength@CFile@@UBEKXZ   00430b96 f   mfc42d:MFC42D.DLL
 0001:0002fb9c       ?GetPosition@CStdioFile@@UBEKXZ 00430b9c f   mfc42d:MFC42D.DLL
 0001:0002fba2       ?GetRuntimeClass@CObject@@UBEPAUCRuntimeClass@@XZ 00430ba2 f   mfc42d:MFC42D.DLL
 0001:0002fba8       ??0CObject@@IAE@XZ         00430ba8 f   mfc42d:MFC42D.DLL
 0001:0002fbae       ??1CObject@@UAE@XZ         00430bae f   mfc42d:MFC42D.DLL
 0001:0002fbb4       ?AfxAssertValidObject@@YGXPBVCObject@@PBDH@Z 00430bb4 f   mfc42d:MFC42D.DLL
 0001:0002fbba       ?ReadCount@CArchive@@QAEKXZ 00430bba f   mfc42d:MFC42D.DLL
 0001:0002fbc0       ?WriteCount@CArchive@@QAEXK@Z 00430bc0 f   mfc42d:MFC42D.DLL
 0001:0002fbc6       ?IsStoring@CArchive@@QBEHXZ 00430bc6 f   mfc42d:MFC42D.DLL
 0001:0002fbcc       ?GetDepth@CDumpContext@@QBEHXZ 00430bcc f   mfc42d:MFC42D.DLL
 0001:0002fbd2       ??6CDumpContext@@QAEAAV0@H@Z 00430bd2 f   mfc42d:MFC42D.DLL
 0001:0002fbd8       ??6CDumpContext@@QAEAAV0@PBD@Z 00430bd8 f   mfc42d:MFC42D.DLL
 0001:0002fbde       ?Dump@CObject@@UBEXAAVCDumpContext@@@Z 00430bde f   mfc42d:MFC42D.DLL
 0001:0002fbe4       ?AfxIsValidAddress@@YGHPBXIH@Z 00430be4 f   mfc42d:MFC42D.DLL
 0001:0002fbea       ?AssertValid@CObject@@UBEXXZ 00430bea f   mfc42d:MFC42D.DLL
 0001:0002fbf0       ?Read@CArchive@@QAEIPAXI@Z 00430bf0 f   mfc42d:MFC42D.DLL
 0001:0002fbf6       ?Write@CArchive@@QAEXPBXI@Z 00430bf6 f   mfc42d:MFC42D.DLL
 0001:0002fbfc       ?OnOK@CDialog@@MAEXXZ      00430bfc f   mfc42d:MFC42D.DLL
 0001:0002fc02       ?PreTranslateMessage@CDialog@@UAEHPAUtagMSG@@@Z 00430c02 f   mfc42d:MFC42D.DLL
 0001:0002fc08       ?OnNotify@CWnd@@MAEHIJPAJ@Z 00430c08 f   mfc42d:MFC42D.DLL
 0001:0002fc0e       ?Dump@CDialog@@UBEXAAVCDumpContext@@@Z 00430c0e f   mfc42d:MFC42D.DLL
 0001:0002fc14       ?AssertValid@CDialog@@UBEXXZ 00430c14 f   mfc42d:MFC42D.DLL
 0001:0002fc1a       ?GetRuntimeClass@CDialog@@UBEPAUCRuntimeClass@@XZ 00430c1a f   mfc42d:MFC42D.DLL
 0001:0002fc20       ??1CStringArray@@UAE@XZ    00430c20 f   mfc42d:MFC42D.DLL
 0001:0002fc26       ??1CListBox@@UAE@XZ        00430c26 f   mfc42d:MFC42D.DLL
 0001:0002fc2c       ??1CDialog@@UAE@XZ         00430c2c f   mfc42d:MFC42D.DLL
 0001:0002fc32       ??0CStringArray@@QAE@XZ    00430c32 f   mfc42d:MFC42D.DLL
 0001:0002fc38       ??0CListBox@@QAE@XZ        00430c38 f   mfc42d:MFC42D.DLL
 0001:0002fc3e       ??0CDialog@@QAE@IPAVCWnd@@@Z 00430c3e f   mfc42d:MFC42D.DLL
 0001:0002fc44       ?OnCancel@CDialog@@MAEXXZ  00430c44 f   mfc42d:MFC42D.DLL
 0001:0002fc4a       ?GetCount@CListBox@@QBEHXZ 00430c4a f   mfc42d:MFC42D.DLL
 0001:0002fc50       ?SetCurSel@CListBox@@QAEHH@Z 00430c50 f   mfc42d:MFC42D.DLL
 0001:0002fc56       ?AfxTrace@@YAXPBDZZ        00430c56 f   mfc42d:MFC42D.DLL
 0001:0002fc5c       ?MessageBoxA@CWnd@@QAEHPBD0I@Z 00430c5c f   mfc42d:MFC42D.DLL
 0001:0002fc62       ?GetSize@CStringArray@@QBEHXZ 00430c62 f   mfc42d:MFC42D.DLL
 0001:0002fc68       ?SetScrollPos@CWnd@@QAEHHHH@Z 00430c68 f   mfc42d:MFC42D.DLL
 0001:0002fc6e       ?GetScrollLimit@CWnd@@QAEHH@Z 00430c6e f   mfc42d:MFC42D.DLL
 0001:0002fc74       ?ElementAt@CStringArray@@QAEAAVCString@@H@Z 00430c74 f   mfc42d:MFC42D.DLL
 0001:0002fc7a       ?GetAt@CPtrArray@@QBEPAXH@Z 00430c7a f   mfc42d:MFC42D.DLL
 0001:0002fc80       ?GetSize@CPtrArray@@QBEHXZ 00430c80 f   mfc42d:MFC42D.DLL
 0001:0002fc86       ?ResetContent@CListBox@@QAEXXZ 00430c86 f   mfc42d:MFC42D.DLL
 0001:0002fc8c       ??1CWaitCursor@@QAE@XZ     00430c8c f   mfc42d:MFC42D.DLL
 0001:0002fc92       ?GetCurSel@CListBox@@QBEHXZ 00430c92 f   mfc42d:MFC42D.DLL
 0001:0002fc98       ??0CWaitCursor@@QAE@XZ     00430c98 f   mfc42d:MFC42D.DLL
 0001:0002fc9e       ?AddString@CListBox@@QAEHPBD@Z 00430c9e f   mfc42d:MFC42D.DLL
 0001:0002fca4       ??ACStringArray@@QAEAAVCString@@H@Z 00430ca4 f   mfc42d:MFC42D.DLL
 0001:0002fcaa       ?Add@CStringArray@@QAEHABVCString@@@Z 00430caa f   mfc42d:MFC42D.DLL
 0001:0002fcb0       ?DDV_MinMaxInt@@YGXPAVCDataExchange@@HHH@Z 00430cb0 f   mfc42d:MFC42D.DLL
 0001:0002fcb6       ??8@YG_NABVCString@@PBD@Z  00430cb6 f   mfc42d:MFC42D.DLL
 0001:0002fcbc       ?SetAt@CStringArray@@QAEXHABVCString@@@Z 00430cbc f   mfc42d:MFC42D.DLL
 0001:0002fcc2       ??8@YG_NABVCString@@0@Z    00430cc2 f   mfc42d:MFC42D.DLL
 0001:0002fcc8       ?Find@CString@@QBEHPBD@Z   00430cc8 f   mfc42d:MFC42D.DLL
 0001:0002fcce       ??1CMutex@@UAE@XZ          00430cce f   mfc42d:MFC42D.DLL
 0001:0002fcd4       ?AfxBeginThread@@YGPAVCWinThread@@P6AIPAX@Z0HIKPAU_SECURITY_ATTRIBUTES@@@Z 00430cd4 f   mfc42d:MFC42D.DLL
 0001:0002fcda       ??0CMutex@@QAE@HPBDPAU_SECURITY_ATTRIBUTES@@@Z 00430cda f   mfc42d:MFC42D.DLL
 0001:0002fce0       ?OnOK@CPropertyPage@@UAEXXZ 00430ce0 f   mfc42d:MFC42D.DLL
 0001:0002fce6       ??1CEvent@@UAE@XZ          00430ce6 f   mfc42d:MFC42D.DLL
 0001:0002fcec       ??1CProgressCtrl@@UAE@XZ   00430cec f   mfc42d:MFC42D.DLL
 0001:0002fcf2       ??0CEvent@@QAE@HHPBDPAU_SECURITY_ATTRIBUTES@@@Z 00430cf2 f   mfc42d:MFC42D.DLL
 0001:0002fcf8       ??0CProgressCtrl@@QAE@XZ   00430cf8 f   mfc42d:MFC42D.DLL
 0001:0002fcfe       ??1CMenu@@UAE@XZ           00430cfe f   mfc42d:MFC42D.DLL
 0001:0002fd04       ?ResetEvent@CEvent@@QAEHXZ 00430d04 f   mfc42d:MFC42D.DLL
 0001:0002fd0a       ?SetTimer@CWnd@@QAEIIIP6GXPAUHWND__@@IIK@Z@Z 00430d0a f   mfc42d:MFC42D.DLL
 0001:0002fd10       ?SetPos@CProgressCtrl@@QAEHH@Z 00430d10 f   mfc42d:MFC42D.DLL
 0001:0002fd16       ?KillTimer@CWnd@@QAEHH@Z   00430d16 f   mfc42d:MFC42D.DLL
 0001:0002fd1c       ??BCSyncObject@@QBEPAXXZ   00430d1c f   mfc42d:MFC42D.DLL
 0001:0002fd22       ?ShowWindow@CWnd@@QAEHH@Z  00430d22 f   mfc42d:MFC42D.DLL
 0001:0002fd28       ?PostMessageA@CWnd@@QAEHIIJ@Z 00430d28 f   mfc42d:MFC42D.DLL
 0001:0002fd2e       ?LoadStringA@CString@@QAEHI@Z 00430d2e f   mfc42d:MFC42D.DLL
 0001:0002fd34       ??H@YG?AVCString@@PBDABV0@@Z 00430d34 f   mfc42d:MFC42D.DLL
 0001:0002fd3a       ?SetEvent@CEvent@@QAEHXZ   00430d3a f   mfc42d:MFC42D.DLL
 0001:0002fd40       ?IsEmpty@CString@@QBEHXZ   00430d40 f   mfc42d:MFC42D.DLL
 0001:0002fd46       ??H@YG?AVCString@@ABV0@0@Z 00430d46 f   mfc42d:MFC42D.DLL
 0001:0002fd4c       ?SetRange@CProgressCtrl@@QAEXFF@Z 00430d4c f   mfc42d:MFC42D.DLL
 0001:0002fd52       ??YCString@@QAEABV0@ABV0@@Z 00430d52 f   mfc42d:MFC42D.DLL
 0001:0002fd58       ?ReverseFind@CString@@QBEHD@Z 00430d58 f   mfc42d:MFC42D.DLL
 0001:0002fd5e       ?Empty@CString@@QAEXXZ     00430d5e f   mfc42d:MFC42D.DLL
 0001:0002fd64       ?SetWindowTextA@CWnd@@QAEXPBD@Z 00430d64 f   mfc42d:MFC42D.DLL
 0001:0002fd6a       ?EndDialog@CDialog@@QAEXH@Z 00430d6a f   mfc42d:MFC42D.DLL
 0001:0002fd70       ?GetStatus@CFile@@SGHPBDAAUCFileStatus@@@Z 00430d70 f   mfc42d:MFC42D.DLL
 0001:0002fd76       ??0CTime@@QAE@XZ           00430d76 f   mfc42d:MFC42D.DLL
 0001:0002fd7c       ?GetSafeHwnd@CWnd@@QBEPAUHWND__@@XZ 00430d7c f   mfc42d:MFC42D.DLL
 0001:0002fd82       ?DDX_LBString@@YGXPAVCDataExchange@@HAAVCString@@@Z 00430d82 f   mfc42d:MFC42D.DLL
 0001:0002fd88       ?FindStringExact@CComboBox@@QBEHHPBD@Z 00430d88 f   mfc42d:MFC42D.DLL
 0001:0002fd8e       ??BCWnd@@QBEPAUHWND__@@XZ  00430d8e f   mfc42d:MFC42D.DLL
 0001:0002fd94       ?AfxEndThread@@YGXIH@Z     00430d94 f   mfc42d:MFC42D.DLL
 0001:0002fd9a       ?FreeExtra@CPtrArray@@QAEXXZ 00430d9a f   mfc42d:MFC42D.DLL
 0001:0002fda0       ?RemoveAt@CPtrArray@@QAEXHH@Z 00430da0 f   mfc42d:MFC42D.DLL
 0001:0002fda6       ?OnHelp@CWinApp@@IAEXXZ    00430da6 f   mfc42d:MFC42D.DLL
 0001:0002fdac       ?WinHelpA@CWinApp@@UAEXKI@Z 00430dac f   mfc42d:MFC42D.DLL
 0001:0002fdb2       ?OnDDECommand@CWinApp@@UAEHPAD@Z 00430db2 f   mfc42d:MFC42D.DLL
 0001:0002fdb8       ?DoWaitCursor@CWinApp@@UAEXH@Z 00430db8 f   mfc42d:MFC42D.DLL
 0001:0002fdbe       ?DoMessageBox@CWinApp@@UAEHPBDII@Z 00430dbe f   mfc42d:MFC42D.DLL
 0001:0002fdc4       ?SaveAllModified@CWinApp@@UAEHXZ 00430dc4 f   mfc42d:MFC42D.DLL
 0001:0002fdca       ?InitApplication@CWinApp@@UAEHXZ 00430dca f   mfc42d:MFC42D.DLL
 0001:0002fdd0       ?AddToRecentFileList@CWinApp@@UAEXPBD@Z 00430dd0 f   mfc42d:MFC42D.DLL
 0001:0002fdd6       ?OpenDocumentFile@CWinApp@@UAEPAVCDocument@@PBD@Z 00430dd6 f   mfc42d:MFC42D.DLL
 0001:0002fddc       ?Delete@CWinThread@@UAEXXZ 00430ddc f   mfc42d:MFC42D.DLL
 0001:0002fde2       ?GetMainWnd@CWinThread@@UAEPAVCWnd@@XZ 00430de2 f   mfc42d:MFC42D.DLL
 0001:0002fde8       ?ProcessMessageFilter@CWinThread@@UAEHHPAUtagMSG@@@Z 00430de8 f   mfc42d:MFC42D.DLL
 0001:0002fdee       ?ProcessWndProcException@CWinApp@@UAEJPAVCException@@PBUtagMSG@@@Z 00430dee f   mfc42d:MFC42D.DLL
 0001:0002fdf4       ?ExitInstance@CWinApp@@UAEHXZ 00430df4 f   mfc42d:MFC42D.DLL
 0001:0002fdfa       ?IsIdleMessage@CWinThread@@UAEHPAUtagMSG@@@Z 00430dfa f   mfc42d:MFC42D.DLL
 0001:0002fe00       ?OnIdle@CWinApp@@UAEHJ@Z   00430e00 f   mfc42d:MFC42D.DLL
 0001:0002fe06       ?PumpMessage@CWinThread@@UAEHXZ 00430e06 f   mfc42d:MFC42D.DLL
 0001:0002fe0c       ?PreTranslateMessage@CWinThread@@UAEHPAUtagMSG@@@Z 00430e0c f   mfc42d:MFC42D.DLL
 0001:0002fe12       ?Run@CWinApp@@UAEHXZ       00430e12 f   mfc42d:MFC42D.DLL
 0001:0002fe18       ?OnFinalRelease@CCmdTarget@@UAEXXZ 00430e18 f   mfc42d:MFC42D.DLL
 0001:0002fe1e       ?OnCmdMsg@CCmdTarget@@UAEHIHPAXPAUAFX_CMDHANDLERINFO@@@Z 00430e1e f   mfc42d:MFC42D.DLL
 0001:0002fe24       ?Dump@CWinApp@@UBEXAAVCDumpContext@@@Z 00430e24 f   mfc42d:MFC42D.DLL
 0001:0002fe2a       ?AssertValid@CWinApp@@UBEXXZ 00430e2a f   mfc42d:MFC42D.DLL
 0001:0002fe30       ?GetRuntimeClass@CWinApp@@UBEPAUCRuntimeClass@@XZ 00430e30 f   mfc42d:MFC42D.DLL
 0001:0002fe36       ??0CWinApp@@QAE@PBD@Z      00430e36 f   mfc42d:MFC42D.DLL
 0001:0002fe3c       ??1CWinApp@@UAE@XZ         00430e3c f   mfc42d:MFC42D.DLL
 0001:0002fe42       ?Enable3dControls@CWinApp@@IAEHXZ 00430e42 f   mfc42d:MFC42D.DLL
 0001:0002fe48       ??1CBitmap@@UAE@XZ         00430e48 f   mfc42d:MFC42D.DLL
 0001:0002fe4e       ??0CDC@@QAE@XZ             00430e4e f   mfc42d:MFC42D.DLL
 0001:0002fe54       ??0CPoint@@QAE@XZ          00430e54 f   mfc42d:MFC42D.DLL
 0001:0002fe5a       ??0CSize@@QAE@XZ           00430e5a f   mfc42d:MFC42D.DLL
 0001:0002fe60       ??0CBitmap@@QAE@XZ         00430e60 f   mfc42d:MFC42D.DLL
 0001:0002fe66       ??1CDC@@UAE@XZ             00430e66 f   mfc42d:MFC42D.DLL
 0001:0002fe6c       ??1CClientDC@@UAE@XZ       00430e6c f   mfc42d:MFC42D.DLL
 0001:0002fe72       ?GetClientRect@CWnd@@QBEXPAUtagRECT@@@Z 00430e72 f   mfc42d:MFC42D.DLL
 0001:0002fe78       ?GetDlgItem@CWnd@@QBEPAV1@H@Z 00430e78 f   mfc42d:MFC42D.DLL
 0001:0002fe7e       ?CreateCompatibleDC@CDC@@QAEHPAV1@@Z 00430e7e f   mfc42d:MFC42D.DLL
 0001:0002fe84       ??0CClientDC@@QAE@PAVCWnd@@@Z 00430e84 f   mfc42d:MFC42D.DLL
 0001:0002fe8a       ?InvalidateRect@CWnd@@QAEXPBUtagRECT@@H@Z 00430e8a f   mfc42d:MFC42D.DLL
 0001:0002fe90       ?ScreenToClient@CWnd@@QBEXPAUtagRECT@@@Z 00430e90 f   mfc42d:MFC42D.DLL
 0001:0002fe96       ?ClientToScreen@CWnd@@QBEXPAUtagRECT@@@Z 00430e96 f   mfc42d:MFC42D.DLL
 0001:0002fe9c       ??BCRect@@QAEPAUtagRECT@@XZ 00430e9c f   mfc42d:MFC42D.DLL
 0001:0002fea2       ??0CRect@@QAE@XZ           00430ea2 f   mfc42d:MFC42D.DLL
 0001:0002fea8       ?ScrollWindow@CWnd@@QAEXHHPBUtagRECT@@0@Z 00430ea8 f   mfc42d:MFC42D.DLL
 0001:0002feae       ?OnTimer@CWnd@@IAEXI@Z     00430eae f   mfc42d:MFC42D.DLL
 0001:0002feb4       ??1CBrush@@UAE@XZ          00430eb4 f   mfc42d:MFC42D.DLL
 0001:0002feba       ?EndPaint@CWnd@@QAEXPAUtagPAINTSTRUCT@@@Z 00430eba f   mfc42d:MFC42D.DLL
 0001:0002fec0       ?DeleteObject@CGdiObject@@QAEHXZ 00430ec0 f   mfc42d:MFC42D.DLL
 0001:0002fec6       ?StretchBlt@CDC@@QAEHHHHHPAV1@HHHHK@Z 00430ec6 f   mfc42d:MFC42D.DLL
 0001:0002fecc       ?FillRect@CDC@@QAEXPBUtagRECT@@PAVCBrush@@@Z 00430ecc f   mfc42d:MFC42D.DLL
 0001:0002fed2       ?DPtoLP@CDC@@QBEXPAUtagRECT@@@Z 00430ed2 f   mfc42d:MFC42D.DLL
 0001:0002fed8       ?SelectObject@CDC@@QAEPAVCBrush@@PAV2@@Z 00430ed8 f   mfc42d:MFC42D.DLL
 0001:0002fede       ??0CBrush@@QAE@K@Z         00430ede f   mfc42d:MFC42D.DLL
 0001:0002fee4       ?GetSafeHandle@CGdiObject@@QBEPAXXZ 00430ee4 f   mfc42d:MFC42D.DLL
 0001:0002feea       ?SelectObject@CDC@@QAEPAVCBitmap@@PAV2@@Z 00430eea f   mfc42d:MFC42D.DLL
 0001:0002fef0       ?GetObjectA@CGdiObject@@QBEHHPAX@Z 00430ef0 f   mfc42d:MFC42D.DLL
 0001:0002fef6       ??1CPaintDC@@UAE@XZ        00430ef6 f   mfc42d:MFC42D.DLL
 0001:0002fefc       ??1CFont@@UAE@XZ           00430efc f   mfc42d:MFC42D.DLL
 0001:0002ff02       ?LoadBitmapA@CBitmap@@QAEHPBD@Z 00430f02 f   mfc42d:MFC42D.DLL
 0001:0002ff08       ?CreateFontA@CFont@@QAEHHHHHHEEEEEEEEPBD@Z 00430f08 f   mfc42d:MFC42D.DLL
 0001:0002ff0e       ??ACString@@QBEDH@Z        00430f0e f   mfc42d:MFC42D.DLL
 0001:0002ff14       ??0CFont@@QAE@XZ           00430f14 f   mfc42d:MFC42D.DLL
 0001:0002ff1a       ?SetBkMode@CDC@@QAEHH@Z    00430f1a f   mfc42d:MFC42D.DLL
 0001:0002ff20       ?BeginPaint@CWnd@@QAEPAVCDC@@PAUtagPAINTSTRUCT@@@Z 00430f20 f   mfc42d:MFC42D.DLL
 0001:0002ff26       ??0CPaintDC@@QAE@PAVCWnd@@@Z 00430f26 f   mfc42d:MFC42D.DLL
 0001:0002ff2c       ?FromHandle@CBitmap@@SGPAV1@PAUHBITMAP__@@@Z 00430f2c f   mfc42d:MFC42D.DLL
 0001:0002ff32       ?OnDestroy@CWnd@@IAEXXZ    00430f32 f   mfc42d:MFC42D.DLL
 0001:0002ff38       ?LoadIconA@CWinApp@@QBEPAUHICON__@@I@Z 00430f38 f   mfc42d:MFC42D.DLL
 0001:0002ff3e       ?AfxGetApp@@YGPAVCWinApp@@XZ 00430f3e f   mfc42d:MFC42D.DLL
 0001:0002ff44       ?SetIcon@CButton@@QAEPAUHICON__@@PAU2@@Z 00430f44 f   mfc42d:MFC42D.DLL
 0001:0002ff4a       ?AfxGetInstanceHandle@@YGPAUHINSTANCE__@@XZ 00430f4a f   mfc42d:MFC42D.DLL
 0001:0002ff50       ?SetIcon@CWnd@@QAEPAUHICON__@@PAU2@H@Z 00430f50 f   mfc42d:MFC42D.DLL
 0001:0002ff56       ?AppendMenuA@CMenu@@QAEHIIPBD@Z 00430f56 f   mfc42d:MFC42D.DLL
 0001:0002ff5c       ?GetSystemMenu@CWnd@@QBEPAVCMenu@@H@Z 00430f5c f   mfc42d:MFC42D.DLL
 0001:0002ff62       ??0CPtrArray@@QAE@XZ       00430f62 f   mfc42d:MFC42D.DLL
 0001:0002ff68       ?OnSysCommand@CWnd@@IAEXIJ@Z 00430f68 f   mfc42d:MFC42D.DLL
 0001:0002ff6e       ?OnPaint@CWnd@@IAEXXZ      00430f6e f   mfc42d:MFC42D.DLL
 0001:0002ff74       ?DrawIcon@CDC@@QAEHHHPAUHICON__@@@Z 00430f74 f   mfc42d:MFC42D.DLL
 0001:0002ff7a       ?Height@CRect@@QBEHXZ      00430f7a f   mfc42d:MFC42D.DLL
 0001:0002ff80       ?Width@CRect@@QBEHXZ       00430f80 f   mfc42d:MFC42D.DLL
 0001:0002ff86       ?SendMessageA@CWnd@@QAEJIIJ@Z 00430f86 f   mfc42d:MFC42D.DLL
 0001:0002ff8c       ?GetSafeHdc@CDC@@QBEPAUHDC__@@XZ 00430f8c f   mfc42d:MFC42D.DLL
 0001:0002ff92       ?IsIconic@CWnd@@QBEHXZ     00430f92 f   mfc42d:MFC42D.DLL
 0001:0002ff98       ?Add@CPtrArray@@QAEHPAX@Z  00430f98 f   mfc42d:MFC42D.DLL
 0001:0002ff9e       ?GetNextPathName@CFileDialog@@QBE?AVCString@@AAPAU__POSITION@@@Z 00430f9e f   mfc42d:MFC42D.DLL
 0001:0002ffa4       ?GetStartPosition@CFileDialog@@QBEPAU__POSITION@@XZ 00430fa4 f   mfc42d:MFC42D.DLL
 0001:0002ffaa       ?DoModal@CFileDialog@@UAEHXZ 00430faa f   mfc42d:MFC42D.DLL
 0001:0002ffb0       ??0CFileDialog@@QAE@HPBD0K0PAVCWnd@@@Z 00430fb0 f   mfc42d:MFC42D.DLL
 0001:0002ffb6       ?DeleteString@CListBox@@QAEHI@Z 00430fb6 f   mfc42d:MFC42D.DLL
 0001:0002ffbc       ?GetSelItems@CListBox@@QBEHHPAH@Z 00430fbc f   mfc42d:MFC42D.DLL
 0001:0002ffc2       ?GetSelCount@CListBox@@QBEHXZ 00430fc2 f   mfc42d:MFC42D.DLL
 0001:0002ffc8       ??1CPtrArray@@UAE@XZ       00430fc8 f   mfc42d:MFC42D.DLL
 0001:0002ffce       ??3@YAXPAXPBDH@Z           00430fce f   mfc42d:MFC42D.DLL
 0001:0002ffd4       ?RemoveAll@CPtrArray@@QAEXXZ 00430fd4 f   mfc42d:MFC42D.DLL
 0001:0002ffda       ?SelItemRange@CListBox@@QAEHHHH@Z 00430fda f   mfc42d:MFC42D.DLL
 0001:0002ffe0       ?DoModal@CPropertySheet@@UAEHXZ 00430fe0 f   mfc42d:MFC42D.DLL
 0001:0002ffe6       ?SetSize@CPtrArray@@QAEXHH@Z 00430fe6 f   mfc42d:MFC42D.DLL
 0001:0002ffec       ?SetSel@CListBox@@QAEHHH@Z 00430fec f   mfc42d:MFC42D.DLL
 0001:0002fff2       ?GetPathName@CFileDialog@@QBE?AVCString@@XZ 00430ff2 f   mfc42d:MFC42D.DLL
 0001:0002fff8       ?CompareNoCase@CString@@QBEHPBD@Z 00430ff8 f   mfc42d:MFC42D.DLL
 0001:0002fffe       ?TrimRight@CString@@QAEXXZ 00430ffe f   mfc42d:MFC42D.DLL
 0001:00030004       ?TrimLeft@CString@@QAEXXZ  00431004 f   mfc42d:MFC42D.DLL
 0001:0003000a       ?Copy@CStringArray@@QAEXABV1@@Z 0043100a f   mfc42d:MFC42D.DLL
 0001:00030010       ?RemoveAll@CStringArray@@QAEXXZ 00431010 f   mfc42d:MFC42D.DLL
 0001:00030016       ?SetAt@CString@@QAEXHD@Z   00431016 f   mfc42d:MFC42D.DLL
 0001:0003001c       ?GetAt@CString@@QBEDH@Z    0043101c f   mfc42d:MFC42D.DLL
 0001:00030022       ??YCString@@QAEABV0@PBD@Z  00431022 f   mfc42d:MFC42D.DLL
 0001:00030028       ?SetSize@CStringArray@@QAEXHH@Z 00431028 f   mfc42d:MFC42D.DLL
 0001:0003002e       ??1CFile@@UAE@XZ           0043102e f   mfc42d:MFC42D.DLL
 0001:00030034       ?Close@CFile@@UAEXXZ       00431034 f   mfc42d:MFC42D.DLL
 0001:0003003a       ?Open@CFile@@UAEHPBDIPAVCFileException@@@Z 0043103a f   mfc42d:MFC42D.DLL
 0001:00030040       ??0CFile@@QAE@XZ           00431040 f   mfc42d:MFC42D.DLL
 0001:00030046       ?Find@CString@@QBEHPBDH@Z  00431046 f   mfc42d:MFC42D.DLL
[...]
 0004:00001310       __imp_?SetBkMode@CDC@@QAEHH@Z 00460310     mfc42d:MFC42D.DLL
 0004:00001314       __imp_?BeginPaint@CWnd@@QAEPAVCDC@@PAUtagPAINTSTRUCT@@@Z 00460314     mfc42d:MFC42D.DLL
 0004:00001318       __imp_??0CPaintDC@@QAE@PAVCWnd@@@Z 00460318     mfc42d:MFC42D.DLL
 0004:0000131c       __imp_?FromHandle@CBitmap@@SGPAV1@PAUHBITMAP__@@@Z 0046031c     mfc42d:MFC42D.DLL
 0004:00001320       __imp_?OnDestroy@CWnd@@IAEXXZ 00460320     mfc42d:MFC42D.DLL
 0004:00001324       __imp_?LoadIconA@CWinApp@@QBEPAUHICON__@@I@Z 00460324     mfc42d:MFC42D.DLL
 0004:00001328       __imp_?AfxGetApp@@YGPAVCWinApp@@XZ 00460328     mfc42d:MFC42D.DLL
 0004:0000132c       __imp_?SetIcon@CButton@@QAEPAUHICON__@@PAU2@@Z 0046032c     mfc42d:MFC42D.DLL
 0004:00001330       __imp_?AfxGetInstanceHandle@@YGPAUHINSTANCE__@@XZ 00460330     mfc42d:MFC42D.DLL
 0004:00001334       __imp_?SetIcon@CWnd@@QAEPAUHICON__@@PAU2@H@Z 00460334     mfc42d:MFC42D.DLL
 0004:00001338       __imp_?AppendMenuA@CMenu@@QAEHIIPBD@Z 00460338     mfc42d:MFC42D.DLL
 0004:0000133c       __imp_?GetSystemMenu@CWnd@@QBEPAVCMenu@@H@Z 0046033c     mfc42d:MFC42D.DLL
 0004:00001340       __imp_??0CPtrArray@@QAE@XZ 00460340     mfc42d:MFC42D.DLL
 0004:00001344       __imp_?OnSysCommand@CWnd@@IAEXIJ@Z 00460344     mfc42d:MFC42D.DLL
 0004:00001348       __imp_?OnPaint@CWnd@@IAEXXZ 00460348     mfc42d:MFC42D.DLL
 0004:0000134c       __imp_?DrawIcon@CDC@@QAEHHHPAUHICON__@@@Z 0046034c     mfc42d:MFC42D.DLL
 0004:00001350       __imp_?Height@CRect@@QBEHXZ 00460350     mfc42d:MFC42D.DLL
 0004:00001354       __imp_?Width@CRect@@QBEHXZ 00460354     mfc42d:MFC42D.DLL
 0004:00001358       __imp_?SendMessageA@CWnd@@QAEJIIJ@Z 00460358     mfc42d:MFC42D.DLL
 0004:0000135c       __imp_?GetSafeHdc@CDC@@QBEPAUHDC__@@XZ 0046035c     mfc42d:MFC42D.DLL
 0004:00001360       __imp_?IsIconic@CWnd@@QBEHXZ 00460360     mfc42d:MFC42D.DLL
 0004:00001364       __imp_?Add@CPtrArray@@QAEHPAX@Z 00460364     mfc42d:MFC42D.DLL
 0004:00001368       __imp_?GetNextPathName@CFileDialog@@QBE?AVCString@@AAPAU__POSITION@@@Z 00460368     mfc42d:MFC42D.DLL
 0004:0000136c       __imp_?GetStartPosition@CFileDialog@@QBEPAU__POSITION@@XZ 0046036c     mfc42d:MFC42D.DLL
 0004:00001370       __imp_?DoModal@CFileDialog@@UAEHXZ 00460370     mfc42d:MFC42D.DLL
 0004:00001374       __imp_??0CFileDialog@@QAE@HPBD0K0PAVCWnd@@@Z 00460374     mfc42d:MFC42D.DLL
 0004:00001378       __imp_?DeleteString@CListBox@@QAEHI@Z 00460378     mfc42d:MFC42D.DLL
 0004:0000137c       __imp_?GetSelItems@CListBox@@QBEHHPAH@Z 0046037c     mfc42d:MFC42D.DLL
 0004:00001380       __imp_?GetSelCount@CListBox@@QBEHXZ 00460380     mfc42d:MFC42D.DLL
 0004:00001384       __imp_??1CPtrArray@@UAE@XZ 00460384     mfc42d:MFC42D.DLL
 0004:00001388       __imp_??3@YAXPAXPBDH@Z     00460388     mfc42d:MFC42D.DLL
 0004:0000138c       __imp_?RemoveAll@CPtrArray@@QAEXXZ 0046038c     mfc42d:MFC42D.DLL
 0004:00001390       __imp_?SelItemRange@CListBox@@QAEHHHH@Z 00460390     mfc42d:MFC42D.DLL
 0004:00001394       __imp_?DoModal@CPropertySheet@@UAEHXZ 00460394     mfc42d:MFC42D.DLL
 0004:00001398       __imp_?SetSize@CPtrArray@@QAEXHH@Z 00460398     mfc42d:MFC42D.DLL
 0004:0000139c       __imp_?SetSel@CListBox@@QAEHHH@Z 0046039c     mfc42d:MFC42D.DLL
 0004:000013a0       __imp_?GetPathName@CFileDialog@@QBE?AVCString@@XZ 004603a0     mfc42d:MFC42D.DLL
 0004:000013a4       __imp_?CompareNoCase@CString@@QBEHPBD@Z 004603a4     mfc42d:MFC42D.DLL
 0004:000013a8       __imp_?TrimRight@CString@@QAEXXZ 004603a8     mfc42d:MFC42D.DLL
 0004:000013ac       __imp_?TrimLeft@CString@@QAEXXZ 004603ac     mfc42d:MFC42D.DLL
 0004:000013b0       __imp_?Copy@CStringArray@@QAEXABV1@@Z 004603b0     mfc42d:MFC42D.DLL
 0004:000013b4       __imp_?RemoveAll@CStringArray@@QAEXXZ 004603b4     mfc42d:MFC42D.DLL
 0004:000013b8       __imp_?SetAt@CString@@QAEXHD@Z 004603b8     mfc42d:MFC42D.DLL
 0004:000013bc       __imp_?GetAt@CString@@QBEDH@Z 004603bc     mfc42d:MFC42D.DLL
 0004:000013c0       __imp_??YCString@@QAEABV0@PBD@Z 004603c0     mfc42d:MFC42D.DLL
 0004:000013c4       __imp_?SetSize@CStringArray@@QAEXHH@Z 004603c4     mfc42d:MFC42D.DLL
 0004:000013c8       __imp_??1CFile@@UAE@XZ     004603c8     mfc42d:MFC42D.DLL
 0004:000013cc       __imp_?Close@CFile@@UAEXXZ 004603cc     mfc42d:MFC42D.DLL
 0004:000013d0       __imp_?Open@CFile@@UAEHPBDIPAVCFileException@@@Z 004603d0     mfc42d:MFC42D.DLL
 0004:000013d4       __imp_??0CFile@@QAE@XZ     004603d4     mfc42d:MFC42D.DLL
 0004:000013d8       __imp_?Find@CString@@QBEHPBDH@Z 004603d8     mfc42d:MFC42D.DLL
 0004:000013dc       __imp_?Insert@CString@@QAEHHPBD@Z 004603dc     mfc42d:MFC42D.DLL
 0004:000013e0       __imp_?Remove@CString@@QAEHD@Z 004603e0     mfc42d:MFC42D.DLL
 0004:000013e4       __imp_?Replace@CString@@QAEHDD@Z 004603e4     mfc42d:MFC42D.DLL
 0004:000013e8       __imp_?classCPropertySheet@CPropertySheet@@2UCRuntimeClass@@B 004603e8     mfc42d:MFC42D.DLL
 0004:000013ec       __imp_?OnInitDialog@CPropertySheet@@UAEHXZ 004603ec     mfc42d:MFC42D.DLL
 0004:000013f0       __imp_?BuildPropPageArray@CPropertySheet@@UAEXXZ 004603f0     mfc42d:MFC42D.DLL
 0004:000013f4       __imp_?SetOccDialogInfo@CWnd@@MAEHPAU_AFX_OCC_DIALOG_INFO@@@Z 004603f4     mfc42d:MFC42D.DLL
 0004:000013f8       __imp_?CheckAutoCenter@CWnd@@UAEHXZ 004603f8     mfc42d:MFC42D.DLL
 0004:000013fc       __imp_?PreTranslateMessage@CPropertySheet@@UAEHPAUtagMSG@@@Z 004603fc     mfc42d:MFC42D.DLL
 0004:00001400       __imp_?OnCommand@CPropertySheet@@UAEHIJ@Z 00460400     mfc42d:MFC42D.DLL
 0004:00001404       __imp_?ContinueModal@CPropertySheet@@UAEHXZ 00460404     mfc42d:MFC42D.DLL
 0004:00001408       __imp_?OnCmdMsg@CPropertySheet@@UAEHIHPAXPAUAFX_CMDHANDLERINFO@@@Z 00460408     mfc42d:MFC42D.DLL
 0004:0000140c       __imp_?Dump@CPropertySheet@@UBEXAAVCDumpContext@@@Z 0046040c     mfc42d:MFC42D.DLL
 0004:00001410       __imp_?AssertValid@CPropertySheet@@UBEXXZ 00460410     mfc42d:MFC42D.DLL
 0004:00001414       __imp_??1CPropertySheet@@UAE@XZ 00460414     mfc42d:MFC42D.DLL
 0004:00001418       __imp_?SetActivePage@CPropertySheet@@QAEHH@Z 00460418     mfc42d:MFC42D.DLL
 0004:0000141c       __imp_?AddPage@CPropertySheet@@QAEXPAVCPropertyPage@@@Z 0046041c     mfc42d:MFC42D.DLL
 0004:00001420       __imp_??0CPropertySheet@@QAE@PBDPAVCWnd@@I@Z 00460420     mfc42d:MFC42D.DLL
 0004:00001424       __imp_?messageMap@CPropertySheet@@1UAFX_MSGMAP@@B 00460424     mfc42d:MFC42D.DLL
 0004:00001428       __imp_??0CMenu@@QAE@XZ     00460428     mfc42d:MFC42D.DLL
 0004:0000142c       __imp_?OnCreate@CWnd@@IAEHPAUtagCREATESTRUCTA@@@Z 0046042c     mfc42d:MFC42D.DLL
 0004:00001430       __imp_?LoadIconA@CWinApp@@QBEPAUHICON__@@PBD@Z 00460430     mfc42d:MFC42D.DLL
 0004:00001434       __imp_?LoadMenuA@CMenu@@QAEHI@Z 00460434     mfc42d:MFC42D.DLL
 0004:00001438       __imp_?LoadMenuA@CMenu@@QAEHPBD@Z 00460438     mfc42d:MFC42D.DLL
 0004:0000143c       __imp_?Attach@CMenu@@QAEHPAUHMENU__@@@Z 0046043c     mfc42d:MFC42D.DLL
 0004:00001440       __imp_?ClientToScreen@CWnd@@QBEXPAUtagPOINT@@@Z 00460440     mfc42d:MFC42D.DLL
 0004:00001444       __imp_?SetDefaultItem@CMenu@@QAEHIH@Z 00460444     mfc42d:MFC42D.DLL
 0004:00001448       __imp_?TrackPopupMenu@CMenu@@QAEHIHHPAVCWnd@@PBUtagRECT@@@Z 00460448     mfc42d:MFC42D.DLL
 0004:0000144c       __imp_?GetSubMenu@CMenu@@QBEPAV1@H@Z 0046044c     mfc42d:MFC42D.DLL
 0004:00001450       __imp_?Dump@CWnd@@UBEXAAVCDumpContext@@@Z 00460450     mfc42d:MFC42D.DLL
 0004:00001454       __imp_?AssertValid@CWnd@@UBEXXZ 00460454     mfc42d:MFC42D.DLL
 0004:00001458       __imp_?GetRuntimeClass@CWnd@@UBEPAUCRuntimeClass@@XZ 00460458     mfc42d:MFC42D.DLL
 0004:0000145c       __imp_??1CPalette@@UAE@XZ  0046045c     mfc42d:MFC42D.DLL
 0004:00001460       __imp_??1CWnd@@UAE@XZ      00460460     mfc42d:MFC42D.DLL
 0004:00001464       __imp_??0CPalette@@QAE@XZ  00460464     mfc42d:MFC42D.DLL
 0004:00001468       __imp_??0CWnd@@QAE@XZ      00460468     mfc42d:MFC42D.DLL
 0004:0000146c       __imp_?messageMap@CWnd@@1UAFX_MSGMAP@@B 0046046c     mfc42d:MFC42D.DLL
 0004:00001470       __imp_?UpdateWindow@CWnd@@QAEXXZ 00460470     mfc42d:MFC42D.DLL
 0004:00001474       __imp_?CenterWindow@CWnd@@QAEXPAV1@@Z 00460474     mfc42d:MFC42D.DLL
 0004:00001478       __imp_?CreateEx@CWnd@@QAEHKPBD0KHHHHPAUHWND__@@PAUHMENU__@@PAX@Z 00460478     mfc42d:MFC42D.DLL
 0004:0000147c       __imp_?AfxRegisterWndClass@@YGPBDIPAUHICON__@@PAUHBRUSH__@@0@Z 0046047c     mfc42d:MFC42D.DLL
 0004:00001480       __imp_?CreatePalette@CPalette@@QAEHPAUtagLOGPALETTE@@@Z 00460480     mfc42d:MFC42D.DLL
 0004:00001484       __imp_??BCDC@@QBEPAUHDC__@@XZ 00460484     mfc42d:MFC42D.DLL
 0004:00001488       __imp_?CreateHalftonePalette@CPalette@@QAEHPAVCDC@@@Z 00460488     mfc42d:MFC42D.DLL
 0004:0000148c       __imp_?Attach@CGdiObject@@QAEHPAX@Z 0046048c     mfc42d:MFC42D.DLL
 0004:00001490       __imp_?BitBlt@CDC@@QAEHHHHHPAV1@HHK@Z 00460490     mfc42d:MFC42D.DLL
 0004:00001494       __imp_?GetWindowRect@CWnd@@QBEXPAUtagRECT@@@Z 00460494     mfc42d:MFC42D.DLL
 0004:00001498       __imp_?RealizePalette@CDC@@QAEIXZ 00460498     mfc42d:MFC42D.DLL
 0004:0000149c       __imp_?SelectPalette@CDC@@QAEPAVCPalette@@PAV2@H@Z 0046049c     mfc42d:MFC42D.DLL
 0004:000014a0       __imp_?GetDeviceCaps@CDC@@QBEHH@Z 004604a0     mfc42d:MFC42D.DLL
 0004:000014a4       __imp_?PreTranslateMessage@CWnd@@UAEHPAUtagMSG@@@Z 004604a4     mfc42d:MFC42D.DLL
 0004:000014a8       __imp_?IsFrameWnd@CWnd@@UBEHXZ 004604a8     mfc42d:MFC42D.DLL
 0004:000014ac       __imp_?SetOccDialogInfo@CDialog@@MAEHPAU_AFX_OCC_DIALOG_INFO@@@Z 004604ac     mfc42d:MFC42D.DLL
 0004:000014b0       __imp_?DoModal@CDialog@@UAEHXZ 004604b0     mfc42d:MFC42D.DLL
 0004:000014b4       __imp_?OnSetFont@CDialog@@UAEXPAVCFont@@@Z 004604b4     mfc42d:MFC42D.DLL
 0004:000014b8       __imp_?OnCancel@CPropertyPage@@UAEXXZ 004604b8     mfc42d:MFC42D.DLL
 0004:000014bc       __imp_?PreInitDialog@CDialog@@MAEXXZ 004604bc     mfc42d:MFC42D.DLL
 0004:000014c0       __imp_?OnApply@CPropertyPage@@UAEHXZ 004604c0     mfc42d:MFC42D.DLL
 0004:000014c4       __imp_?OnReset@CPropertyPage@@UAEXXZ 004604c4     mfc42d:MFC42D.DLL
 0004:000014c8       __imp_?OnSetActive@CPropertyPage@@UAEHXZ 004604c8     mfc42d:MFC42D.DLL
 0004:000014cc       __imp_?OnKillActive@CPropertyPage@@UAEHXZ 004604cc     mfc42d:MFC42D.DLL
 0004:000014d0       __imp_?OnQueryCancel@CPropertyPage@@UAEHXZ 004604d0     mfc42d:MFC42D.DLL
 0004:000014d4       __imp_?OnWizardBack@CPropertyPage@@UAEJXZ 004604d4     mfc42d:MFC42D.DLL
 0004:000014d8       __imp_?OnWizardNext@CPropertyPage@@UAEJXZ 004604d8     mfc42d:MFC42D.DLL
 0004:000014dc       __imp_?OnWizardFinish@CPropertyPage@@UAEHXZ 004604dc     mfc42d:MFC42D.DLL
 0004:000014e0       __imp_?classCPropertyPage@CPropertyPage@@2UCRuntimeClass@@B 004604e0     mfc42d:MFC42D.DLL
 0004:000014e4       __imp_??2CObject@@SGPAXIPBDH@Z 004604e4     mfc42d:MFC42D.DLL
 0004:000014e8       __imp_??3CObject@@SGXPAXPBDH@Z 004604e8     mfc42d:MFC42D.DLL
 0004:000014ec       __imp_??2@YAPAXIPBDH@Z     004604ec     mfc42d:MFC42D.DLL
 0004:000014f0       __imp_??3@YAXPAX@Z         004604f0     mfc42d:MFC42D.DLL
 0004:000014f4       __imp_?AfxWinMain@@YGHPAUHINSTANCE__@@0PADH@Z 004604f4     mfc42d:MFC42D.DLL
 0004:000014f8       __imp_??0CProgressCtrl@@QAE@XZ 004604f8     mfc42d:MFC42D.DLL
 0004:000014fc       __imp_?PreTranslateMessage@CWinThread@@UAEHPAUtagMSG@@@Z 004604fc     mfc42d:MFC42D.DLL
 0004:00001500       \177MFC42D_NULL_THUNK_DATA 00460500     mfc42d:MFC42D.DLL
 0004:00001658       __imp_?AfxSocketInit@@YGHPAUWSAData@@@Z 00460658     mfcn42d:MFCN42D.DLL
 0004:0000165c       \177MFCN42D_NULL_THUNK_DATA 0046065c     mfcn42d:MFCN42D.DLL
 0004:00001688       __imp_?AfxEnableControlContainer@@YAXPAVCOccManager@@@Z 00460688     mfco42d:MFCO42D.DLL
 0004:0000168c       \177MFCO42D_NULL_THUNK_DATA 0046068c     mfco42d:MFCO42D.DLL
 0004:000016b8       __imp_?c_str@?$basic_string@DU?$char_traits@D@std@@V?$allocator@D@2@@std@@QBEPBDXZ 004606b8     msvcprtd:MSVCP60D.dll
 0004:000016bc       __imp_??4?$basic_string@DU?$char_traits@D@std@@V?$allocator@D@2@@std@@QAEAAV01@ABV01@@Z 004606bc     msvcprtd:MSVCP60D.dll
 0004:000016c0       __imp_??0?$basic_string@DU?$char_traits@D@std@@V?$allocator@D@2@@std@@QAE@ABV?$allocator@D@1@@Z 004606c0     msvcprtd:MSVCP60D.dll
 0004:000016c4       __imp_??0?$basic_string@DU?$char_traits@D@std@@V?$allocator@D@2@@std@@QAE@ABV01@@Z 004606c4     msvcprtd:MSVCP60D.dll
 0004:000016c8       __imp_??4?$basic_string@DU?$char_traits@D@std@@V?$allocator@D@2@@std@@QAEAAV01@PBD@Z 004606c8     msvcprtd:MSVCP60D.dll
 0004:000016cc       __imp_??0?$basic_string@DU?$char_traits@D@std@@V?$allocator@D@2@@std@@QAE@PBDABV?$allocator@D@1@@Z 004606cc     msvcprtd:MSVCP60D.dll
 0004:000016d0       __imp_?close@?$basic_ifstream@DU?$char_traits@D@std@@@std@@QAEXXZ 004606d0     msvcprtd:MSVCP60D.dll
 0004:000016d4       __imp_?read@?$basic_istream@DU?$char_traits@D@std@@@std@@QAEAAV12@PADH@Z 004606d4     msvcprtd:MSVCP60D.dll
 0004:000016d8       __imp_??_D?$basic_ifstream@DU?$char_traits@D@std@@@std@@QAEXXZ 004606d8     msvcprtd:MSVCP60D.dll
 0004:000016dc       __imp_??Bios_base@std@@QBEPAXXZ 004606dc     msvcprtd:MSVCP60D.dll
 0004:000016e0       __imp_?open@?$basic_ifstream@DU?$char_traits@D@std@@@std@@QAEXPBDH@Z 004606e0     msvcprtd:MSVCP60D.dll
 0004:000016e4       __imp_??0?$basic_ifstream@DU?$char_traits@D@std@@@std@@QAE@XZ 004606e4     msvcprtd:MSVCP60D.dll
 0004:000016e8       __imp_??1?$basic_string@DU?$char_traits@D@std@@V?$allocator@D@2@@std@@QAE@XZ 004606e8     msvcprtd:MSVCP60D.dll
 0004:000016ec       \177MSVCP60D_NULL_THUNK_DATA 004606ec     msvcprtd:MSVCP60D.dll
 0004:00001720       __imp___except_handler3    00460720     msvcrtd:MSVCRTD.dll
 0004:00001724       __imp___controlfp          00460724     msvcrtd:MSVCRTD.dll
 0004:00001728       __imp__isdigit             00460728     msvcrtd:MSVCRTD.dll
 0004:0000172c       __imp__strcpy              0046072c     msvcrtd:MSVCRTD.dll
 0004:00001730       __imp__strstr              00460730     msvcrtd:MSVCRTD.dll
 0004:00001734       __imp__sscanf              00460734     msvcrtd:MSVCRTD.dll
 0004:00001738       __imp__strlen              00460738     msvcrtd:MSVCRTD.dll
 0004:0000173c       __imp___getcwd             0046073c     msvcrtd:MSVCRTD.dll
 0004:00001740       __imp__abs                 00460740     msvcrtd:MSVCRTD.dll
 0004:00001744       __imp___CrtDbgReport       00460744     msvcrtd:MSVCRTD.dll
 0004:00001748       __imp___mkdir              00460748     msvcrtd:MSVCRTD.dll
 0004:00001748       __imp__mkdir               00460748     msvcrtd:MSVCRTD.dll
 0004:0000174c       __imp___chdir              0046074c     msvcrtd:MSVCRTD.dll
 0004:00001750       __imp____set_app_type      00460750     msvcrtd:MSVCRTD.dll
 0004:00001754       __imp___ftol               00460754     msvcrtd:MSVCRTD.dll
 0004:00001758       __imp__fseek               00460758     msvcrtd:MSVCRTD.dll
 0004:0000175c       __imp__fclose              0046075c     msvcrtd:MSVCRTD.dll
 0004:00001760       __imp__fopen               00460760     msvcrtd:MSVCRTD.dll
 0004:00001764       __imp__fwrite              00460764     msvcrtd:MSVCRTD.dll
 0004:00001768       __imp__sprintf             00460768     msvcrtd:MSVCRTD.dll
 0004:0000176c       __imp___setmbcp            0046076c     msvcrtd:MSVCRTD.dll
 0004:00001770       __imp__itoa                00460770     msvcrtd:MSVCRTD.dll
 0004:00001770       __imp___itoa               00460770     msvcrtd:MSVCRTD.dll
 0004:00001774       __imp____p__fmode          00460774     msvcrtd:MSVCRTD.dll
 0004:00001778       __imp____p__commode        00460778     msvcrtd:MSVCRTD.dll
 0004:0000177c       __imp___adjust_fdiv        0046077c     msvcrtd:MSVCRTD.dll
 0004:00001780       __imp____setusermatherr    00460780     msvcrtd:MSVCRTD.dll
 0004:00001784       __imp__atoi                00460784     msvcrtd:MSVCRTD.dll
 0004:00001788       __imp____CxxFrameHandler   00460788     msvcrtd:MSVCRTD.dll
 0004:0000178c       __imp__memcpy              0046078c     msvcrtd:MSVCRTD.dll
 0004:00001790       __imp__memset              00460790     msvcrtd:MSVCRTD.dll
 0004:00001794       __imp___chkesp             00460794     msvcrtd:MSVCRTD.dll
 0004:00001798       __imp___initterm           00460798     msvcrtd:MSVCRTD.dll
 0004:0000179c       __imp____getmainargs       0046079c     msvcrtd:MSVCRTD.dll
 0004:000017a0       __imp___acmdln             004607a0     msvcrtd:MSVCRTD.dll
 0004:000017a4       __imp__exit                004607a4     msvcrtd:MSVCRTD.dll
 0004:000017a8       __imp___XcptFilter         004607a8     msvcrtd:MSVCRTD.dll
 0004:000017ac       __imp___exit               004607ac     msvcrtd:MSVCRTD.dll
 0004:000017b0       __imp___onexit             004607b0     msvcrtd:MSVCRTD.dll
 0004:000017b4       __imp____dllonexit         004607b4     msvcrtd:MSVCRTD.dll
 0004:000017b8       __imp___mbstok             004607b8     msvcrtd:MSVCRTD.dll
 0004:000017bc       __imp_??1type_info@@UAE@XZ 004607bc     msvcrtd:MSVCRTD.dll
 0004:000017c0       __imp__strncpy             004607c0     msvcrtd:MSVCRTD.dll
 0004:000017c4       __imp__strcmp              004607c4     msvcrtd:MSVCRTD.dll
 0004:000017c8       __imp__fread               004607c8     msvcrtd:MSVCRTD.dll
 0004:000017cc       __imp__isalpha             004607cc     msvcrtd:MSVCRTD.dll
 0004:000017d0       \177MSVCRTD_NULL_THUNK_DATA 004607d0     msvcrtd:MSVCRTD.dll
 0004:0000181c       __imp__Shell_NotifyIconA@8 0046081c     shell32:SHELL32.dll
 0004:00001820       __imp__SHBrowseForFolderA@4 00460820     shell32:SHELL32.dll
 0004:00001824       __imp__SHGetMalloc@4       00460824     shell32:SHELL32.dll
 0004:00001828       __imp__SHGetPathFromIDListA@8 00460828     shell32:SHELL32.dll
 0004:0000182c       \177SHELL32_NULL_THUNK_DATA 0046082c     shell32:SHELL32.dll
 0004:00001858       __imp_?TW_GetVersion@@YGXPAUMP3_VERSION@@@Z 00460858     tagWriter:TAGWRITER.DLL
 0004:0000185c       __imp_?TW_InitTagRenderer@@YGHPBD@Z 0046085c     tagWriter:TAGWRITER.DLL
 0004:00001860       __imp_?TW_RenderTags@@YGHPBD000000@Z 00460860     tagWriter:TAGWRITER.DLL
 0004:00001864       \177TAGWRITER_NULL_THUNK_DATA 00460864     tagWriter:TAGWRITER.DLL
 0004:00001890       __imp__GetCursorPos@4      00460890     user32:USER32.dll
 0004:00001894       __imp__SendMessageA@16     00460894     user32:USER32.dll
 0004:00001898       __imp__MessageBeep@4       00460898     user32:USER32.dll
 0004:0000189c       __imp__LoadImageA@24       0046089c     user32:USER32.dll
 0004:000018a0       __imp__GetSystemMetrics@4  004608a0     user32:USER32.dll
 0004:000018a4       \177USER32_NULL_THUNK_DATA 004608a4     user32:USER32.dll
 0004:000018d4       __imp__mciSendCommandA@16  004608d4     winmm:WINMM.dll
 0004:000018d8       __imp__mciGetErrorStringA@12 004608d8     winmm:WINMM.dll
 0004:000018dc       \177WINMM_NULL_THUNK_DATA  004608dc     winmm:WINMM.dll
 0004:00001908       __imp__gethostname@8       00460908     wsock32:WSOCK32.dll
 0004:0000190c       __imp__select@20           0046090c     wsock32:WSOCK32.dll
 0004:00001910       __imp__closesocket@4       00460910     wsock32:WSOCK32.dll
 0004:00001914       __imp__recv@16             00460914     wsock32:WSOCK32.dll
 0004:00001918       __imp__send@16             00460918     wsock32:WSOCK32.dll
 0004:0000191c       __imp__connect@12          0046091c     wsock32:WSOCK32.dll
 0004:00001920       __imp__htons@4             00460920     wsock32:WSOCK32.dll
 0004:00001924       __imp__inet_addr@4         00460924     wsock32:WSOCK32.dll
 0004:00001928       __imp__gethostbyname@4     00460928     wsock32:WSOCK32.dll
 0004:0000192c       __imp__WSASetLastError@4   0046092c     wsock32:WSOCK32.dll
 0004:00001930       __imp__socket@12           00460930     wsock32:WSOCK32.dll
 0004:00001934       \177WSOCK32_NULL_THUNK_DATA 00460934     wsock32:WSOCK32.dll

 entry point at        0001:000302e0

