 cddb

 Timestamp is 3cb877a4 (Sat Apr 13 20:23:32 2002)

 Preferred load address is 10000000

 Start         Length     Name                   Class
 0001:00000000 00019ffcH .text                   CODE
 0001:00019ffc 00010004H .textbss                CODE
 0002:00000000 00002034H .rdata                  DATA
 0002:00002040 0000013aH .edata                  DATA
 0003:00000000 00000104H .CRT$XCA                DATA
 0003:00000104 00000104H .CRT$XCZ                DATA
 0003:00000208 00000104H .CRT$XIA                DATA
 0003:0000030c 00000109H .CRT$XIC                DATA
 0003:00000418 00000104H .CRT$XIZ                DATA
 0003:0000051c 00000104H .CRT$XPA                DATA
 0003:00000620 00000104H .CRT$XPX                DATA
 0003:00000724 00000104H .CRT$XPZ                DATA
 0003:00000828 00000104H .CRT$XTA                DATA
 0003:0000092c 00000104H .CRT$XTZ                DATA
 0003:00000a30 00004043H .data                   DATA
 0003:00004a78 00001b94H .bss                    DATA
 0004:00000000 00000014H .idata$2                DATA
 0004:00000014 00000014H .idata$3                DATA
 0004:00000028 0000018cH .idata$4                DATA
 0004:000001b4 0000018cH .idata$5                DATA
 0004:00000340 000006d1H .idata$6                DATA

  Address         Publics by Value              Rva+Base     Lib:Object

 0001:00000040       _DllMain@12                10001040 f   cddb.obj
 0001:00000070       ??0CDdb@@QAE@XZ            10001070 f   Ddb.obj
 0001:000000b0       ??_GCDdb@@UAEPAXI@Z        100010b0 f i Ddb.obj
 0001:000000b0       ??_ECDdb@@UAEPAXI@Z        100010b0 f i Ddb.obj
 0001:00000120       ??1CDdb@@UAE@XZ            10001120 f   Ddb.obj
 0001:00000160       ??3@YAXPAX@Z               10001160 f   LIBCMTD:dbgdel.obj
 0001:00000210       __chkesp                   10001210 f   LIBCMTD:chkesp.obj
 0001:00000250       __CRT_INIT@12              10001250 f   LIBCMTD:dllcrt0.obj
 0001:00000390       __DllMainCRTStartup@12     10001390 f   LIBCMTD:dllcrt0.obj
 0001:00000490       __amsg_exit                10001490 f   LIBCMTD:dllcrt0.obj
 0001:000004d0       __mtinitlocks              100014d0 f   LIBCMTD:mlock.obj
 0001:00000510       __mtdeletelocks            10001510 f   LIBCMTD:mlock.obj
 0001:000005b0       __lock                     100015b0 f   LIBCMTD:mlock.obj
 0001:00000650       __unlock                   10001650 f   LIBCMTD:mlock.obj
 0001:00000670       __lockerr_exit             10001670 f   LIBCMTD:mlock.obj
 0001:00000690       _malloc                    10001690 f   LIBCMTD:dbgheap.obj
 0001:000006c0       __malloc_dbg               100016c0 f   LIBCMTD:dbgheap.obj
 0001:000006f0       __nh_malloc                100016f0 f   LIBCMTD:dbgheap.obj
 0001:00000710       __nh_malloc_dbg            10001710 f   LIBCMTD:dbgheap.obj
 0001:000007b0       __heap_alloc               100017b0 f   LIBCMTD:dbgheap.obj
 0001:000007d0       __heap_alloc_dbg           100017d0 f   LIBCMTD:dbgheap.obj
 0001:00000af0       _calloc                    10001af0 f   LIBCMTD:dbgheap.obj
 0001:00000b20       __calloc_dbg               10001b20 f   LIBCMTD:dbgheap.obj
 0001:00000b80       _realloc                   10001b80 f   LIBCMTD:dbgheap.obj
 0001:00000bb0       __realloc_dbg              10001bb0 f   LIBCMTD:dbgheap.obj
 0001:00001160       __expand                   10002160 f   LIBCMTD:dbgheap.obj
 0001:00001190       __expand_dbg               10002190 f   LIBCMTD:dbgheap.obj
 0001:00001220       _free                      10002220 f   LIBCMTD:dbgheap.obj
 0001:00001240       __free_lk                  10002240 f   LIBCMTD:dbgheap.obj
 0001:00001260       __free_dbg                 10002260 f   LIBCMTD:dbgheap.obj
 0001:000012d0       __free_dbg_lk              100022d0 f   LIBCMTD:dbgheap.obj
 0001:000016c0       __msize                    100026c0 f   LIBCMTD:dbgheap.obj
 0001:000016e0       __msize_dbg                100026e0 f   LIBCMTD:dbgheap.obj
 0001:00001870       __CrtSetBreakAlloc         10002870 f   LIBCMTD:dbgheap.obj
 0001:00001890       __CrtSetDbgBlockType       10002890 f   LIBCMTD:dbgheap.obj
 0001:00001970       __CrtSetAllocHook          10002970 f   LIBCMTD:dbgheap.obj
 0001:00001a20       __CrtCheckMemory           10002a20 f   LIBCMTD:dbgheap.obj
 0001:00001dd0       __CrtSetDbgFlag            10002dd0 f   LIBCMTD:dbgheap.obj
 0001:00001e00       __CrtDoForAllClientObjects 10002e00 f   LIBCMTD:dbgheap.obj
 0001:00001eb0       __CrtIsValidPointer        10002eb0 f   LIBCMTD:dbgheap.obj
 0001:00001f00       __CrtIsValidHeapPointer    10002f00 f   LIBCMTD:dbgheap.obj
 0001:00002030       __CrtIsMemoryBlock         10003030 f   LIBCMTD:dbgheap.obj
 0001:00002160       __CrtSetDumpClient         10003160 f   LIBCMTD:dbgheap.obj
 0001:00002180       __CrtMemCheckpoint         10003180 f   LIBCMTD:dbgheap.obj
 0001:00002330       __CrtMemDifference         10003330 f   LIBCMTD:dbgheap.obj
 0001:00002460       __CrtMemDumpAllObjectsSince 10003460 f   LIBCMTD:dbgheap.obj
 0001:00002880       __CrtDumpMemoryLeaks       10003880 f   LIBCMTD:dbgheap.obj
 0001:00002900       __CrtMemDumpStatistics     10003900 f   LIBCMTD:dbgheap.obj
 0001:000029d0       __CrtDbgBreak              100039d0 f   LIBCMTD:dbgrpt.obj
 0001:000029e0       __CrtSetReportMode         100039e0 f   LIBCMTD:dbgrpt.obj
 0001:00002a40       __CrtSetReportFile         10003a40 f   LIBCMTD:dbgrpt.obj
 0001:00002ac0       __CrtSetReportHook         10003ac0 f   LIBCMTD:dbgrpt.obj
 0001:00002ae0       __CrtDbgReport             10003ae0 f   LIBCMTD:dbgrpt.obj
 0001:00003180       __cinit                    10004180 f   LIBCMTD:crt0dat.obj
 0001:000031c0       _exit                      100041c0 f   LIBCMTD:crt0dat.obj
 0001:000031e0       __exit                     100041e0 f   LIBCMTD:crt0dat.obj
 0001:00003200       __cexit                    10004200 f   LIBCMTD:crt0dat.obj
 0001:00003220       __c_exit                   10004220 f   LIBCMTD:crt0dat.obj
 0001:00003330       __lockexit                 10004330 f   LIBCMTD:crt0dat.obj
 0001:00003340       __unlockexit               10004340 f   LIBCMTD:crt0dat.obj
 0001:00003380       __mtinit                   10004380 f   LIBCMTD:tidtable.obj
 0001:00003410       __mtterm                   10004410 f   LIBCMTD:tidtable.obj
 0001:00003440       __initptd                  10004440 f   LIBCMTD:tidtable.obj
 0001:00003460       __getptd                   10004460 f   LIBCMTD:tidtable.obj
 0001:00003500       __freeptd                  10004500 f   LIBCMTD:tidtable.obj
 0001:00003610       ___threadid                10004610 f   LIBCMTD:tidtable.obj
 0001:00003620       ___threadhandle            10004620 f   LIBCMTD:tidtable.obj
 0001:00003630       __ioinit                   10004630 f   LIBCMTD:ioinit.obj
 0001:00003960       __ioterm                   10004960 f   LIBCMTD:ioinit.obj
 0001:00003a00       __setenvp                  10004a00 f   LIBCMTD:stdenvp.obj
 0001:00003b50       __setargv                  10004b50 f   LIBCMTD:stdargv.obj
 0001:00004060       ___crtGetEnvironmentStringsA 10005060 f   LIBCMTD:a_env.obj
 0001:00004280       __GetLinkerVersion         10005280 f   LIBCMTD:heapinit.obj
 0001:000042e0       ___heap_select             100052e0 f   LIBCMTD:heapinit.obj
 0001:00004510       __heap_init                10005510 f   LIBCMTD:heapinit.obj
 0001:000045a0       __heap_term                100055a0 f   LIBCMTD:heapinit.obj
 0001:00004690       __FF_MSGBANNER             10005690 f   LIBCMTD:crt0msg.obj
 0001:000046e0       __NMSG_WRITE               100056e0 f   LIBCMTD:crt0msg.obj
 0001:000048a0       __GET_RTERRMSG             100058a0 f   LIBCMTD:crt0msg.obj
 0001:000048f0       ?_set_new_handler@@YAP6AHI@ZP6AHI@Z@Z 100058f0 f   LIBCMTD:handler.obj
 0001:00004920       ?_query_new_handler@@YAP6AHI@ZXZ 10005920 f   LIBCMTD:handler.obj
 0001:00004930       __callnewh                 10005930 f   LIBCMTD:handler.obj
 0001:00004960       __global_unwind2           10005960 f   LIBCMTD:exsup.obj
 0001:000049a2       __local_unwind2            100059a2 f   LIBCMTD:exsup.obj
 0001:000049fa       __NLG_Return2              100059fa f   LIBCMTD:exsup.obj
 0001:00004a0a       __abnormal_termination     10005a0a f   LIBCMTD:exsup.obj
 0001:00004a2d       __NLG_Notify1              10005a2d f   LIBCMTD:exsup.obj
 0001:00004a36       __NLG_Notify               10005a36 f   LIBCMTD:exsup.obj
 0001:00004a49       __NLG_Dispatch             10005a49 f   LIBCMTD:exsup.obj
 0001:00004a58       __except_handler3          10005a58 f   LIBCMTD:exsup3.obj
 0001:00004b15       __seh_longjmp_unwind@4     10005b15 f   LIBCMTD:exsup3.obj
 0001:00004b30       _memset                    10005b30 f   LIBCMTD:memset.obj
 0001:00004b90       __malloc_base              10005b90 f   LIBCMTD:malloc.obj
 0001:00004bb0       __nh_malloc_base           10005bb0 f   LIBCMTD:malloc.obj
 0001:00004c10       __heap_alloc_base          10005c10 f   LIBCMTD:malloc.obj
 0001:00004d60       __CrtDefaultAllocHook      10005d60 f   LIBCMTD:dbghook.obj
 0001:00004d70       __expand_base              10005d70 f   LIBCMTD:expand.obj
 0001:00004f80       __realloc_base             10005f80 f   LIBCMTD:realloc.obj
 0001:00005420       __free_base                10006420 f   LIBCMTD:free.obj
 0001:00005570       __heapchk                  10006570 f   LIBCMTD:heapchk.obj
 0001:00005680       __heapset                  10006680 f   LIBCMTD:heapchk.obj
 0001:00005690       __get_sbh_threshold        10006690 f   LIBCMTD:sbheap.obj
 0001:000056c0       __set_sbh_threshold        100066c0 f   LIBCMTD:sbheap.obj
 0001:000057d0       ___sbh_heap_init           100067d0 f   LIBCMTD:sbheap.obj
 0001:00005840       ___sbh_find_block          10006840 f   LIBCMTD:sbheap.obj
 0001:000058a0       ___sbh_verify_block        100068a0 f   LIBCMTD:sbheap.obj
 0001:00005900       ___sbh_free_block          10006900 f   LIBCMTD:sbheap.obj
 0001:00005ee0       ___sbh_alloc_block         10006ee0 f   LIBCMTD:sbheap.obj
 0001:00006420       ___sbh_alloc_new_region    10007420 f   LIBCMTD:sbheap.obj
 0001:00006530       ___sbh_alloc_new_group     10007530 f   LIBCMTD:sbheap.obj
 0001:00006720       ___sbh_resize_block        10007720 f   LIBCMTD:sbheap.obj
 0001:00006d10       ___sbh_heapmin             10007d10 f   LIBCMTD:sbheap.obj
 0001:00006e40       ___sbh_heap_check          10007e40 f   LIBCMTD:sbheap.obj
 0001:00007460       __get_old_sbh_threshold    10008460 f   LIBCMTD:sbheap.obj
 0001:00007470       __set_old_sbh_threshold    10008470 f   LIBCMTD:sbheap.obj
 0001:000074a0       ___old_sbh_new_region      100084a0 f   LIBCMTD:sbheap.obj
 0001:00007680       ___old_sbh_release_region  10008680 f   LIBCMTD:sbheap.obj
 0001:00007700       ___old_sbh_decommit_pages  10008700 f   LIBCMTD:sbheap.obj
 0001:00007860       ___old_sbh_find_block      10008860 f   LIBCMTD:sbheap.obj
 0001:000078f0       ___old_sbh_free_block      100088f0 f   LIBCMTD:sbheap.obj
 0001:00007960       ___old_sbh_alloc_block     10008960 f   LIBCMTD:sbheap.obj
 0001:00007d20       ___old_sbh_alloc_block_from_page 10008d20 f   LIBCMTD:sbheap.obj
 0001:00007fd0       ___old_sbh_resize_block    10008fd0 f   LIBCMTD:sbheap.obj
 0001:00008140       ___old_sbh_heap_check      10009140 f   LIBCMTD:sbheap.obj
 0001:00008380       _sprintf                   10009380 f   LIBCMTD:sprintf.obj
 0001:00008480       __isctype                  10009480 f   LIBCMTD:isctype.obj
 0001:00008540       __itoa                     10009540 f   LIBCMTD:xtoa.obj
 0001:00008660       __ltoa                     10009660 f   LIBCMTD:xtoa.obj
 0001:000086a0       __ultoa                    100096a0 f   LIBCMTD:xtoa.obj
 0001:000086c0       __i64toa                   100096c0 f   LIBCMTD:xtoa.obj
 0001:00008810       __ui64toa                  10009810 f   LIBCMTD:xtoa.obj
 0001:00008830       _strlen                    10009830 f   LIBCMTD:strlen.obj
 0001:000088b0       __snprintf                 100098b0 f   LIBCMTD:snprintf.obj
 0001:000089b0       _strcpy                    100099b0 f   LIBCMTD:strcat.obj
 0001:000089c0       _strcat                    100099c0 f   LIBCMTD:strcat.obj
 0001:00008aa0       __vsnprintf                10009aa0 f   LIBCMTD:vsnprint.obj
 0001:00008ba0       __alloca_probe             10009ba0 f   LIBCMTD:chkstk.obj
 0001:00008ba0       __chkstk                   10009ba0 f   LIBCMTD:chkstk.obj
 0001:00008bd0       _signal                    10009bd0 f   LIBCMTD:winsig.obj
 0001:00008ea0       _raise                     10009ea0 f   LIBCMTD:winsig.obj
 0001:00009140       ___fpecode                 1000a140 f   LIBCMTD:winsig.obj
 0001:00009150       ___pxcptinfoptrs           1000a150 f   LIBCMTD:winsig.obj
 0001:00009160       ___crtMessageBoxA          1000a160 f   LIBCMTD:crtmbox.obj
 0001:00009220       _strncpy                   1000a220 f   LIBCMTD:strncpy.obj
 0001:00009320       __XcptFilter               1000a320 f   LIBCMTD:winxfltr.obj
 0001:00009540       __setmbcp                  1000a540 f   LIBCMTD:mbctype.obj
 0001:00009d00       __getmbcp                  1000ad00 f   LIBCMTD:mbctype.obj
 0001:00009d20       ___initmbctable            1000ad20 f   LIBCMTD:mbctype.obj
 0001:00009d50       _memcpy                    1000ad50 f   LIBCMTD:memcpy.obj
 0001:0000a090       _strtol                    1000b090 f   LIBCMTD:strtol.obj
 0001:0000a3f0       _strtoul                   1000b3f0 f   LIBCMTD:strtol.obj
 0001:0000a420       _strchr                    1000b420 f   LIBCMTD:strchr.obj
 0001:0000a426       ___from_strstr_to_strchr   1000b426 f   LIBCMTD:strchr.obj
 0001:0000a4e0       _strstr                    1000b4e0 f   LIBCMTD:strstr.obj
 0001:0000a560       _strncmp                   1000b560 f   LIBCMTD:strncmp.obj
 0001:0000a5a0       __dosmaperr                1000b5a0 f   LIBCMTD:dosmap.obj
 0001:0000a640       __errno                    1000b640 f   LIBCMTD:dosmap.obj
 0001:0000a650       ___doserrno                1000b650 f   LIBCMTD:dosmap.obj
 0001:0000a660       _memmove                   1000b660 f   LIBCMTD:memmove.obj
 0001:0000a9a0       __flsbuf                   1000b9a0 f   LIBCMTD:_flsbuf.obj
 0001:0000ac20       __output                   1000bc20 f   LIBCMTD:output.obj
 0001:0000bac0       ___crtGetStringTypeA       1000cac0 f   LIBCMTD:a_str.obj
 0001:0000bc80       __aulldiv                  1000cc80 f   LIBCMTD:ulldiv.obj
 0001:0000bcf0       __aullrem                  1000ccf0 f   LIBCMTD:ullrem.obj
 0001:0000bd70       ___crtLCMapStringA         1000cd70 f   LIBCMTD:a_map.obj
 0001:0000c0d0       __toupper                  1000d0d0 f   LIBCMTD:toupper.obj
 0001:0000c0e0       _toupper                   1000d0e0 f   LIBCMTD:toupper.obj
 0001:0000c180       __toupper_lk               1000d180 f   LIBCMTD:toupper.obj
 0001:0000c2b0       __lseek                    1000d2b0 f   LIBCMTD:lseek.obj
 0001:0000c340       __lseek_lk                 1000d340 f   LIBCMTD:lseek.obj
 0001:0000c400       __write                    1000d400 f   LIBCMTD:write.obj
 0001:0000c490       __write_lk                 1000d490 f   LIBCMTD:write.obj
 0001:0000c710       __getbuf                   1000d710 f   LIBCMTD:_getbuf.obj
 0001:0000c7e0       __isatty                   1000d7e0 f   LIBCMTD:isatty.obj
 0001:0000c820       ___initstdio               1000d820 f   LIBCMTD:_file.obj
 0001:0000c950       ___endstdio                1000d950 f   LIBCMTD:_file.obj
 0001:0000c970       __lock_file                1000d970 f   LIBCMTD:_file.obj
 0001:0000c9b0       __lock_file2               1000d9b0 f   LIBCMTD:_file.obj
 0001:0000c9e0       __unlock_file              1000d9e0 f   LIBCMTD:_file.obj
 0001:0000ca20       __unlock_file2             1000da20 f   LIBCMTD:_file.obj
 0001:0000ca50       _wctomb                    1000da50 f   LIBCMTD:wctomb.obj
 0001:0000cad0       __wctomb_lk                1000dad0 f   LIBCMTD:wctomb.obj
 0001:0000cb70       _setlocale                 1000db70 f   LIBCMTD:setlocal.obj
 0001:0000d200       __expandlocale             1000e200 f   LIBCMTD:setlocal.obj
 0001:0000d390       ___init_dummy              1000e390 f   LIBCMTD:setlocal.obj
 0001:0000d3a0       __strcats                  1000e3a0 f   LIBCMTD:setlocal.obj
 0001:0000d3f0       ___lc_strtolc              1000e3f0 f   LIBCMTD:setlocal.obj
 0001:0000d550       ___lc_lctostr              1000e550 f   LIBCMTD:setlocal.obj
 0001:0000d5c0       __alloc_osfhnd             1000e5c0 f   LIBCMTD:osfinfo.obj
 0001:0000d7b0       __set_osfhnd               1000e7b0 f   LIBCMTD:osfinfo.obj
 0001:0000d870       __free_osfhnd              1000e870 f   LIBCMTD:osfinfo.obj
 0001:0000d950       __get_osfhandle            1000e950 f   LIBCMTD:osfinfo.obj
 0001:0000d9c0       __open_osfhandle           1000e9c0 f   LIBCMTD:osfinfo.obj
 0001:0000dad0       __lock_fhandle             1000ead0 f   LIBCMTD:osfinfo.obj
 0001:0000db60       __unlock_fhandle           1000eb60 f   LIBCMTD:osfinfo.obj
 0001:0000db90       __fcloseall                1000eb90 f   LIBCMTD:closeall.obj
 0001:0000dc70       _fflush                    1000ec70 f   LIBCMTD:fflush.obj
 0001:0000dcc0       __fflush_lk                1000ecc0 f   LIBCMTD:fflush.obj
 0001:0000dd10       __flush                    1000ed10 f   LIBCMTD:fflush.obj
 0001:0000ddd0       __flushall                 1000edd0 f   LIBCMTD:fflush.obj
 0001:0000df20       __fptrap                   1000ef20 f   LIBCMTD:crt0fp.obj
 0001:0000df30       ___init_time               1000ef30 f   LIBCMTD:inittime.obj
 0001:0000e8b0       ___init_numeric            1000f8b0 f   LIBCMTD:initnum.obj
 0001:0000ebe0       ___init_monetary           1000fbe0 f   LIBCMTD:initmon.obj
 0001:0000f040       ___init_ctype              10010040 f   LIBCMTD:initctyp.obj
 0001:0000f3e0       ___init_collate            100103e0 f   LIBCMTD:initcoll.obj
 0001:0000f3f0       _strcmp                    100103f0 f   LIBCMTD:strcmp.obj
 0001:0000f480       _strcspn                   10010480 f   LIBCMTD:strcspn.obj
 0001:0000f4c0       _strpbrk                   100104c0 f   LIBCMTD:strpbrk.obj
 0001:0000f500       ___get_qualified_locale    10010500 f   LIBCMTD:getqloc.obj
 0001:000102a0       _fclose                    100112a0 f   LIBCMTD:fclose.obj
 0001:00010330       __fclose_lk                10011330 f   LIBCMTD:fclose.obj
 0001:000103f0       __commit                   100113f0 f   LIBCMTD:commit.obj
 0001:000104d0       __Getdays                  100114d0 f   LIBCMTD:strftime.obj
 0001:00010600       __Getmonths                10011600 f   LIBCMTD:strftime.obj
 0001:00010730       __Gettnames                10011730 f   LIBCMTD:strftime.obj
 0001:00010aa0       _strftime                  10011aa0 f   LIBCMTD:strftime.obj
 0001:00010ac0       __Strftime                 10011ac0 f   LIBCMTD:strftime.obj
 0001:00011940       ___getlocaleinfo           10012940 f   LIBCMTD:inithelp.obj
 0001:00011bd0       _localeconv                10012bd0 f   LIBCMTD:lconv.obj
 0001:00011be0       ___crtGetStringTypeW       10012be0 f   LIBCMTD:w_str.obj
 0001:00011e50       __strcmpi                  10012e50 f   LIBCMTD:stricmp.obj
 0001:00011e50       __stricmp                  10012e50 f   LIBCMTD:stricmp.obj
 0001:00011f20       __strnicmp                 10012f20 f   LIBCMTD:strnicmp.obj
 0001:00012030       _atol                      10013030 f   LIBCMTD:atox.obj
 0001:00012130       _atoi                      10013130 f   LIBCMTD:atox.obj
 0001:00012150       __atoi64                   10013150 f   LIBCMTD:atox.obj
 0001:00012280       __close                    10013280 f   LIBCMTD:close.obj
 0001:00012300       __close_lk                 10013300 f   LIBCMTD:close.obj
 0001:000123b0       __freebuf                  100133b0 f   LIBCMTD:_freebuf.obj
 0001:00012450       ___tzset                   10013450 f   LIBCMTD:tzset.obj
 0001:00012490       __tzset                    10013490 f   LIBCMTD:tzset.obj
 0001:00012860       __isindst                  10013860 f   LIBCMTD:tzset.obj
 0001:00012d90       ___crtGetLocaleInfoW       10013d90 f   LIBCMTD:w_loc.obj
 0001:00012f30       ___crtGetLocaleInfoA       10013f30 f   LIBCMTD:a_loc.obj
 0001:000130e0       __tolower                  100140e0 f   LIBCMTD:tolower.obj
 0001:000130f0       _tolower                   100140f0 f   LIBCMTD:tolower.obj
 0001:00013190       __tolower_lk               10014190 f   LIBCMTD:tolower.obj
 0001:000132c0       __allmul                   100142c0 f   LIBCMTD:llmul.obj
 0001:00013300       _getenv                    10014300 f   LIBCMTD:getenv.obj
 0001:00013330       __getenv_lk                10014330 f   LIBCMTD:getenv.obj
 0001:00013400       __mbsnbicoll               10014400 f   LIBCMTD:mbsnbico.obj
 0001:00013450       ___wtomb_environ           10014450 f   LIBCMTD:wtombenv.obj
 0001:00013500       ___crtCompareStringA       10014500 f   LIBCMTD:a_cmp.obj
 0001:00013950       ___crtsetenv               10014950 f   LIBCMTD:setenv.obj
 0001:00013da0       __mbschr                   10014da0 f   LIBCMTD:mbschr.obj
 0001:00013e8e       _GetCommandLineA@0         10014e8e f   kernel32:KERNEL32.dll
 0001:00013e94       _GetVersion@0              10014e94 f   kernel32:KERNEL32.dll
 0001:00013e9a       _InitializeCriticalSection@4 10014e9a f   kernel32:KERNEL32.dll
 0001:00013ea0       _DeleteCriticalSection@4   10014ea0 f   kernel32:KERNEL32.dll
 0001:00013ea6       _EnterCriticalSection@4    10014ea6 f   kernel32:KERNEL32.dll
 0001:00013eac       _LeaveCriticalSection@4    10014eac f   kernel32:KERNEL32.dll
 0001:00013eb2       _ExitProcess@4             10014eb2 f   kernel32:KERNEL32.dll
 0001:00013eb8       _FatalAppExitA@8           10014eb8 f   kernel32:KERNEL32.dll
 0001:00013ebe       _IsBadWritePtr@8           10014ebe f   kernel32:KERNEL32.dll
 0001:00013ec4       _IsBadReadPtr@8            10014ec4 f   kernel32:KERNEL32.dll
 0001:00013eca       _HeapValidate@12           10014eca f   kernel32:KERNEL32.dll
 0001:00013ed0       _DebugBreak@0              10014ed0 f   kernel32:KERNEL32.dll
 0001:00013ed6       _GetStdHandle@4            10014ed6 f   kernel32:KERNEL32.dll
 0001:00013edc       _WriteFile@20              10014edc f   kernel32:KERNEL32.dll
 0001:00013ee2       _InterlockedDecrement@4    10014ee2 f   kernel32:KERNEL32.dll
 0001:00013ee8       _OutputDebugStringA@4      10014ee8 f   kernel32:KERNEL32.dll
 0001:00013eee       _GetProcAddress@8          10014eee f   kernel32:KERNEL32.dll
 0001:00013ef4       _LoadLibraryA@4            10014ef4 f   kernel32:KERNEL32.dll
 0001:00013efa       _InterlockedIncrement@4    10014efa f   kernel32:KERNEL32.dll
 0001:00013f00       _GetModuleFileNameA@12     10014f00 f   kernel32:KERNEL32.dll
 0001:00013f06       _TerminateProcess@8        10014f06 f   kernel32:KERNEL32.dll
 0001:00013f0c       _GetCurrentProcess@0       10014f0c f   kernel32:KERNEL32.dll
 0001:00013f12       _GetCurrentThreadId@0      10014f12 f   kernel32:KERNEL32.dll
 0001:00013f18       _TlsSetValue@8             10014f18 f   kernel32:KERNEL32.dll
 0001:00013f1e       _TlsAlloc@0                10014f1e f   kernel32:KERNEL32.dll
 0001:00013f24       _TlsFree@4                 10014f24 f   kernel32:KERNEL32.dll
 0001:00013f2a       _SetLastError@4            10014f2a f   kernel32:KERNEL32.dll
 0001:00013f30       _TlsGetValue@4             10014f30 f   kernel32:KERNEL32.dll
 0001:00013f36       _GetLastError@0            10014f36 f   kernel32:KERNEL32.dll
 0001:00013f3c       _GetCurrentThread@0        10014f3c f   kernel32:KERNEL32.dll
 0001:00013f42       _SetHandleCount@4          10014f42 f   kernel32:KERNEL32.dll
 0001:00013f48       _GetFileType@4             10014f48 f   kernel32:KERNEL32.dll
 0001:00013f4e       _GetStartupInfoA@4         10014f4e f   kernel32:KERNEL32.dll
 0001:00013f54       _FreeEnvironmentStringsA@4 10014f54 f   kernel32:KERNEL32.dll
 0001:00013f5a       _FreeEnvironmentStringsW@4 10014f5a f   kernel32:KERNEL32.dll
 0001:00013f60       _WideCharToMultiByte@32    10014f60 f   kernel32:KERNEL32.dll
 0001:00013f66       _GetEnvironmentStrings@0   10014f66 f   kernel32:KERNEL32.dll
 0001:00013f6c       _GetEnvironmentStringsW@0  10014f6c f   kernel32:KERNEL32.dll
 0001:00013f72       _GetModuleHandleA@4        10014f72 f   kernel32:KERNEL32.dll
 0001:00013f78       _GetEnvironmentVariableA@12 10014f78 f   kernel32:KERNEL32.dll
 0001:00013f7e       _GetVersionExA@4           10014f7e f   kernel32:KERNEL32.dll
 0001:00013f84       _HeapDestroy@4             10014f84 f   kernel32:KERNEL32.dll
 0001:00013f8a       _HeapCreate@12             10014f8a f   kernel32:KERNEL32.dll
 0001:00013f90       _HeapFree@12               10014f90 f   kernel32:KERNEL32.dll
 0001:00013f96       _VirtualFree@12            10014f96 f   kernel32:KERNEL32.dll
 0001:00013f9c       _RtlUnwind@16              10014f9c f   kernel32:KERNEL32.dll
 0001:00013fa2       _HeapAlloc@12              10014fa2 f   kernel32:KERNEL32.dll
 0001:00013fa8       _HeapReAlloc@16            10014fa8 f   kernel32:KERNEL32.dll
 0001:00013fae       _VirtualAlloc@16           10014fae f   kernel32:KERNEL32.dll
 0001:00013fb4       _SetConsoleCtrlHandler@8   10014fb4 f   kernel32:KERNEL32.dll
 0001:00013fba       _UnhandledExceptionFilter@4 10014fba f   kernel32:KERNEL32.dll
 0001:00013fc0       _GetCPInfo@8               10014fc0 f   kernel32:KERNEL32.dll
 0001:00013fc6       _GetACP@0                  10014fc6 f   kernel32:KERNEL32.dll
 0001:00013fcc       _GetOEMCP@0                10014fcc f   kernel32:KERNEL32.dll
 0001:00013fd2       _MultiByteToWideChar@24    10014fd2 f   kernel32:KERNEL32.dll
 0001:00013fd8       _GetStringTypeA@20         10014fd8 f   kernel32:KERNEL32.dll
 0001:00013fde       _GetStringTypeW@16         10014fde f   kernel32:KERNEL32.dll
 0001:00013fe4       _LCMapStringA@24           10014fe4 f   kernel32:KERNEL32.dll
 0001:00013fea       _LCMapStringW@24           10014fea f   kernel32:KERNEL32.dll
 0001:00013ff0       _SetFilePointer@16         10014ff0 f   kernel32:KERNEL32.dll
 0001:00013ff6       _Sleep@4                   10014ff6 f   kernel32:KERNEL32.dll
 0001:00013ffc       _SetStdHandle@8            10014ffc f   kernel32:KERNEL32.dll
 0001:00014002       _IsValidLocale@8           10015002 f   kernel32:KERNEL32.dll
 0001:00014008       _IsValidCodePage@4         10015008 f   kernel32:KERNEL32.dll
 0001:0001400e       _GetLocaleInfoA@16         1001500e f   kernel32:KERNEL32.dll
 0001:00014014       _EnumSystemLocalesA@8      10015014 f   kernel32:KERNEL32.dll
 0001:0001401a       _GetUserDefaultLCID@0      1001501a f   kernel32:KERNEL32.dll
 0001:00014020       _FlushFileBuffers@4        10015020 f   kernel32:KERNEL32.dll
 0001:00014026       _CloseHandle@4             10015026 f   kernel32:KERNEL32.dll
 0001:0001402c       _GetTimeZoneInformation@4  1001502c f   kernel32:KERNEL32.dll
 0001:00014032       _GetLocaleInfoW@16         10015032 f   kernel32:KERNEL32.dll
 0001:00014038       _CompareStringA@24         10015038 f   kernel32:KERNEL32.dll
 0001:0001403e       _CompareStringW@24         1001503e f   kernel32:KERNEL32.dll
 0001:00014044       _SetEnvironmentVariableA@8 10015044 f   kernel32:KERNEL32.dll
 0001:0001a000       __enc$textbss$begin        1001b000     <linker-defined>
 0001:0002a000       __enc$textbss$end          1002b000     <linker-defined>
 0002:0000001c       ??_7CDdb@@6B@              1002b01c     Ddb.obj
 0002:00000020       ??_C@_0L@OFGA@dbgdel?4cpp?$AA@ 1002b020     LIBCMTD:dbgdel.obj
 0002:0000002c       ??_C@_0CH@PHOC@_BLOCK_TYPE_IS_VALID?$CIpHead?9?$DOnBlo@ 1002b02c     LIBCMTD:dbgdel.obj
 0002:00000054       ??_C@_0O@FHMD@i386?2chkesp?4c?$AA@ 1002b054     LIBCMTD:chkesp.obj
 0002:00000064       ??_C@_00A@?$AA@            1002b064     LIBCMTD:chkesp.obj
 0002:00000068       ??_C@_0NM@ELEE@The?5value?5of?5ESP?5was?5not?5properl@ 1002b068     LIBCMTD:chkesp.obj
 0002:00000144       ??_C@_07PDLA@mlock?4c?$AA@ 1002b144     LIBCMTD:mlock.obj
 0002:0000014c       ??_C@_06DPMO@Client?$AA@   1002b14c     LIBCMTD:dbgheap.obj
 0002:00000154       ??_C@_06BAFM@Ignore?$AA@   1002b154     LIBCMTD:dbgheap.obj
 0002:0000015c       ??_C@_03DICE@CRT?$AA@      1002b15c     LIBCMTD:dbgheap.obj
 0002:00000160       ??_C@_06BILL@Normal?$AA@   1002b160     LIBCMTD:dbgheap.obj
 0002:00000168       ??_C@_04NEN@Free?$AA@      1002b168     LIBCMTD:dbgheap.obj
 0002:0000017c       ??_C@_0DC@CGID@Error?3?5memory?5allocation?3?5bad?5me@ 1002b17c     LIBCMTD:dbgheap.obj
 0002:000001b0       ??_C@_0CE@FMIA@Invalid?5allocation?5size?3?5?$CFu?5byte@ 1002b1b0     LIBCMTD:dbgheap.obj
 0002:000001d4       ??_C@_02DILL@?$CFs?$AA@    1002b1d4     LIBCMTD:dbgheap.obj
 0002:000001d8       ??_C@_0CB@CPBI@Client?5hook?5allocation?5failure?4?6@ 1002b1d8     LIBCMTD:dbgheap.obj
 0002:000001fc       ??_C@_0DF@DKHF@Client?5hook?5allocation?5failure?5a@ 1002b1fc     LIBCMTD:dbgheap.obj
 0002:00000234       ??_C@_09IMJC@dbgheap?4c?$AA@ 1002b234     LIBCMTD:dbgheap.obj
 0002:00000240       ??_C@_0BC@EPKL@_CrtCheckMemory?$CI?$CJ?$AA@ 1002b240     LIBCMTD:dbgheap.obj
 0002:00000264       ??_C@_0BK@JDHA@_pFirstBlock?5?$DN?$DN?5pOldBlock?$AA@ 1002b264     LIBCMTD:dbgheap.obj
 0002:00000280       ??_C@_0BJ@NMEF@_pLastBlock?5?$DN?$DN?5pOldBlock?$AA@ 1002b280     LIBCMTD:dbgheap.obj
 0002:0000029c       ??_C@_0DC@BOCN@fRealloc?5?$HM?$HM?5?$CI?$CBfRealloc?5?$CG?$CG?5pNewBl@ 1002b29c     LIBCMTD:dbgheap.obj
 0002:000002d0       ??_C@_0DK@DKOM@_BLOCK_TYPE?$CIpOldBlock?9?$DOnBlockUse@ 1002b2d0     LIBCMTD:dbgheap.obj
 0002:0000030c       ??_C@_0EF@EDKM@pOldBlock?9?$DOnLine?5?$DN?$DN?5IGNORE_LINE?5@ 1002b30c     LIBCMTD:dbgheap.obj
 0002:00000354       ??_C@_0CC@GPMO@_CrtIsValidHeapPointer?$CIpUserData@ 1002b354     LIBCMTD:dbgheap.obj
 0002:00000378       ??_C@_0CN@FHGE@Allocation?5too?5large?5or?5negative@ 1002b378     LIBCMTD:dbgheap.obj
 0002:000003a8       ??_C@_0CE@EAMN@Client?5hook?5re?9allocation?5failur@ 1002b3a8     LIBCMTD:dbgheap.obj
 0002:000003cc       ??_C@_0DI@KKMM@Client?5hook?5re?9allocation?5failur@ 1002b3cc     LIBCMTD:dbgheap.obj
 0002:00000424       ??_C@_0BG@JCEC@_pFirstBlock?5?$DN?$DN?5pHead?$AA@ 1002b424     LIBCMTD:dbgheap.obj
 0002:0000043c       ??_C@_0BF@NLNN@_pLastBlock?5?$DN?$DN?5pHead?$AA@ 1002b43c     LIBCMTD:dbgheap.obj
 0002:00000454       ??_C@_0BO@PLHH@pHead?9?$DOnBlockUse?5?$DN?$DN?5nBlockUse?$AA@ 1002b454     LIBCMTD:dbgheap.obj
 0002:00000474       ??_C@_0DN@KKIO@pHead?9?$DOnLine?5?$DN?$DN?5IGNORE_LINE?5?$CG?$CG?5p@ 1002b474     LIBCMTD:dbgheap.obj
 0002:000004b4       ??_C@_0CK@OJNB@DAMAGE?3?5after?5?$CFhs?5block?5?$CI?$CD?$CFd?$CJ?5at@ 1002b4b4     LIBCMTD:dbgheap.obj
 0002:000004e0       ??_C@_0CL@IJIL@DAMAGE?3?5before?5?$CFhs?5block?5?$CI?$CD?$CFd?$CJ?5a@ 1002b4e0     LIBCMTD:dbgheap.obj
 0002:0000050c       ??_C@_0BL@MBNA@Client?5hook?5free?5failure?4?6?$AA@ 1002b50c     LIBCMTD:dbgheap.obj
 0002:00000544       ??_C@_0DK@EKKL@memory?5check?5error?5at?50x?$CF08X?5?$DN?50@ 1002b544     LIBCMTD:dbgheap.obj
 0002:00000580       ??_C@_0CJ@GCII@?$CFhs?5located?5at?50x?$CF08X?5is?5?$CFu?5byte@ 1002b580     LIBCMTD:dbgheap.obj
 0002:000005ac       ??_C@_0CA@EJPI@?$CFhs?5allocated?5at?5file?5?$CFhs?$CI?$CFd?$CJ?4?6?$AA@ 1002b5ac     LIBCMTD:dbgheap.obj
 0002:000005cc       ??_C@_0CJ@LHHG@DAMAGE?3?5on?5top?5of?5Free?5block?5at?5@ 1002b5cc     LIBCMTD:dbgheap.obj
 0002:000005f8       ??_C@_07GJHM@DAMAGED?$AA@  1002b5f8     LIBCMTD:dbgheap.obj
 0002:00000600       ??_C@_0CL@ODIE@_heapchk?5fails?5with?5unknown?5retu@ 1002b600     LIBCMTD:dbgheap.obj
 0002:0000062c       ??_C@_0CC@EHNC@_heapchk?5fails?5with?5_HEAPBADPTR?4@ 1002b62c     LIBCMTD:dbgheap.obj
 0002:00000650       ??_C@_0CC@JNDP@_heapchk?5fails?5with?5_HEAPBADEND?4@ 1002b650     LIBCMTD:dbgheap.obj
 0002:00000674       ??_C@_0CD@DNMG@_heapchk?5fails?5with?5_HEAPBADNODE@ 1002b674     LIBCMTD:dbgheap.obj
 0002:00000698       ??_C@_0CE@JMCB@_heapchk?5fails?5with?5_HEAPBADBEGI@ 1002b698     LIBCMTD:dbgheap.obj
 0002:000006ec       ??_C@_0CD@MEMI@Bad?5memory?5block?5found?5at?50x?$CF08X@ 1002b6ec     LIBCMTD:dbgheap.obj
 0002:00000710       ??_C@_0CI@GMAO@_CrtMemCheckPoint?3?5NULL?5state?5po@ 1002b710     LIBCMTD:dbgheap.obj
 0002:00000744       ??_C@_0CI@MNAE@_CrtMemDifference?3?5NULL?5state?5po@ 1002b744     LIBCMTD:dbgheap.obj
 0002:0000076c       ??_C@_0BH@PKIJ@Object?5dump?5complete?4?6?$AA@ 1002b76c     LIBCMTD:dbgheap.obj
 0002:00000784       ??_C@_0DB@DBPF@crt?5block?5at?50x?$CF08X?0?5subtype?5?$CFx?0@ 1002b784     LIBCMTD:dbgheap.obj
 0002:000007b8       ??_C@_0CI@JLM@normal?5block?5at?50x?$CF08X?0?5?$CFu?5bytes@ 1002b7b8     LIBCMTD:dbgheap.obj
 0002:000007e0       ??_C@_0DE@PFEA@client?5block?5at?50x?$CF08X?0?5subtype?5@ 1002b7e0     LIBCMTD:dbgheap.obj
 0002:00000814       ??_C@_06MBCE@?$HL?$CFld?$HN?5?$AA@ 1002b814     LIBCMTD:dbgheap.obj
 0002:0000081c       ??_C@_0L@BLDJ@?$CFhs?$CI?$CFd?$CJ?5?3?5?$AA@ 1002b81c     LIBCMTD:dbgheap.obj
 0002:00000828       ??_C@_0BE@FEMA@?$CDFile?5Error?$CD?$CI?$CFd?$CJ?5?3?5?$AA@ 1002b828     LIBCMTD:dbgheap.obj
 0002:0000083c       ??_C@_0BE@FPPM@Dumping?5objects?5?9?$DO?6?$AA@ 1002b83c     LIBCMTD:dbgheap.obj
 0002:0000085c       ??_C@_0BA@POLM@?5Data?3?5?$DM?$CFs?$DO?5?$CFs?6?$AA@ 1002b85c     LIBCMTD:dbgheap.obj
 0002:0000086c       ??_C@_05JLAO@?$CF?42X?5?$AA@ 1002b86c     LIBCMTD:dbgheap.obj
 0002:00000874       ??_C@_0BI@KONA@Detected?5memory?5leaks?$CB?6?$AA@ 1002b874     LIBCMTD:dbgheap.obj
 0002:0000088c       ??_C@_0BP@LCCN@Total?5allocations?3?5?$CFld?5bytes?4?6?$AA@ 1002b88c     LIBCMTD:dbgheap.obj
 0002:000008ac       ??_C@_0CB@COID@Largest?5number?5used?3?5?$CFld?5bytes?4?6@ 1002b8ac     LIBCMTD:dbgheap.obj
 0002:000008d0       ??_C@_0BO@MEJD@?$CFld?5bytes?5in?5?$CFld?5?$CFhs?5Blocks?4?6?$AA@ 1002b8d0     LIBCMTD:dbgheap.obj
 0002:000008f0       ??_C@_0BB@BLL@Assertion?5Failed?$AA@ 1002b8f0     LIBCMTD:dbgrpt.obj
 0002:00000904       ??_C@_05CKBG@Error?$AA@    1002b904     LIBCMTD:dbgrpt.obj
 0002:0000090c       ??_C@_07JCGI@Warning?$AA@  1002b90c     LIBCMTD:dbgrpt.obj
 0002:00000914       ??_C@_0M@ODEP@?$CFs?$CI?$CFd?$CJ?5?3?5?$CFs?$AA@ 1002b914     LIBCMTD:dbgrpt.obj
 0002:00000920       ??_C@_01BJG@?6?$AA@        1002b920     LIBCMTD:dbgrpt.obj
 0002:00000924       ??_C@_01FEHD@?$AN?$AA@     1002b924     LIBCMTD:dbgrpt.obj
 0002:00000928       ??_C@_0BC@OIMC@Assertion?5failed?$CB?$AA@ 1002b928     LIBCMTD:dbgrpt.obj
 0002:0000093c       ??_C@_0BD@BEAK@Assertion?5failed?3?5?$AA@ 1002b93c     LIBCMTD:dbgrpt.obj
 0002:00000950       ??_C@_0CL@LCCP@_CrtDbgReport?3?5String?5too?5long?5o@ 1002b950     LIBCMTD:dbgrpt.obj
 0002:0000097c       ??_C@_0DC@EMDK@Second?5Chance?5Assertion?5Failed?3?5@ 1002b97c     LIBCMTD:dbgrpt.obj
 0002:000009b0       ??_C@_09NJAK@wsprintfA?$AA@ 1002b9b0     LIBCMTD:dbgrpt.obj
 0002:000009bc       ??_C@_0L@HKL@user32?4dll?$AA@ 1002b9bc     LIBCMTD:dbgrpt.obj
 0002:000009c8       ??_C@_0CD@GCMD@Microsoft?5Visual?5C?$CL?$CL?5Debug?5Libra@ 1002b9c8     LIBCMTD:dbgrpt.obj
 0002:000009ec       ??_C@_0FD@EBDD@Debug?5?$CFs?$CB?6?6Program?3?5?$CFs?$CFs?$CFs?$CFs?$CFs?$CFs@ 1002b9ec     LIBCMTD:dbgrpt.obj
 0002:00000a40       ??_C@_09DCKN@?6Module?3?5?$AA@ 1002ba40     LIBCMTD:dbgrpt.obj
 0002:00000a4c       ??_C@_07HJII@?6File?3?5?$AA@ 1002ba4c     LIBCMTD:dbgrpt.obj
 0002:00000a54       ??_C@_07LFGN@?6Line?3?5?$AA@ 1002ba54     LIBCMTD:dbgrpt.obj
 0002:00000a5c       ??_C@_02JJJH@?6?6?$AA@     1002ba5c     LIBCMTD:dbgrpt.obj
 0002:00000a60       ??_C@_0N@NOAB@Expression?3?5?$AA@ 1002ba60     LIBCMTD:dbgrpt.obj
 0002:00000a70       ??_C@_0HD@BHFH@?6?6For?5information?5on?5how?5your?5pr@ 1002ba70     LIBCMTD:dbgrpt.obj
 0002:00000ae4       ??_C@_03NAME@?4?4?4?$AA@   1002bae4     LIBCMTD:dbgrpt.obj
 0002:00000ae8       ??_C@_0BH@NNCD@?$DMprogram?5name?5unknown?$DO?$AA@ 1002bae8     LIBCMTD:dbgrpt.obj
 0002:00000b00       ??_C@_08GFHP@dbgrpt?4c?$AA@ 1002bb00     LIBCMTD:dbgrpt.obj
 0002:00000b0c       ??_C@_0BG@FBEA@szUserMessage?5?$CB?$DN?5NULL?$AA@ 1002bb0c     LIBCMTD:dbgrpt.obj
 0002:00000b24       ??_C@_0L@ENLJ@tidtable?4c?$AA@ 1002bb24     LIBCMTD:tidtable.obj
 0002:00000b30       ??_C@_08KFDJ@ioinit?4c?$AA@ 1002bb30     LIBCMTD:ioinit.obj
 0002:00000b3c       ??_C@_09IGKD@stdenvp?4c?$AA@ 1002bb3c     LIBCMTD:stdenvp.obj
 0002:00000b48       ??_C@_09MPMN@stdargv?4c?$AA@ 1002bb48     LIBCMTD:stdargv.obj
 0002:00000b54       ??_C@_07BNNE@a_env?4c?$AA@ 1002bb54     LIBCMTD:a_env.obj
 0002:00000b5c       ??_C@_0BH@PHHF@__GLOBAL_HEAP_SELECTED?$AA@ 1002bb5c     LIBCMTD:heapinit.obj
 0002:00000b74       ??_C@_0BF@BBGL@__MSVCRT_HEAP_SELECT?$AA@ 1002bb74     LIBCMTD:heapinit.obj
 0002:00000b8c       ??_C@_0P@GGKG@runtime?5error?5?$AA@ 1002bb8c     LIBCMTD:crt0msg.obj
 0002:00000b9c       ??_C@_02PIMC@?$AN?6?$AA@   1002bb9c     LIBCMTD:crt0msg.obj
 0002:00000ba0       ??_C@_0O@DELO@TLOSS?5error?$AN?6?$AA@ 1002bba0     LIBCMTD:crt0msg.obj
 0002:00000bb0       ??_C@_0N@OMLL@SING?5error?$AN?6?$AA@ 1002bbb0     LIBCMTD:crt0msg.obj
 0002:00000bc0       ??_C@_0P@OJAK@DOMAIN?5error?$AN?6?$AA@ 1002bbc0     LIBCMTD:crt0msg.obj
 0002:00000bd0       ??_C@_0CF@EANP@R6028?$AN?6?9?5unable?5to?5initialize?5he@ 1002bbd0     LIBCMTD:crt0msg.obj
 0002:00000bf8       ??_C@_0DF@ECGN@R6027?$AN?6?9?5not?5enough?5space?5for?5lo@ 1002bbf8     LIBCMTD:crt0msg.obj
 0002:00000c30       ??_C@_0DF@FKAC@R6026?$AN?6?9?5not?5enough?5space?5for?5st@ 1002bc30     LIBCMTD:crt0msg.obj
 0002:00000c68       ??_C@_0CG@DPMN@R6025?$AN?6?9?5pure?5virtual?5function?5c@ 1002bc68     LIBCMTD:crt0msg.obj
 0002:00000c90       ??_C@_0DF@CKIP@R6024?$AN?6?9?5not?5enough?5space?5for?5_o@ 1002bc90     LIBCMTD:crt0msg.obj
 0002:00000cc8       ??_C@_0CJ@GGOE@R6019?$AN?6?9?5unable?5to?5open?5console?5@ 1002bcc8     LIBCMTD:crt0msg.obj
 0002:00000cf4       ??_C@_0CB@LBOB@R6018?$AN?6?9?5unexpected?5heap?5error?$AN?6@ 1002bcf4     LIBCMTD:crt0msg.obj
 0002:00000d18       ??_C@_0CN@FPEG@R6017?$AN?6?9?5unexpected?5multithread?5@ 1002bd18     LIBCMTD:crt0msg.obj
 0002:00000d48       ??_C@_0CM@OBIC@R6016?$AN?6?9?5not?5enough?5space?5for?5th@ 1002bd48     LIBCMTD:crt0msg.obj
 0002:00000d74       ??_C@_0CB@HPAL@?$AN?6abnormal?5program?5termination?$AN?6@ 1002bd74     LIBCMTD:crt0msg.obj
 0002:00000d98       ??_C@_0CM@JOOB@R6009?$AN?6?9?5not?5enough?5space?5for?5en@ 1002bd98     LIBCMTD:crt0msg.obj
 0002:00000dc4       ??_C@_0CK@OIBL@R6008?$AN?6?9?5not?5enough?5space?5for?5ar@ 1002bdc4     LIBCMTD:crt0msg.obj
 0002:00000df0       ??_C@_0CF@LKPB@R6002?$AN?6?9?5floating?5point?5not?5load@ 1002bdf0     LIBCMTD:crt0msg.obj
 0002:00000e18       ??_C@_0CF@JPDF@Microsoft?5Visual?5C?$CL?$CL?5Runtime?5Lib@ 1002be18     LIBCMTD:crt0msg.obj
 0002:00000e40       ??_C@_0BK@DEOK@Runtime?5Error?$CB?6?6Program?3?5?$AA@ 1002be40     LIBCMTD:crt0msg.obj
 0002:00000ed8       ??_C@_0P@LNLA@format?5?$CB?$DN?5NULL?$AA@ 1002bed8     LIBCMTD:sprintf.obj
 0002:00000ee8       ??_C@_09NEAG@sprintf?4c?$AA@ 1002bee8     LIBCMTD:sprintf.obj
 0002:00000ef4       ??_C@_0P@OOIN@string?5?$CB?$DN?5NULL?$AA@ 1002bef4     LIBCMTD:sprintf.obj
 0002:00000f04       ??_C@_0L@HE@vsprintf?4c?$AA@ 1002bf04     LIBCMTD:vsnprint.obj
 0002:00000f10       ??_C@_08CNMA@winsig?4c?$AA@ 1002bf10     LIBCMTD:winsig.obj
 0002:00000f1c       ??_C@_0BD@NJFP@GetLastActivePopup?$AA@ 1002bf1c     LIBCMTD:crtmbox.obj
 0002:00000f30       ??_C@_0BA@GILI@GetActiveWindow?$AA@ 1002bf30     LIBCMTD:crtmbox.obj
 0002:00000f40       ??_C@_0M@PKCK@MessageBoxA?$AA@ 1002bf40     LIBCMTD:crtmbox.obj
 0002:00000f4c       ??_C@_0DP@IHIN@?$CI?$CCinconsistent?5IOB?5fields?$CC?0?5stre@ 1002bf4c     LIBCMTD:_flsbuf.obj
 0002:00000f8c       ??_C@_09LGEI@_flsbuf?4c?$AA@ 1002bf8c     LIBCMTD:_flsbuf.obj
 0002:00000f98       ??_C@_0M@KJPK@str?5?$CB?$DN?5NULL?$AA@ 1002bf98     LIBCMTD:_flsbuf.obj
 0002:00000fa4       ___lookuptable             1002bfa4     LIBCMTD:output.obj
 0002:00001000       ??_C@_1O@POHA@?$AA?$CI?$AAn?$AAu?$AAl?$AAl?$AA?$CJ?$AA?$AA@ 1002c000     LIBCMTD:output.obj
 0002:00001010       ??_C@_06ONKE@?$CInull?$CJ?$AA@ 1002c010     LIBCMTD:output.obj
 0002:00001018       ??_C@_08MIHI@output?4c?$AA@ 1002c018     LIBCMTD:output.obj
 0002:00001024       ??_C@_0P@PIHB@ch?5?$CB?$DN?5_T?$CI?8?20?8?$CJ?$AA@ 1002c024     LIBCMTD:output.obj
 0002:00001034       ??_C@_01A@?$AA?$AA@        1002c034     LIBCMTD:a_str.obj
 0002:00001038       ??_C@_13A@?$AA?$AA?$AA?$AA@ 1002c038     LIBCMTD:a_str.obj
 0002:00001068       ??_C@_09EMDO@_getbuf?4c?$AA@ 1002c068     LIBCMTD:_getbuf.obj
 0002:00001074       ??_C@_07HPAH@_file?4c?$AA@ 1002c074     LIBCMTD:_file.obj
 0002:0000107c       ??_C@_07PCLE@LC_TIME?$AA@  1002c07c     LIBCMTD:setlocal.obj
 0002:00001084       ??_C@_0L@NKG@LC_NUMERIC?$AA@ 1002c084     LIBCMTD:setlocal.obj
 0002:00001090       ??_C@_0M@CBIH@LC_MONETARY?$AA@ 1002c090     LIBCMTD:setlocal.obj
 0002:0000109c       ??_C@_08LFGE@LC_CTYPE?$AA@ 1002c09c     LIBCMTD:setlocal.obj
 0002:000010a8       ??_C@_0L@CFLC@LC_COLLATE?$AA@ 1002c0a8     LIBCMTD:setlocal.obj
 0002:000010b4       ??_C@_06GCPK@LC_ALL?$AA@   1002c0b4     LIBCMTD:setlocal.obj
 0002:000010bc       ??_C@_01FAJB@?$DL?$AA@     1002c0bc     LIBCMTD:setlocal.obj
 0002:000010c0       ??_C@_02BGDO@?$DN?$DL?$AA@ 1002c0c0     LIBCMTD:setlocal.obj
 0002:000010c4       ??_C@_0L@MOEE@setlocal?4c?$AA@ 1002c0c4     LIBCMTD:setlocal.obj
 0002:000010d0       ??_C@_01KPOD@?$DN?$AA@     1002c0d0     LIBCMTD:setlocal.obj
 0002:000010d4       ??_C@_03DBOJ@_?4?0?$AA@    1002c0d4     LIBCMTD:setlocal.obj
 0002:000010d8       ??_C@_01PJCK@?4?$AA@       1002c0d8     LIBCMTD:setlocal.obj
 0002:000010dc       ??_C@_01NON@_?$AA@         1002c0dc     LIBCMTD:setlocal.obj
 0002:000010e0       ??_C@_09LNLM@osfinfo?4c?$AA@ 1002c0e0     LIBCMTD:osfinfo.obj
 0002:000010ec       ??_C@_0L@EEGJ@inittime?4c?$AA@ 1002c0ec     LIBCMTD:inittime.obj
 0002:000010f8       ??_C@_09IMJJ@initnum?4c?$AA@ 1002c0f8     LIBCMTD:initnum.obj
 0002:00001104       ??_C@_09KPNI@initmon?4c?$AA@ 1002c104     LIBCMTD:initmon.obj
 0002:00001110       ??_C@_0L@COIL@initctyp?4c?$AA@ 1002c110     LIBCMTD:initctyp.obj
 0002:0000111c       ??_C@_08OBJD@Paraguay?$AA@ 1002c11c     LIBCMTD:getqloc.obj
 0002:00001128       ??_C@_07GLKH@Uruguay?$AA@  1002c128     LIBCMTD:getqloc.obj
 0002:00001130       ??_C@_05FPFC@Chile?$AA@    1002c130     LIBCMTD:getqloc.obj
 0002:00001138       ??_C@_07IIGF@Ecuador?$AA@  1002c138     LIBCMTD:getqloc.obj
 0002:00001140       ??_C@_09PKAL@Argentina?$AA@ 1002c140     LIBCMTD:getqloc.obj
 0002:0000114c       ??_C@_04LKAH@Peru?$AA@     1002c14c     LIBCMTD:getqloc.obj
 0002:00001154       ??_C@_08NEEM@Colombia?$AA@ 1002c154     LIBCMTD:getqloc.obj
 0002:00001160       ??_C@_09ODEB@Venezuela?$AA@ 1002c160     LIBCMTD:getqloc.obj
 0002:0000116c       ??_C@_0BD@CLEL@Dominican?5Republic?$AA@ 1002c16c     LIBCMTD:getqloc.obj
 0002:00001180       ??_C@_0N@MDGL@South?5Africa?$AA@ 1002c180     LIBCMTD:getqloc.obj
 0002:00001190       ??_C@_06NKBG@Panama?$AA@   1002c190     LIBCMTD:getqloc.obj
 0002:00001198       ??_C@_0L@BMHO@Luxembourg?$AA@ 1002c198     LIBCMTD:getqloc.obj
 0002:000011a4       ??_C@_0L@IMDK@Costa?5Rica?$AA@ 1002c1a4     LIBCMTD:getqloc.obj
 0002:000011b0       ??_C@_0M@BLJF@Switzerland?$AA@ 1002c1b0     LIBCMTD:getqloc.obj
 0002:000011bc       ??_C@_09KBOL@Guatemala?$AA@ 1002c1bc     LIBCMTD:getqloc.obj
 0002:000011c8       ??_C@_06JNAK@Canada?$AA@   1002c1c8     LIBCMTD:getqloc.obj
 0002:000011d0       ??_C@_0BG@OLLP@Spanish?5?9?5Modern?5Sort?$AA@ 1002c1d0     LIBCMTD:getqloc.obj
 0002:000011e8       ??_C@_09IDKE@Australia?$AA@ 1002c1e8     LIBCMTD:getqloc.obj
 0002:000011f4       ??_C@_07JJJJ@English?$AA@  1002c1f4     LIBCMTD:getqloc.obj
 0002:000011fc       ??_C@_07NMDO@Austria?$AA@  1002c1fc     LIBCMTD:getqloc.obj
 0002:00001204       ??_C@_06DEFE@German?$AA@   1002c204     LIBCMTD:getqloc.obj
 0002:0000120c       ??_C@_07JAIH@Belgium?$AA@  1002c20c     LIBCMTD:getqloc.obj
 0002:00001214       ??_C@_06BNLJ@Mexico?$AA@   1002c214     LIBCMTD:getqloc.obj
 0002:0000121c       ??_C@_07JHAG@Spanish?$AA@  1002c21c     LIBCMTD:getqloc.obj
 0002:00001224       ??_C@_06DADE@Basque?$AA@   1002c224     LIBCMTD:getqloc.obj
 0002:0000122c       ??_C@_06ENFP@Sweden?$AA@   1002c22c     LIBCMTD:getqloc.obj
 0002:00001234       ??_C@_07JPMH@Swedish?$AA@  1002c234     LIBCMTD:getqloc.obj
 0002:0000123c       ??_C@_07IEKF@Iceland?$AA@  1002c23c     LIBCMTD:getqloc.obj
 0002:00001244       ??_C@_09KNEA@Icelandic?$AA@ 1002c244     LIBCMTD:getqloc.obj
 0002:00001250       ??_C@_06IJOD@France?$AA@   1002c250     LIBCMTD:getqloc.obj
 0002:00001258       ??_C@_06EINI@French?$AA@   1002c258     LIBCMTD:getqloc.obj
 0002:00001260       ??_C@_07FOOE@Finland?$AA@  1002c260     LIBCMTD:getqloc.obj
 0002:00001268       ??_C@_07OJOM@Finnish?$AA@  1002c268     LIBCMTD:getqloc.obj
 0002:00001270       ??_C@_05FFAC@Spain?$AA@    1002c270     LIBCMTD:getqloc.obj
 0002:00001278       ??_C@_0BL@BIHM@Spanish?5?9?5Traditional?5Sort?$AA@ 1002c278     LIBCMTD:getqloc.obj
 0002:00001294       ??_C@_0O@GLHB@united?9states?$AA@ 1002c294     LIBCMTD:getqloc.obj
 0002:000012a4       ??_C@_0P@IIKK@united?9kingdom?$AA@ 1002c2a4     LIBCMTD:getqloc.obj
 0002:000012b4       ??_C@_0BC@FHBO@trinidad?5?$CG?5tobago?$AA@ 1002c2b4     LIBCMTD:getqloc.obj
 0002:000012c8       ??_C@_0M@BDFM@south?9korea?$AA@ 1002c2c8     LIBCMTD:getqloc.obj
 0002:000012d4       ??_C@_0N@CKFA@south?9africa?$AA@ 1002c2d4     LIBCMTD:getqloc.obj
 0002:000012e4       ??_C@_0M@HNHN@south?5korea?$AA@ 1002c2e4     LIBCMTD:getqloc.obj
 0002:000012f0       ??_C@_0N@MKDO@south?5africa?$AA@ 1002c2f0     LIBCMTD:getqloc.obj
 0002:00001300       ??_C@_06KFFJ@slovak?$AA@   1002c300     LIBCMTD:getqloc.obj
 0002:00001308       ??_C@_0M@NMAC@puerto?9rico?$AA@ 1002c308     LIBCMTD:getqloc.obj
 0002:00001314       ??_C@_08EJOH@pr?9china?$AA@ 1002c314     LIBCMTD:getqloc.obj
 0002:00001320       ??_C@_08CHMG@pr?5china?$AA@ 1002c320     LIBCMTD:getqloc.obj
 0002:0000132c       ??_C@_02OCJK@nz?$AA@       1002c32c     LIBCMTD:getqloc.obj
 0002:00001330       ??_C@_0M@MMKA@new?9zealand?$AA@ 1002c330     LIBCMTD:getqloc.obj
 0002:0000133c       ??_C@_09MGEH@hong?9kong?$AA@ 1002c33c     LIBCMTD:getqloc.obj
 0002:00001348       ??_C@_07CCAK@holland?$AA@  1002c348     LIBCMTD:getqloc.obj
 0002:00001350       ??_C@_0O@MEPL@great?5britain?$AA@ 1002c350     LIBCMTD:getqloc.obj
 0002:00001360       ??_C@_07LGIB@england?$AA@  1002c360     LIBCMTD:getqloc.obj
 0002:00001368       ??_C@_05BMOA@czech?$AA@    1002c368     LIBCMTD:getqloc.obj
 0002:00001370       ??_C@_05NMPB@china?$AA@    1002c370     LIBCMTD:getqloc.obj
 0002:00001378       ??_C@_07GN@britain?$AA@    1002c378     LIBCMTD:getqloc.obj
 0002:00001380       ??_C@_07DLAK@america?$AA@  1002c380     LIBCMTD:getqloc.obj
 0002:00001388       ??_C@_03IPEP@usa?$AA@      1002c388     LIBCMTD:getqloc.obj
 0002:0000138c       ??_C@_02PILH@us?$AA@       1002c38c     LIBCMTD:getqloc.obj
 0002:00001390       ??_C@_02FHP@uk?$AA@        1002c390     LIBCMTD:getqloc.obj
 0002:00001394       ??_C@_05DEAI@swiss?$AA@    1002c394     LIBCMTD:getqloc.obj
 0002:0000139c       ??_C@_0BA@LIAF@swedish?9finland?$AA@ 1002c39c     LIBCMTD:getqloc.obj
 0002:000013ac       ??_C@_0BC@FMEG@spanish?9venezuela?$AA@ 1002c3ac     LIBCMTD:getqloc.obj
 0002:000013c0       ??_C@_0BA@BNMG@spanish?9uruguay?$AA@ 1002c3c0     LIBCMTD:getqloc.obj
 0002:000013d0       ??_C@_0BE@BKDJ@spanish?9puerto?5rico?$AA@ 1002c3d0     LIBCMTD:getqloc.obj
 0002:000013e4       ??_C@_0N@JIBL@spanish?9peru?$AA@ 1002c3e4     LIBCMTD:getqloc.obj
 0002:000013f4       ??_C@_0BB@OGOF@spanish?9paraguay?$AA@ 1002c3f4     LIBCMTD:getqloc.obj
 0002:00001408       ??_C@_0P@LLFA@spanish?9panama?$AA@ 1002c408     LIBCMTD:getqloc.obj
 0002:00001418       ??_C@_0BC@BBJM@spanish?9nicaragua?$AA@ 1002c418     LIBCMTD:getqloc.obj
 0002:0000142c       ??_C@_0P@NJBN@spanish?9modern?$AA@ 1002c42c     LIBCMTD:getqloc.obj
 0002:0000143c       ??_C@_0BA@NHDN@spanish?9mexican?$AA@ 1002c43c     LIBCMTD:getqloc.obj
 0002:0000144c       ??_C@_0BB@JHOJ@spanish?9honduras?$AA@ 1002c44c     LIBCMTD:getqloc.obj
 0002:00001460       ??_C@_0BC@BOOM@spanish?9guatemala?$AA@ 1002c460     LIBCMTD:getqloc.obj
 0002:00001474       ??_C@_0BE@EELI@spanish?9el?5salvador?$AA@ 1002c474     LIBCMTD:getqloc.obj
 0002:00001488       ??_C@_0BA@POAE@spanish?9ecuador?$AA@ 1002c488     LIBCMTD:getqloc.obj
 0002:00001498       ??_C@_0BL@LDKN@spanish?9dominican?5republic?$AA@ 1002c498     LIBCMTD:getqloc.obj
 0002:000014b4       ??_C@_0BD@HPMH@spanish?9costa?5rica?$AA@ 1002c4b4     LIBCMTD:getqloc.obj
 0002:000014c8       ??_C@_0BB@NDDK@spanish?9colombia?$AA@ 1002c4c8     LIBCMTD:getqloc.obj
 0002:000014dc       ??_C@_0O@BJHA@spanish?9chile?$AA@ 1002c4dc     LIBCMTD:getqloc.obj
 0002:000014ec       ??_C@_0BA@OBNG@spanish?9bolivia?$AA@ 1002c4ec     LIBCMTD:getqloc.obj
 0002:000014fc       ??_C@_0BC@EFAM@spanish?9argentina?$AA@ 1002c4fc     LIBCMTD:getqloc.obj
 0002:00001510       ??_C@_0BF@KMMM@portuguese?9brazilian?$AA@ 1002c510     LIBCMTD:getqloc.obj
 0002:00001528       ??_C@_0BC@BAAE@norwegian?9nynorsk?$AA@ 1002c528     LIBCMTD:getqloc.obj
 0002:0000153c       ??_C@_0BB@PBHK@norwegian?9bokmal?$AA@ 1002c53c     LIBCMTD:getqloc.obj
 0002:00001550       ??_C@_09EHKL@norwegian?$AA@ 1002c550     LIBCMTD:getqloc.obj
 0002:0000155c       ??_C@_0O@BEAN@italian?9swiss?$AA@ 1002c55c     LIBCMTD:getqloc.obj
 0002:0000156c       ??_C@_0O@OIFK@irish?9english?$AA@ 1002c56c     LIBCMTD:getqloc.obj
 0002:0000157c       ??_C@_0N@NBPL@german?9swiss?$AA@ 1002c57c     LIBCMTD:getqloc.obj
 0002:0000158c       ??_C@_0BC@ICFJ@german?9luxembourg?$AA@ 1002c58c     LIBCMTD:getqloc.obj
 0002:000015a0       ??_C@_0BE@GGPC@german?9lichtenstein?$AA@ 1002c5a0     LIBCMTD:getqloc.obj
 0002:000015b4       ??_C@_0BA@MKDC@german?9austrian?$AA@ 1002c5b4     LIBCMTD:getqloc.obj
 0002:000015c4       ??_C@_0N@ODNB@french?9swiss?$AA@ 1002c5c4     LIBCMTD:getqloc.obj
 0002:000015d4       ??_C@_0BC@MGCM@french?9luxembourg?$AA@ 1002c5d4     LIBCMTD:getqloc.obj
 0002:000015e8       ??_C@_0BA@NABK@french?9canadian?$AA@ 1002c5e8     LIBCMTD:getqloc.obj
 0002:000015f8       ??_C@_0P@CJNO@french?9belgian?$AA@ 1002c5f8     LIBCMTD:getqloc.obj
 0002:00001608       ??_C@_0M@LJOL@english?9usa?$AA@ 1002c608     LIBCMTD:getqloc.obj
 0002:00001614       ??_C@_0L@FMNC@english?9us?$AA@ 1002c614     LIBCMTD:getqloc.obj
 0002:00001620       ??_C@_0L@KBBK@english?9uk?$AA@ 1002c620     LIBCMTD:getqloc.obj
 0002:0000162c       ??_C@_0BK@NDDE@english?9trinidad?5y?5tobago?$AA@ 1002c62c     LIBCMTD:getqloc.obj
 0002:00001648       ??_C@_0BF@LKML@english?9south?5africa?$AA@ 1002c648     LIBCMTD:getqloc.obj
 0002:00001660       ??_C@_0L@EGPP@english?9nz?$AA@ 1002c660     LIBCMTD:getqloc.obj
 0002:0000166c       ??_C@_0BA@HLH@english?9jamaica?$AA@ 1002c66c     LIBCMTD:getqloc.obj
 0002:0000167c       ??_C@_0M@PMJI@english?9ire?$AA@ 1002c67c     LIBCMTD:getqloc.obj
 0002:00001688       ??_C@_0BC@HINE@english?9caribbean?$AA@ 1002c688     LIBCMTD:getqloc.obj
 0002:0000169c       ??_C@_0M@DCFH@english?9can?$AA@ 1002c69c     LIBCMTD:getqloc.obj
 0002:000016a8       ??_C@_0P@DGHK@english?9belize?$AA@ 1002c6a8     LIBCMTD:getqloc.obj
 0002:000016b8       ??_C@_0M@FLHK@english?9aus?$AA@ 1002c6b8     LIBCMTD:getqloc.obj
 0002:000016c4       ??_C@_0BB@HNCK@english?9american?$AA@ 1002c6c4     LIBCMTD:getqloc.obj
 0002:000016d8       ??_C@_0O@PAMI@dutch?9belgian?$AA@ 1002c6d8     LIBCMTD:getqloc.obj
 0002:000016e8       ??_C@_0BE@FPEJ@chinese?9traditional?$AA@ 1002c6e8     LIBCMTD:getqloc.obj
 0002:000016fc       ??_C@_0BC@CHFL@chinese?9singapore?$AA@ 1002c6fc     LIBCMTD:getqloc.obj
 0002:00001710       ??_C@_0BD@DCMH@chinese?9simplified?$AA@ 1002c710     LIBCMTD:getqloc.obj
 0002:00001724       ??_C@_0BB@JMOE@chinese?9hongkong?$AA@ 1002c724     LIBCMTD:getqloc.obj
 0002:00001738       ??_C@_07NGFN@chinese?$AA@  1002c738     LIBCMTD:getqloc.obj
 0002:00001740       ??_C@_03PCOI@chi?$AA@      1002c740     LIBCMTD:getqloc.obj
 0002:00001744       ??_C@_03FIHP@chh?$AA@      1002c744     LIBCMTD:getqloc.obj
 0002:00001748       ??_C@_08HFLO@canadian?$AA@ 1002c748     LIBCMTD:getqloc.obj
 0002:00001754       ??_C@_07INIJ@belgian?$AA@  1002c754     LIBCMTD:getqloc.obj
 0002:0000175c       ??_C@_0L@LCCA@australian?$AA@ 1002c75c     LIBCMTD:getqloc.obj
 0002:00001768       ??_C@_0BB@BJIO@american?9english?$AA@ 1002c768     LIBCMTD:getqloc.obj
 0002:0000177c       ??_C@_0BB@DAGO@american?5english?$AA@ 1002c77c     LIBCMTD:getqloc.obj
 0002:00001790       ??_C@_08HENB@american?$AA@ 1002c790     LIBCMTD:getqloc.obj
 0002:0000179c       ??_C@_03DGJE@OCP?$AA@      1002c79c     LIBCMTD:getqloc.obj
 0002:000017a0       ??_C@_03EKFG@ACP?$AA@      1002c7a0     LIBCMTD:getqloc.obj
 0002:000017a4       ??_C@_08PHBD@fclose?4c?$AA@ 1002c7a4     LIBCMTD:fclose.obj
 0002:000017b0       ??_C@_0P@FHEA@stream?5?$CB?$DN?5NULL?$AA@ 1002c7b0     LIBCMTD:fclose.obj
 0002:000017c0       ??_C@_07CJME@H?3mm?3ss?$AA@ 1002c7c0     LIBCMTD:strftime.obj
 0002:000017c8       ??_C@_0BE@MHI@dddd?0?5MMMM?5dd?0?5yyyy?$AA@ 1002c7c8     LIBCMTD:strftime.obj
 0002:000017dc       ??_C@_06HCAD@M?1d?1yy?$AA@ 1002c7dc     LIBCMTD:strftime.obj
 0002:000017e4       ??_C@_02DBLP@PM?$AA@       1002c7e4     LIBCMTD:strftime.obj
 0002:000017e8       ??_C@_02ENLM@AM?$AA@       1002c7e8     LIBCMTD:strftime.obj
 0002:000017ec       ??_C@_08LIDF@December?$AA@ 1002c7ec     LIBCMTD:strftime.obj
 0002:000017f8       ??_C@_08NJLI@November?$AA@ 1002c7f8     LIBCMTD:strftime.obj
 0002:00001804       ??_C@_07IAMM@October?$AA@  1002c804     LIBCMTD:strftime.obj
 0002:0000180c       ??_C@_09MKGD@September?$AA@ 1002c80c     LIBCMTD:strftime.obj
 0002:00001818       ??_C@_06PADP@August?$AA@   1002c818     LIBCMTD:strftime.obj
 0002:00001820       ??_C@_04PIJO@July?$AA@     1002c820     LIBCMTD:strftime.obj
 0002:00001828       ??_C@_04ICFP@June?$AA@     1002c828     LIBCMTD:strftime.obj
 0002:00001830       ??_C@_05JFGC@April?$AA@    1002c830     LIBCMTD:strftime.obj
 0002:00001838       ??_C@_05FGPD@March?$AA@    1002c838     LIBCMTD:strftime.obj
 0002:00001840       ??_C@_08PGBA@February?$AA@ 1002c840     LIBCMTD:strftime.obj
 0002:0000184c       ??_C@_07BPKJ@January?$AA@  1002c84c     LIBCMTD:strftime.obj
 0002:00001854       ??_C@_03PGJO@Dec?$AA@      1002c854     LIBCMTD:strftime.obj
 0002:00001858       ??_C@_03PDLM@Nov?$AA@      1002c858     LIBCMTD:strftime.obj
 0002:0000185c       ??_C@_03BLHK@Oct?$AA@      1002c85c     LIBCMTD:strftime.obj
 0002:00001860       ??_C@_03DPFM@Sep?$AA@      1002c860     LIBCMTD:strftime.obj
 0002:00001864       ??_C@_03CMCH@Aug?$AA@      1002c864     LIBCMTD:strftime.obj
 0002:00001868       ??_C@_03OBKI@Jul?$AA@      1002c868     LIBCMTD:strftime.obj
 0002:0000186c       ??_C@_03LEIG@Jun?$AA@      1002c86c     LIBCMTD:strftime.obj
 0002:00001870       ??_C@_03MGHB@May?$AA@      1002c870     LIBCMTD:strftime.obj
 0002:00001874       ??_C@_03MJJM@Apr?$AA@      1002c874     LIBCMTD:strftime.obj
 0002:00001878       ??_C@_03GNHA@Mar?$AA@      1002c878     LIBCMTD:strftime.obj
 0002:0000187c       ??_C@_03PICE@Feb?$AA@      1002c87c     LIBCMTD:strftime.obj
 0002:00001880       ??_C@_03IEIF@Jan?$AA@      1002c880     LIBCMTD:strftime.obj
 0002:00001884       ??_C@_08FAKH@Saturday?$AA@ 1002c884     LIBCMTD:strftime.obj
 0002:00001890       ??_C@_06ONCK@Friday?$AA@   1002c890     LIBCMTD:strftime.obj
 0002:00001898       ??_C@_08CCFO@Thursday?$AA@ 1002c898     LIBCMTD:strftime.obj
 0002:000018a4       ??_C@_09PBIN@Wednesday?$AA@ 1002c8a4     LIBCMTD:strftime.obj
 0002:000018b0       ??_C@_07BMBC@Tuesday?$AA@  1002c8b0     LIBCMTD:strftime.obj
 0002:000018b8       ??_C@_06CHLK@Monday?$AA@   1002c8b8     LIBCMTD:strftime.obj
 0002:000018c0       ??_C@_06OOEM@Sunday?$AA@   1002c8c0     LIBCMTD:strftime.obj
 0002:000018c8       ??_C@_03MPKK@Sat?$AA@      1002c8c8     LIBCMTD:strftime.obj
 0002:000018cc       ??_C@_03FINJ@Fri?$AA@      1002c8cc     LIBCMTD:strftime.obj
 0002:000018d0       ??_C@_03HIKC@Thu?$AA@      1002c8d0     LIBCMTD:strftime.obj
 0002:000018d4       ??_C@_03HECK@Wed?$AA@      1002c8d4     LIBCMTD:strftime.obj
 0002:000018d8       ??_C@_03ECCP@Tue?$AA@      1002c8d8     LIBCMTD:strftime.obj
 0002:000018dc       ??_C@_03PIEP@Mon?$AA@      1002c8dc     LIBCMTD:strftime.obj
 0002:000018e0       ??_C@_03FHEP@Sun?$AA@      1002c8e0     LIBCMTD:strftime.obj
 0002:000018e4       ??_C@_03MKGK@a?1p?$AA@     1002c8e4     LIBCMTD:strftime.obj
 0002:000018e8       ??_C@_05BDJK@am?1pm?$AA@   1002c8e8     LIBCMTD:strftime.obj
 0002:000018f0       ??_C@_0L@HKCB@inithelp?4c?$AA@ 1002c8f0     LIBCMTD:inithelp.obj
 0002:00001918       ??_C@_0L@JIE@_freebuf?4c?$AA@ 1002c918     LIBCMTD:_freebuf.obj
 0002:00001924       ___dnames                  1002c924     LIBCMTD:timeset.obj
 0002:0000193c       ___mnames                  1002c93c     LIBCMTD:timeset.obj
 0002:00001964       ??_C@_07DEKI@tzset?4c?$AA@ 1002c964     LIBCMTD:tzset.obj
 0002:0000196c       ??_C@_02JHIA@TZ?$AA@       1002c96c     LIBCMTD:tzset.obj
 0002:0000198c       ??_C@_0L@EJNO@wtombenv?4c?$AA@ 1002c98c     LIBCMTD:wtombenv.obj
 0002:00001998       ??_C@_07FOIK@a_cmp?4c?$AA@ 1002c998     LIBCMTD:a_cmp.obj
 0002:000019a0       ??_C@_0DN@PPKB@cchCount1?$DN?$DN0?5?$CG?$CG?5cchCount2?$DN?$DN1?5?$HM?$HM?5@ 1002c9a0     LIBCMTD:a_cmp.obj
 0002:000019f8       ??_C@_08FEIK@setenv?4c?$AA@ 1002c9f8     LIBCMTD:setenv.obj
 0003:00000000       ___xc_a                    1002e000     LIBCMTD:crt0init.obj
 0003:00000104       ___xc_z                    1002e104     LIBCMTD:crt0init.obj
 0003:00000208       ___xi_a                    1002e208     LIBCMTD:crt0init.obj
 0003:00000418       ___xi_z                    1002e418     LIBCMTD:crt0init.obj
 0003:0000051c       ___xp_a                    1002e51c     LIBCMTD:crt0init.obj
 0003:00000724       ___xp_z                    1002e724     LIBCMTD:crt0init.obj
 0003:00000828       ___xt_a                    1002e828     LIBCMTD:crt0init.obj
 0003:0000092c       ___xt_z                    1002e92c     LIBCMTD:crt0init.obj
 0003:00000a30       __aexit_rtn                1002ea30     LIBCMTD:dllcrt0.obj
 0003:00000a34       __locktable                1002ea34     LIBCMTD:mlock.obj
 0003:00000af4       __crtDbgFlag               1002eaf4     LIBCMTD:dbgheap.obj
 0003:00000afc       __crtBreakAlloc            1002eafc     LIBCMTD:dbgheap.obj
 0003:00000b18       __crtAssertBusy            1002eb18     LIBCMTD:dbgrpt.obj
 0003:00000b1c       __CrtDbgMode               1002eb1c     LIBCMTD:dbgrpt.obj
 0003:00000b28       __CrtDbgFile               1002eb28     LIBCMTD:dbgrpt.obj
 0003:00000b40       ___tlsindex                1002eb40     LIBCMTD:tidtable.obj
 0003:00000b48       ___badioinfo               1002eb48     LIBCMTD:ioinit.obj
 0003:00000b6c       __amblksiz                 1002eb6c     LIBCMTD:heapinit.obj
 0003:00000c00       __NLG_Destination          1002ec00     LIBCMTD:exsup.obj
 0003:00000c10       __pfnAllocHook             1002ec10     LIBCMTD:dbghook.obj
 0003:00000c18       ___old_small_block_heap    1002ec18     LIBCMTD:sbheap.obj
 0003:00002c3c       ___old_sbh_threshold       10030c3c     LIBCMTD:sbheap.obj
 0003:00002c40       __pctype                   10030c40     LIBCMTD:ctype.obj
 0003:00002c44       __pwctype                  10030c44     LIBCMTD:ctype.obj
 0003:00002c48       __ctype                    10030c48     LIBCMTD:ctype.obj
 0003:00002e4c       ___mb_cur_max              10030e4c     LIBCMTD:nlsdata1.obj
 0003:00002e50       ___decimal_point           10030e50     LIBCMTD:nlsdata1.obj
 0003:00002e54       ___decimal_point_length    10030e54     LIBCMTD:nlsdata1.obj
 0003:00002e60       __XcptActTab               10030e60     LIBCMTD:winxfltr.obj
 0003:00002ed8       __First_FPE_Indx           10030ed8     LIBCMTD:winxfltr.obj
 0003:00002edc       __Num_FPE                  10030edc     LIBCMTD:winxfltr.obj
 0003:00002ee0       __XcptActTabSize           10030ee0     LIBCMTD:winxfltr.obj
 0003:00002ee4       __XcptActTabCount          10030ee4     LIBCMTD:winxfltr.obj
 0003:00003150       ___nullstring              10031150     LIBCMTD:output.obj
 0003:00003154       ___wnullstring             10031154     LIBCMTD:output.obj
 0003:00003160       __iob                      10031160     LIBCMTD:_file.obj
 0003:000033e0       __cfltcvt_tab              100313e0     LIBCMTD:cmiscdat.obj
 0003:00003508       ___lc_category             10031508     LIBCMTD:setlocal.obj
 0003:00003550       ___rgLocInfo               10031550     LIBCMTD:getqloc.obj
 0003:000039f4       ___rglangidNotDefault      100319f4     LIBCMTD:getqloc.obj
 0003:00003a08       ___rg_country              10031a08     LIBCMTD:getqloc.obj
 0003:00003ac0       ___rg_language             10031ac0     LIBCMTD:getqloc.obj
 0003:00003cc8       ___lc_time_curr            10031cc8     LIBCMTD:strftime.obj
 0003:00003cd0       ___lc_time_c               10031cd0     LIBCMTD:strftime.obj
 0003:00003d80       ___lconv_static_decimal    10031d80     LIBCMTD:lconv.obj
 0003:00003d88       ___lconv_c                 10031d88     LIBCMTD:lconv.obj
 0003:00003db8       ___lconv                   10031db8     LIBCMTD:lconv.obj
 0003:00003dc0       __timezone                 10031dc0     LIBCMTD:timeset.obj
 0003:00003dc4       __daylight                 10031dc4     LIBCMTD:timeset.obj
 0003:00003dc8       __dstbias                  10031dc8     LIBCMTD:timeset.obj
 0003:00003e4c       __tzname                   10031e4c     LIBCMTD:timeset.obj
 0003:00003e80       __lpdays                   10031e80     LIBCMTD:days.obj
 0003:00003eb4       __days                     10031eb4     LIBCMTD:days.obj
 0003:00004a7c       __aenvptr                  10032a7c     LIBCMTD:dllcrt0.obj
 0003:00004a80       __wenvptr                  10032a80     LIBCMTD:dllcrt0.obj
 0003:00004a84       ___error_mode              10032a84     LIBCMTD:dllcrt0.obj
 0003:00004a88       ___app_type                10032a88     LIBCMTD:dllcrt0.obj
 0003:00004b08       __umaskval                 10032b08     LIBCMTD:crt0dat.obj
 0003:00004b0c       __osver                    10032b0c     LIBCMTD:crt0dat.obj
 0003:00004b10       __winver                   10032b10     LIBCMTD:crt0dat.obj
 0003:00004b14       __winmajor                 10032b14     LIBCMTD:crt0dat.obj
 0003:00004b18       __winminor                 10032b18     LIBCMTD:crt0dat.obj
 0003:00004b1c       ___argc                    10032b1c     LIBCMTD:crt0dat.obj
 0003:00004b20       ___argv                    10032b20     LIBCMTD:crt0dat.obj
 0003:00004b24       ___wargv                   10032b24     LIBCMTD:crt0dat.obj
 0003:00004b28       __environ                  10032b28     LIBCMTD:crt0dat.obj
 0003:00004b2c       ___initenv                 10032b2c     LIBCMTD:crt0dat.obj
 0003:00004b30       __wenviron                 10032b30     LIBCMTD:crt0dat.obj
 0003:00004b34       ___winitenv                10032b34     LIBCMTD:crt0dat.obj
 0003:00004b38       __pgmptr                   10032b38     LIBCMTD:crt0dat.obj
 0003:00004b3c       __wpgmptr                  10032b3c     LIBCMTD:crt0dat.obj
 0003:00004b40       __exitflag                 10032b40     LIBCMTD:crt0dat.obj
 0003:00004b44       __C_Termination_Done       10032b44     LIBCMTD:crt0dat.obj
 0003:00004b48       __C_Exit_Done              10032b48     LIBCMTD:crt0dat.obj
 0003:00004c58       __adbgmsg                  10032c58     LIBCMTD:crt0msg.obj
 0003:00004c5c       __newmode                  10032c5c     LIBCMTD:_newmode.obj
 0003:00004c60       ?_pnhHeap@@3P6AHI@ZA       10032c60     LIBCMTD:handler.obj
 0003:00004c90       ___lc_handle               10032c90     LIBCMTD:nlsdata2.obj
 0003:00004ca8       ___lc_codepage             10032ca8     LIBCMTD:nlsdata2.obj
 0003:00004cac       ___lc_collate_cp           10032cac     LIBCMTD:nlsdata2.obj
 0003:00004cb4       __cflush                   10032cb4     LIBCMTD:_file.obj
 0003:00004cc4       ___lc_time_intl            10032cc4     LIBCMTD:inittime.obj
 0003:00004ce0       ___lc_id                   10032ce0     LIBCMTD:nlsdata3.obj
 0003:00004d30       ___lconv_static_null       10032d30     LIBCMTD:lconv.obj
 0003:00004e00       ___alternate_form          10032e00     <common>
 0003:00004e10       ___no_lead_zeros           10032e10     <common>
 0003:00004e14       ___setlc_active            10032e14     <common>
 0003:00004e24       ___unguarded_readlc_active 10032e24     <common>
 0003:00004e28       ___piob                    10032e28     <common>
 0003:00005180       __bufin                    10033180     <common>
 0003:00006180       __nstream                  10034180     <common>
 0003:00006184       ___mbcodepage              10034184     <common>
 0003:00006200       ___mbulinfo                10034200     <common>
 0003:0000620c       ___ismbcodepage            1003420c     <common>
 0003:00006220       __mbcasemap                10034220     <common>
 0003:00006320       __mbctype                  10034320     <common>
 0003:00006424       ___mblcid                  10034424     <common>
 0003:00006428       ___sbh_sizeHeaderList      10034428     <common>
 0003:0000643c       ___sbh_indGroupDefer       1003443c     <common>
 0003:00006440       ___sbh_pHeaderScan         10034440     <common>
 0003:00006444       ___sbh_initialized         10034444     <common>
 0003:00006448       ___sbh_pHeaderDefer        10034448     <common>
 0003:0000644c       ___sbh_cntHeaderList       1003444c     <common>
 0003:00006450       ___sbh_pHeaderList         10034450     <common>
 0003:00006454       ___sbh_threshold           10034454     <common>
 0003:00006458       __crtheap                  10034458     <common>
 0003:00006468       ___active_heap             10034468     <common>
 0003:00006480       ___pioinfo                 10034480     <common>
 0003:000065bc       __nhandle                  100345bc     <common>
 0003:000065c0       ___env_initialized         100345c0     <common>
 0003:000065d0       ___mbctype_initialized     100345d0     <common>
 0003:000065d4       ___onexitend               100345d4     <common>
 0003:000065d8       ___onexitbegin             100345d8     <common>
 0003:000065dc       __FPinit                   100345dc     <common>
 0003:000065e0       __pfnReportHook            100345e0     <common>
 0003:000065ec       __pfnDumpClient            100345ec     <common>
 0003:000065f8       __acmdln                   100345f8     <common>
 0003:00006608       __pRawDllMain              10034608     <common>
 0004:00000000       __IMPORT_DESCRIPTOR_KERNEL32 10035000     kernel32:KERNEL32.dll
 0004:00000014       __NULL_IMPORT_DESCRIPTOR   10035014     kernel32:KERNEL32.dll
 0004:000001b4       __imp__GetCommandLineA@0   100351b4     kernel32:KERNEL32.dll
 0004:000001b8       __imp__GetVersion@0        100351b8     kernel32:KERNEL32.dll
 0004:000001bc       __imp__InitializeCriticalSection@4 100351bc     kernel32:KERNEL32.dll
 0004:000001c0       __imp__DeleteCriticalSection@4 100351c0     kernel32:KERNEL32.dll
 0004:000001c4       __imp__EnterCriticalSection@4 100351c4     kernel32:KERNEL32.dll
 0004:000001c8       __imp__LeaveCriticalSection@4 100351c8     kernel32:KERNEL32.dll
 0004:000001cc       __imp__ExitProcess@4       100351cc     kernel32:KERNEL32.dll
 0004:000001d0       __imp__FatalAppExitA@8     100351d0     kernel32:KERNEL32.dll
 0004:000001d4       __imp__IsBadWritePtr@8     100351d4     kernel32:KERNEL32.dll
 0004:000001d8       __imp__IsBadReadPtr@8      100351d8     kernel32:KERNEL32.dll
 0004:000001dc       __imp__HeapValidate@12     100351dc     kernel32:KERNEL32.dll
 0004:000001e0       __imp__DebugBreak@0        100351e0     kernel32:KERNEL32.dll
 0004:000001e4       __imp__GetStdHandle@4      100351e4     kernel32:KERNEL32.dll
 0004:000001e8       __imp__WriteFile@20        100351e8     kernel32:KERNEL32.dll
 0004:000001ec       __imp__InterlockedDecrement@4 100351ec     kernel32:KERNEL32.dll
 0004:000001f0       __imp__OutputDebugStringA@4 100351f0     kernel32:KERNEL32.dll
 0004:000001f4       __imp__GetProcAddress@8    100351f4     kernel32:KERNEL32.dll
 0004:000001f8       __imp__LoadLibraryA@4      100351f8     kernel32:KERNEL32.dll
 0004:000001fc       __imp__InterlockedIncrement@4 100351fc     kernel32:KERNEL32.dll
 0004:00000200       __imp__GetModuleFileNameA@12 10035200     kernel32:KERNEL32.dll
 0004:00000204       __imp__TerminateProcess@8  10035204     kernel32:KERNEL32.dll
 0004:00000208       __imp__GetCurrentProcess@0 10035208     kernel32:KERNEL32.dll
 0004:0000020c       __imp__GetCurrentThreadId@0 1003520c     kernel32:KERNEL32.dll
 0004:00000210       __imp__TlsSetValue@8       10035210     kernel32:KERNEL32.dll
 0004:00000214       __imp__TlsAlloc@0          10035214     kernel32:KERNEL32.dll
 0004:00000218       __imp__TlsFree@4           10035218     kernel32:KERNEL32.dll
 0004:0000021c       __imp__SetLastError@4      1003521c     kernel32:KERNEL32.dll
 0004:00000220       __imp__TlsGetValue@4       10035220     kernel32:KERNEL32.dll
 0004:00000224       __imp__GetLastError@0      10035224     kernel32:KERNEL32.dll
 0004:00000228       __imp__GetCurrentThread@0  10035228     kernel32:KERNEL32.dll
 0004:0000022c       __imp__SetHandleCount@4    1003522c     kernel32:KERNEL32.dll
 0004:00000230       __imp__GetFileType@4       10035230     kernel32:KERNEL32.dll
 0004:00000234       __imp__GetStartupInfoA@4   10035234     kernel32:KERNEL32.dll
 0004:00000238       __imp__FreeEnvironmentStringsA@4 10035238     kernel32:KERNEL32.dll
 0004:0000023c       __imp__FreeEnvironmentStringsW@4 1003523c     kernel32:KERNEL32.dll
 0004:00000240       __imp__WideCharToMultiByte@32 10035240     kernel32:KERNEL32.dll
 0004:00000244       __imp__GetEnvironmentStrings@0 10035244     kernel32:KERNEL32.dll
 0004:00000248       __imp__GetEnvironmentStringsW@0 10035248     kernel32:KERNEL32.dll
 0004:0000024c       __imp__GetModuleHandleA@4  1003524c     kernel32:KERNEL32.dll
 0004:00000250       __imp__GetEnvironmentVariableA@12 10035250     kernel32:KERNEL32.dll
 0004:00000254       __imp__GetVersionExA@4     10035254     kernel32:KERNEL32.dll
 0004:00000258       __imp__HeapDestroy@4       10035258     kernel32:KERNEL32.dll
 0004:0000025c       __imp__HeapCreate@12       1003525c     kernel32:KERNEL32.dll
 0004:00000260       __imp__HeapFree@12         10035260     kernel32:KERNEL32.dll
 0004:00000264       __imp__VirtualFree@12      10035264     kernel32:KERNEL32.dll
 0004:00000268       __imp__RtlUnwind@16        10035268     kernel32:KERNEL32.dll
 0004:0000026c       __imp__HeapAlloc@12        1003526c     kernel32:KERNEL32.dll
 0004:00000270       __imp__HeapReAlloc@16      10035270     kernel32:KERNEL32.dll
 0004:00000274       __imp__VirtualAlloc@16     10035274     kernel32:KERNEL32.dll
 0004:00000278       __imp__SetConsoleCtrlHandler@8 10035278     kernel32:KERNEL32.dll
 0004:0000027c       __imp__UnhandledExceptionFilter@4 1003527c     kernel32:KERNEL32.dll
 0004:00000280       __imp__GetCPInfo@8         10035280     kernel32:KERNEL32.dll
 0004:00000284       __imp__GetACP@0            10035284     kernel32:KERNEL32.dll
 0004:00000288       __imp__GetOEMCP@0          10035288     kernel32:KERNEL32.dll
 0004:0000028c       __imp__MultiByteToWideChar@24 1003528c     kernel32:KERNEL32.dll
 0004:00000290       __imp__GetStringTypeA@20   10035290     kernel32:KERNEL32.dll
 0004:00000294       __imp__GetStringTypeW@16   10035294     kernel32:KERNEL32.dll
 0004:00000298       __imp__LCMapStringA@24     10035298     kernel32:KERNEL32.dll
 0004:0000029c       __imp__LCMapStringW@24     1003529c     kernel32:KERNEL32.dll
 0004:000002a0       __imp__SetFilePointer@16   100352a0     kernel32:KERNEL32.dll
 0004:000002a4       __imp__Sleep@4             100352a4     kernel32:KERNEL32.dll
 0004:000002a8       __imp__SetStdHandle@8      100352a8     kernel32:KERNEL32.dll
 0004:000002ac       __imp__IsValidLocale@8     100352ac     kernel32:KERNEL32.dll
 0004:000002b0       __imp__IsValidCodePage@4   100352b0     kernel32:KERNEL32.dll
 0004:000002b4       __imp__GetLocaleInfoA@16   100352b4     kernel32:KERNEL32.dll
 0004:000002b8       __imp__EnumSystemLocalesA@8 100352b8     kernel32:KERNEL32.dll
 0004:000002bc       __imp__GetUserDefaultLCID@0 100352bc     kernel32:KERNEL32.dll
 0004:000002c0       __imp__FlushFileBuffers@4  100352c0     kernel32:KERNEL32.dll
 0004:000002c4       __imp__CloseHandle@4       100352c4     kernel32:KERNEL32.dll
 0004:000002c8       __imp__GetTimeZoneInformation@4 100352c8     kernel32:KERNEL32.dll
 0004:000002cc       __imp__GetLocaleInfoW@16   100352cc     kernel32:KERNEL32.dll
 0004:000002d0       __imp__CompareStringA@24   100352d0     kernel32:KERNEL32.dll
 0004:000002d4       __imp__CompareStringW@24   100352d4     kernel32:KERNEL32.dll
 0004:000002d8       __imp__SetEnvironmentVariableA@8 100352d8     kernel32:KERNEL32.dll
 0004:000002dc       \177KERNEL32_NULL_THUNK_DATA 100352dc     kernel32:KERNEL32.dll

 entry point at        0001:00000390

