 CDRip

 Timestamp is 3cfcdc70 (Tue Jun 04 17:27:44 2002)

 Preferred load address is 10000000

 Start         Length     Name                   Class
 0001:00000000 00018e84H .text                   CODE
 0001:00018e84 000003e5H .text$AFX_AUX           CODE
 0001:00019269 00000093H .text$AFX_COL1          CODE
 0001:000192fc 000002abH .text$AFX_COL2          CODE
 0001:000195a7 00003433H .text$AFX_CORE1         CODE
 0001:0001c9da 00000728H .text$AFX_CORE2         CODE
 0001:0001d102 0000024eH .text$AFX_CORE3         CODE
 0001:0001d350 00000010H .text$AFX_CORE4         CODE
 0001:0001d360 00000ff3H .text$AFX_INIT          CODE
 0001:0001e353 0000005aH .text$AFX_TERM          CODE
 0001:0001e3b0 000003c2H .text$x                 CODE
 0002:00000000 00000378H .idata$5                DATA
 0002:00000378 00001248H .rdata                  DATA
 0002:000015c0 00000804H .rdata$r                DATA
 0002:00001dc8 000008f0H .xdata$x                DATA
 0002:000026b8 00000064H .idata$2                DATA
 0002:0000271c 00000014H .idata$3                DATA
 0002:00002730 00000378H .idata$4                DATA
 0002:00002aa8 00000ebaH .idata$6                DATA
 0002:00003970 00000b93H .edata                  DATA
 0003:00000000 00000004H .CRT$XCA                DATA
 0003:00000004 00000028H .CRT$XCC                DATA
 0003:0000002c 0000000cH .CRT$XCL                DATA
 0003:00000038 0000002cH .CRT$XCU                DATA
 0003:00000064 00000004H .CRT$XCZ                DATA
 0003:00000068 00000004H .CRT$XIA                DATA
 0003:0000006c 0000000cH .CRT$XIC                DATA
 0003:00000078 00000004H .CRT$XIY                DATA
 0003:0000007c 00000004H .CRT$XIZ                DATA
 0003:00000080 00000004H .CRT$XPA                DATA
 0003:00000084 00000004H .CRT$XPX                DATA
 0003:00000088 00000004H .CRT$XPZ                DATA
 0003:0000008c 00000004H .CRT$XTA                DATA
 0003:00000090 00000004H .CRT$XTB                DATA
 0003:00000094 00000004H .CRT$XTZ                DATA
 0003:000000a0 0000460cH .data                   DATA
 0003:000046b0 00003e10H .bss                    DATA
 0004:00000000 00000058H .rsrc$01                DATA
 0004:00000060 00000348H .rsrc$02                DATA

  Address         Publics by Value              Rva+Base     Lib:Object

 0001:00000000       ?Swap@@YAPAXPAXH@Z         10001000 f   Aspi.obj
 0001:00000080       ?IsScsiError@@YAEPAUSRB_HEADER@@@Z 10001080 f   Aspi.obj
 0001:000000e0       ?InitAspiDll@@YAJAA_N@Z    100010e0 f   Aspi.obj
 0001:00000310       ?GetAspiError@@YAXHPAD@Z   10001310 f   Aspi.obj
 0001:000007f0       ??0CAspiCD@@QAE@XZ         100017f0 f   AspiCD.obj
 0001:00000890       ?GetDeviceType@CAspiCD@@QAEEEEE@Z 10001890 f   AspiCD.obj
 0001:000008f0       ?ReadSubChannel@CAspiCD@@QAEEEPAEHE@Z 100018f0 f   AspiCD.obj
 0001:000009b0       ?ReadSubChannelQ@CAspiCD@@QAEEEPAEH@Z 100019b0 f   AspiCD.obj
 0001:00000a60       ?IsAudioPlaying@CAspiCD@@QAEEXZ 10001a60 f   AspiCD.obj
 0001:00000a90       ?CurrentPosition@CAspiCD@@QAEEAAK0@Z 10001a90 f   AspiCD.obj
 0001:00000b60       ?GetSubChannelTrackInfo@CAspiCD@@QAEEAAH0AAK@Z 10001b60 f   AspiCD.obj
 0001:00000c00       ?Seek@CAspiCD@@QAEEK@Z     10001c00 f   AspiCD.obj
 0001:00000cf0       ?GetCDRomDevices@CAspiCD@@QAEXXZ 10001cf0 f   AspiCD.obj
 0001:00000dc0       ?InquiryCommand@CAspiCD@@QAEXEEE@Z 10001dc0 f   AspiCD.obj
 0001:00000e90       ?ModeSelect@CAspiCD@@QAEEHPAEHH@Z 10001e90 f   AspiCD.obj
 0001:00001040       ?SetSectorSize@CAspiCD@@QAEXKE@Z 10002040 f   AspiCD.obj
 0001:00001250       ?EnableCdda@CAspiCD@@QAEXH@Z 10002250 f   AspiCD.obj
 0001:00001310       ?SetCDSpeed@CAspiCD@@QAEXH@Z 10002310 f   AspiCD.obj
 0001:00001510       ?IsUnitReady@CAspiCD@@QAEHXZ 10002510 f   AspiCD.obj
 0001:00001540       ?PlayTrack@CAspiCD@@QAEHKK@Z 10002540 f   AspiCD.obj
 0001:00001650       ?StopPlayTrack@CAspiCD@@QAEHXZ 10002650 f   AspiCD.obj
 0001:000016f0       ?EjectCD@CAspiCD@@QAEHH@Z  100026f0 f   AspiCD.obj
 0001:00001780       ?PauseCD@CAspiCD@@QAEHH@Z  10002780 f   AspiCD.obj
 0001:00001810       ?IssueScsiCmd@CAspiCD@@QAEEEPAEH@Z 10002810 f   AspiCD.obj
 0001:000018b0       ?IssueScsiCmd@CAspiCD@@QAEEEPAEH0H@Z 100028b0 f   AspiCD.obj
 0001:00001950       ?ScsiAbort@CAspiCD@@QAEHPAUSRB_EXECSCSICMD@@E@Z 10002950 f   AspiCD.obj
 0001:000019c0       ?SetScsiTimeOut@CAspiCD@@QAEXH@Z 100029c0 f   AspiCD.obj
 0001:000019d0       ?GetScsiTimeOut@CAspiCD@@QAEHXZ 100029d0 f   AspiCD.obj
 0001:000019e0       ?IssueScsiCmd@CAspiCD@@QAEEEPAEH0HEEE@Z 100029e0 f   AspiCD.obj
 0001:00001ca0       ?PreventMediaRemoval@CAspiCD@@QAEXH@Z 10002ca0 f   AspiCD.obj
 0001:00001d90       ?ReadToc@CAspiCD@@QAEJXZ   10002d90 f   AspiCD.obj
 0001:00001f50       ?ReadCDText@CAspiCD@@QAEJPAEHPAH@Z 10002f50 f   AspiCD.obj
 0001:00002060       ?ReadThreadProc@@YAXPAX@Z  10003060 f   AspiCD.obj
 0001:00002150       ?ReadCdRomSector@CAspiCD@@QAEHPAEJKH@Z 10003150 f   AspiCD.obj
 0001:000026d0       ?GetStatus@CAspiCD@@QAEHXZ 100036d0 f   AspiCD.obj
 0001:00002790       ?ScanForC2Errors@CAspiCD@@QAEXJJAAHPAHH0@Z 10003790 f   AspiCD.obj
 0001:00002c40       ?SetDebugLevel@@YAXH@Z     10003c40 f   AspiDebug.obj
 0001:00002c50       ?DebugPrintf@@YAXPBDZZ     10003c50 f   AspiDebug.obj
 0001:00002d80       ??0CCDExtract@@QAE@XZ      10003d80 f   CDExtract.obj
 0001:00002e30       ??1CCDExtract@@QAE@XZ      10003e30 f   CDExtract.obj
 0001:00002ef0       ?SetupTrackExtract@CCDExtract@@QAEHHH@Z 10003ef0 f   CDExtract.obj
 0001:00003170       ?SetupTrackExtractParanoia@CCDExtract@@QAEHHH@Z 10004170 f   CDExtract.obj
 0001:000034c0       ?EndTrackExtract@CCDExtract@@QAEHXZ 100044c0 f   CDExtract.obj
 0001:000035b0       ?CorrectJitter@CCDExtract@@QAEKPAE0KAAH@Z 100045b0 f   CDExtract.obj
 0001:00003820       ?paranoiaCallback@CCDExtract@@SAXJH@Z 10004820 f   CDExtract.obj
 0001:00003890       ?RipChunkParanoia@CCDExtract@@QAEJPAEPAJAAH@Z 10004890 f   CDExtract.obj
 0001:00003b90       ?RipChunk@CCDExtract@@QAEJPAEPAJAAH@Z 10004b90 f   CDExtract.obj
 0001:000043e0       ?GetLastJitterErrorPosition@CCDExtract@@QAEXAAK0@Z 100053e0 f   CDExtract.obj
 0001:00004450       ?ReadChunk@CCDExtract@@QAEXJJHKAAHAAKPAE@Z 10005450 f   CDExtract.obj
 0001:000045d0       _cdda_read                 100055d0 f   CDExtract.obj
 0001:00004700       ?CR_GetCDRipVersion@@YGJXZ 10005700 f   CDRip.obj
 0001:00004710       ?CheckAspi@@YAJXZ          10005710 f   CDRip.obj
 0001:00004740       ?CR_Init@@YGJPBD@Z         10005740 f   CDRip.obj
 0001:00004ab0       ?CR_GetNumCDROM@@YGJXZ     10005ab0 f   CDRip.obj
 0001:00004b10       ?CR_SetActiveCDROM@@YGXJ@Z 10005b10 f   CDRip.obj
 0001:00004b50       ?CR_GetActiveCDROM@@YGJXZ  10005b50 f   CDRip.obj
 0001:00004b90       ?CR_SelectCDROMType@@YGJW4DRIVETYPE@@@Z 10005b90 f   CDRip.obj
 0001:00004bf0       ?CR_GetCDROMParameters@@YGJPAUCDROMPARAMS@@@Z 10005bf0 f   CDRip.obj
 0001:00005150       ?CR_SetCDROMParameters@@YGJPAUCDROMPARAMS@@@Z 10006150 f   CDRip.obj
 0001:00005740       ?CR_OpenRipper@@YGJPAJJJ@Z 10006740 f   CDRip.obj
 0001:00005830       ?CR_CloseRipper@@YGJXZ     10006830 f   CDRip.obj
 0001:00005870       ?CR_RipChunk@@YGJPAEPAJAAH@Z 10006870 f   CDRip.obj
 0001:00005940       ?CR_GetPeakValue@@YGJXZ    10006940 f   CDRip.obj
 0001:00005970       ?CR_GetPercentCompleted@@YGJXZ 10006970 f   CDRip.obj
 0001:000059c0       ?CR_GetNumberOfJitterErrors@@YGJXZ 100069c0 f   CDRip.obj
 0001:000059f0       ?CR_SaveSettings@@YGJXZ    100069f0 f   CDRip.obj
 0001:00005a20       ?CR_LoadSettings@@YGJXZ    10006a20 f   CDRip.obj
 0001:00005a50       ?CR_ReadToc@@YGJXZ         10006a50 f   CDRip.obj
 0001:00005a80       ?CR_ReadCDText@@YGJPAEHPAH@Z 10006a80 f   CDRip.obj
 0001:00005ac0       ?CR_GetNumTocEntries@@YGJXZ 10006ac0 f   CDRip.obj
 0001:00005b10       ?CR_GetTocEntry@@YG?AUTOCENTRY@@J@Z 10006b10 f   CDRip.obj
 0001:00005be0       ?CR_NormalizeChunk@@YGXPAFJN@Z 10006be0 f   CDRip.obj
 0001:00005c40       ?CR_IsUnitReady@@YGHXZ     10006c40 f   CDRip.obj
 0001:00005c60       ?CR_EjectCD@@YGHH@Z        10006c60 f   CDRip.obj
 0001:00005ca0       ?CR_LockCD@@YGXH@Z         10006ca0 f   CDRip.obj
 0001:00005cd0       ?CR_IsAudioPlaying@@YGHXZ  10006cd0 f   CDRip.obj
 0001:00005d00       ?CR_PlayTrack@@YGJH@Z      10006d00 f   CDRip.obj
 0001:00005dc0       ?CR_PlaySection@@YGJJJ@Z   10006dc0 f   CDRip.obj
 0001:00005e00       ?CR_StopPlayTrack@@YGJXZ   10006e00 f   CDRip.obj
 0001:00005e30       ?CR_PauseCD@@YGJH@Z        10006e30 f   CDRip.obj
 0001:00005e70       ?CR_GetSenseKey@@YG?AUSENSKEY_TAG@@XZ 10006e70 f   CDRip.obj
 0001:00005e90       ?CR_GetPlayPosition@@YGJAAK0@Z 10006e90 f   CDRip.obj
 0001:00005ec0       ?CR_SetPlayPosition@@YGJK@Z 10006ec0 f   CDRip.obj
 0001:00005ef0       ?CR_GetCDROMType@@YG?AW4DRIVETYPE@@XZ 10006ef0 f   CDRip.obj
 0001:00005f30       ?CR_GetJitterPosition@@YGJXZ 10006f30 f   CDRip.obj
 0001:00005f60       ?CR_GetLastJitterErrorPosition@@YGXAAK0@Z 10006f60 f   CDRip.obj
 0001:00005fa0       ?CR_GetSubChannelTrackInfo@@YGXAAH0AAK@Z 10006fa0 f   CDRip.obj
 0001:00005fd0       _DllMain@12                10006fd0 f   CDRip.obj
 0001:00006130       ?CR_SetTransportLayer@@YGXH@Z 10007130 f   CDRip.obj
 0001:00006150       ?CR_GetTransportLayer@@YGHXZ 10007150 f   CDRip.obj
 0001:00006160       ?CR_ScanForC2Errors@@YGXJJAAHPAHH0@Z 10007160 f   CDRip.obj
 0001:000061a0       ??_GCDSETTINGSPARAMS@@QAEPAXI@Z 100071a0 f i CDRip.obj
 0001:000061a0       ??_GCToc@@QAEPAXI@Z        100071a0 f i CDRip.obj
 0001:000061d0       ?FillEntry@CToc@@QAEXPAE@Z 100071d0 f   CDRomSettings.obj
 0001:00006240       ??0CToc@@QAE@XZ            10007240 f   CDRomSettings.obj
 0001:00006260       ?Clear@CToc@@QAEXXZ        10007260 f   CDRomSettings.obj
 0001:000062b0       ??1CDSETTINGSPARAMS@@QAE@XZ 100072b0 f   CDRomSettings.obj
 0001:000062b0       ??1CToc@@QAE@XZ            100072b0 f   CDRomSettings.obj
 0001:000062c0       ??0CDSETTINGSPARAMS@@QAE@XZ 100072c0 f   CDRomSettings.obj
 0001:00006450       ??0CDRomSettings@@QAE@XZ   10007450 f   CDRomSettings.obj
 0001:000064d0       ??1CDRomSettings@@QAE@XZ   100074d0 f   CDRomSettings.obj
 0001:00006640       ?AddCDRom@CDRomSettings@@QAEXPADEEE@Z 10007640 f   CDRomSettings.obj
 0001:00006d70       ?SaveSettings@CDRomSettings@@QAEXXZ 10007d70 f   CDRomSettings.obj
 0001:000074f0       ?LoadSettings@CDRomSettings@@QAEXXZ 100084f0 f   CDRomSettings.obj
 0001:00008140       ?UpdateDriveSettings@CDRomSettings@@QAEXXZ 10009140 f   CDRomSettings.obj
 0001:000085d0       ?GetTransportLayer@CDRomSettings@@SAHXZ 100095d0 f   CDRomSettings.obj
 0001:000085e0       ?SetTransportLayer@CDRomSettings@@SAXH@Z 100095e0 f   CDRomSettings.obj
 0001:000085f0       ?SetIniFileName@CDRomSettings@@SAXPBD@Z 100095f0 f   CDRomSettings.obj
 0001:00008620       ??1?$vector@VCDSETTINGSPARAMS@@V?$allocator@VCDSETTINGSPARAMS@@@std@@@std@@QAE@XZ 10009620 f i CDRomSettings.obj
 0001:000086c0       ?insert@?$vector@VCDSETTINGSPARAMS@@V?$allocator@VCDSETTINGSPARAMS@@@std@@@std@@QAEXPAVCDSETTINGSPARAMS@@IABV3@@Z 100096c0 f i CDRomSettings.obj
 0001:00008cf0       ?size@?$vector@VCToc@@V?$allocator@VCToc@@@std@@@std@@QBEIXZ 10009cf0 f i CDRomSettings.obj
 0001:00008d30       ?_Ucopy@?$vector@VCToc@@V?$allocator@VCToc@@@std@@@std@@IAEPAVCToc@@PBV3@0PAV3@@Z 10009d30 f i CDRomSettings.obj
 0001:00008da0       ?_Ufill@?$vector@VCToc@@V?$allocator@VCToc@@@std@@@std@@IAEXPAVCToc@@IABV3@@Z 10009da0 f i CDRomSettings.obj
 0001:00008e00       ??0CIni@@QAE@XZ            10009e00 f   Ini.obj
 0001:00008e30       ??_GCIni@@UAEPAXI@Z        10009e30 f i Ini.obj
 0001:00008e30       ??_ECIni@@UAEPAXI@Z        10009e30 f i Ini.obj
 0001:00008e60       ??1CIni@@UAE@XZ            10009e60 f   Ini.obj
 0001:00008e80       ?SetValue@CIni@@QAEHPBD00@Z 10009e80 f   Ini.obj
 0001:00008eb0       ?SetValue@CIni@@QAEHPBD0H@Z 10009eb0 f   Ini.obj
 0001:00008f30       ?SetValue@CIni@@QAEHPBD0J@Z 10009f30 f   Ini.obj
 0001:00008f60       ?GetValue@CIni@@QAE?AVCString@@PBD0V2@@Z 10009f60 f   Ini.obj
 0001:00009030       ?GetValue@CIni@@QAEHPBD0H@Z 1000a030 f   Ini.obj
 0001:000090a0       ?GetValue@CIni@@QAEJPBD0J@Z 1000a0a0 f   Ini.obj
 0001:000090d0       ?NtScsiInit@@YAHXZ         1000a0d0 f   NTScsi.obj
 0001:000091f0       ?NtScsiGetNumAdapters@@YAEXZ 1000a1f0 f   NTScsi.obj
 0001:00009300       ?NtScsiGetASPI32SupportInfo@@YAKXZ 1000a300 f   NTScsi.obj
 0001:00009350       ?NtScsiSendASPI32Command@@YAKPAUSRB_HEADER@@@Z 1000a350 f   NTScsi.obj
 0001:000093c0       ?GetDriveInformation@@YAXEPAUNTSCSIDRIVE@@@Z 1000a3c0 f   NTScsi.obj
 0001:000096c0       ?NtScsiHandleHaInquiry@@YAKPAUSRB_HAINQUIRY@@@Z 1000a6c0 f   NTScsi.obj
 0001:000097a0       ?NtScsiGetDeviceType@@YAKPAUSRB_GDEVBLOCK@@@Z 1000a7a0 f   NTScsi.obj
 0001:00009800       ?NtScsiGetDeviceIndex@@YAEEEE@Z 1000a800 f   NTScsi.obj
 0001:000098a0       ?NtScsiExecSCSICommand@@YAKPAUSRB_EXECSCSICMD@@H@Z 1000a8a0 f   NTScsi.obj
 0001:00009ad0       _i_paranoia_overlap_r      1000aad0 f   gap.obj
 0001:00009b40       _i_paranoia_overlap_f      1000ab40 f   gap.obj
 0001:00009ba0       _i_stutter_or_gap          1000aba0 f   gap.obj
 0001:00009c10       _i_analyze_rift_f          1000ac10 f   gap.obj
 0001:00009dd0       _i_analyze_rift_r          1000add0 f   gap.obj
 0001:00009f80       _analyze_rift_silence_f    1000af80 f   gap.obj
 0001:0000a060       _sort_alloc                1000b060 f   isort.obj
 0001:0000a0f0       _sort_unsortall            1000b0f0 f   isort.obj
 0001:0000a170       _sort_free                 1000b170 f   isort.obj
 0001:0000a1b0       _sort_setup                1000b1b0 f   isort.obj
 0001:0000a2b0       _sort_getmatch             1000b2b0 f   isort.obj
 0001:0000a4a0       _sort_nextmatch            1000b4a0 f   isort.obj
 0001:0000a4e0       _paranoia_resetcache       1000b4e0 f   overlap.obj
 0001:0000a550       _paranoia_resetall         1000b550 f   overlap.obj
 0001:0000a5b0       _i_paranoia_trim           1000b5b0 f   overlap.obj
 0001:0000a6c0       _offset_adjust_settings    1000b6c0 f   overlap.obj
 0001:0000a9c0       _offset_add_value          1000b9c0 f   overlap.obj
 0001:0000aa60       _new_list                  1000ba60 f   p_block.obj
 0001:0000aa90       _add_elem                  1000ba90 f   p_block.obj
 0001:0000ab20       _new_elem                  1000bb20 f   p_block.obj
 0001:0000ab50       _free_elem                 1000bb50 f   p_block.obj
 0001:0000abf0       _i_cblock_destructor       1000bbf0 f   p_block.obj
 0001:0000ac40       _new_c_block               1000bc40 f   p_block.obj
 0001:0000ac80       _free_c_block              1000bc80 f   p_block.obj
 0001:0000ace0       _new_v_fragment            1000bce0 f   p_block.obj
 0001:0000ad60       _free_v_fragment           1000bd60 f   p_block.obj
 0001:0000ad80       _c_first                   1000bd80 f   p_block.obj
 0001:0000ada0       _c_last                    1000bda0 f   p_block.obj
 0001:0000adc0       _c_prev                    1000bdc0 f   p_block.obj
 0001:0000ade0       _v_first                   1000bde0 f   p_block.obj
 0001:0000ae00       _v_next                    1000be00 f   p_block.obj
 0001:0000ae00       _c_next                    1000be00 f   p_block.obj
 0001:0000ae20       _recover_cache             1000be20 f   p_block.obj
 0001:0000ae60       _v_buffer                  1000be60 f   p_block.obj
 0001:0000ae90       _c_alloc                   1000be90 f   p_block.obj
 0001:0000aed0       _c_set                     1000bed0 f   p_block.obj
 0001:0000aee0       _c_insert                  1000bee0 f   p_block.obj
 0001:0000afb0       _c_remove                  1000bfb0 f   p_block.obj
 0001:0000b040       _c_overwrite               1000c040 f   p_block.obj
 0001:0000b0a0       _c_append                  1000c0a0 f   p_block.obj
 0001:0000b120       _c_removef                 1000c120 f   p_block.obj
 0001:0000b150       _paranoia_init             1000c150 f   p_block.obj
 0001:0000b240       _paranoia_set_range        1000c240 f   p_block.obj
 0001:0000b260       _paranoia_free             1000c260 f   paranoia.obj
 0001:0000b290       _paranoia_modeset          1000c290 f   paranoia.obj
 0001:0000b2a0       _i_read_c_block            1000c2a0 f   paranoia.obj
 0001:0000b7d0       _paranoia_read             1000c7d0 f   paranoia.obj
 0001:0000b7f0       _paranoia_read_limited     1000c7f0 f   paranoia.obj
 0001:0000de26       ??0CMemoryException@@QAE@HI@Z 1000ee26 f i nafxcw:except.obj
 0001:0000de50       ?Serialize@CObject@@UAEXAAVCArchive@@@Z 1000ee50 f i nafxcw:except.obj
 0001:0000de50       ?DoDataExchange@CWnd@@MAEXPAVCDataExchange@@@Z 1000ee50 f i nafxcw:except.obj
 0001:0000de53       ??_GCMemoryException@@UAEPAXI@Z 1000ee53 f i nafxcw:except.obj
 0001:0000de53       ??_ECMemoryException@@UAEPAXI@Z 1000ee53 f i nafxcw:except.obj
 0001:0000de6f       ??1CMemoryException@@UAE@XZ 1000ee6f f i nafxcw:except.obj
 0001:0000de76       ??0CNotSupportedException@@QAE@HI@Z 1000ee76 f i nafxcw:except.obj
 0001:0000dea0       ??_GCNotSupportedException@@UAEPAXI@Z 1000eea0 f i nafxcw:except.obj
 0001:0000dea0       ??_ECNotSupportedException@@UAEPAXI@Z 1000eea0 f i nafxcw:except.obj
 0001:0000debc       ??1CNotSupportedException@@UAE@XZ 1000eebc f i nafxcw:except.obj
 0001:0000dec3       ??0CFixedAlloc@@QAE@II@Z   1000eec3 f   nafxcw:fixalloc.obj
 0001:0000deeb       ??1CFixedAlloc@@QAE@XZ     1000eeeb f   nafxcw:fixalloc.obj
 0001:0000deff       ?FreeAll@CFixedAlloc@@QAEXXZ 1000eeff f   nafxcw:fixalloc.obj
 0001:0000df27       ?Alloc@CFixedAlloc@@QAEPAXXZ 1000ef27 f   nafxcw:fixalloc.obj
 0001:0000dfb6       ?Free@CFixedAlloc@@QAEXPAX@Z 1000efb6 f   nafxcw:fixalloc.obj
 0001:0000dfe2       ?AfxGetMainWnd@@YGPAVCWnd@@XZ 1000efe2 f i nafxcw:appui1.obj
 0001:0000dff6       ??1CObject@@UAE@XZ         1000eff6 f i nafxcw:afxstate.obj
 0001:0000dff6       ??1CNoTrackObject@@UAE@XZ  1000eff6 f i nafxcw:afxstate.obj
 0001:0000dff7       ??3CObject@@SGXPAX@Z       1000eff7 f i nafxcw:thrdcore.obj
 0001:0000e004       _InitMultipleMonitorStubs  1000f004 f   nafxcw:wincore.obj
 0001:0000e0dc       _xMonitorFromRect@8        1000f0dc f   nafxcw:wincore.obj
 0001:0000e132       _xMonitorFromWindow@8      1000f132 f   nafxcw:wincore.obj
 0001:0000e19d       _xGetMonitorInfo@8         1000f19d f   nafxcw:wincore.obj
 0001:0000e230       ?GetOwner@CWnd@@QBEPAV1@XZ 1000f230 f i nafxcw:wincore.obj
 0001:0000e247       ?BeginModalState@CWnd@@UAEXXZ 1000f247 f i nafxcw:wincore.obj
 0001:0000e253       ?EndModalState@CWnd@@UAEXXZ 1000f253 f i nafxcw:wincore.obj
 0001:0000e25f       ??1CWaitCursor@@QAE@XZ     1000f25f f i nafxcw:wincore.obj
 0001:0000e26c       ??_GCHandleMap@@UAEPAXI@Z  1000f26c f i nafxcw:winhand.obj
 0001:0000e26c       ??_ECHandleMap@@UAEPAXI@Z  1000f26c f i nafxcw:winhand.obj
 0001:0000e288       ??1CHandleMap@@UAE@XZ      1000f288 f i nafxcw:winhand.obj
 0001:0000e2d0       ??_GCMenu@@UAEPAXI@Z       1000f2d0 f i nafxcw:winmenu.obj
 0001:0000e2d0       ??_ECMenu@@UAEPAXI@Z       1000f2d0 f i nafxcw:winmenu.obj
 0001:0000e2ec       ??1CMenu@@UAE@XZ           1000f2ec f i nafxcw:winmenu.obj
 0001:0000e315       ??0CResourceException@@QAE@HI@Z 1000f315 f i nafxcw:wingdi.obj
 0001:0000e33f       ??_ECResourceException@@UAEPAXI@Z 1000f33f f i nafxcw:wingdi.obj
 0001:0000e33f       ??_GCResourceException@@UAEPAXI@Z 1000f33f f i nafxcw:wingdi.obj
 0001:0000e35b       ??1CResourceException@@UAE@XZ 1000f35b f i nafxcw:wingdi.obj
 0001:0000e362       ??0CUserException@@QAE@HI@Z 1000f362 f i nafxcw:wingdi.obj
 0001:0000e38c       ??_GCUserException@@UAEPAXI@Z 1000f38c f i nafxcw:wingdi.obj
 0001:0000e38c       ??_ECUserException@@UAEPAXI@Z 1000f38c f i nafxcw:wingdi.obj
 0001:0000e3a8       ??1CUserException@@UAE@XZ  1000f3a8 f i nafxcw:wingdi.obj
 0001:0000e3af       ??_GCGdiObject@@UAEPAXI@Z  1000f3af f i nafxcw:wingdi.obj
 0001:0000e3af       ??_ECGdiObject@@UAEPAXI@Z  1000f3af f i nafxcw:wingdi.obj
 0001:0000e3cb       ??1CGdiObject@@UAE@XZ      1000f3cb f i nafxcw:wingdi.obj
 0001:0000e3f4       ?PtVisible@CDC@@UBEHHH@Z   1000f3f4 f i nafxcw:wingdi.obj
 0001:0000e408       ?RectVisible@CDC@@UBEHPBUtagRECT@@@Z 1000f408 f i nafxcw:wingdi.obj
 0001:0000e418       ?TextOutA@CDC@@UAEHHHPBDH@Z 1000f418 f i nafxcw:wingdi.obj
 0001:0000e434       ?ExtTextOutA@CDC@@UAEHHHIPBUtagRECT@@PBDIPAH@Z 1000f434 f i nafxcw:wingdi.obj
 0001:0000e459       ?TabbedTextOutA@CDC@@UAE?AVCSize@@HHPBDHHPAHH@Z 1000f459 f i nafxcw:wingdi.obj
 0001:0000e491       ?DrawTextA@CDC@@UAEHPBDHPAUtagRECT@@I@Z 1000f491 f i nafxcw:wingdi.obj
 0001:0000e4ad       ?GrayStringA@CDC@@UAEHPAVCBrush@@P6GHPAUHDC__@@JH@ZJHHHHH@Z 1000f4ad f i nafxcw:wingdi.obj
 0001:0000e4dd       ?Escape@CDC@@UAEHHHPBDPAX@Z 1000f4dd f i nafxcw:wingdi.obj
 0001:0000e4f9       _sprintf                   1000f4f9 f   libcmt:sprintf.obj
 0001:0000e54b       ?_JumpToContinuation@@YGXPAXPAUEHRegistrationNode@@@Z 1000f54b f   libcmt:trnsctrl.obj
 0001:0000e57f       ?_CallMemberFunction1@@YGXPAX00@Z 1000f57f f   libcmt:trnsctrl.obj
 0001:0000e57f       ?_CallMemberFunction0@@YGXPAX0@Z 1000f57f f   libcmt:trnsctrl.obj
 0001:0000e586       ?_CallMemberFunction2@@YGXPAX00H@Z 1000f586 f   libcmt:trnsctrl.obj
 0001:0000e58d       ?_UnwindNestedFrames@@YGXPAUEHRegistrationNode@@PAUEHExceptionRecord@@@Z 1000f58d f   libcmt:trnsctrl.obj
 0001:0000e5dc       ___CxxFrameHandler         1000f5dc f   libcmt:trnsctrl.obj
 0001:0000e612       ?_CallCatchBlock2@@YAPAXPAUEHRegistrationNode@@PBU_s_FuncInfo@@PAXHK@Z 1000f612 f   libcmt:trnsctrl.obj
 0001:0000e68b       ?_CallSETranslator@@YAHPAUEHExceptionRecord@@PAUEHRegistrationNode@@PAX2PBU_s_FuncInfo@@H1@Z 1000f68b f   libcmt:trnsctrl.obj
 0001:0000e7b6       ?_GetRangeOfTrysToCheck@@YAPBU_s_TryBlockMapEntry@@PBU_s_FuncInfo@@HHPAI1@Z 1000f7b6 f   libcmt:trnsctrl.obj
 0001:0000e834       __global_unwind2           1000f834 f   libcmt:exsup.obj
 0001:0000e876       __local_unwind2            1000f876 f   libcmt:exsup.obj
 0001:0000e8ce       __NLG_Return2              1000f8ce f   libcmt:exsup.obj
 0001:0000e8de       __abnormal_termination     1000f8de f   libcmt:exsup.obj
 0001:0000e901       __NLG_Notify1              1000f901 f   libcmt:exsup.obj
 0001:0000e90a       __NLG_Notify               1000f90a f   libcmt:exsup.obj
 0001:0000e91d       __NLG_Dispatch             1000f91d f   libcmt:exsup.obj
 0001:0000e930       _strncpy                   1000f930 f   libcmt:strncpy.obj
 0001:0000ea30       _memmove                   1000fa30 f   libcmt:memmove.obj
 0001:0000ed65       __beginthread              1000fd65 f   libcmt:thread.obj
 0001:0000ee6f       __endthread                1000fe6f f   libcmt:thread.obj
 0001:0000eeae       _fclose                    1000feae f   libcmt:fclose.obj
 0001:0000eedf       __fclose_lk                1000fedf f   libcmt:fclose.obj
 0001:0000ef2b       _fprintf                   1000ff2b f   libcmt:fprintf.obj
 0001:0000ef67       __fsopen                   1000ff67 f   libcmt:fopen.obj
 0001:0000ef98       _fopen                     1000ff98 f   libcmt:fopen.obj
 0001:0000efab       _localtime                 1000ffab f   libcmt:localtim.obj
 0001:0000f10b       _time                      1001010b f   libcmt:time.obj
 0001:0000f1e7       __vsnprintf                100101e7 f   libcmt:vsnprint.obj
 0001:0000f240       __chkstk                   10010240 f   libcmt:chkstk.obj
 0001:0000f240       __alloca_probe             10010240 f   libcmt:chkstk.obj
 0001:0000f26f       __fpmath                   1001026f f   libcmt:fpinit.obj
 0001:0000f286       __fpclear                  10010286 f   libcmt:fpinit.obj
 0001:0000f287       __cfltcvt_init             10010287 f   libcmt:fpinit.obj
 0001:0000f2c0       __ftol                     100102c0 f   libcmt:ftol.obj
 0001:0000f2f0       _strstr                    100102f0 f   libcmt:strstr.obj
 0001:0000f370       _atol                      10010370 f   libcmt:atox.obj
 0001:0000f3fb       _atoi                      100103fb f   libcmt:atox.obj
 0001:0000f406       _malloc                    10010406 f   libcmt:malloc.obj
 0001:0000f418       __nh_malloc                10010418 f   libcmt:malloc.obj
 0001:0000f444       __heap_alloc               10010444 f   libcmt:malloc.obj
 0001:0000f540       _calloc                    10010540 f   libcmt:calloc.obj
 0001:0000f67d       _free                      1001067d f   libcmt:free.obj
 0001:0000f766       _realloc                   10010766 f   libcmt:realloc.obj
 0001:0000fa95       _qsort                     10010a95 f   libcmt:qsort.obj
 0001:0000fc63       __CRT_INIT@12              10010c63 f   libcmt:dllcrt0.obj
 0001:0000fd3c       __DllMainCRTStartup@12     10010d3c f   libcmt:dllcrt0.obj
 0001:0000fdd9       __amsg_exit                10010dd9 f   libcmt:dllcrt0.obj
 0001:0000fe0c       __onexit                   10010e0c f   libcmt:onexit.obj
 0001:0000fe8a       _atexit                    10010e8a f   libcmt:onexit.obj
 0001:0000fe9c       ___onexitinit              10010e9c f   libcmt:onexit.obj
 0001:0000fed0       _memcpy                    10010ed0 f   libcmt:memcpy.obj
 0001:00010205       _wcslen                    10011205 f   libcmt:wcslen.obj
 0001:00010224       __EH_prolog                10011224 f   libcmt:ehprolog.obj
 0001:00010243       __mbschr                   10011243 f   libcmt:mbschr.obj
 0001:000102e0       _memset                    100112e0 f   libcmt:memset.obj
 0001:00010338       __mbsinc                   10011338 f   libcmt:mbsinc.obj
 0001:0001034f       _vsprintf                  1001134f f   libcmt:vsprintf.obj
 0001:000103a0       __mbclen                   100113a0 f   libcmt:mbclen.obj
 0001:000103c0       _strlen                    100113c0 f   libcmt:strlen.obj
 0001:0001043b       __mbsnbcmp                 1001143b f   libcmt:mbsnbcmp.obj
 0001:0001052a       __ismbcdigit               1001152a f   libcmt:ismbdgt.obj
 0001:000105b9       ??1type_info@@UAE@XZ       100115b9 f   libcmt:typinfo.obj
 0001:000105e2       ??_Gtype_info@@UAEPAXI@Z   100115e2 f i libcmt:typinfo.obj
 0001:000105e2       ??_Etype_info@@UAEPAXI@Z   100115e2 f i libcmt:typinfo.obj
 0001:000105fe       __CxxThrowException@8      100115fe f   libcmt:throw.obj
 0001:00010640       _memcmp                    10011640 f   libcmt:memcmp.obj
 0001:000106ec       __msize                    100116ec f   libcmt:msize.obj
 0001:000107da       __expand                   100117da f   libcmt:expand.obj
 0001:0001093e       __strdup                   1001193e f   libcmt:strdup.obj
 0001:00010969       __cinit                    10011969 f   libcmt:crt0dat.obj
 0001:00010996       __exit                     10011996 f   libcmt:crt0dat.obj
 0001:000109a7       __cexit                    100119a7 f   libcmt:crt0dat.obj
 0001:00010a5b       __lockexit                 10011a5b f   libcmt:crt0dat.obj
 0001:00010a64       __unlockexit               10011a64 f   libcmt:crt0dat.obj
 0001:00010a87       __setmbcp                  10011a87 f   libcmt:mbctype.obj
 0001:00010e5f       ___initmbctable            10011e5f f   libcmt:mbctype.obj
 0001:00010e7b       __dosmaperr                10011e7b f   libcmt:dosmap.obj
 0001:00010eee       __errno                    10011eee f   libcmt:dosmap.obj
 0001:00010ef7       ___doserrno                10011ef7 f   libcmt:dosmap.obj
 0001:00010f00       _gmtime                    10011f00 f   libcmt:gmtime.obj
 0001:0001100a       __flsbuf                   1001200a f   libcmt:_flsbuf.obj
 0001:00011122       __output                   10012122 f   libcmt:output.obj
 0001:0001192c       ___InternalCxxFrameHandler 1001292c f   libcmt:frame.obj
 0001:00011c81       ___FrameUnwindToState      10012c81 f   libcmt:frame.obj
 0001:000120b9       ?_DestructExceptionObject@@YAXPAUEHExceptionRecord@@E@Z 100130b9 f   libcmt:frame.obj
 0001:00012150       __CallSettingFrame@12      10013150 f   libcmt:lowhelpr.obj
 0001:00012177       __NLG_Return               10013177 f   libcmt:lowhelpr.obj
 0001:0001219c       __mtinit                   1001319c f   libcmt:tidtable.obj
 0001:000121f0       __mtterm                   100131f0 f   libcmt:tidtable.obj
 0001:0001220e       __initptd                  1001320e f   libcmt:tidtable.obj
 0001:00012221       __getptd                   10013221 f   libcmt:tidtable.obj
 0001:00012288       __freeptd                  10013288 f   libcmt:tidtable.obj
 0001:00012328       ?terminate@@YAXXZ          10013328 f   libcmt:hooks.obj
 0001:00012389       ?_inconsistency@@YAXXZ     10013389 f   libcmt:hooks.obj
 0001:000123df       __XcptFilter               100133df f   libcmt:winxfltr.obj
 0001:00012560       __except_handler3          10013560 f   libcmt:exsup3.obj
 0001:0001261d       __seh_longjmp_unwind@4     1001361d f   libcmt:exsup3.obj
 0001:00012638       ___initstdio               10013638 f   libcmt:_file.obj
 0001:000126e0       ___endstdio                100136e0 f   libcmt:_file.obj
 0001:000126f4       __lock_file                100136f4 f   libcmt:_file.obj
 0001:00012723       __lock_file2               10013723 f   libcmt:_file.obj
 0001:00012746       __unlock_file              10013746 f   libcmt:_file.obj
 0001:00012775       __unlock_file2             10013775 f   libcmt:_file.obj
 0001:00012798       __close                    10013798 f   libcmt:close.obj
 0001:000127f5       __close_lk                 100137f5 f   libcmt:close.obj
 0001:00012878       __freebuf                  10013878 f   libcmt:_freebuf.obj
 0001:000128a3       __fflush_lk                100138a3 f   libcmt:fflush.obj
 0001:000128d1       __flush                    100138d1 f   libcmt:fflush.obj
 0001:0001292d       __flushall                 1001392d f   libcmt:fflush.obj
 0001:000129da       __stbuf                    100139da f   libcmt:_sftbuf.obj
 0001:00012a67       __ftbuf                    10013a67 f   libcmt:_sftbuf.obj
 0001:00012a91       __openfile                 10013a91 f   libcmt:_open.obj
 0001:00012c01       __getstream                10013c01 f   libcmt:stream.obj
 0001:00012cc9       ___tzset                   10013cc9 f   libcmt:tzset.obj
 0001:00012f7e       __isindst                  10013f7e f   libcmt:tzset.obj
 0001:0001328b       ___loctotime_t             1001428b f   libcmt:dtoxtime.obj
 0001:0001334d       __setdefaultprecision      1001434d f   libcmt:fp8.obj
 0001:0001335f       __ms_p5_test_fdiv          1001435f f   libcmt:testfdiv.obj
 0001:0001339d       __ms_p5_mp_test_fdiv       1001439d f   libcmt:testfdiv.obj
 0001:000133c6       __forcdecpt                100143c6 f   libcmt:cvt.obj
 0001:00013420       __cropzeros                10014420 f   libcmt:cvt.obj
 0001:0001346e       __positive                 1001446e f   libcmt:cvt.obj
 0001:00013486       __fassign                  10014486 f   libcmt:cvt.obj
 0001:000134c4       __cftoe                    100144c4 f   libcmt:cvt.obj
 0001:000135e7       __cftof                    100145e7 f   libcmt:cvt.obj
 0001:000136e3       __cftog                    100146e3 f   libcmt:cvt.obj
 0001:00013776       __cfltcvt                  10014776 f   libcmt:cvt.obj
 0001:00013800       _strchr                    10014800 f   libcmt:strchr.obj
 0001:00013806       ___from_strstr_to_strchr   10014806 f   libcmt:strchr.obj
 0001:000138bc       __isctype                  100148bc f   libcmt:isctype.obj
 0001:00013940       __allmul                   10014940 f   libcmt:llmul.obj
 0001:00013974       __callnewh                 10014974 f   libcmt:handler.obj
 0001:0001398f       __GetLinkerVersion         1001498f f   libcmt:heapinit.obj
 0001:000139bc       ___heap_select             100149bc f   libcmt:heapinit.obj
 0001:00013b04       __heap_init                10014b04 f   libcmt:heapinit.obj
 0001:00013b61       __heap_term                10014b61 f   libcmt:heapinit.obj
 0001:00013c09       ___sbh_heap_init           10014c09 f   libcmt:sbheap.obj
 0001:00013c51       ___sbh_find_block          10014c51 f   libcmt:sbheap.obj
 0001:00013c7c       ___sbh_free_block          10014c7c f   libcmt:sbheap.obj
 0001:00013fa5       ___sbh_alloc_block         10014fa5 f   libcmt:sbheap.obj
 0001:000142ae       ___sbh_alloc_new_region    100152ae f   libcmt:sbheap.obj
 0001:0001435f       ___sbh_alloc_new_group     1001535f f   libcmt:sbheap.obj
 0001:0001445a       ___sbh_resize_block        1001545a f   libcmt:sbheap.obj
 0001:00014750       ___old_sbh_new_region      10015750 f   libcmt:sbheap.obj
 0001:00014894       ___old_sbh_release_region  10015894 f   libcmt:sbheap.obj
 0001:000148ea       ___old_sbh_decommit_pages  100158ea f   libcmt:sbheap.obj
 0001:000149ac       ___old_sbh_find_block      100159ac f   libcmt:sbheap.obj
 0001:00014a03       ___old_sbh_free_block      10015a03 f   libcmt:sbheap.obj
 0001:00014a48       ___old_sbh_alloc_block     10015a48 f   libcmt:sbheap.obj
 0001:00014c50       ___old_sbh_alloc_block_from_page 10015c50 f   libcmt:sbheap.obj
 0001:00014d74       ___old_sbh_resize_block    10015d74 f   libcmt:sbheap.obj
 0001:00014e1d       __mtinitlocks              10015e1d f   libcmt:mlock.obj
 0001:00014e46       __mtdeletelocks            10015e46 f   libcmt:mlock.obj
 0001:00014eb2       __lock                     10015eb2 f   libcmt:mlock.obj
 0001:00014f13       __unlock                   10015f13 f   libcmt:mlock.obj
 0001:00014f28       __ioinit                   10015f28 f   libcmt:ioinit.obj
 0001:000150e4       __ioterm                   100160e4 f   libcmt:ioinit.obj
 0001:00015138       __setenvp                  10016138 f   libcmt:stdenvp.obj
 0001:000151f1       __setargv                  100161f1 f   libcmt:stdargv.obj
 0001:0001543e       ___crtGetEnvironmentStringsA 1001643e f   libcmt:a_env.obj
 0001:00015570       __FF_MSGBANNER             10016570 f   libcmt:crt0msg.obj
 0001:000155a9       __NMSG_WRITE               100165a9 f   libcmt:crt0msg.obj
 0001:00015700       _strpbrk                   10016700 f   libcmt:strpbrk.obj
 0001:0001573a       ___crtLCMapStringA         1001673a f   libcmt:a_map.obj
 0001:00015960       __strrev                   10016960 f   libcmt:strrev.obj
 0001:00015990       _strspn                    10016990 f   libcmt:strspn.obj
 0001:000159d0       _strcspn                   100169d0 f   libcmt:strcspn.obj
 0001:00015a10       _strrchr                   10016a10 f   libcmt:strrchr.obj
 0001:00015a40       _strncmp                   10016a40 f   libcmt:strncmp.obj
 0001:00015a78       ___crtGetStringTypeA       10016a78 f   libcmt:a_str.obj
 0001:00015bd0       _strcmp                    10016bd0 f   libcmt:strcmp.obj
 0001:00015c54       ?__CxxUnhandledExceptionFilter@@YGJPAU_EXCEPTION_POINTERS@@@Z 10016c54 f   libcmt:unhandld.obj
 0001:00015c9a       ?__CxxSetUnhandledExceptionFilter@@YAXXZ 10016c9a f   libcmt:unhandld.obj
 0001:00015cab       ?__CxxRestoreUnhandledExceptionFilter@@YAXXZ 10016cab f   libcmt:unhandld.obj
 0001:00015cc0       _strcpy                    10016cc0 f   libcmt:strcat.obj
 0001:00015cd0       _strcat                    10016cd0 f   libcmt:strcat.obj
 0001:00015db0       __stricmp                  10016db0 f   libcmt:stricmp.obj
 0001:00015db0       __strcmpi                  10016db0 f   libcmt:stricmp.obj
 0001:00015e80       __lseek                    10016e80 f   libcmt:lseek.obj
 0001:00015ee5       __lseek_lk                 10016ee5 f   libcmt:lseek.obj
 0001:00015f58       __write                    10016f58 f   libcmt:write.obj
 0001:00015fbd       __write_lk                 10016fbd f   libcmt:write.obj
 0001:00016148       __getbuf                   10017148 f   libcmt:_getbuf.obj
 0001:0001618c       __isatty                   1001718c f   libcmt:isatty.obj
 0001:000161b5       _wctomb                    100171b5 f   libcmt:wctomb.obj
 0001:0001620e       __wctomb_lk                1001720e f   libcmt:wctomb.obj
 0001:00016280       __aulldiv                  10017280 f   libcmt:ulldiv.obj
 0001:000162f0       __aullrem                  100172f0 f   libcmt:ullrem.obj
 0001:00016365       ?_ValidateRead@@YAHPBXI@Z  10017365 f   libcmt:validate.obj
 0001:00016381       ?_ValidateWrite@@YAHPAXI@Z 10017381 f   libcmt:validate.obj
 0001:0001639d       ?_ValidateExecute@@YAHP6GHXZ@Z 1001739d f   libcmt:validate.obj
 0001:000163b5       _abort                     100173b5 f   libcmt:abort.obj
 0001:000163cc       __fcloseall                100173cc f   libcmt:closeall.obj
 0001:0001644d       __alloc_osfhnd             1001744d f   libcmt:osfinfo.obj
 0001:00016570       __set_osfhnd               10017570 f   libcmt:osfinfo.obj
 0001:000165ec       __free_osfhnd              100175ec f   libcmt:osfinfo.obj
 0001:0001666b       __get_osfhandle            1001766b f   libcmt:osfinfo.obj
 0001:000166ad       __lock_fhandle             100176ad f   libcmt:osfinfo.obj
 0001:0001670c       __unlock_fhandle           1001770c f   libcmt:osfinfo.obj
 0001:0001672e       __commit                   1001772e f   libcmt:commit.obj
 0001:000167c1       __sopen                    100177c1 f   libcmt:open.obj
 0001:00016a90       __getenv_lk                10017a90 f   libcmt:getenv.obj
 0001:00016b0d       __control87                10017b0d f   libcmt:ieee87.obj
 0001:00016b42       __controlfp                10017b42 f   libcmt:ieee87.obj
 0001:00016c73       _tolower                   10017c73 f   libcmt:tolower.obj
 0001:00016ce2       __tolower_lk               10017ce2 f   libcmt:tolower.obj
 0001:00016dad       __ZeroTail                 10017dad f   libcmt:intrncvt.obj
 0001:00016df6       __IncMan                   10017df6 f   libcmt:intrncvt.obj
 0001:00016e4c       __RoundMan                 10017e4c f   libcmt:intrncvt.obj
 0001:00016ed8       __CopyMan                  10017ed8 f   libcmt:intrncvt.obj
 0001:00016ef3       __FillZeroMan              10017ef3 f   libcmt:intrncvt.obj
 0001:00016eff       __IsZeroMan                10017eff f   libcmt:intrncvt.obj
 0001:00016f1a       __ShrMan                   10017f1a f   libcmt:intrncvt.obj
 0001:00016fa7       __ld12cvt                  10017fa7 f   libcmt:intrncvt.obj
 0001:00017113       __ld12tod                  10018113 f   libcmt:intrncvt.obj
 0001:00017129       __ld12tof                  10018129 f   libcmt:intrncvt.obj
 0001:0001713f       __atodbl                   1001813f f   libcmt:intrncvt.obj
 0001:0001716c       __atoflt                   1001816c f   libcmt:intrncvt.obj
 0001:00017199       __fptostr                  10018199 f   libcmt:_fptostr.obj
 0001:00017210       __fltout2                  10018210 f   libcmt:cfout.obj
 0001:0001726c       ___dtold                   1001826c f   libcmt:cfout.obj
 0001:00017322       __fptrap                   10018322 f   libcmt:crt0fp.obj
 0001:0001732b       _strtol                    1001832b f   libcmt:strtol.obj
 0001:00017547       ___crtMessageBoxA          10018547 f   libcmt:crtmbox.obj
 0001:000175d0       _raise                     100185d0 f   libcmt:winsig.obj
 0001:0001778f       __chsize_lk                1001878f f   libcmt:chsize.obj
 0001:000178b4       __read_lk                  100188b4 f   libcmt:read.obj
 0001:00017a8d       __mbsnbicoll               10018a8d f   libcmt:mbsnbico.obj
 0001:00017acc       ___wtomb_environ           10018acc f   libcmt:wtombenv.obj
 0001:00017b3a       ___addl                    10018b3a f   libcmt:mantold.obj
 0001:00017b5b       ___add_12                  10018b5b f   libcmt:mantold.obj
 0001:00017bb9       ___shl_12                  10018bb9 f   libcmt:mantold.obj
 0001:00017be7       ___shr_12                  10018be7 f   libcmt:mantold.obj
 0001:00017c14       ___mtold12                 10018c14 f   libcmt:mantold.obj
 0001:00017cdb       ___strgtold12              10018cdb f   libcmt:strgtold.obj
 0001:000181ac       _$I10_OUTPUT               100191ac f   libcmt:x10fout.obj
 0001:0001843f       _toupper                   1001943f f   libcmt:toupper.obj
 0001:000184ae       __toupper_lk               100194ae f   libcmt:toupper.obj
 0001:00018580       __strnicmp                 10019580 f   libcmt:strnicmp.obj
 0001:00018681       __setmode_lk               10019681 f   libcmt:setmode.obj
 0001:000186e2       ___crtCompareStringA       100196e2 f   libcmt:a_cmp.obj
 0001:0001898a       ___crtsetenv               1001998a f   libcmt:setenv.obj
 0001:00018bd0       ___ld12mul                 10019bd0 f   libcmt:tenpow.obj
 0001:00018df0       ___multtenpow12            10019df0 f   libcmt:tenpow.obj
 0001:00018e6c       _RtlUnwind@16              10019e6c f   kernel32:KERNEL32.dll
 0001:00018e72       _ClosePrinter@4            10019e72 f   winspool:WINSPOOL.DRV
 0001:00018e78       _DocumentPropertiesA@24    10019e78 f   winspool:WINSPOOL.DRV
 0001:00018e7e       _OpenPrinterA@12           10019e7e f   winspool:WINSPOOL.DRV
 0001:00018e84       ?FormatV@CString@@QAEXPBDPAD@Z 10019e84 f   nafxcw:strex.obj
 0001:000191d1       ?Format@CString@@QAAXPBDZZ 1001a1d1 f   nafxcw:strex.obj
 0001:000191e4       ?InitString@CSimpleException@@QAEXXZ 1001a1e4 f   nafxcw:except.obj
 0001:0001920d       ?GetErrorMessage@CSimpleException@@UAEHPADIPAI@Z 1001a20d f   nafxcw:except.obj
 0001:00019250       ?AfxThrowMemoryException@@YGXXZ 1001a250 f   nafxcw:except.obj
 0001:00019269       ?Create@CPlex@@SGPAU1@AAPAU1@II@Z 1001a269 f   nafxcw:plex.obj
 0001:00019289       ?FreeDataChain@CPlex@@QAEXXZ 1001a289 f   nafxcw:plex.obj
 0001:0001929f       ?RemoveAll@CPtrList@@QAEXXZ 1001a29f f   nafxcw:list_p.obj
 0001:000192bf       ?FreeNode@CPtrList@@IAEXPAUCNode@1@@Z 1001a2bf f   nafxcw:list_p.obj
 0001:000192d8       ?RemoveHead@CPtrList@@QAEPAXXZ 1001a2d8 f   nafxcw:list_p.obj
 0001:000192fc       ??0CMapPtrToPtr@@QAE@H@Z   1001a2fc f   nafxcw:map_pp.obj
 0001:00019323       ??_GCMapPtrToPtr@@UAEPAXI@Z 1001a323 f i nafxcw:map_pp.obj
 0001:00019323       ??_ECMapPtrToPtr@@UAEPAXI@Z 1001a323 f i nafxcw:map_pp.obj
 0001:0001933f       ?InitHashTable@CMapPtrToPtr@@QAEXIH@Z 1001a33f f   nafxcw:map_pp.obj
 0001:00019384       ?RemoveAll@CMapPtrToPtr@@QAEXXZ 1001a384 f   nafxcw:map_pp.obj
 0001:000193af       ??1CMapPtrToPtr@@UAE@XZ    1001a3af f   nafxcw:map_pp.obj
 0001:000193d8       ?NewAssoc@CMapPtrToPtr@@IAEPAUCAssoc@1@XZ 1001a3d8 f   nafxcw:map_pp.obj
 0001:00019425       ?FreeAssoc@CMapPtrToPtr@@IAEXPAUCAssoc@1@@Z 1001a425 f   nafxcw:map_pp.obj
 0001:0001943e       ?GetAssocAt@CMapPtrToPtr@@IBEPAUCAssoc@1@PAXAAI@Z 1001a43e f   nafxcw:map_pp.obj
 0001:00019470       ?GetValueAt@CMapPtrToPtr@@QBEPAXPAX@Z 1001a470 f   nafxcw:map_pp.obj
 0001:000194a3       ??ACMapPtrToPtr@@QAEAAPAXPAX@Z 1001a4a3 f   nafxcw:map_pp.obj
 0001:000194f3       ?RemoveKey@CMapPtrToPtr@@QAEHPAX@Z 1001a4f3 f   nafxcw:map_pp.obj
 0001:00019535       ?GetNextAssoc@CMapPtrToPtr@@QBEXAAPAU__POSITION@@AAPAX1@Z 1001a535 f   nafxcw:map_pp.obj
 0001:000195a7       ?AfxNewHandler@@YAHI@Z     1001a5a7 f   nafxcw:afxmem.obj
 0001:000195af       ?AfxSetNewHandler@@YGP6AHI@ZP6AHI@Z@Z 1001a5af f   nafxcw:afxmem.obj
 0001:000195c1       ??2@YAPAXI@Z               1001a5c1 f   nafxcw:afxmem.obj
 0001:000195ea       ??3@YAXPAX@Z               1001a5ea f   nafxcw:afxmem.obj
 0001:000196ba       ?AllocBuffer@CString@@IAEXH@Z 1001a6ba f   nafxcw:strcore.obj
 0001:0001973c       ?FreeData@CString@@KIXPAUCStringData@@@Z 1001a73c f   nafxcw:strcore.obj
 0001:00019784       ?Release@CString@@IAEXXZ   1001a784 f   nafxcw:strcore.obj
 0001:000197b5       ?Release@CString@@KGXPAUCStringData@@@Z 1001a7b5 f   nafxcw:strcore.obj
 0001:000197d8       ?CopyBeforeWrite@CString@@IAEXXZ 1001a7d8 f   nafxcw:strcore.obj
 0001:00019806       ?AllocBeforeWrite@CString@@IAEXH@Z 1001a806 f   nafxcw:strcore.obj
 0001:0001982f       ??1CString@@QAE@XZ         1001a82f f   nafxcw:strcore.obj
 0001:00019859       ??0CString@@QAE@PBD@Z      1001a859 f   nafxcw:strcore.obj
 0001:000198ab       ?AssignCopy@CString@@IAEXHPBD@Z 1001a8ab f   nafxcw:strcore.obj
 0001:000198d8       ??4CString@@QAEABV0@ABV0@@Z 1001a8d8 f   nafxcw:strcore.obj
 0001:00019928       ??4CString@@QAEABV0@PBD@Z  1001a928 f   nafxcw:strcore.obj
 0001:0001994f       ?GetBuffer@CString@@QAEPADH@Z 1001a94f f   nafxcw:strcore.obj
 0001:0001999e       ?ReleaseBuffer@CString@@QAEXH@Z 1001a99e f   nafxcw:strcore.obj
 0001:000199c6       ??0CException@@QAE@H@Z     1001a9c6 f   nafxcw:except.obj
 0001:000199d2       ?Delete@CException@@QAEXXZ 1001a9d2 f   nafxcw:except.obj
 0001:000199e4       ?ReportError@CException@@UAEHII@Z 1001a9e4 f   nafxcw:except.obj
 0001:00019a39       ?LoadStringA@CString@@QAEHI@Z 1001aa39 f   nafxcw:winstr.obj
 0001:00019abd       ?AfxLoadString@@YGHIPADI@Z 1001aabd f   nafxcw:winstr.obj
 0001:00019ae4       ?CreateObject@CRuntimeClass@@QAEPAVCObject@@XZ 1001aae4 f   nafxcw:objcore.obj
 0001:00019b2a       ?AfxGetThread@@YGPAVCWinThread@@XZ 1001ab2a f   nafxcw:thrdcore.obj
 0001:00019b3f       ??0CCmdTarget@@QAE@XZ      1001ab3f f   nafxcw:cmdtarg.obj
 0001:00019b59       ??1CCmdTarget@@UAE@XZ      1001ab59 f   nafxcw:cmdtarg.obj
 0001:00019b84       ?_AfxDispatchCmdMsg@@YGHPAVCCmdTarget@@IHP81@AEXXZPAXIPAUAFX_CMDHANDLERINFO@@@Z 1001ab84 f   nafxcw:cmdtarg.obj
 0001:00019c8b       ?OnCmdMsg@CCmdTarget@@UAEHIHPAXPAUAFX_CMDHANDLERINFO@@@Z 1001ac8b f   nafxcw:cmdtarg.obj
 0001:00019d9a       ?IsInvokeAllowed@CCmdTarget@@UAEHJ@Z 1001ad9a f   nafxcw:cmdtarg.obj
 0001:00019da0       ?GetTypeInfoCount@CCmdTarget@@UAEIXZ 1001ada0 f   nafxcw:cmdtarg.obj
 0001:00019da0       ?IsFrameWnd@CWnd@@UBEHXZ   1001ada0 f   nafxcw:cmdtarg.obj
 0001:00019da0       ?GetTypeLibCache@CCmdTarget@@UAEPAVCTypeLibCache@@XZ 1001ada0 f   nafxcw:cmdtarg.obj
 0001:00019da3       ?GetTypeLib@CCmdTarget@@UAEJKPAPAUITypeLib@@@Z 1001ada3 f   nafxcw:cmdtarg.obj
 0001:00019dab       ?BeginWaitCursor@CCmdTarget@@QAEXXZ 1001adab f   nafxcw:cmdtarg.obj
 0001:00019dc0       ?EndWaitCursor@CCmdTarget@@QAEXXZ 1001adc0 f   nafxcw:cmdtarg.obj
 0001:00019dd5       ?GetDispatchMap@CCmdTarget@@MBEPBUAFX_DISPMAP@@XZ 1001add5 f   nafxcw:cmdtarg.obj
 0001:00019ddb       ?GetEventSinkMap@CCmdTarget@@MBEPBUAFX_EVENTSINKMAP@@XZ 1001addb f   nafxcw:cmdtarg.obj
 0001:00019de1       ?GetInterfaceMap@CCmdTarget@@MBEPBUAFX_INTERFACEMAP@@XZ 1001ade1 f   nafxcw:cmdtarg.obj
 0001:00019de7       ?CheckAutoCenter@CWnd@@UAEHXZ 1001ade7 f   nafxcw:cmdtarg.obj
 0001:00019de7       ?OnCreateAggregates@CCmdTarget@@UAEHXZ 1001ade7 f   nafxcw:cmdtarg.obj
 0001:00019deb       ?GetConnectionMap@CCmdTarget@@MBEPBUAFX_CONNECTIONMAP@@XZ 1001adeb f   nafxcw:cmdtarg.obj
 0001:00019df1       ?GetInterfaceHook@CCmdTarget@@UAEPAUIUnknown@@PBX@Z 1001adf1 f   nafxcw:cmdtarg.obj
 0001:00019df1       ?GetConnectionHook@CCmdTarget@@MAEPAUIConnectionPoint@@ABU_GUID@@@Z 1001adf1 f   nafxcw:cmdtarg.obj
 0001:00019df1       ?GetExtraConnectionPoints@CCmdTarget@@MAEHPAVCPtrArray@@@Z 1001adf1 f   nafxcw:cmdtarg.obj
 0001:00019df1       ?SetOccDialogInfo@CWnd@@MAEHPAU_AFX_OCC_DIALOG_INFO@@@Z 1001adf1 f   nafxcw:cmdtarg.obj
 0001:00019df1       ?GetScrollBarCtrl@CWnd@@UBEPAVCScrollBar@@H@Z 1001adf1 f   nafxcw:cmdtarg.obj
 0001:00019df1       ?GetDispatchIID@CCmdTarget@@UAEHPAU_GUID@@@Z 1001adf1 f   nafxcw:cmdtarg.obj
 0001:00019df6       ?GetCommandMap@CCmdTarget@@MBEPBUAFX_OLECMDMAP@@XZ 1001adf6 f   nafxcw:cmdtarg.obj
 0001:00019dfc       ??0CCmdUI@@QAE@XZ          1001adfc f   nafxcw:cmdtarg.obj
 0001:00019e22       ?Enable@CCmdUI@@UAEXH@Z    1001ae22 f   nafxcw:cmdtarg.obj
 0001:00019eb2       ?SetCheck@CCmdUI@@UAEXH@Z  1001aeb2 f   nafxcw:cmdtarg.obj
 0001:00019f14       ?SetRadio@CCmdUI@@UAEXH@Z  1001af14 f   nafxcw:cmdtarg.obj
 0001:00019f6a       ?SetText@CCmdUI@@UAEXPBD@Z 1001af6a f   nafxcw:cmdtarg.obj
 0001:0001a0cf       ??0CWnd@@QAE@XZ            1001b0cf f   nafxcw:wincore.obj
 0001:0001a0f1       ??_ECWnd@@UAEPAXI@Z        1001b0f1 f i nafxcw:wincore.obj
 0001:0001a0f1       ??_GCWnd@@UAEPAXI@Z        1001b0f1 f i nafxcw:wincore.obj
 0001:0001a10d       ??0CWnd@@AAE@PAUHWND__@@@Z 1001b10d f   nafxcw:wincore.obj
 0001:0001a139       ?_AfxPreInitDialog@@YGXPAVCWnd@@PAUtagRECT@@PAK@Z 1001b139 f   nafxcw:wincore.obj
 0001:0001a15c       ?_AfxPostInitDialog@@YGXPAVCWnd@@ABUtagRECT@@K@Z 1001b15c f   nafxcw:wincore.obj
 0001:0001a1d5       ?_AfxHandleActivate@@YGXPAVCWnd@@I0@Z 1001b1d5 f   nafxcw:wincore.obj
 0001:0001a236       ?_AfxHandleSetCursor@@YGHPAVCWnd@@II@Z 1001b236 f   nafxcw:wincore.obj
 0001:0001a2ac       ?AfxCallWndProc@@YGJPAVCWnd@@PAUHWND__@@IIJ@Z 1001b2ac f   nafxcw:wincore.obj
 0001:0001a39f       ?GetCurrentMessage@CWnd@@KGPBUtagMSG@@XZ 1001b39f f   nafxcw:wincore.obj
 0001:0001a3d4       ?Default@CWnd@@IAEJXZ      1001b3d4 f   nafxcw:wincore.obj
 0001:0001a3fb       ?afxMapHWND@@YGPAVCHandleMap@@H@Z 1001b3fb f   nafxcw:wincore.obj
 0001:0001a46d       ?FromHandle@CWnd@@SGPAV1@PAUHWND__@@@Z 1001b46d f   nafxcw:wincore.obj
 0001:0001a494       ?FromHandlePermanent@CWnd@@SGPAV1@PAUHWND__@@@Z 1001b494 f   nafxcw:wincore.obj
 0001:0001a4b2       ?Attach@CWnd@@QAEHPAUHWND__@@@Z 1001b4b2 f   nafxcw:wincore.obj
 0001:0001a4eb       ?Detach@CWnd@@QAEPAUHWND__@@XZ 1001b4eb f   nafxcw:wincore.obj
 0001:0001a519       ?PostNcDestroy@CWnd@@MAEXXZ 1001b519 f   nafxcw:wincore.obj
 0001:0001a519       ?PreSubclassWindow@CWnd@@UAEXXZ 1001b519 f   nafxcw:wincore.obj
 0001:0001a51a       ?AfxWndProc@@YGJPAUHWND__@@IIJ@Z 1001b51a f   nafxcw:wincore.obj
 0001:0001a549       ?AfxGetAfxWndProc@@YGP6GJPAUHWND__@@IIJ@ZXZ 1001b549 f   nafxcw:wincore.obj
 0001:0001a54f       ?_AfxActivationWndProc@@YGJPAUHWND__@@IIJ@Z 1001b54f f   nafxcw:wincore.obj
 0001:0001a6ae       ?_AfxGrayBackgroundWndProc@@YGJPAUHWND__@@IIJ@Z 1001b6ae f   nafxcw:wincore.obj
 0001:0001a72a       ?_AfxCbtFilterHook@@YGJHIJ@Z 1001b72a f   nafxcw:wincore.obj
 0001:0001a920       ?AfxHookWindowCreate@@YGXPAVCWnd@@@Z 1001b920 f   nafxcw:wincore.obj
 0001:0001a96c       ?AfxUnhookWindowCreate@@YGHXZ 1001b96c f   nafxcw:wincore.obj
 0001:0001a9ae       ?CreateEx@CWnd@@QAEHKPBD0KHHHHPAUHWND__@@PAUHMENU__@@PAX@Z 1001b9ae f   nafxcw:wincore.obj
 0001:0001aa74       ?PreCreateWindow@CWnd@@UAEHAAUtagCREATESTRUCTA@@@Z 1001ba74 f   nafxcw:wincore.obj
 0001:0001aa94       ?Create@CWnd@@UAEHPBD0KABUtagRECT@@PAV1@IPAUCCreateContext@@@Z 1001ba94 f   nafxcw:wincore.obj
 0001:0001aae0       ??1CWnd@@UAE@XZ            1001bae0 f   nafxcw:wincore.obj
 0001:0001ab5c       ?OnDestroy@CWnd@@IAEXXZ    1001bb5c f   nafxcw:wincore.obj
 0001:0001ab7a       ?OnNcDestroy@CWnd@@IAEXXZ  1001bb7a f   nafxcw:wincore.obj
 0001:0001ac8c       ?OnFinalRelease@CWnd@@UAEXXZ 1001bc8c f   nafxcw:wincore.obj
 0001:0001ac9d       ?DestroyWindow@CWnd@@UAEHXZ 1001bc9d f   nafxcw:wincore.obj
 0001:0001acea       ?DefWindowProcA@CWnd@@MAEJIIJ@Z 1001bcea f   nafxcw:wincore.obj
 0001:0001ad31       ?GetSuperWndProcAddr@CWnd@@MAEPAP6GJPAUHWND__@@IIJ@ZXZ 1001bd31 f   nafxcw:wincore.obj
 0001:0001ad35       ?PreTranslateMessage@CWnd@@UAEHPAUtagMSG@@@Z 1001bd35 f   nafxcw:wincore.obj
 0001:0001ad54       ?CancelToolTips@CWnd@@SGXH@Z 1001bd54 f   nafxcw:wincore.obj
 0001:0001adab       ?OnToolHitTest@CWnd@@UBEHVCPoint@@PAUtagTOOLINFOA@@@Z 1001bdab f   nafxcw:wincore.obj
 0001:0001ae1c       ?OnDrawItem@CWnd@@IAEXHPAUtagDRAWITEMSTRUCT@@@Z 1001be1c f   nafxcw:wincore.obj
 0001:0001ae59       ?OnCompareItem@CWnd@@IAEHHPAUtagCOMPAREITEMSTRUCT@@@Z 1001be59 f   nafxcw:wincore.obj
 0001:0001ae83       ?OnDeleteItem@CWnd@@IAEXHPAUtagDELETEITEMSTRUCT@@@Z 1001be83 f   nafxcw:wincore.obj
 0001:0001aea3       ?OnCharToItem@CWnd@@IAEHIPAVCListBox@@I@Z 1001bea3 f   nafxcw:wincore.obj
 0001:0001aea3       ?OnVKeyToItem@CWnd@@IAEHIPAVCListBox@@I@Z 1001bea3 f   nafxcw:wincore.obj
 0001:0001aece       ?_AfxFindPopupMenuFromID@@YGPAVCMenu@@PAV1@I@Z 1001bece f   nafxcw:wincore.obj
 0001:0001af31       ?OnMeasureItem@CWnd@@IAEXHPAUtagMEASUREITEMSTRUCT@@@Z 1001bf31 f   nafxcw:wincore.obj
 0001:0001afa9       ?AfxRegisterClass@@YGHPAUtagWNDCLASSA@@@Z 1001bfa9 f   nafxcw:wincore.obj
 0001:0001b04a       ?OnNTCtlColor@CWnd@@IAEJIJ@Z 1001c04a f   nafxcw:wincore.obj
 0001:0001b090       ?WinHelpA@CWnd@@UAEXKI@Z   1001c090 f   nafxcw:wincore.obj
 0001:0001b172       ?GetMessageMap@CWnd@@MBEPBUAFX_MSGMAP@@XZ 1001c172 f   nafxcw:wincore.obj
 0001:0001b178       ?AfxFindMessageEntry@@YGPBUAFX_MSGMAP_ENTRY@@PBU1@III@Z 1001c178 f   nafxcw:wincore.obj
 0001:0001b1b8       ?WindowProc@CWnd@@MAEJIIJ@Z 1001c1b8 f   nafxcw:wincore.obj
 0001:0001b1fc       ?OnWndMsg@CWnd@@MAEHIIJPAJ@Z 1001c1fc f   nafxcw:wincore.obj
 0001:0001b76e       ??0CTestCmdUI@@QAE@XZ      1001c76e f   nafxcw:wincore.obj
 0001:0001b787       ?Enable@CTestCmdUI@@UAEXH@Z 1001c787 f   nafxcw:wincore.obj
 0001:0001b798       ?MeasureItem@CMenu@@UAEXPAUtagMEASUREITEMSTRUCT@@@Z 1001c798 f   nafxcw:wincore.obj
 0001:0001b798       ?SetText@CTestCmdUI@@UAEXPBD@Z 1001c798 f   nafxcw:wincore.obj
 0001:0001b798       ?SetCheck@CTestCmdUI@@UAEXH@Z 1001c798 f   nafxcw:wincore.obj
 0001:0001b798       ?DrawItem@CMenu@@UAEXPAUtagDRAWITEMSTRUCT@@@Z 1001c798 f   nafxcw:wincore.obj
 0001:0001b798       ?SetRadio@CTestCmdUI@@UAEXH@Z 1001c798 f   nafxcw:wincore.obj
 0001:0001b79b       ?OnCommand@CWnd@@MAEHIJ@Z  1001c79b f   nafxcw:wincore.obj
 0001:0001b827       ?OnNotify@CWnd@@MAEHIJPAJ@Z 1001c827 f   nafxcw:wincore.obj
 0001:0001b8a1       ?AfxGetParentOwner@@YGPAUHWND__@@PAU1@@Z 1001c8a1 f   nafxcw:wincore.obj
 0001:0001b8e6       ?GetTopLevelParent@CWnd@@QBEPAV1@XZ 1001c8e6 f   nafxcw:wincore.obj
 0001:0001b90e       ?GetDescendantWindow@CWnd@@SGPAV1@PAUHWND__@@HH@Z 1001c90e f   nafxcw:wincore.obj
 0001:0001b987       ?SendMessageToDescendants@CWnd@@SGXPAUHWND__@@IIJHH@Z 1001c987 f   nafxcw:wincore.obj
 0001:0001ba04       ?CalcWindowRect@CWnd@@UAEXPAUtagRECT@@I@Z 1001ca04 f   nafxcw:wincore.obj
 0001:0001ba2f       ?SendChildNotifyLastMsg@CWnd@@QAEHPAJ@Z 1001ca2f f   nafxcw:wincore.obj
 0001:0001ba5c       ?ReflectLastMsg@CWnd@@KGHPAUHWND__@@PAJ@Z 1001ca5c f   nafxcw:wincore.obj
 0001:0001bb00       ?OnChildNotify@CWnd@@MAEHIIJPAJ@Z 1001cb00 f   nafxcw:wincore.obj
 0001:0001bb5b       ?ReflectChildNotify@CWnd@@IAEHIIJPAJ@Z 1001cb5b f   nafxcw:wincore.obj
 0001:0001bc43       ?OnParentNotify@CWnd@@IAEXIJ@Z 1001cc43 f   nafxcw:wincore.obj
 0001:0001bc70       ?OnActivateTopLevel@CWnd@@IAEJIJ@Z 1001cc70 f   nafxcw:wincore.obj
 0001:0001bc92       ?OnSysColorChange@CWnd@@IAEXXZ 1001cc92 f   nafxcw:wincore.obj
 0001:0001bd0f       ?OnSettingChange@CWnd@@IAEXIPBD@Z 1001cd0f f   nafxcw:wincore.obj
 0001:0001bd62       ?OnDevModeChange@CWnd@@IAEXPAD@Z 1001cd62 f   nafxcw:wincore.obj
 0001:0001bdad       ?OnHelpInfo@CWnd@@IAEHPAUtagHELPINFO@@@Z 1001cdad f   nafxcw:wincore.obj
 0001:0001be11       ?OnDisplayChange@CWnd@@IAEJIJ@Z 1001ce11 f   nafxcw:wincore.obj
 0001:0001be5a       ?OnDragList@CWnd@@IAEJIJ@Z 1001ce5a f   nafxcw:wincore.obj
 0001:0001be84       ?OnVScroll@CWnd@@IAEXIIPAVCScrollBar@@@Z 1001ce84 f   nafxcw:wincore.obj
 0001:0001be84       ?OnHScroll@CWnd@@IAEXIIPAVCScrollBar@@@Z 1001ce84 f   nafxcw:wincore.obj
 0001:0001bea5       ?OnEnterIdle@CWnd@@IAEXIPAV1@@Z 1001cea5 f   nafxcw:wincore.obj
 0001:0001beef       ?OnCtlColor@CWnd@@IAEPAUHBRUSH__@@PAVCDC@@PAV1@I@Z 1001ceef f   nafxcw:wincore.obj
 0001:0001bf16       ?GrayCtlColor@CWnd@@SGHPAUHDC__@@PAUHWND__@@IPAUHBRUSH__@@K@Z 1001cf16 f   nafxcw:wincore.obj
 0001:0001bf8b       ?CenterWindow@CWnd@@QAEXPAV1@@Z 1001cf8b f   nafxcw:wincore.obj
 0001:0001c140       ?ContinueModal@CWnd@@UAEHXZ 1001d140 f   nafxcw:wincore.obj
 0001:0001c147       ?EndModalLoop@CWnd@@UAEXH@Z 1001d147 f   nafxcw:wincore.obj
 0001:0001c16b       ?_AfxRegisterWithIcon@@YGHPAUtagWNDCLASSA@@PBDI@Z 1001d16b f   nafxcw:wincore.obj
 0001:0001c1ac       ?_AfxInitCommonControls@@YGJPAUtagINITCOMMONCONTROLSEX@@J@Z 1001d1ac f   nafxcw:wincore.obj
 0001:0001c223       ?AfxEndDeferRegisterClass@@YGHJ@Z 1001d223 f   nafxcw:wincore.obj
 0001:0001c4da       ??3CTempWnd@@SAXPAX@Z      1001d4da f i nafxcw:wincore.obj
 0001:0001c4e9       ??0CHandleMap@@QAE@PAUCRuntimeClass@@IH@Z 1001d4e9 f   nafxcw:winhand.obj
 0001:0001c54e       ?FromHandle@CHandleMap@@QAEPAVCObject@@PAX@Z 1001d54e f   nafxcw:winhand.obj
 0001:0001c60d       ?DeleteTemp@CHandleMap@@QAEXXZ 1001d60d f   nafxcw:winhand.obj
 0001:0001c672       ?OnAmbientProperty@CWnd@@UAEHPAVCOleControlSite@@JPAUtagVARIANT@@@Z 1001d672 f   nafxcw:winocc.obj
 0001:0001c689       ?GetStyle@CWnd@@QBEKXZ     1001d689 f   nafxcw:winocc.obj
 0001:0001c6a3       ?GetExStyle@CWnd@@QBEKXZ   1001d6a3 f   nafxcw:winocc.obj
 0001:0001c6bd       ?SetWindowPos@CWnd@@QAEHPBV1@HHHHI@Z 1001d6bd f   nafxcw:winocc.obj
 0001:0001c70c       ?IsWindowEnabled@CWnd@@QBEHXZ 1001d70c f   nafxcw:winocc.obj
 0001:0001c727       ?EnableWindow@CWnd@@QAEHH@Z 1001d727 f   nafxcw:winocc.obj
 0001:0001c74e       ?SetFocus@CWnd@@QAEPAV1@XZ 1001d74e f   nafxcw:winocc.obj
 0001:0001c76f       ?AttachControlSite@CWnd@@IAEXPAVCHandleMap@@@Z 1001d76f f   nafxcw:winocc.obj
 0001:0001c7ac       ?UpdateSysColors@AUX_DATA@@QAEXXZ 1001d7ac f   nafxcw:auxdata.obj
 0001:0001c7f0       ?UpdateSysMetrics@AUX_DATA@@QAEXXZ 1001d7f0 f   nafxcw:auxdata.obj
 0001:0001c848       ?DevModeChange@CWinApp@@QAEXPAD@Z 1001d848 f   nafxcw:appcore.obj
 0001:0001c8f5       ?afxMapHMENU@@YGPAVCHandleMap@@H@Z 1001d8f5 f   nafxcw:winmenu.obj
 0001:0001c967       ?FromHandle@CMenu@@SGPAV1@PAUHMENU__@@@Z 1001d967 f   nafxcw:winmenu.obj
 0001:0001c97c       ?FromHandlePermanent@CMenu@@SGPAV1@PAUHMENU__@@@Z 1001d97c f   nafxcw:winmenu.obj
 0001:0001c99a       ?Detach@CMenu@@QAEPAUHMENU__@@XZ 1001d99a f   nafxcw:winmenu.obj
 0001:0001c9c4       ?DestroyMenu@CMenu@@QAEHXZ 1001d9c4 f   nafxcw:winmenu.obj
 0001:0001c9da       ?_AfxIsComboBoxControl@@YGHPAUHWND__@@I@Z 1001d9da f   nafxcw:winutil.obj
 0001:0001ca24       ?_AfxChildWindowFromPoint@@YGPAUHWND__@@PAU1@UtagPOINT@@@Z 1001da24 f   nafxcw:winutil.obj
 0001:0001ca99       ?AfxSetWindowText@@YGXPAUHWND__@@PBD@Z 1001da99 f   nafxcw:winutil.obj
 0001:0001caf1       ?AfxDeleteObject@@YGXPAPAX@Z 1001daf1 f   nafxcw:winutil.obj
 0001:0001cb0a       ?AfxGlobalFree@@YGXPAX@Z   1001db0a f   nafxcw:winutil.obj
 0001:0001cb40       ?AfxCriticalNewHandler@@YAHI@Z 1001db40 f   nafxcw:winutil.obj
 0001:0001cb92       ??0CDC@@QAE@XZ             1001db92 f   nafxcw:wingdi.obj
 0001:0001cba6       ??_ECDC@@UAEPAXI@Z         1001dba6 f i nafxcw:wingdi.obj
 0001:0001cba6       ??_GCDC@@UAEPAXI@Z         1001dba6 f i nafxcw:wingdi.obj
 0001:0001cbc2       ?afxMapHDC@@YGPAVCHandleMap@@H@Z 1001dbc2 f   nafxcw:wingdi.obj
 0001:0001cc34       ?FromHandle@CDC@@SGPAV1@PAUHDC__@@@Z 1001dc34 f   nafxcw:wingdi.obj
 0001:0001cc49       ?Detach@CDC@@QAEPAUHDC__@@XZ 1001dc49 f   nafxcw:wingdi.obj
 0001:0001cc7a       ??1CDC@@UAE@XZ             1001dc7a f   nafxcw:wingdi.obj
 0001:0001ccb0       ?SetAttribDC@CDC@@UAEXPAUHDC__@@@Z 1001dcb0 f   nafxcw:wingdi.obj
 0001:0001ccba       ?SetOutputDC@CDC@@UAEXPAUHDC__@@@Z 1001dcba f   nafxcw:wingdi.obj
 0001:0001ccc4       ?ReleaseAttribDC@CDC@@UAEXXZ 1001dcc4 f   nafxcw:wingdi.obj
 0001:0001ccc9       ?ReleaseOutputDC@CDC@@UAEXXZ 1001dcc9 f   nafxcw:wingdi.obj
 0001:0001ccce       ?SaveDC@CDC@@UAEHXZ        1001dcce f   nafxcw:wingdi.obj
 0001:0001ccff       ?RestoreDC@CDC@@UAEHH@Z    1001dcff f   nafxcw:wingdi.obj
 0001:0001cd3d       ?SelectStockObject@CDC@@UAEPAVCGdiObject@@H@Z 1001dd3d f   nafxcw:wingdi.obj
 0001:0001cd79       ?SelectObject@CDC@@UAEPAVCFont@@PAV2@@Z 1001dd79 f   nafxcw:wingdi.obj
 0001:0001cdbf       ?SetBkColor@CDC@@UAEKK@Z   1001ddbf f   nafxcw:wingdi.obj
 0001:0001cdee       ?SetTextColor@CDC@@UAEKK@Z 1001ddee f   nafxcw:wingdi.obj
 0001:0001ce1d       ?SetMapMode@CDC@@UAEHH@Z   1001de1d f   nafxcw:wingdi.obj
 0001:0001ce4b       ?SetViewportOrg@CDC@@UAE?AVCPoint@@HH@Z 1001de4b f   nafxcw:wingdi.obj
 0001:0001ce97       ?OffsetViewportOrg@CDC@@UAE?AVCPoint@@HH@Z 1001de97 f   nafxcw:wingdi.obj
 0001:0001cee3       ?SetViewportExt@CDC@@UAE?AVCSize@@HH@Z 1001dee3 f   nafxcw:wingdi.obj
 0001:0001cf2f       ?ScaleViewportExt@CDC@@UAE?AVCSize@@HHHH@Z 1001df2f f   nafxcw:wingdi.obj
 0001:0001cf87       ?SetWindowExt@CDC@@UAE?AVCSize@@HH@Z 1001df87 f   nafxcw:wingdi.obj
 0001:0001cfd3       ?ScaleWindowExt@CDC@@UAE?AVCSize@@HHHH@Z 1001dfd3 f   nafxcw:wingdi.obj
 0001:0001d02b       ?GetClipBox@CDC@@UBEHPAUtagRECT@@@Z 1001e02b f   nafxcw:wingdi.obj
 0001:0001d03b       ?afxMapHGDIOBJ@@YGPAVCHandleMap@@H@Z 1001e03b f   nafxcw:wingdi.obj
 0001:0001d0ad       ?FromHandle@CGdiObject@@SGPAV1@PAX@Z 1001e0ad f   nafxcw:wingdi.obj
 0001:0001d0c2       ?Detach@CGdiObject@@QAEPAXXZ 1001e0c2 f   nafxcw:wingdi.obj
 0001:0001d0ec       ?DeleteObject@CGdiObject@@QAEHXZ 1001e0ec f   nafxcw:wingdi.obj
 0001:0001d102       ?EnableModeless@CWinApp@@QAEXH@Z 1001e102 f   nafxcw:appui1.obj
 0001:0001d130       ?DoMessageBox@CWinApp@@UAEHPBDII@Z 1001e130 f   nafxcw:appui1.obj
 0001:0001d217       ?AfxMessageBox@@YGHPBDII@Z 1001e217 f   nafxcw:appui1.obj
 0001:0001d24f       ?AfxMessageBox@@YGHIII@Z   1001e24f f   nafxcw:appui1.obj
 0001:0001d2a8       ?GetSafeOwner_@CWnd@@SGPAUHWND__@@PAU2@PAPAU2@@Z 1001e2a8 f   nafxcw:appui1.obj
 0001:0001d344       ?GetRoutingFrame_@CCmdTarget@@KGPAVCFrameWnd@@XZ 1001e344 f   nafxcw:appui1.obj
 0001:0001d350       ?AfxOleCanExitApp@@YGHXZ   1001e350 f   nafxcw:olelock.obj
 0001:0001d360       ?GetRuntimeClass@CMemoryException@@UBEPAUCRuntimeClass@@XZ 1001e360 f   nafxcw:except.obj
 0001:0001d398       ?GetRuntimeClass@CNotSupportedException@@UBEPAUCRuntimeClass@@XZ 1001e398 f   nafxcw:except.obj
 0001:0001d3d0       ?CreateObject@?$CThreadLocal@V_AFX_THREAD_STATE@@@@SGPAVCNoTrackObject@@XZ 1001e3d0 f i nafxcw:except.obj
 0001:0001d404       ?AddHead@CSimpleList@@QAEXPAX@Z 1001e404 f   nafxcw:afxtls.obj
 0001:0001d417       ??2CNoTrackObject@@SGPAXI@Z 1001e417 f   nafxcw:afxtls.obj
 0001:0001d435       ??3CNoTrackObject@@SGXPAX@Z 1001e435 f   nafxcw:afxtls.obj
 0001:0001d449       ??0CThreadSlotData@@QAE@XZ 1001e449 f   nafxcw:afxtls.obj
 0001:0001d48b       ?AllocSlot@CThreadSlotData@@QAEHXZ 1001e48b f   nafxcw:afxtls.obj
 0001:0001d59d       ?FreeSlot@CThreadSlotData@@QAEXH@Z 1001e59d f   nafxcw:afxtls.obj
 0001:0001d5fa       ?SetValue@CThreadSlotData@@QAEXHPAX@Z 1001e5fa f   nafxcw:afxtls.obj
 0001:0001d6e4       ??_GCThreadData@@UAEPAXI@Z 1001e6e4 f i nafxcw:afxtls.obj
 0001:0001d6e4       ??_ECThreadData@@UAEPAXI@Z 1001e6e4 f i nafxcw:afxtls.obj
 0001:0001d6ff       ??1CThreadData@@UAE@XZ     1001e6ff f i nafxcw:afxtls.obj
 0001:0001d700       ?GetData@CThreadLocalObject@@QAEPAVCNoTrackObject@@P6GPAV2@XZ@Z 1001e700 f   nafxcw:afxtls.obj
 0001:0001d777       ??1CThreadLocalObject@@QAE@XZ 1001e777 f   nafxcw:afxtls.obj
 0001:0001d795       ?GetData@CProcessLocalObject@@QAEPAVCNoTrackObject@@P6GPAV2@XZ@Z 1001e795 f   nafxcw:afxtls.obj
 0001:0001d7f0       ??1CProcessLocalObject@@QAE@XZ 1001e7f0 f   nafxcw:afxtls.obj
 0001:0001d815       ??0_AFX_THREAD_STATE@@QAE@XZ 1001e815 f   nafxcw:afxstate.obj
 0001:0001d82c       ??_G_AFX_THREAD_STATE@@UAEPAXI@Z 1001e82c f i nafxcw:afxstate.obj
 0001:0001d82c       ??_E_AFX_THREAD_STATE@@UAEPAXI@Z 1001e82c f i nafxcw:afxstate.obj
 0001:0001d847       ??1_AFX_THREAD_STATE@@UAE@XZ 1001e847 f   nafxcw:afxstate.obj
 0001:0001d8bb       ?AfxGetThreadState@@YGPAV_AFX_THREAD_STATE@@XZ 1001e8bb f   nafxcw:afxstate.obj
 0001:0001d8ec       ??1?$CThreadLocal@V_AFX_CTL3D_THREAD@@@@QAE@XZ 1001e8ec f i nafxcw:afxstate.obj
 0001:0001d8ec       ??1?$CThreadLocal@VAFX_MODULE_THREAD_STATE@@@@QAE@XZ 1001e8ec f i nafxcw:afxstate.obj
 0001:0001d8ec       ??1?$CThreadLocal@V_AFX_THREAD_STATE@@@@QAE@XZ 1001e8ec f i nafxcw:afxstate.obj
 0001:0001d8f1       ??0AFX_MODULE_STATE@@QAE@H@Z 1001e8f1 f   nafxcw:afxstate.obj
 0001:0001d954       ??_GAFX_MODULE_STATE@@UAEPAXI@Z 1001e954 f i nafxcw:afxstate.obj
 0001:0001d954       ??_EAFX_MODULE_STATE@@UAEPAXI@Z 1001e954 f i nafxcw:afxstate.obj
 0001:0001d96f       ??1AFX_MODULE_STATE@@UAE@XZ 1001e96f f   nafxcw:afxstate.obj
 0001:0001d9e4       ??0AFX_MODULE_THREAD_STATE@@QAE@XZ 1001e9e4 f   nafxcw:afxstate.obj
 0001:0001da03       ??_EAFX_MODULE_THREAD_STATE@@UAEPAXI@Z 1001ea03 f i nafxcw:afxstate.obj
 0001:0001da03       ??_GAFX_MODULE_THREAD_STATE@@UAEPAXI@Z 1001ea03 f i nafxcw:afxstate.obj
 0001:0001da1e       ??1AFX_MODULE_THREAD_STATE@@UAE@XZ 1001ea1e f   nafxcw:afxstate.obj
 0001:0001daed       ?AfxGetModuleState@@YGPAVAFX_MODULE_STATE@@XZ 1001eaed f   nafxcw:afxstate.obj
 0001:0001db13       ?AfxGetModuleThreadState@@YGPAVAFX_MODULE_THREAD_STATE@@XZ 1001eb13 f   nafxcw:afxstate.obj
 0001:0001db2a       ?CreateObject@?$CThreadLocal@VAFX_MODULE_THREAD_STATE@@@@SGPAVCNoTrackObject@@XZ 1001eb2a f i nafxcw:afxstate.obj
 0001:0001db40       ?CreateObject@?$CProcessLocal@V_AFX_BASE_MODULE_STATE@@@@SGPAVCNoTrackObject@@XZ 1001eb40 f i nafxcw:afxstate.obj
 0001:0001db68       ??_E_AFX_BASE_MODULE_STATE@@UAEPAXI@Z 1001eb68 f i nafxcw:afxstate.obj
 0001:0001db68       ??_G_AFX_BASE_MODULE_STATE@@UAEPAXI@Z 1001eb68 f i nafxcw:afxstate.obj
 0001:0001db83       ??1_AFX_BASE_MODULE_STATE@@UAE@XZ 1001eb83 f i nafxcw:afxstate.obj
 0001:0001db88       ?AfxCriticalInit@@YGHXZ    1001eb88 f   nafxcw:afxcrit.obj
 0001:0001dbcd       ?AfxLockGlobals@@YGXH@Z    1001ebcd f   nafxcw:afxcrit.obj
 0001:0001dc3d       ?AfxUnlockGlobals@@YGXH@Z  1001ec3d f   nafxcw:afxcrit.obj
 0001:0001dc5e       ?CreateObject@?$CProcessLocal@V_AFX_CTL3D_STATE@@@@SGPAVCNoTrackObject@@XZ 1001ec5e f i nafxcw:thrdcore.obj
 0001:0001dc73       ??_E_AFX_CTL3D_STATE@@UAEPAXI@Z 1001ec73 f i nafxcw:thrdcore.obj
 0001:0001dc73       ??_G_AFX_CTL3D_STATE@@UAEPAXI@Z 1001ec73 f i nafxcw:thrdcore.obj
 0001:0001dc8e       ?GetRuntimeClass@CMapPtrToPtr@@UBEPAUCRuntimeClass@@XZ 1001ec8e f   nafxcw:map_pp.obj
 0001:0001dc94       ?_AfxLoadDotBitmap@@YGXXZ  1001ec94 f   nafxcw:cmdtarg.obj
 0001:0001dd74       ?CreateObject@CWnd@@SGPAVCObject@@XZ 1001ed74 f   nafxcw:wincore.obj
 0001:0001dda6       ?GetRuntimeClass@CWnd@@UBEPAUCRuntimeClass@@XZ 1001eda6 f   nafxcw:wincore.obj
 0001:0001ddac       ?CreateObject@CTempWnd@@SGPAVCObject@@XZ 1001edac f   nafxcw:wincore.obj
 0001:0001ddec       ??_GCTempWnd@@UAEPAXI@Z    1001edec f i nafxcw:wincore.obj
 0001:0001ddec       ??_ECTempWnd@@UAEPAXI@Z    1001edec f i nafxcw:wincore.obj
 0001:0001de0c       ??1CTempWnd@@UAE@XZ        1001ee0c f i nafxcw:wincore.obj
 0001:0001de11       ?GetRuntimeClass@CTempWnd@@UBEPAUCRuntimeClass@@XZ 1001ee11 f   nafxcw:wincore.obj
 0001:0001de57       ?CreateObject@?$CProcessLocal@V_AFX_WIN_STATE@@@@SGPAVCNoTrackObject@@XZ 1001ee57 f i nafxcw:wincore.obj
 0001:0001de88       ??1_AFX_CTL3D_STATE@@UAE@XZ 1001ee88 f   nafxcw:app3d.obj
 0001:0001df0b       ??1?$CProcessLocal@V_AFX_WIN_STATE@@@@QAE@XZ 1001ef0b f i nafxcw:app3d.obj
 0001:0001df0b       ??1?$CProcessLocal@V_AFX_BASE_MODULE_STATE@@@@QAE@XZ 1001ef0b f i nafxcw:app3d.obj
 0001:0001df0b       ??1?$CProcessLocal@V_AFX_CTL3D_STATE@@@@QAE@XZ 1001ef0b f i nafxcw:app3d.obj
 0001:0001df3a       ?AfxEnableWin40Compatibility@@YGXXZ 1001ef3a f   nafxcw:auxdata.obj
 0001:0001df6a       ?AfxEnableWin31Compatibility@@YGXXZ 1001ef6a f   nafxcw:auxdata.obj
 0001:0001df8c       ??0AUX_DATA@@QAE@XZ        1001ef8c f   nafxcw:auxdata.obj
 0001:0001e027       ??0_AFX_WIN_STATE@@QAE@XZ  1001f027 f   nafxcw:appcore.obj
 0001:0001e030       ??_E_AFX_WIN_STATE@@UAEPAXI@Z 1001f030 f i nafxcw:appcore.obj
 0001:0001e030       ??_G_AFX_WIN_STATE@@UAEPAXI@Z 1001f030 f i nafxcw:appcore.obj
 0001:0001e06c       ?_AfxInitDBCS@@YGHXZ       1001f06c f   nafxcw:afxdbcs.obj
 0001:0001e09f       ?CreateObject@CMenu@@SGPAVCObject@@XZ 1001f09f f   nafxcw:winmenu.obj
 0001:0001e0b9       ?GetRuntimeClass@CMenu@@UBEPAUCRuntimeClass@@XZ 1001f0b9 f   nafxcw:winmenu.obj
 0001:0001e0bf       ?CreateObject@CTempMenu@@SGPAVCObject@@XZ 1001f0bf f   nafxcw:winmenu.obj
 0001:0001e0db       ??_GCTempMenu@@UAEPAXI@Z   1001f0db f i nafxcw:winmenu.obj
 0001:0001e0db       ??_ECTempMenu@@UAEPAXI@Z   1001f0db f i nafxcw:winmenu.obj
 0001:0001e0fb       ??1CTempMenu@@UAE@XZ       1001f0fb f i nafxcw:winmenu.obj
 0001:0001e124       ?GetRuntimeClass@CTempMenu@@UBEPAUCRuntimeClass@@XZ 1001f124 f   nafxcw:winmenu.obj
 0001:0001e16a       ?GetRuntimeClass@CResourceException@@UBEPAUCRuntimeClass@@XZ 1001f16a f   nafxcw:wingdi.obj
 0001:0001e1a2       ?GetRuntimeClass@CUserException@@UBEPAUCRuntimeClass@@XZ 1001f1a2 f   nafxcw:wingdi.obj
 0001:0001e1da       ?CreateObject@CDC@@SGPAVCObject@@XZ 1001f1da f   nafxcw:wingdi.obj
 0001:0001e1f1       ?GetRuntimeClass@CDC@@UBEPAUCRuntimeClass@@XZ 1001f1f1 f   nafxcw:wingdi.obj
 0001:0001e1f7       ?CreateObject@CGdiObject@@SGPAVCObject@@XZ 1001f1f7 f   nafxcw:wingdi.obj
 0001:0001e211       ?GetRuntimeClass@CGdiObject@@UBEPAUCRuntimeClass@@XZ 1001f211 f   nafxcw:wingdi.obj
 0001:0001e217       ?CreateObject@CTempDC@@SGPAVCObject@@XZ 1001f217 f   nafxcw:wingdi.obj
 0001:0001e23d       ??_ECTempDC@@UAEPAXI@Z     1001f23d f i nafxcw:wingdi.obj
 0001:0001e23d       ??_GCTempDC@@UAEPAXI@Z     1001f23d f i nafxcw:wingdi.obj
 0001:0001e25d       ??1CTempDC@@UAE@XZ         1001f25d f i nafxcw:wingdi.obj
 0001:0001e262       ?GetRuntimeClass@CTempDC@@UBEPAUCRuntimeClass@@XZ 1001f262 f   nafxcw:wingdi.obj
 0001:0001e268       ?CreateObject@CTempGdiObject@@SGPAVCObject@@XZ 1001f268 f   nafxcw:wingdi.obj
 0001:0001e284       ??_ECTempGdiObject@@UAEPAXI@Z 1001f284 f i nafxcw:wingdi.obj
 0001:0001e284       ??_GCTempGdiObject@@UAEPAXI@Z 1001f284 f i nafxcw:wingdi.obj
 0001:0001e2a4       ??1CTempGdiObject@@UAE@XZ  1001f2a4 f i nafxcw:wingdi.obj
 0001:0001e2cd       ?GetRuntimeClass@CTempGdiObject@@UBEPAUCRuntimeClass@@XZ 1001f2cd f   nafxcw:wingdi.obj
 0001:0001e353       ??1AUX_DATA@@QAE@XZ        1001f353 f   nafxcw:auxdata.obj
 0001:0001e35d       ??1_AFX_WIN_STATE@@UAE@XZ  1001f35d f   nafxcw:appcore.obj
 0001:0001e38a       ?AfxPostQuitMessage@@YGXH@Z 1001f38a f   nafxcw:appcore.obj
 0002:00000000       __imp__InitCommonControls@0 10020000     comctl32:COMCTL32.dll
 0002:00000004       \177COMCTL32_NULL_THUNK_DATA 10020004     comctl32:COMCTL32.dll
 0002:00000008       __imp__RestoreDC@8         10020008     gdi32:GDI32.dll
 0002:0000000c       __imp__SelectObject@8      1002000c     gdi32:GDI32.dll
 0002:00000010       __imp__GetStockObject@4    10020010     gdi32:GDI32.dll
 0002:00000014       __imp__SetMapMode@8        10020014     gdi32:GDI32.dll
 0002:00000018       __imp__SetViewportOrgEx@16 10020018     gdi32:GDI32.dll
 0002:0000001c       __imp__OffsetViewportOrgEx@16 1002001c     gdi32:GDI32.dll
 0002:00000020       __imp__SetViewportExtEx@16 10020020     gdi32:GDI32.dll
 0002:00000024       __imp__ScaleViewportExtEx@24 10020024     gdi32:GDI32.dll
 0002:00000028       __imp__SetWindowExtEx@16   10020028     gdi32:GDI32.dll
 0002:0000002c       __imp__ScaleWindowExtEx@24 1002002c     gdi32:GDI32.dll
 0002:00000030       __imp__SaveDC@4            10020030     gdi32:GDI32.dll
 0002:00000034       __imp__PtVisible@12        10020034     gdi32:GDI32.dll
 0002:00000038       __imp__RectVisible@8       10020038     gdi32:GDI32.dll
 0002:0000003c       __imp__TextOutA@20         1002003c     gdi32:GDI32.dll
 0002:00000040       __imp__ExtTextOutA@32      10020040     gdi32:GDI32.dll
 0002:00000044       __imp__Escape@20           10020044     gdi32:GDI32.dll
 0002:00000048       __imp__DeleteDC@4          10020048     gdi32:GDI32.dll
 0002:0000004c       __imp__DeleteObject@4      1002004c     gdi32:GDI32.dll
 0002:00000050       __imp__GetDeviceCaps@8     10020050     gdi32:GDI32.dll
 0002:00000054       __imp__GetObjectA@12       10020054     gdi32:GDI32.dll
 0002:00000058       __imp__SetBkColor@8        10020058     gdi32:GDI32.dll
 0002:0000005c       __imp__SetTextColor@8      1002005c     gdi32:GDI32.dll
 0002:00000060       __imp__GetClipBox@8        10020060     gdi32:GDI32.dll
 0002:00000064       __imp__CreateBitmap@20     10020064     gdi32:GDI32.dll
 0002:00000068       \177GDI32_NULL_THUNK_DATA  10020068     gdi32:GDI32.dll
 0002:0000006c       __imp__FlushFileBuffers@4  1002006c     kernel32:KERNEL32.dll
 0002:00000070       __imp__SetEndOfFile@4      10020070     kernel32:KERNEL32.dll
 0002:00000074       __imp__RtlUnwind@16        10020074     kernel32:KERNEL32.dll
 0002:00000078       __imp__CreateThread@24     10020078     kernel32:KERNEL32.dll
 0002:0000007c       __imp__ExitThread@4        1002007c     kernel32:KERNEL32.dll
 0002:00000080       __imp__GetTimeZoneInformation@4 10020080     kernel32:KERNEL32.dll
 0002:00000084       __imp__GetSystemTime@4     10020084     kernel32:KERNEL32.dll
 0002:00000088       __imp__GetLocalTime@4      10020088     kernel32:KERNEL32.dll
 0002:0000008c       __imp__HeapAlloc@12        1002008c     kernel32:KERNEL32.dll
 0002:00000090       __imp__HeapFree@12         10020090     kernel32:KERNEL32.dll
 0002:00000094       __imp__HeapReAlloc@16      10020094     kernel32:KERNEL32.dll
 0002:00000098       __imp__GetCommandLineA@0   10020098     kernel32:KERNEL32.dll
 0002:0000009c       __imp__RaiseException@16   1002009c     kernel32:KERNEL32.dll
 0002:000000a0       __imp__HeapSize@12         100200a0     kernel32:KERNEL32.dll
 0002:000000a4       __imp__ExitProcess@4       100200a4     kernel32:KERNEL32.dll
 0002:000000a8       __imp__TerminateProcess@8  100200a8     kernel32:KERNEL32.dll
 0002:000000ac       __imp__SetFilePointer@16   100200ac     kernel32:KERNEL32.dll
 0002:000000b0       __imp__UnhandledExceptionFilter@4 100200b0     kernel32:KERNEL32.dll
 0002:000000b4       __imp__GetEnvironmentVariableA@12 100200b4     kernel32:KERNEL32.dll
 0002:000000b8       __imp__HeapDestroy@4       100200b8     kernel32:KERNEL32.dll
 0002:000000bc       __imp__HeapCreate@12       100200bc     kernel32:KERNEL32.dll
 0002:000000c0       __imp__VirtualFree@12      100200c0     kernel32:KERNEL32.dll
 0002:000000c4       __imp__VirtualAlloc@16     100200c4     kernel32:KERNEL32.dll
 0002:000000c8       __imp__IsBadWritePtr@8     100200c8     kernel32:KERNEL32.dll
 0002:000000cc       __imp__SetHandleCount@4    100200cc     kernel32:KERNEL32.dll
 0002:000000d0       __imp__GetStdHandle@4      100200d0     kernel32:KERNEL32.dll
 0002:000000d4       __imp__GetFileType@4       100200d4     kernel32:KERNEL32.dll
 0002:000000d8       __imp__GetStartupInfoA@4   100200d8     kernel32:KERNEL32.dll
 0002:000000dc       __imp__FreeEnvironmentStringsA@4 100200dc     kernel32:KERNEL32.dll
 0002:000000e0       __imp__FreeEnvironmentStringsW@4 100200e0     kernel32:KERNEL32.dll
 0002:000000e4       __imp__GetEnvironmentStrings@0 100200e4     kernel32:KERNEL32.dll
 0002:000000e8       __imp__GetEnvironmentStringsW@0 100200e8     kernel32:KERNEL32.dll
 0002:000000ec       __imp__LCMapStringA@24     100200ec     kernel32:KERNEL32.dll
 0002:000000f0       __imp__LCMapStringW@24     100200f0     kernel32:KERNEL32.dll
 0002:000000f4       __imp__GetStringTypeA@20   100200f4     kernel32:KERNEL32.dll
 0002:000000f8       __imp__GetStringTypeW@16   100200f8     kernel32:KERNEL32.dll
 0002:000000fc       __imp__SetUnhandledExceptionFilter@4 100200fc     kernel32:KERNEL32.dll
 0002:00000100       __imp__IsBadReadPtr@8      10020100     kernel32:KERNEL32.dll
 0002:00000104       __imp__IsBadCodePtr@4      10020104     kernel32:KERNEL32.dll
 0002:00000108       __imp__SetStdHandle@8      10020108     kernel32:KERNEL32.dll
 0002:0000010c       __imp__CompareStringA@24   1002010c     kernel32:KERNEL32.dll
 0002:00000110       __imp__CompareStringW@24   10020110     kernel32:KERNEL32.dll
 0002:00000114       __imp__SetEnvironmentVariableA@8 10020114     kernel32:KERNEL32.dll
 0002:00000118       __imp__WriteFile@20        10020118     kernel32:KERNEL32.dll
 0002:0000011c       __imp__ReadFile@20         1002011c     kernel32:KERNEL32.dll
 0002:00000120       __imp__GetCurrentProcess@0 10020120     kernel32:KERNEL32.dll
 0002:00000124       __imp__GetOEMCP@0          10020124     kernel32:KERNEL32.dll
 0002:00000128       __imp__GetCPInfo@8         10020128     kernel32:KERNEL32.dll
 0002:0000012c       __imp__GlobalFlags@4       1002012c     kernel32:KERNEL32.dll
 0002:00000130       __imp__lstrcmpA@8          10020130     kernel32:KERNEL32.dll
 0002:00000134       __imp__GetProcessVersion@4 10020134     kernel32:KERNEL32.dll
 0002:00000138       __imp__lstrcatA@8          10020138     kernel32:KERNEL32.dll
 0002:0000013c       __imp__GlobalGetAtomNameA@12 1002013c     kernel32:KERNEL32.dll
 0002:00000140       __imp__lstrcmpiA@8         10020140     kernel32:KERNEL32.dll
 0002:00000144       __imp__GlobalAddAtomA@4    10020144     kernel32:KERNEL32.dll
 0002:00000148       __imp__GlobalFindAtomA@4   10020148     kernel32:KERNEL32.dll
 0002:0000014c       __imp__GlobalDeleteAtom@4  1002014c     kernel32:KERNEL32.dll
 0002:00000150       __imp__lstrcpyA@8          10020150     kernel32:KERNEL32.dll
 0002:00000154       __imp__GetModuleHandleA@4  10020154     kernel32:KERNEL32.dll
 0002:00000158       __imp__GetCurrentThreadId@0 10020158     kernel32:KERNEL32.dll
 0002:0000015c       __imp__ResumeThread@4      1002015c     kernel32:KERNEL32.dll
 0002:00000160       __imp__GetVersion@0        10020160     kernel32:KERNEL32.dll
 0002:00000164       __imp__TlsGetValue@4       10020164     kernel32:KERNEL32.dll
 0002:00000168       __imp__LocalReAlloc@12     10020168     kernel32:KERNEL32.dll
 0002:0000016c       __imp__TlsSetValue@8       1002016c     kernel32:KERNEL32.dll
 0002:00000170       __imp__GlobalAlloc@8       10020170     kernel32:KERNEL32.dll
 0002:00000174       __imp__GlobalReAlloc@12    10020174     kernel32:KERNEL32.dll
 0002:00000178       __imp__GlobalLock@4        10020178     kernel32:KERNEL32.dll
 0002:0000017c       __imp__Sleep@4             1002017c     kernel32:KERNEL32.dll
 0002:00000180       __imp__TlsFree@4           10020180     kernel32:KERNEL32.dll
 0002:00000184       __imp__GlobalHandle@4      10020184     kernel32:KERNEL32.dll
 0002:00000188       __imp__GlobalUnlock@4      10020188     kernel32:KERNEL32.dll
 0002:0000018c       __imp__GlobalFree@4        1002018c     kernel32:KERNEL32.dll
 0002:00000190       __imp__TlsAlloc@0          10020190     kernel32:KERNEL32.dll
 0002:00000194       __imp__LocalAlloc@8        10020194     kernel32:KERNEL32.dll
 0002:00000198       __imp__GetModuleFileNameA@12 10020198     kernel32:KERNEL32.dll
 0002:0000019c       __imp__lstrcpynA@12        1002019c     kernel32:KERNEL32.dll
 0002:000001a0       __imp__SetLastError@4      100201a0     kernel32:KERNEL32.dll
 0002:000001a4       __imp__LocalFree@4         100201a4     kernel32:KERNEL32.dll
 0002:000001a8       __imp__MultiByteToWideChar@24 100201a8     kernel32:KERNEL32.dll
 0002:000001ac       __imp__WideCharToMultiByte@32 100201ac     kernel32:KERNEL32.dll
 0002:000001b0       __imp__lstrlenA@4          100201b0     kernel32:KERNEL32.dll
 0002:000001b4       __imp__InterlockedDecrement@4 100201b4     kernel32:KERNEL32.dll
 0002:000001b8       __imp__InterlockedIncrement@4 100201b8     kernel32:KERNEL32.dll
 0002:000001bc       __imp__GetVersionExA@4     100201bc     kernel32:KERNEL32.dll
 0002:000001c0       __imp__CreateFileA@28      100201c0     kernel32:KERNEL32.dll
 0002:000001c4       __imp__GetLastError@0      100201c4     kernel32:KERNEL32.dll
 0002:000001c8       __imp__DeviceIoControl@32  100201c8     kernel32:KERNEL32.dll
 0002:000001cc       __imp__GetDriveTypeA@4     100201cc     kernel32:KERNEL32.dll
 0002:000001d0       __imp__GetPrivateProfileStringA@24 100201d0     kernel32:KERNEL32.dll
 0002:000001d4       __imp__WritePrivateProfileStringA@16 100201d4     kernel32:KERNEL32.dll
 0002:000001d8       __imp__GetPrivateProfileIntA@16 100201d8     kernel32:KERNEL32.dll
 0002:000001dc       __imp__GetCurrentProcessId@0 100201dc     kernel32:KERNEL32.dll
 0002:000001e0       __imp__InitializeCriticalSection@4 100201e0     kernel32:KERNEL32.dll
 0002:000001e4       __imp__WaitForMultipleObjects@16 100201e4     kernel32:KERNEL32.dll
[...]
 0003:00007244       ___sbh_sizeHeaderList      1002c244     <common>
 0003:00007248       ___sbh_indGroupDefer       1002c248     <common>
 0003:0000724c       ___sbh_pHeaderScan         1002c24c     <common>
 0003:00007250       ___sbh_pHeaderDefer        1002c250     <common>
 0003:00007254       ___sbh_cntHeaderList       1002c254     <common>
 0003:00007258       ___sbh_pHeaderList         1002c258     <common>
 0003:0000725c       ___sbh_threshold           1002c25c     <common>
 0003:00007260       __crtheap                  1002c260     <common>
 0003:00007264       ___active_heap             1002c264     <common>
 0003:00007268       ___piob                    1002c268     <common>
 0003:00007280       __bufin                    1002c280     <common>
 0003:00008280       __nstream                  1002d280     <common>
 0003:00008284       ___mbcodepage              1002d284     <common>
 0003:00008290       ___mbulinfo                1002d290     <common>
 0003:0000829c       ___ismbcodepage            1002d29c     <common>
 0003:000082a0       __mbcasemap                1002d2a0     <common>
 0003:000083a0       __mbctype                  1002d3a0     <common>
 0003:000084a4       ___mblcid                  1002d4a4     <common>
 0003:000084a8       ___env_initialized         1002d4a8     <common>
 0003:000084ac       ___mbctype_initialized     1002d4ac     <common>
 0003:000084b0       ___onexitend               1002d4b0     <common>
 0003:000084b4       ___onexitbegin             1002d4b4     <common>
 0003:000084b8       __acmdln                   1002d4b8     <common>
 0003:000084bc       __pRawDllMain              1002d4bc     <common>

 entry point at        0001:0000fd3c

 Static symbols

 0001:0000b740       _re                        1000c740 f   paranoia.obj
 0001:0000b770       _rb                        1000c770 f   paranoia.obj
 0001:0000b7a0       _rv                        1000c7a0 f   paranoia.obj
 0001:0000bc80       _i_stage1                  1000cc80 f   paranoia.obj
 0001:0000be60       _i_iterate_stage1          1000ce60 f   paranoia.obj
 0001:0000c050       _try_sort_sync             1000d050 f   paranoia.obj
 0001:0000c210       _do_const_sync             1000d210 f   paranoia.obj
 0001:0000c300       _i_paranoia_overlap        1000d300 f   paranoia.obj
 0001:0000c3e0       _i_paranoia_overlap2       1000d3e0 f   paranoia.obj
 0001:0000c550       _stage1_matched            1000d550 f   paranoia.obj
 0001:0000c710       _i_stage2                  1000d710 f   paranoia.obj
 0001:0000c900       _i_silence_match           1000d900 f   paranoia.obj
 0001:0000cbd0       _i_silence_test            1000dbd0 f   paranoia.obj
 0001:0000cca0       _i_stage2_each             1000dca0 f   paranoia.obj
 0001:0000d5b0       _rs                        1000e5b0 f   paranoia.obj
 0001:0000d5e0       _i_iterate_stage2          1000e5e0 f   paranoia.obj
 0001:0000d980       _i_init_root               1000e980 f   paranoia.obj
 0001:0000da70       _vsort                     1000ea70 f   paranoia.obj
 0001:0000da90       _i_end_case                1000ea90 f   paranoia.obj
 0001:0000db20       _verify_skip_case          1000eb20 f   paranoia.obj
 0001:0000b200       _i_cblock_constructor      1000c200 f   p_block.obj
 0001:0000b200       _i_vfragment_constructor   1000c200 f   p_block.obj
 0001:0000b220       _i_v_fragment_destructor   1000c220 f   p_block.obj
 0001:0000a3f0       _sort_sort                 1000b3f0 f   isort.obj
 0001:000095a0       ?GetFileHandle@@YAPAXE@Z   1000a5a0 f   NTScsi.obj
 0001:0001e170       _$E372                     1001f170 f   nafxcw:wingdi.obj
 0001:0001e17a       _$E369                     1001f17a f   nafxcw:wingdi.obj
 0001:0001e18c       _$E371                     1001f18c f   nafxcw:wingdi.obj
 0001:0001e198       _$E370                     1001f198 f   nafxcw:wingdi.obj
 0001:0001e1a8       _$E377                     1001f1a8 f   nafxcw:wingdi.obj
 0001:0001e1b2       _$E374                     1001f1b2 f   nafxcw:wingdi.obj
 0001:0001e1c4       _$E376                     1001f1c4 f   nafxcw:wingdi.obj
 0001:0001e1d0       _$E375                     1001f1d0 f   nafxcw:wingdi.obj
 0001:0001e2d3       _$E383                     1001f2d3 f   nafxcw:wingdi.obj
 0001:0001e2dd       _$E379                     1001f2dd f   nafxcw:wingdi.obj
 0001:0001e2ec       _$E382                     1001f2ec f   nafxcw:wingdi.obj
 0001:0001e2f8       _$E380                     1001f2f8 f   nafxcw:wingdi.obj
 0001:0001e313       _$E388                     1001f313 f   nafxcw:wingdi.obj
 0001:0001e31d       _$E385                     1001f31d f   nafxcw:wingdi.obj
 0001:0001e32c       _$E387                     1001f32c f   nafxcw:wingdi.obj
 0001:0001e338       _$E386                     1001f338 f   nafxcw:wingdi.obj
 0001:0001e12a       _$E371                     1001f12a f   nafxcw:winmenu.obj
 0001:0001e134       _$E367                     1001f134 f   nafxcw:winmenu.obj
 0001:0001e143       _$E370                     1001f143 f   nafxcw:winmenu.obj
 0001:0001e14f       _$E368                     1001f14f f   nafxcw:winmenu.obj
 0001:0001e08f       _$E366                     1001f08f f   nafxcw:afxdbcs.obj
 0001:0001e094       _$E365                     1001f094 f   nafxcw:afxdbcs.obj
 0001:0001e04b       _$E368                     1001f04b f   nafxcw:appcore.obj
 0001:0001e055       _$E365                     1001f055 f   nafxcw:appcore.obj
 0001:0001e056       _$E367                     1001f056 f   nafxcw:appcore.obj
 0001:0001e062       _$E366                     1001f062 f   nafxcw:appcore.obj
 0001:0001df10       _$E368                     1001ef10 f   nafxcw:auxdata.obj
 0001:0001df1a       _$E365                     1001ef1a f   nafxcw:auxdata.obj
 0001:0001df24       _$E367                     1001ef24 f   nafxcw:auxdata.obj
 0001:0001df30       _$E366                     1001ef30 f   nafxcw:auxdata.obj
 0001:0001dec9       _$E368                     1001eec9 f   nafxcw:app3d.obj
 0001:0001ded3       _$E365                     1001eed3 f   nafxcw:app3d.obj
 0001:0001ded4       _$E367                     1001eed4 f   nafxcw:app3d.obj
 0001:0001dee0       _$E366                     1001eee0 f   nafxcw:app3d.obj
 0001:0001deea       _$E373                     1001eeea f   nafxcw:app3d.obj
 0001:0001def4       _$E370                     1001eef4 f   nafxcw:app3d.obj
 0001:0001def5       _$E372                     1001eef5 f   nafxcw:app3d.obj
 0001:0001df01       _$E371                     1001ef01 f   nafxcw:app3d.obj
 0001:00019fc1       _$E374                     1001afc1 f   nafxcw:wincore.obj
 0001:00019fc6       _$E373                     1001afc6 f   nafxcw:wincore.obj
 0001:00019fd7       _$E380                     1001afd7 f   nafxcw:wincore.obj
 0001:00019fe1       _$E376                     1001afe1 f   nafxcw:wincore.obj
 0001:00019fee       _$E379                     1001afee f   nafxcw:wincore.obj
 0001:00019ffa       _$E377                     1001affa f   nafxcw:wincore.obj
 0001:0001a015       _$E385                     1001b015 f   nafxcw:wincore.obj
 0001:0001a01f       _$E382                     1001b01f f   nafxcw:wincore.obj
 0001:0001a02c       _$E384                     1001b02c f   nafxcw:wincore.obj
 0001:0001a038       _$E383                     1001b038 f   nafxcw:wincore.obj
 0001:0001a053       _$E390                     1001b053 f   nafxcw:wincore.obj
 0001:0001a05d       _$E387                     1001b05d f   nafxcw:wincore.obj
 0001:0001a06a       _$E389                     1001b06a f   nafxcw:wincore.obj
 0001:0001a076       _$E388                     1001b076 f   nafxcw:wincore.obj
 0001:0001a091       _$E395                     1001b091 f   nafxcw:wincore.obj
 0001:0001a09b       _$E392                     1001b09b f   nafxcw:wincore.obj
 0001:0001a0a8       _$E394                     1001b0a8 f   nafxcw:wincore.obj
 0001:0001a0b4       _$E393                     1001b0b4 f   nafxcw:wincore.obj
 0001:0001de17       _$E403                     1001ee17 f   nafxcw:wincore.obj
 0001:0001de21       _$E399                     1001ee21 f   nafxcw:wincore.obj
 0001:0001de30       _$E402                     1001ee30 f   nafxcw:wincore.obj
 0001:0001de3c       _$E400                     1001ee3c f   nafxcw:wincore.obj
 0001:0001d8cb       _$E368                     1001e8cb f   nafxcw:afxstate.obj
 0001:0001d8d5       _$E365                     1001e8d5 f   nafxcw:afxstate.obj
 0001:0001d8d6       _$E367                     1001e8d6 f   nafxcw:afxstate.obj
 0001:0001d8e2       _$E366                     1001e8e2 f   nafxcw:afxstate.obj
 0001:0001dacc       _$E373                     1001eacc f   nafxcw:afxstate.obj
 0001:0001dad6       _$E370                     1001ead6 f   nafxcw:afxstate.obj
 0001:0001dad7       _$E372                     1001ead7 f   nafxcw:afxstate.obj
 0001:0001dae3       _$E371                     1001eae3 f   nafxcw:afxstate.obj
 0001:0001d366       _$E368                     1001e366 f   nafxcw:except.obj
 0001:0001d370       _$E365                     1001e370 f   nafxcw:except.obj
 0001:0001d382       _$E367                     1001e382 f   nafxcw:except.obj
 0001:0001d38e       _$E366                     1001e38e f   nafxcw:except.obj
 0001:0001d39e       _$E373                     1001e39e f   nafxcw:except.obj
 0001:0001d3a8       _$E370                     1001e3a8 f   nafxcw:except.obj
 0001:0001d3ba       _$E372                     1001e3ba f   nafxcw:except.obj
 0001:0001d3c6       _$E371                     1001e3c6 f   nafxcw:except.obj
 0001:000195f5       _$E368                     1001a5f5 f   nafxcw:strcore.obj
 0001:000195ff       _$E365                     1001a5ff f   nafxcw:strcore.obj
 0001:0001960e       _$E367                     1001a60e f   nafxcw:strcore.obj
 0001:0001961a       _$E366                     1001a61a f   nafxcw:strcore.obj
 0001:00019624       _$E373                     1001a624 f   nafxcw:strcore.obj
 0001:0001962e       _$E370                     1001a62e f   nafxcw:strcore.obj
 0001:00019640       _$E372                     1001a640 f   nafxcw:strcore.obj
 0001:0001964c       _$E371                     1001a64c f   nafxcw:strcore.obj
 0001:00019656       _$E378                     1001a656 f   nafxcw:strcore.obj
 0001:00019660       _$E375                     1001a660 f   nafxcw:strcore.obj
 0001:00019672       _$E377                     1001a672 f   nafxcw:strcore.obj
 0001:0001967e       _$E376                     1001a67e f   nafxcw:strcore.obj
 0001:00019688       _$E383                     1001a688 f   nafxcw:strcore.obj
 0001:00019692       _$E380                     1001a692 f   nafxcw:strcore.obj
 0001:000196a4       _$E382                     1001a6a4 f   nafxcw:strcore.obj
 0001:000196b0       _$E381                     1001a6b0 f   nafxcw:strcore.obj
 0001:00018b11       _findenv                   10019b11 f   libcmt:setenv.obj
 0001:00018b69       _copy_environ              10019b69 f   libcmt:setenv.obj
 0001:0001895f       _strncnt                   1001995f f   libcmt:a_cmp.obj
 0001:00017752       _siglookup                 10018752 f   libcmt:winsig.obj
 0001:00017342       _strtoxl                   10018342 f   libcmt:strtol.obj
 0001:00016b58       __abstract_cw              10017b58 f   libcmt:ieee87.obj
 0001:00016bea       __hw_cw                    10017bea f   libcmt:ieee87.obj
 0001:0001895f       _strncnt                   1001995f f   libcmt:a_cmp.obj
 0001:0001528a       _parse_cmdline             1001628a f   libcmt:stdargv.obj
 0001:00013525       __cftoe2                   10014525 f   libcmt:cvt.obj
 0001:0001363c       __cftof2                   1001463c f   libcmt:cvt.obj
 0001:000137c7       __shift                    100147c7 f   libcmt:cvt.obj
 0001:00012cf7       __tzset_lk                 10013cf7 f   libcmt:tzset.obj
 0001:00012f9f       __isindst_lk               10013f9f f   libcmt:tzset.obj
 0001:0001314b       _cvtdate                   1001414b f   libcmt:tzset.obj
 0001:00012936       _flsall                    10013936 f   libcmt:fflush.obj
 0001:0001251d       _xcptlookup                1001351d f   libcmt:winxfltr.obj
 0001:000119c7       ?FindHandler@@YAXPAUEHExceptionRecord@@PAUEHRegistrationNode@@PAU_CONTEXT@@PAXPBU_s_FuncInfo@@EH1@Z 100129c7 f   libcmt:frame.obj
 0001:00011b7a       ?FindHandlerForForeignException@@YAXPAUEHExceptionRecord@@PAUEHRegistrationNode@@PAU_CONTEXT@@PAXPBU_s_FuncInfo@@HH1@Z 10012b7a f   libcmt:frame.obj
 0001:00011c24       ?TypeMatch@@YAHPBU_s_HandlerType@@PBU_s_CatchableType@@PBU_s_ThrowInfo@@@Z 10012c24 f   libcmt:frame.obj
 0001:00011d1f       ?FrameUnwindFilter@@YAHPAU_EXCEPTION_POINTERS@@@Z 10012d1f f   libcmt:frame.obj
 0001:00011d35       ?CatchIt@@YAXPAUEHExceptionRecord@@PAUEHRegistrationNode@@PAU_CONTEXT@@PAXPBU_s_FuncInfo@@PBU_s_HandlerType@@PBU_s_CatchableType@@PBU_s_TryBlockMapEntry@@H1E@Z 10012d35 f   libcmt:frame.obj
 0001:00011db0       ?CallCatchBlock@@YAPAXPAUEHExceptionRecord@@PAUEHRegistrationNode@@PAU_CONTEXT@@PBU_s_FuncInfo@@PAXHK@Z 10012db0 f   libcmt:frame.obj
 0001:00011ecb       ?ExFilterRethrow@@YAHPAU_EXCEPTION_POINTERS@@@Z 10012ecb f   libcmt:frame.obj
 0001:00011ef5       ?BuildCatchObject@@YAXPAUEHExceptionRecord@@PAUEHRegistrationNode@@PBU_s_HandlerType@@PBU_s_CatchableType@@@Z 10012ef5 f   libcmt:frame.obj
 0001:00012120       ?AdjustPointer@@YAPAXPAXABUPMD@@@Z 10013120 f   libcmt:frame.obj
 0001:00011863       _write_char                10012863 f   libcmt:output.obj
 0001:00011898       _write_multi_char          10012898 f   libcmt:output.obj
 0001:000118c9       _write_string              100128c9 f   libcmt:output.obj
 0001:00011901       _get_int_arg               10012901 f   libcmt:output.obj
 0001:0001190e       _get_int64_arg             1001290e f   libcmt:output.obj
 0001:0001191e       _get_short_arg             1001291e f   libcmt:output.obj
 0001:00010c34       _getSystemCP               10011c34 f   libcmt:mbctype.obj
 0001:00010c7e       _CPtoLCID                  10011c7e f   libcmt:mbctype.obj
 0001:00010cb1       _setSBCS                   10011cb1 f   libcmt:mbctype.obj
 0001:00010cda       _setSBUpLow                10011cda f   libcmt:mbctype.obj
 0001:000109b6       _doexit                    100119b6 f   libcmt:crt0dat.obj
 0001:00010a6d       __initterm                 10011a6d f   libcmt:crt0dat.obj
 0001:0000ff40       LeadUp1                    10010f40 f   libcmt:memcpy.obj
 0001:0000ff6c       LeadUp2                    10010f6c f   libcmt:memcpy.obj
 0001:0000ff90       LeadUp3                    10010f90 f   libcmt:memcpy.obj
 0001:0001000f       UnwindUp0                  1001100f f   libcmt:memcpy.obj
 0001:0000fffc       UnwindUp1                  10010ffc f   libcmt:memcpy.obj
 0001:0000fff4       UnwindUp2                  10010ff4 f   libcmt:memcpy.obj
 0001:0000ffec       UnwindUp3                  10010fec f   libcmt:memcpy.obj
 0001:0000ffe4       UnwindUp4                  10010fe4 f   libcmt:memcpy.obj
 0001:0000ffdc       UnwindUp5                  10010fdc f   libcmt:memcpy.obj
 0001:0000ffd4       UnwindUp6                  10010fd4 f   libcmt:memcpy.obj
 0001:0000ffcc       UnwindUp7                  10010fcc f   libcmt:memcpy.obj
 0001:00010028       TrailUp0                   10011028 f   libcmt:memcpy.obj
 0001:00010030       TrailUp1                   10011030 f   libcmt:memcpy.obj
 0001:0001003c       TrailUp2                   1001103c f   libcmt:memcpy.obj
 0001:00010050       TrailUp3                   10011050 f   libcmt:memcpy.obj
 0001:000100c8       LeadDown1                  100110c8 f   libcmt:memcpy.obj
 0001:000100e8       LeadDown2                  100110e8 f   libcmt:memcpy.obj
 0001:00010110       LeadDown3                  10011110 f   libcmt:memcpy.obj
 0001:00010164       UnwindDown7                10011164 f   libcmt:memcpy.obj
 0001:0001016c       UnwindDown6                1001116c f   libcmt:memcpy.obj
 0001:00010174       UnwindDown5                10011174 f   libcmt:memcpy.obj
 0001:0001017c       UnwindDown4                1001117c f   libcmt:memcpy.obj
 0001:00010184       UnwindDown3                10011184 f   libcmt:memcpy.obj
 0001:0001018c       UnwindDown2                1001118c f   libcmt:memcpy.obj
 0001:00010194       UnwindDown1                10011194 f   libcmt:memcpy.obj
 0001:000101a7       UnwindDown0                100111a7 f   libcmt:memcpy.obj
 0001:000101c0       TrailDown0                 100111c0 f   libcmt:memcpy.obj
 0001:000101c8       TrailDown1                 100111c8 f   libcmt:memcpy.obj
 0001:000101d8       TrailDown2                 100111d8 f   libcmt:memcpy.obj
 0001:000101ec       TrailDown3                 100111ec f   libcmt:memcpy.obj
 0001:0000fbe9       _shortsort                 10010be9 f   libcmt:qsort.obj
 0001:0000fc37       _swap                      10010c37 f   libcmt:qsort.obj
 0001:0000eddc       __threadstart@4            1000fddc f   libcmt:thread.obj
 0001:0000eaa0       LeadUp1                    1000faa0 f   libcmt:memmove.obj
 0001:0000eacc       LeadUp2                    1000facc f   libcmt:memmove.obj
 0001:0000eaf0       LeadUp3                    1000faf0 f   libcmt:memmove.obj
 0001:0000eb6f       UnwindUp0                  1000fb6f f   libcmt:memmove.obj
 0001:0000eb5c       UnwindUp1                  1000fb5c f   libcmt:memmove.obj
 0001:0000eb54       UnwindUp2                  1000fb54 f   libcmt:memmove.obj
 0001:0000eb4c       UnwindUp3                  1000fb4c f   libcmt:memmove.obj
 0001:0000eb44       UnwindUp4                  1000fb44 f   libcmt:memmove.obj
 0001:0000eb3c       UnwindUp5                  1000fb3c f   libcmt:memmove.obj
 0001:0000eb34       UnwindUp6                  1000fb34 f   libcmt:memmove.obj
 0001:0000eb2c       UnwindUp7                  1000fb2c f   libcmt:memmove.obj
 0001:0000eb88       TrailUp0                   1000fb88 f   libcmt:memmove.obj
 0001:0000eb90       TrailUp1                   1000fb90 f   libcmt:memmove.obj
 0001:0000eb9c       TrailUp2                   1000fb9c f   libcmt:memmove.obj
 0001:0000ebb0       TrailUp3                   1000fbb0 f   libcmt:memmove.obj
 0001:0000ec28       LeadDown1                  1000fc28 f   libcmt:memmove.obj
 0001:0000ec48       LeadDown2                  1000fc48 f   libcmt:memmove.obj
 0001:0000ec70       LeadDown3                  1000fc70 f   libcmt:memmove.obj
 0001:0000ecc4       UnwindDown7                1000fcc4 f   libcmt:memmove.obj
 0001:0000eccc       UnwindDown6                1000fccc f   libcmt:memmove.obj
 0001:0000ecd4       UnwindDown5                1000fcd4 f   libcmt:memmove.obj
 0001:0000ecdc       UnwindDown4                1000fcdc f   libcmt:memmove.obj
 0001:0000ece4       UnwindDown3                1000fce4 f   libcmt:memmove.obj
 0001:0000ecec       UnwindDown2                1000fcec f   libcmt:memmove.obj
 0001:0000ecf4       UnwindDown1                1000fcf4 f   libcmt:memmove.obj
 0001:0000ed07       UnwindDown0                1000fd07 f   libcmt:memmove.obj
 0001:0000ed20       TrailDown0                 1000fd20 f   libcmt:memmove.obj
 0001:0000ed28       TrailDown1                 1000fd28 f   libcmt:memmove.obj
 0001:0000ed38       TrailDown2                 1000fd38 f   libcmt:memmove.obj
 0001:0000ed4c       TrailDown3                 1000fd4c f   libcmt:memmove.obj
 0001:0000e84c       _gu_return                 1000f84c f   libcmt:exsup.obj
 0001:0000e854       __unwind_handler           1000f854 f   libcmt:exsup.obj
 0001:0000e666       ?CatchGuardHandler@@YA?AW4_EXCEPTION_DISPOSITION@@PAUEHExceptionRecord@@PAUCatchGuardRN@@PAX2@Z 1000f666 f   libcmt:trnsctrl.obj
 0001:0000e741       ?TranslatorGuardHandler@@YA?AW4_EXCEPTION_DISPOSITION@@PAUEHExceptionRecord@@PAUTranslatorGuardRN@@PAX2@Z 1000f741 f   libcmt:trnsctrl.obj

 244 bytes saved through ICF

