 dsiPlayer

 Timestamp is 3cc719fb (Wed Apr 24 22:47:55 2002)

 Preferred load address is 10000000

 Start         Length     Name                   Class
 0001:00000000 00036aefH .text                   CODE
 0001:00036af0 000010adH .text$x                 CODE
 0001:00037b9d 00016003H .textbss                CODE
 0002:00000000 00031422H .rdata                  DATA
 0002:00031428 000001ebH .xdata$x                DATA
 0002:00031620 000001deH .edata                  DATA
 0003:00000000 00000104H .CRT$XCA                DATA
 0003:00000104 00000104H .CRT$XCZ                DATA
 0003:00000208 00000104H .CRT$XIA                DATA
 0003:0000030c 00000109H .CRT$XIC                DATA
 0003:00000418 00000104H .CRT$XIY                DATA
 0003:0000051c 00000104H .CRT$XIZ                DATA
 0003:00000620 00000104H .CRT$XPA                DATA
 0003:00000724 00000104H .CRT$XPX                DATA
 0003:00000828 00000104H .CRT$XPZ                DATA
 0003:0000092c 00000104H .CRT$XTA                DATA
 0003:00000a30 00000104H .CRT$XTB                DATA
 0003:00000b34 00000104H .CRT$XTZ                DATA
 0003:00000c40 00004476H .data                   DATA
 0003:000050b8 00001d30H .bss                    DATA
 0004:00000000 00000064H .idata$2                DATA
 0004:00000064 00000014H .idata$3                DATA
 0004:00000078 000002d0H .idata$4                DATA
 0004:00000348 000002d0H .idata$5                DATA
 0004:00000618 00000930H .idata$6                DATA

  Address         Publics by Value              Rva+Base     Lib:Object

 0001:000002b0       _DllMain@12                100012b0 f   dsiPlayer.obj
 0001:000002e0       ?DSIP_Init@@YAXPAUHWND__@@@Z 100012e0 f   dsiPlayer.obj
 0001:00000420       ?DSIP_Open@@YAHPAD@Z       10001420 f   dsiPlayer.obj
 0001:00000560       ?DSIP_Play@@YAJXZ          10001560 f   dsiPlayer.obj
 0001:00000680       ?DSIP_Pause@@YAXXZ         10001680 f   dsiPlayer.obj
 0001:000006c0       ?DSIP_Stop@@YAXXZ          100016c0 f   dsiPlayer.obj
 0001:00000720       ?DSIP_IsAudioPlaying@@YAHXZ 10001720 f   dsiPlayer.obj
 0001:00000780       ??0CSoundManager@@QAE@XZ   10001780 f   dsutil.obj
 0001:000007c0       ??1CSoundManager@@QAE@XZ   100017c0 f   dsutil.obj
 0001:00000830       ?Initialize@CSoundManager@@QAEJPAUHWND__@@KKKK@Z 10001830 f   dsutil.obj
 0001:000009a0       ?SetPrimaryBufferFormat@CSoundManager@@QAEJKKK@Z 100019a0 f   dsutil.obj
 0001:00000ba0       ?Get3DListenerInterface@CSoundManager@@QAEJPAPAUIDirectSound3DListener@@@Z 10001ba0 f   dsutil.obj
 0001:00000d60       ?Create@CSoundManager@@QAEJPAPAVCSound@@PADKU_GUID@@K@Z 10001d60 f   dsutil.obj
 0001:00001170       ??_GCWaveFile@@QAEPAXI@Z   10002170 f i dsutil.obj
 0001:000011e0       ?CreateFromMemory@CSoundManager@@QAEJPAPAVCSound@@PAEKPAUtWAVEFORMATEX@@KU_GUID@@K@Z 100021e0 f   dsutil.obj
 0001:00001570       ?CreateStreaming@CSoundManager@@QAEJPAPAVCStreamingSound@@PADKU_GUID@@KKPAX@Z 10002570 f   dsutil.obj
 0001:00001a40       ??0CSound@@QAE@PAPAUIDirectSoundBuffer@@KKPAVCWaveFile@@@Z 10002a40 f   dsutil.obj
 0001:00001b80       ??_ECSound@@UAEPAXI@Z      10002b80 f i dsutil.obj
 0001:00001b80       ??_GCSound@@UAEPAXI@Z      10002b80 f i dsutil.obj
 0001:00001bf0       ??1CSound@@UAE@XZ          10002bf0 f   dsutil.obj
 0001:00001d40       ?FillBufferWithSound@CSound@@QAEJPAUIDirectSoundBuffer@@H@Z 10002d40 f   dsutil.obj
 0001:00002080       ?RestoreBuffer@CSound@@IAEJPAUIDirectSoundBuffer@@PAH@Z 10003080 f   dsutil.obj
 0001:000021b0       ?GetFreeBuffer@CSound@@QAEPAUIDirectSoundBuffer@@XZ 100031b0 f   dsutil.obj
 0001:000022c0       ?GetBuffer@CSound@@QAEPAUIDirectSoundBuffer@@K@Z 100032c0 f   dsutil.obj
 0001:00002330       ?Get3DBufferInterface@CSound@@QAEJKPAPAUIDirectSound3DBuffer@@@Z 10003330 f   dsutil.obj
 0001:000023e0       ?Play@CSound@@QAEJKK@Z     100033e0 f   dsutil.obj
 0001:00002550       ?Stop@CSound@@QAEJXZ       10003550 f   dsutil.obj
 0001:00002610       ?Reset@CSound@@QAEJXZ      10003610 f   dsutil.obj
 0001:000026d0       ?IsSoundPlaying@CSound@@QAEHXZ 100036d0 f   dsutil.obj
 0001:000027c0       ??0CStreamingSound@@QAE@PAUIDirectSoundBuffer@@KPAVCWaveFile@@K@Z 100037c0 f   dsutil.obj
 0001:00002870       ??_ECStreamingSound@@UAEPAXI@Z 10003870 f i dsutil.obj
 0001:00002870       ??_GCStreamingSound@@UAEPAXI@Z 10003870 f i dsutil.obj
 0001:000028e0       ??1CStreamingSound@@UAE@XZ 100038e0 f   dsutil.obj
 0001:00002930       ?HandleWaveStreamNotification@CStreamingSound@@QAEJH@Z 10003930 f   dsutil.obj
 0001:00002e50       ?Reset@CStreamingSound@@QAEJXZ 10003e50 f   dsutil.obj
 0001:00002fc0       ??0CWaveFile@@QAE@XZ       10003fc0 f   dsutil.obj
 0001:00003040       ??1CWaveFile@@QAE@XZ       10004040 f   dsutil.obj
 0001:000030c0       ?Open@CWaveFile@@QAEJPADPAUtWAVEFORMATEX@@K@Z 100040c0 f   dsutil.obj
 0001:000035a0       ?OpenFromMemory@CWaveFile@@QAEJPAEKPAUtWAVEFORMATEX@@K@Z 100045a0 f   dsutil.obj
 0001:00003640       ?ReadMMIO@CWaveFile@@IAEJXZ 10004640 f   dsutil.obj
 0001:00003ad0       ?GetSize@CWaveFile@@QAEKXZ 10004ad0 f   dsutil.obj
 0001:00003b10       ?ResetFile@CWaveFile@@QAEJXZ 10004b10 f   dsutil.obj
 0001:00003d40       ?Read@CWaveFile@@QAEJPAEKPAK@Z 10004d40 f   dsutil.obj
 0001:00004070       ?Close@CWaveFile@@QAEJXZ   10005070 f   dsutil.obj
 0001:00004400       ?WriteMMIO@CWaveFile@@IAEJPAUtWAVEFORMATEX@@@Z 10005400 f   dsutil.obj
 0001:00004780       ?Write@CWaveFile@@QAEJIPAEPAI@Z 10005780 f   dsutil.obj
 0001:00004900       ?DXUtil_GetDXSDKMediaPath@@YAPBDXZ 10005900 f   dxutil.obj
 0001:00004a00       ?DXUtil_FindMediaFile@@YAJPAD0@Z 10005a00 f   dxutil.obj
 0001:00004c30       ?DXUtil_ReadStringRegKey@@YAJPAUHKEY__@@PAD1K1@Z 10005c30 f   dxutil.obj
 0001:00004cb0       ?DXUtil_WriteStringRegKey@@YAJPAUHKEY__@@PAD1@Z 10005cb0 f   dxutil.obj
 0001:00004d30       ?DXUtil_ReadIntRegKey@@YAJPAUHKEY__@@PADPAKK@Z 10005d30 f   dxutil.obj
 0001:00004db0       ?DXUtil_WriteIntRegKey@@YAJPAUHKEY__@@PADK@Z 10005db0 f   dxutil.obj
 0001:00004e20       ?DXUtil_ReadBoolRegKey@@YAJPAUHKEY__@@PADPAHH@Z 10005e20 f   dxutil.obj
 0001:00004ea0       ?DXUtil_WriteBoolRegKey@@YAJPAUHKEY__@@PADH@Z 10005ea0 f   dxutil.obj
 0001:00004f10       ?DXUtil_ReadGuidRegKey@@YAJPAUHKEY__@@PADPAU_GUID@@AAU2@@Z 10005f10 f   dxutil.obj
 0001:00004fb0       ?DXUtil_WriteGuidRegKey@@YAJPAUHKEY__@@PADU_GUID@@@Z 10005fb0 f   dxutil.obj
 0001:00005020       ?DXUtil_Timer@@YGMW4TIMER_COMMAND@@@Z 10006020 f   dxutil.obj
 0001:000055b0       ?DXUtil_ConvertAnsiStringToWide@@YAXPAGPBDH@Z 100065b0 f   dxutil.obj
 0001:00005650       ?DXUtil_ConvertWideStringToAnsi@@YAXPADPBGH@Z 10006650 f   dxutil.obj
 0001:00005700       ?DXUtil_ConvertGenericStringToAnsi@@YAXPADPBDH@Z 10006700 f   dxutil.obj
 0001:00005790       ?DXUtil_ConvertGenericStringToWide@@YAXPAGPBDH@Z 10006790 f   dxutil.obj
 0001:00005800       ?DXUtil_ConvertAnsiStringToGeneric@@YAXPADPBDH@Z 10006800 f   dxutil.obj
 0001:00005890       ?DXUtil_ConvertWideStringToGeneric@@YAXPADPBGH@Z 10006890 f   dxutil.obj
 0001:00005900       ?_DbgOut@@YAJPADKJ0@Z      10006900 f   dxutil.obj
 0001:00005a10       ?DXUtil_Trace@@YAXPADZZ    10006a10 f   dxutil.obj
 0001:00005ab0       ?DXUtil_ConvertStringToGUID@@YAHPBDPAU_GUID@@@Z 10006ab0 f   dxutil.obj
 0001:00005bd0       ?DXUtil_ConvertGUIDToString@@YAXPBU_GUID@@PAD@Z 10006bd0 f   dxutil.obj
 0001:00005c93       _DXGetErrorString8A@4      10006c93 f   dxerr8:dxerr8.obj
 0001:00008621       _DXGetErrorString8W@4      10009621 f   dxerr8:dxerr8.obj
 0001:0000afaf       _DXGetErrorDescription8A@4 1000bfaf f   dxerr8:dxerr8.obj
 0001:0000d8a2       _DXGetErrorDescription8W@4 1000e8a2 f   dxerr8:dxerr8.obj
 0001:00010195       _DXTraceW@20               10011195 f   dxerr8:dxerr8.obj
 0001:000102ed       _DXTraceA@20               100112ed f   dxerr8:dxerr8.obj
 0001:0001044e       _mmioClose@8               1001144e f   winmm:WINMM.dll
 0001:00010454       _mmioOpenA@12              10011454 f   winmm:WINMM.dll
 0001:0001045a       _mmioAscend@12             1001145a f   winmm:WINMM.dll
 0001:00010460       _mmioRead@12               10011460 f   winmm:WINMM.dll
 0001:00010466       _mmioDescend@16            10011466 f   winmm:WINMM.dll
 0001:0001046c       _mmioGetInfo@12            1001146c f   winmm:WINMM.dll
 0001:00010472       _mmioCreateChunk@12        10011472 f   winmm:WINMM.dll
 0001:00010478       _mmioSeek@12               10011478 f   winmm:WINMM.dll
 0001:0001047e       _mmioSetInfo@12            1001147e f   winmm:WINMM.dll
 0001:00010484       _mmioAdvance@12            10011484 f   winmm:WINMM.dll
 0001:0001048a       _mmioWrite@12              1001148a f   winmm:WINMM.dll
 0001:00010490       _timeGetTime@0             10011490 f   winmm:WINMM.dll
 0001:00010496       _DirectSoundCreate8@12     10011496 f   dsound:DSOUND.dll
 0001:0001049c       _Sleep@4                   1001149c f   kernel32:KERNEL32.dll
 0001:000104a2       _LockResource@4            100114a2 f   kernel32:KERNEL32.dll
 0001:000104a8       _SizeofResource@8          100114a8 f   kernel32:KERNEL32.dll
 0001:000104ae       _LoadResource@8            100114ae f   kernel32:KERNEL32.dll
 0001:000104b4       _FindResourceA@12          100114b4 f   kernel32:KERNEL32.dll
 0001:000104ba       _CloseHandle@4             100114ba f   kernel32:KERNEL32.dll
 0001:000104c0       _CreateFileA@28            100114c0 f   kernel32:KERNEL32.dll
 0001:000104c6       _GetFullPathNameA@16       100114c6 f   kernel32:KERNEL32.dll
 0001:000104cc       _QueryPerformanceCounter@4 100114cc f   kernel32:KERNEL32.dll
 0001:000104d2       _QueryPerformanceFrequency@4 100114d2 f   kernel32:KERNEL32.dll
 0001:000104d8       _MultiByteToWideChar@24    100114d8 f   kernel32:KERNEL32.dll
 0001:000104de       _WideCharToMultiByte@32    100114de f   kernel32:KERNEL32.dll
 0001:000104e4       _OutputDebugStringA@4      100114e4 f   kernel32:KERNEL32.dll
 0001:000104ea       _OutputDebugStringW@4      100114ea f   kernel32:KERNEL32.dll
 0001:000104f0       _MessageBoxA@16            100114f0 f   user32:USER32.dll
 0001:000104f6       _wsprintfA                 100114f6 f   user32:USER32.dll
 0001:000104fc       _MessageBoxW@16            100114fc f   user32:USER32.dll
 0001:00010502       _RegCloseKey@4             10011502 f   advapi32:ADVAPI32.dll
 0001:00010508       _RegQueryValueExA@24       10011508 f   advapi32:ADVAPI32.dll
 0001:0001050e       _RegOpenKeyExA@20          1001150e f   advapi32:ADVAPI32.dll
 0001:00010514       _RegSetValueExA@24         10011514 f   advapi32:ADVAPI32.dll
 0001:00010520       ??3@YAXPAX@Z               10011520 f   LIBCMTD:dbgdel.obj
 0001:000105d0       ??2@YAPAXI@Z               100115d0 f   LIBCMTD:new.obj
 0001:000105f0       ?_JumpToContinuation@@YGXPAXPAUEHRegistrationNode@@@Z 100115f0 f   LIBCMTD:trnsctrl.obj
 0001:00010630       ?_CallMemberFunction0@@YGXPAX0@Z 10011630 f   LIBCMTD:trnsctrl.obj
 0001:00010640       ?_CallMemberFunction1@@YGXPAX00@Z 10011640 f   LIBCMTD:trnsctrl.obj
 0001:00010650       ?_CallMemberFunction2@@YGXPAX00H@Z 10011650 f   LIBCMTD:trnsctrl.obj
 0001:00010660       ?_UnwindNestedFrames@@YGXPAUEHRegistrationNode@@PAUEHExceptionRecord@@@Z 10011660 f   LIBCMTD:trnsctrl.obj
 0001:000106c0       ___CxxFrameHandler         100116c0 f   LIBCMTD:trnsctrl.obj
 0001:00010700       ___CxxLongjmpUnwind@4      10011700 f   LIBCMTD:trnsctrl.obj
 0001:00010730       ?_CallCatchBlock2@@YAPAXPAUEHRegistrationNode@@PBU_s_FuncInfo@@PAXHK@Z 10011730 f   LIBCMTD:trnsctrl.obj
 0001:000107e0       ?_CallSETranslator@@YAHPAUEHExceptionRecord@@PAUEHRegistrationNode@@PAX2PBU_s_FuncInfo@@H1@Z 100117e0 f   LIBCMTD:trnsctrl.obj
 0001:00010940       ?_GetRangeOfTrysToCheck@@YAPBU_s_TryBlockMapEntry@@PBU_s_FuncInfo@@HHPAI1@Z 10011940 f   LIBCMTD:trnsctrl.obj
 0001:000109d0       __global_unwind2           100119d0 f   LIBCMTD:exsup.obj
 0001:00010a12       __local_unwind2            10011a12 f   LIBCMTD:exsup.obj
 0001:00010a6a       __NLG_Return2              10011a6a f   LIBCMTD:exsup.obj
 0001:00010a7a       __abnormal_termination     10011a7a f   LIBCMTD:exsup.obj
 0001:00010a9d       __NLG_Notify1              10011a9d f   LIBCMTD:exsup.obj
 0001:00010aa6       __NLG_Notify               10011aa6 f   LIBCMTD:exsup.obj
 0001:00010ab9       __NLG_Dispatch             10011ab9 f   LIBCMTD:exsup.obj
 0001:00010ac0       __chkesp                   10011ac0 f   LIBCMTD:chkesp.obj
 0001:00010b00       _memset                    10011b00 f   LIBCMTD:memset.obj
 0001:00010b60       _srand                     10011b60 f   LIBCMTD:rand.obj
 0001:00010b70       _rand                      10011b70 f   LIBCMTD:rand.obj
 0001:00010bb0       _memcpy                    10011bb0 f   LIBCMTD:memcpy.obj
 0001:00010ef0       _strcpy                    10011ef0 f   LIBCMTD:strcat.obj
 0001:00010f00       _strcat                    10011f00 f   LIBCMTD:strcat.obj
 0001:00010fe0       _sprintf                   10011fe0 f   LIBCMTD:sprintf.obj
 0001:000110e0       _strlen                    100120e0 f   LIBCMTD:strlen.obj
 0001:00011160       __fpmath                   10012160 f   LIBCMTD:fpinit.obj
 0001:00011190       __fpclear                  10012190 f   LIBCMTD:fpinit.obj
 0001:000111a0       __cfltcvt_init             100121a0 f   LIBCMTD:fpinit.obj
 0001:000111f0       ___setfflag                100121f0 f   LIBCMTD:fpinit.obj
 0001:00011210       __alldiv                   10012210 f   LIBCMTD:lldiv.obj
 0001:000112c0       _wcslen                    100122c0 f   LIBCMTD:wcslen.obj
 0001:000112f0       _strncpy                   100122f0 f   LIBCMTD:strncpy.obj
 0001:000113f0       __vsnprintf                100123f0 f   LIBCMTD:vsnprint.obj
 0001:000114f0       _sscanf                    100124f0 f   LIBCMTD:sscanf.obj
 0001:000115b0       __CRT_INIT@12              100125b0 f   LIBCMTD:dllcrt0.obj
 0001:000116f0       __DllMainCRTStartup@12     100126f0 f   LIBCMTD:dllcrt0.obj
 0001:000117f0       __amsg_exit                100127f0 f   LIBCMTD:dllcrt0.obj
 0001:00011830       _swprintf                  10012830 f   LIBCMTD:swprintf.obj
 0001:00011980       __alloca_probe             10012980 f   LIBCMTD:chkstk.obj
 0001:00011980       __chkstk                   10012980 f   LIBCMTD:chkstk.obj
 0001:000119b0       __mtinitlocks              100129b0 f   LIBCMTD:mlock.obj
 0001:000119f0       __mtdeletelocks            100129f0 f   LIBCMTD:mlock.obj
 0001:00011a90       __lock                     10012a90 f   LIBCMTD:mlock.obj
 0001:00011b30       __unlock                   10012b30 f   LIBCMTD:mlock.obj
 0001:00011b50       __lockerr_exit             10012b50 f   LIBCMTD:mlock.obj
 0001:00011b70       _malloc                    10012b70 f   LIBCMTD:dbgheap.obj
 0001:00011ba0       __malloc_dbg               10012ba0 f   LIBCMTD:dbgheap.obj
 0001:00011bd0       __nh_malloc                10012bd0 f   LIBCMTD:dbgheap.obj
 0001:00011bf0       __nh_malloc_dbg            10012bf0 f   LIBCMTD:dbgheap.obj
 0001:00011c90       __heap_alloc               10012c90 f   LIBCMTD:dbgheap.obj
 0001:00011cb0       __heap_alloc_dbg           10012cb0 f   LIBCMTD:dbgheap.obj
 0001:00011fd0       _calloc                    10012fd0 f   LIBCMTD:dbgheap.obj
 0001:00012000       __calloc_dbg               10013000 f   LIBCMTD:dbgheap.obj
 0001:00012060       _realloc                   10013060 f   LIBCMTD:dbgheap.obj
 0001:00012090       __realloc_dbg              10013090 f   LIBCMTD:dbgheap.obj
 0001:00012640       __expand                   10013640 f   LIBCMTD:dbgheap.obj
 0001:00012670       __expand_dbg               10013670 f   LIBCMTD:dbgheap.obj
 0001:00012700       _free                      10013700 f   LIBCMTD:dbgheap.obj
 0001:00012720       __free_lk                  10013720 f   LIBCMTD:dbgheap.obj
 0001:00012740       __free_dbg                 10013740 f   LIBCMTD:dbgheap.obj
 0001:000127b0       __free_dbg_lk              100137b0 f   LIBCMTD:dbgheap.obj
 0001:00012ba0       __msize                    10013ba0 f   LIBCMTD:dbgheap.obj
 0001:00012bc0       __msize_dbg                10013bc0 f   LIBCMTD:dbgheap.obj
 0001:00012d50       __CrtSetBreakAlloc         10013d50 f   LIBCMTD:dbgheap.obj
 0001:00012d70       __CrtSetDbgBlockType       10013d70 f   LIBCMTD:dbgheap.obj
 0001:00012e50       __CrtSetAllocHook          10013e50 f   LIBCMTD:dbgheap.obj
 0001:00012f00       __CrtCheckMemory           10013f00 f   LIBCMTD:dbgheap.obj
 0001:000132b0       __CrtSetDbgFlag            100142b0 f   LIBCMTD:dbgheap.obj
 0001:000132e0       __CrtDoForAllClientObjects 100142e0 f   LIBCMTD:dbgheap.obj
 0001:00013390       __CrtIsValidPointer        10014390 f   LIBCMTD:dbgheap.obj
 0001:000133e0       __CrtIsValidHeapPointer    100143e0 f   LIBCMTD:dbgheap.obj
 0001:00013510       __CrtIsMemoryBlock         10014510 f   LIBCMTD:dbgheap.obj
 0001:00013640       __CrtSetDumpClient         10014640 f   LIBCMTD:dbgheap.obj
 0001:00013660       __CrtMemCheckpoint         10014660 f   LIBCMTD:dbgheap.obj
 0001:00013810       __CrtMemDifference         10014810 f   LIBCMTD:dbgheap.obj
 0001:00013940       __CrtMemDumpAllObjectsSince 10014940 f   LIBCMTD:dbgheap.obj
 0001:00013d60       __CrtDumpMemoryLeaks       10014d60 f   LIBCMTD:dbgheap.obj
 0001:00013de0       __CrtMemDumpStatistics     10014de0 f   LIBCMTD:dbgheap.obj
 0001:00013eb0       __CrtDbgBreak              10014eb0 f   LIBCMTD:dbgrpt.obj
 0001:00013ec0       __CrtSetReportMode         10014ec0 f   LIBCMTD:dbgrpt.obj
 0001:00013f20       __CrtSetReportFile         10014f20 f   LIBCMTD:dbgrpt.obj
 0001:00013fa0       __CrtSetReportHook         10014fa0 f   LIBCMTD:dbgrpt.obj
 0001:00013fc0       __CrtDbgReport             10014fc0 f   LIBCMTD:dbgrpt.obj
 0001:00014660       ___InternalCxxFrameHandler 10015660 f   LIBCMTD:frame.obj
 0001:00014bd0       ___FrameUnwindToState      10015bd0 f   LIBCMTD:frame.obj
 0001:000151e0       ?_DestructExceptionObject@@YAXPAUEHExceptionRecord@@E@Z 100161e0 f   LIBCMTD:frame.obj
 0001:000152c0       __CallSettingFrame@12      100162c0 f   LIBCMTD:lowhelpr.obj
 0001:000152e7       __NLG_Return               100162e7 f   LIBCMTD:lowhelpr.obj
 0001:00015310       __mtinit                   10016310 f   LIBCMTD:tidtable.obj
 0001:000153a0       __mtterm                   100163a0 f   LIBCMTD:tidtable.obj
 0001:000153d0       __initptd                  100163d0 f   LIBCMTD:tidtable.obj
 0001:000153f0       __getptd                   100163f0 f   LIBCMTD:tidtable.obj
 0001:00015490       __freeptd                  10016490 f   LIBCMTD:tidtable.obj
 0001:000155a0       ___threadid                100165a0 f   LIBCMTD:tidtable.obj
 0001:000155b0       ___threadhandle            100165b0 f   LIBCMTD:tidtable.obj
 0001:000155c0       ?terminate@@YAXXZ          100165c0 f   LIBCMTD:hooks.obj
 0001:00015650       ?unexpected@@YAXXZ         10016650 f   LIBCMTD:hooks.obj
 0001:00015670       ?_inconsistency@@YAXXZ     10016670 f   LIBCMTD:hooks.obj
 0001:00015700       __flsbuf                   10016700 f   LIBCMTD:_flsbuf.obj
 0001:00015980       __output                   10016980 f   LIBCMTD:output.obj
 0001:00016820       __setdefaultprecision      10017820 f   LIBCMTD:fp8.obj
 0001:00016840       __ms_p5_test_fdiv          10017840 f   LIBCMTD:testfdiv.obj
 0001:000168a0       __ms_p5_mp_test_fdiv       100178a0 f   LIBCMTD:testfdiv.obj
 0001:000168f0       __forcdecpt                100178f0 f   LIBCMTD:cvt.obj
 0001:000169a0       __cropzeros                100179a0 f   LIBCMTD:cvt.obj
 0001:00016a80       __positive                 10017a80 f   LIBCMTD:cvt.obj
 0001:00016ab0       __fassign                  10017ab0 f   LIBCMTD:cvt.obj
 0001:00016b00       __cftoe                    10017b00 f   LIBCMTD:cvt.obj
 0001:00016cf0       __cftof                    10017cf0 f   LIBCMTD:cvt.obj
 0001:00016ea0       __cftog                    10017ea0 f   LIBCMTD:cvt.obj
 0001:00016f90       __cfltcvt                  10017f90 f   LIBCMTD:cvt.obj
 0001:00017020       __input                    10018020 f   LIBCMTD:input.obj
 0001:00018520       __cinit                    10019520 f   LIBCMTD:crt0dat.obj
 0001:00018560       _exit                      10019560 f   LIBCMTD:crt0dat.obj
 0001:00018580       __exit                     10019580 f   LIBCMTD:crt0dat.obj
 0001:000185a0       __cexit                    100195a0 f   LIBCMTD:crt0dat.obj
 0001:000185c0       __c_exit                   100195c0 f   LIBCMTD:crt0dat.obj
 0001:000186d0       __lockexit                 100196d0 f   LIBCMTD:crt0dat.obj
 0001:000186e0       __unlockexit               100196e0 f   LIBCMTD:crt0dat.obj
 0001:00018720       __ioinit                   10019720 f   LIBCMTD:ioinit.obj
 0001:00018a50       __ioterm                   10019a50 f   LIBCMTD:ioinit.obj
 0001:00018af0       __setenvp                  10019af0 f   LIBCMTD:stdenvp.obj
 0001:00018c40       __setargv                  10019c40 f   LIBCMTD:stdargv.obj
 0001:00019150       ___crtGetEnvironmentStringsA 1001a150 f   LIBCMTD:a_env.obj
 0001:00019370       __GetLinkerVersion         1001a370 f   LIBCMTD:heapinit.obj
 0001:000193d0       ___heap_select             1001a3d0 f   LIBCMTD:heapinit.obj
 0001:00019600       __heap_init                1001a600 f   LIBCMTD:heapinit.obj
 0001:00019690       __heap_term                1001a690 f   LIBCMTD:heapinit.obj
 0001:00019780       __FF_MSGBANNER             1001a780 f   LIBCMTD:crt0msg.obj
 0001:000197d0       __NMSG_WRITE               1001a7d0 f   LIBCMTD:crt0msg.obj
 0001:00019990       __GET_RTERRMSG             1001a990 f   LIBCMTD:crt0msg.obj
 0001:000199e0       __woutput                  1001a9e0 f   LIBCMTD:woutput.obj
 0001:0001a7c0       ?_set_new_handler@@YAP6AHI@ZP6AHI@Z@Z 1001b7c0 f   LIBCMTD:handler.obj
 0001:0001a7f0       ?_query_new_handler@@YAP6AHI@ZXZ 1001b7f0 f   LIBCMTD:handler.obj
 0001:0001a800       __callnewh                 1001b800 f   LIBCMTD:handler.obj
 0001:0001a838       __except_handler3          1001b838 f   LIBCMTD:exsup3.obj
 0001:0001a8f5       __seh_longjmp_unwind@4     1001b8f5 f   LIBCMTD:exsup3.obj
 0001:0001a910       __malloc_base              1001b910 f   LIBCMTD:malloc.obj
 0001:0001a930       __nh_malloc_base           1001b930 f   LIBCMTD:malloc.obj
 0001:0001a990       __heap_alloc_base          1001b990 f   LIBCMTD:malloc.obj
 0001:0001aae0       __CrtDefaultAllocHook      1001bae0 f   LIBCMTD:dbghook.obj
 0001:0001aaf0       __expand_base              1001baf0 f   LIBCMTD:expand.obj
 0001:0001ad00       __realloc_base             1001bd00 f   LIBCMTD:realloc.obj
 0001:0001b1a0       __free_base                1001c1a0 f   LIBCMTD:free.obj
 0001:0001b2f0       __heapchk                  1001c2f0 f   LIBCMTD:heapchk.obj
 0001:0001b400       __heapset                  1001c400 f   LIBCMTD:heapchk.obj
 0001:0001b410       __get_sbh_threshold        1001c410 f   LIBCMTD:sbheap.obj
 0001:0001b440       __set_sbh_threshold        1001c440 f   LIBCMTD:sbheap.obj
 0001:0001b550       ___sbh_heap_init           1001c550 f   LIBCMTD:sbheap.obj
 0001:0001b5c0       ___sbh_find_block          1001c5c0 f   LIBCMTD:sbheap.obj
 0001:0001b620       ___sbh_verify_block        1001c620 f   LIBCMTD:sbheap.obj
 0001:0001b680       ___sbh_free_block          1001c680 f   LIBCMTD:sbheap.obj
 0001:0001bc60       ___sbh_alloc_block         1001cc60 f   LIBCMTD:sbheap.obj
 0001:0001c1a0       ___sbh_alloc_new_region    1001d1a0 f   LIBCMTD:sbheap.obj
 0001:0001c2b0       ___sbh_alloc_new_group     1001d2b0 f   LIBCMTD:sbheap.obj
 0001:0001c4a0       ___sbh_resize_block        1001d4a0 f   LIBCMTD:sbheap.obj
 0001:0001ca90       ___sbh_heapmin             1001da90 f   LIBCMTD:sbheap.obj
 0001:0001cbc0       ___sbh_heap_check          1001dbc0 f   LIBCMTD:sbheap.obj
 0001:0001d1e0       __get_old_sbh_threshold    1001e1e0 f   LIBCMTD:sbheap.obj
 0001:0001d1f0       __set_old_sbh_threshold    1001e1f0 f   LIBCMTD:sbheap.obj
 0001:0001d220       ___old_sbh_new_region      1001e220 f   LIBCMTD:sbheap.obj
 0001:0001d400       ___old_sbh_release_region  1001e400 f   LIBCMTD:sbheap.obj
 0001:0001d480       ___old_sbh_decommit_pages  1001e480 f   LIBCMTD:sbheap.obj
 0001:0001d5e0       ___old_sbh_find_block      1001e5e0 f   LIBCMTD:sbheap.obj
 0001:0001d670       ___old_sbh_free_block      1001e670 f   LIBCMTD:sbheap.obj
 0001:0001d6e0       ___old_sbh_alloc_block     1001e6e0 f   LIBCMTD:sbheap.obj
 0001:0001daa0       ___old_sbh_alloc_block_from_page 1001eaa0 f   LIBCMTD:sbheap.obj
 0001:0001dd50       ___old_sbh_resize_block    1001ed50 f   LIBCMTD:sbheap.obj
 0001:0001dec0       ___old_sbh_heap_check      1001eec0 f   LIBCMTD:sbheap.obj
 0001:0001e100       __isctype                  1001f100 f   LIBCMTD:isctype.obj
 0001:0001e1c0       __itoa                     1001f1c0 f   LIBCMTD:xtoa.obj
 0001:0001e2e0       __ltoa                     1001f2e0 f   LIBCMTD:xtoa.obj
 0001:0001e320       __ultoa                    1001f320 f   LIBCMTD:xtoa.obj
 0001:0001e340       __i64toa                   1001f340 f   LIBCMTD:xtoa.obj
 0001:0001e490       __ui64toa                  1001f490 f   LIBCMTD:xtoa.obj
 0001:0001e4b0       __snprintf                 1001f4b0 f   LIBCMTD:snprintf.obj
 0001:0001e5b0       _signal                    1001f5b0 f   LIBCMTD:winsig.obj
 0001:0001e880       _raise                     1001f880 f   LIBCMTD:winsig.obj
 0001:0001eb20       ___fpecode                 1001fb20 f   LIBCMTD:winsig.obj
 0001:0001eb30       ___pxcptinfoptrs           1001fb30 f   LIBCMTD:winsig.obj
 0001:0001eb40       ___crtMessageBoxA          1001fb40 f   LIBCMTD:crtmbox.obj
 0001:0001ec00       ?__CxxUnhandledExceptionFilter@@YGJPAU_EXCEPTION_POINTERS@@@Z 1001fc00 f   LIBCMTD:unhandld.obj
 0001:0001ec60       ?__CxxSetUnhandledExceptionFilter@@YAXXZ 1001fc60 f   LIBCMTD:unhandld.obj
 0001:0001ec80       ?__CxxRestoreUnhandledExceptionFilter@@YAXXZ 1001fc80 f   LIBCMTD:unhandld.obj
 0001:0001eca0       ?_ValidateRead@@YAHPBXI@Z  1001fca0 f   LIBCMTD:validate.obj
 0001:0001ecd0       ?_ValidateWrite@@YAHPAXI@Z 1001fcd0 f   LIBCMTD:validate.obj
 0001:0001ed00       ?_ValidateExecute@@YAHP6GHXZ@Z 1001fd00 f   LIBCMTD:validate.obj
 0001:0001ed30       _strcmp                    1001fd30 f   LIBCMTD:strcmp.obj
 0001:0001edc0       _memmove                   1001fdc0 f   LIBCMTD:memmove.obj
 0001:0001f100       __XcptFilter               10020100 f   LIBCMTD:winxfltr.obj
 0001:0001f320       _abort                     10020320 f   LIBCMTD:abort.obj
 0001:0001f340       __lseek                    10020340 f   LIBCMTD:lseek.obj
 0001:0001f3d0       __lseek_lk                 100203d0 f   LIBCMTD:lseek.obj
 0001:0001f490       __write                    10020490 f   LIBCMTD:write.obj
 0001:0001f520       __write_lk                 10020520 f   LIBCMTD:write.obj
 0001:0001f7a0       __getbuf                   100207a0 f   LIBCMTD:_getbuf.obj
 0001:0001f870       __isatty                   10020870 f   LIBCMTD:isatty.obj
 0001:0001f8b0       ___initstdio               100208b0 f   LIBCMTD:_file.obj
 0001:0001f9e0       ___endstdio                100209e0 f   LIBCMTD:_file.obj
 0001:0001fa00       __lock_file                10020a00 f   LIBCMTD:_file.obj
 0001:0001fa40       __lock_file2               10020a40 f   LIBCMTD:_file.obj
 0001:0001fa70       __unlock_file              10020a70 f   LIBCMTD:_file.obj
 0001:0001fab0       __unlock_file2             10020ab0 f   LIBCMTD:_file.obj
 0001:0001fae0       _wctomb                    10020ae0 f   LIBCMTD:wctomb.obj
 0001:0001fb60       __wctomb_lk                10020b60 f   LIBCMTD:wctomb.obj
 0001:0001fc00       __aulldiv                  10020c00 f   LIBCMTD:ulldiv.obj
 0001:0001fc70       __aullrem                  10020c70 f   LIBCMTD:ullrem.obj
 0001:0001fcf0       __statusfp                 10020cf0 f   LIBCMTD:ieee87.obj
 0001:0001fd10       __clearfp                  10020d10 f   LIBCMTD:ieee87.obj
 0001:0001fd30       __control87                10020d30 f   LIBCMTD:ieee87.obj
 0001:0001fd80       __controlfp                10020d80 f   LIBCMTD:ieee87.obj
 0001:0001fda0       __fpreset                  10020da0 f   LIBCMTD:ieee87.obj
 0001:00020190       __tolower                  10021190 f   LIBCMTD:tolower.obj
 0001:000201a0       _tolower                   100211a0 f   LIBCMTD:tolower.obj
 0001:00020240       __tolower_lk               10021240 f   LIBCMTD:tolower.obj
 0001:00020370       __ZeroTail                 10021370 f   LIBCMTD:intrncvt.obj
 0001:00020400       __IncMan                   10021400 f   LIBCMTD:intrncvt.obj
 0001:000204b0       __RoundMan                 100214b0 f   LIBCMTD:intrncvt.obj
 0001:00020590       __CopyMan                  10021590 f   LIBCMTD:intrncvt.obj
 0001:000205e0       __FillZeroMan              100215e0 f   LIBCMTD:intrncvt.obj
 0001:00020610       __IsZeroMan                10021610 f   LIBCMTD:intrncvt.obj
 0001:00020650       __ShrMan                   10021650 f   LIBCMTD:intrncvt.obj
 0001:00020740       __ld12cvt                  10021740 f   LIBCMTD:intrncvt.obj
 0001:00020990       __ld12tod                  10021990 f   LIBCMTD:intrncvt.obj
 0001:000209b0       __ld12tof                  100219b0 f   LIBCMTD:intrncvt.obj
 0001:000209d0       __ld12told                 100219d0 f   LIBCMTD:intrncvt.obj
 0001:00020a90       __atodbl                   10021a90 f   LIBCMTD:intrncvt.obj
 0001:00020ad0       __atoldbl                  10021ad0 f   LIBCMTD:intrncvt.obj
 0001:00020b10       __atoflt                   10021b10 f   LIBCMTD:intrncvt.obj
 0001:00020b50       __fptostr                  10021b50 f   LIBCMTD:_fptostr.obj
 0001:00020c50       __fltout2                  10021c50 f   LIBCMTD:cfout.obj
 0001:00020cd0       ___dtold                   10021cd0 f   LIBCMTD:cfout.obj
 0001:00020e40       __fptrap                   10021e40 f   LIBCMTD:crt0fp.obj
 0001:00020e50       _mbtowc                    10021e50 f   LIBCMTD:mbtowc.obj
 0001:00020ed0       __mbtowc_lk                10021ed0 f   LIBCMTD:mbtowc.obj
 0001:00021030       _isalpha                   10022030 f   LIBCMTD:_ctype.obj
 0001:00021080       _isupper                   10022080 f   LIBCMTD:_ctype.obj
 0001:000210c0       _islower                   100220c0 f   LIBCMTD:_ctype.obj
 0001:00021100       _isdigit                   10022100 f   LIBCMTD:_ctype.obj
 0001:00021140       _isxdigit                  10022140 f   LIBCMTD:_ctype.obj
 0001:00021190       _isspace                   10022190 f   LIBCMTD:_ctype.obj
 0001:000211d0       _ispunct                   100221d0 f   LIBCMTD:_ctype.obj
 0001:00021210       _isalnum                   10022210 f   LIBCMTD:_ctype.obj
 0001:00021260       _isprint                   10022260 f   LIBCMTD:_ctype.obj
 0001:000212b0       _isgraph                   100222b0 f   LIBCMTD:_ctype.obj
 0001:00021300       _iscntrl                   10022300 f   LIBCMTD:_ctype.obj
 0001:00021340       ___isascii                 10022340 f   LIBCMTD:_ctype.obj
 0001:00021350       ___toascii                 10022350 f   LIBCMTD:_ctype.obj
 0001:00021360       ___iscsymf                 10022360 f   LIBCMTD:_ctype.obj
 0001:000213c0       ___iscsym                  100223c0 f   LIBCMTD:_ctype.obj
 0001:00021420       __allshl                   10022420 f   LIBCMTD:llshl.obj
 0001:00021440       __filbuf                   10022440 f   LIBCMTD:_filbuf.obj
 0001:00021630       _ungetc                    10022630 f   LIBCMTD:ungetc.obj
 0001:000216a0       __ungetc_lk                100226a0 f   LIBCMTD:ungetc.obj
 0001:000217e0       __setmbcp                  100227e0 f   LIBCMTD:mbctype.obj
 0001:00021fa0       __getmbcp                  10022fa0 f   LIBCMTD:mbctype.obj
 0001:00021fc0       ___initmbctable            10022fc0 f   LIBCMTD:mbctype.obj
 0001:00021ff0       _strtol                    10022ff0 f   LIBCMTD:strtol.obj
 0001:00022350       _strtoul                   10023350 f   LIBCMTD:strtol.obj
 0001:00022380       _strchr                    10023380 f   LIBCMTD:strchr.obj
 0001:00022386       ___from_strstr_to_strchr   10023386 f   LIBCMTD:strchr.obj
 0001:00022440       _strstr                    10023440 f   LIBCMTD:strstr.obj
 0001:000224c0       _strncmp                   100234c0 f   LIBCMTD:strncmp.obj
 0001:00022500       _fputwc                    10023500 f   LIBCMTD:fputwc.obj
 0001:00022580       __putwc_lk                 10023580 f   LIBCMTD:fputwc.obj
 0001:000227b0       _putwc                     100237b0 f   LIBCMTD:fputwc.obj
 0001:000227d0       __dosmaperr                100237d0 f   LIBCMTD:dosmap.obj
 0001:00022870       __errno                    10023870 f   LIBCMTD:dosmap.obj
 0001:00022880       ___doserrno                10023880 f   LIBCMTD:dosmap.obj
 0001:00022890       ___crtGetStringTypeA       10023890 f   LIBCMTD:a_str.obj
 0001:00022a50       __alloc_osfhnd             10023a50 f   LIBCMTD:osfinfo.obj
 0001:00022c40       __set_osfhnd               10023c40 f   LIBCMTD:osfinfo.obj
 0001:00022d00       __free_osfhnd              10023d00 f   LIBCMTD:osfinfo.obj
 0001:00022de0       __get_osfhandle            10023de0 f   LIBCMTD:osfinfo.obj
 0001:00022e50       __open_osfhandle           10023e50 f   LIBCMTD:osfinfo.obj
 0001:00022f60       __lock_fhandle             10023f60 f   LIBCMTD:osfinfo.obj
 0001:00022ff0       __unlock_fhandle           10023ff0 f   LIBCMTD:osfinfo.obj
 0001:00023020       __fcloseall                10024020 f   LIBCMTD:closeall.obj
 0001:00023100       _fflush                    10024100 f   LIBCMTD:fflush.obj
 0001:00023150       __fflush_lk                10024150 f   LIBCMTD:fflush.obj
 0001:000231a0       __flush                    100241a0 f   LIBCMTD:fflush.obj
 0001:00023260       __flushall                 10024260 f   LIBCMTD:fflush.obj
 0001:000233b0       _setlocale                 100243b0 f   LIBCMTD:setlocal.obj
 0001:00023a40       __expandlocale             10024a40 f   LIBCMTD:setlocal.obj
 0001:00023bd0       ___init_dummy              10024bd0 f   LIBCMTD:setlocal.obj
 0001:00023be0       __strcats                  10024be0 f   LIBCMTD:setlocal.obj
 0001:00023c30       ___lc_strtolc              10024c30 f   LIBCMTD:setlocal.obj
 0001:00023d90       ___lc_lctostr              10024d90 f   LIBCMTD:setlocal.obj
 0001:00023e00       ___crtLCMapStringA         10024e00 f   LIBCMTD:a_map.obj
 0001:00024160       ___addl                    10025160 f   LIBCMTD:mantold.obj
 0001:000241a0       ___add_12                  100251a0 f   LIBCMTD:mantold.obj
 0001:00024250       ___shl_12                  10025250 f   LIBCMTD:mantold.obj
 0001:000242b0       ___shr_12                  100252b0 f   LIBCMTD:mantold.obj
 0001:00024320       ___mtold12                 10025320 f   LIBCMTD:mantold.obj
 0001:00024460       ___strgtold12              10025460 f   LIBCMTD:strgtold.obj
 0001:00024f90       ___STRINGTOLD              10025f90 f   LIBCMTD:strgtold.obj
 0001:00024fe0       _$I10_OUTPUT               10025fe0 f   LIBCMTD:x10fout.obj
 0001:00025500       __read                     10026500 f   LIBCMTD:read.obj
 0001:00025590       __read_lk                  10026590 f   LIBCMTD:read.obj
 0001:000259e0       __toupper                  100269e0 f   LIBCMTD:toupper.obj
 0001:000259f0       _toupper                   100269f0 f   LIBCMTD:toupper.obj
 0001:00025a90       __toupper_lk               10026a90 f   LIBCMTD:toupper.obj
 0001:00025bc0       __flswbuf                  10026bc0 f   LIBCMTD:_flswbuf.obj
 0001:00025e50       _fclose                    10026e50 f   LIBCMTD:fclose.obj
 0001:00025ee0       __fclose_lk                10026ee0 f   LIBCMTD:fclose.obj
 0001:00025fa0       __commit                   10026fa0 f   LIBCMTD:commit.obj
 0001:00026080       ___init_time               10027080 f   LIBCMTD:inittime.obj
 0001:00026a00       ___init_numeric            10027a00 f   LIBCMTD:initnum.obj
 0001:00026d30       ___init_monetary           10027d30 f   LIBCMTD:initmon.obj
 0001:00027190       ___init_ctype              10028190 f   LIBCMTD:initctyp.obj
 0001:00027530       ___init_collate            10028530 f   LIBCMTD:initcoll.obj
 0001:00027540       _strcspn                   10028540 f   LIBCMTD:strcspn.obj
 0001:00027580       _strpbrk                   10028580 f   LIBCMTD:strpbrk.obj
 0001:000275c0       ___get_qualified_locale    100285c0 f   LIBCMTD:getqloc.obj
 0001:00028360       ___ld12mul                 10029360 f   LIBCMTD:tenpow.obj
 0001:000287a0       ___multtenpow12            100297a0 f   LIBCMTD:tenpow.obj
 0001:00028870       __close                    10029870 f   LIBCMTD:close.obj
 0001:000288f0       __close_lk                 100298f0 f   LIBCMTD:close.obj
 0001:000289a0       __freebuf                  100299a0 f   LIBCMTD:_freebuf.obj
 0001:00028a40       __Getdays                  10029a40 f   LIBCMTD:strftime.obj
 0001:00028b70       __Getmonths                10029b70 f   LIBCMTD:strftime.obj
 0001:00028ca0       __Gettnames                10029ca0 f   LIBCMTD:strftime.obj
 0001:00029010       _strftime                  1002a010 f   LIBCMTD:strftime.obj
 0001:00029030       __Strftime                 1002a030 f   LIBCMTD:strftime.obj
 0001:00029eb0       ___getlocaleinfo           1002aeb0 f   LIBCMTD:inithelp.obj
 0001:0002a140       _localeconv                1002b140 f   LIBCMTD:lconv.obj
 0001:0002a150       ___crtGetStringTypeW       1002b150 f   LIBCMTD:w_str.obj
 0001:0002a3c0       __stricmp                  1002b3c0 f   LIBCMTD:stricmp.obj
 0001:0002a3c0       __strcmpi                  1002b3c0 f   LIBCMTD:stricmp.obj
 0001:0002a490       __strnicmp                 1002b490 f   LIBCMTD:strnicmp.obj
 0001:0002a5a0       _atol                      1002b5a0 f   LIBCMTD:atox.obj
 0001:0002a6a0       _atoi                      1002b6a0 f   LIBCMTD:atox.obj
 0001:0002a6c0       __atoi64                   1002b6c0 f   LIBCMTD:atox.obj
 0001:0002a7f0       ___tzset                   1002b7f0 f   LIBCMTD:tzset.obj
 0001:0002a830       __tzset                    1002b830 f   LIBCMTD:tzset.obj
 0001:0002ac00       __isindst                  1002bc00 f   LIBCMTD:tzset.obj
 0001:0002b130       ___crtGetLocaleInfoW       1002c130 f   LIBCMTD:w_loc.obj
 0001:0002b2d0       ___crtGetLocaleInfoA       1002c2d0 f   LIBCMTD:a_loc.obj
 0001:0002b480       __allmul                   1002c480 f   LIBCMTD:llmul.obj
 0001:0002b4c0       _getenv                    1002c4c0 f   LIBCMTD:getenv.obj
 0001:0002b4f0       __getenv_lk                1002c4f0 f   LIBCMTD:getenv.obj
 0001:0002b5c0       __mbsnbicoll               1002c5c0 f   LIBCMTD:mbsnbico.obj
 0001:0002b610       ___wtomb_environ           1002c610 f   LIBCMTD:wtombenv.obj
 0001:0002b6c0       ___crtCompareStringA       1002c6c0 f   LIBCMTD:a_cmp.obj
 0001:0002bb10       ___crtsetenv               1002cb10 f   LIBCMTD:setenv.obj
 0001:0002bf60       __mbschr                   1002cf60 f   LIBCMTD:mbschr.obj
 0001:0002c04e       _RtlUnwind@16              1002d04e f   kernel32:KERNEL32.dll
 0001:0002c054       _GetCommandLineA@0         1002d054 f   kernel32:KERNEL32.dll
 0001:0002c05a       _GetVersion@0              1002d05a f   kernel32:KERNEL32.dll
 0001:0002c060       _InitializeCriticalSection@4 1002d060 f   kernel32:KERNEL32.dll
 0001:0002c066       _DeleteCriticalSection@4   1002d066 f   kernel32:KERNEL32.dll
 0001:0002c06c       _EnterCriticalSection@4    1002d06c f   kernel32:KERNEL32.dll
 0001:0002c072       _LeaveCriticalSection@4    1002d072 f   kernel32:KERNEL32.dll
 0001:0002c078       _ExitProcess@4             1002d078 f   kernel32:KERNEL32.dll
 0001:0002c07e       _FatalAppExitA@8           1002d07e f   kernel32:KERNEL32.dll
 0001:0002c084       _IsBadWritePtr@8           1002d084 f   kernel32:KERNEL32.dll
 0001:0002c08a       _IsBadReadPtr@8            1002d08a f   kernel32:KERNEL32.dll
 0001:0002c090       _HeapValidate@12           1002d090 f   kernel32:KERNEL32.dll
 0001:0002c096       _DebugBreak@0              1002d096 f   kernel32:KERNEL32.dll
 0001:0002c09c       _GetStdHandle@4            1002d09c f   kernel32:KERNEL32.dll
 0001:0002c0a2       _WriteFile@20              1002d0a2 f   kernel32:KERNEL32.dll
 0001:0002c0a8       _InterlockedDecrement@4    1002d0a8 f   kernel32:KERNEL32.dll
 0001:0002c0ae       _GetProcAddress@8          1002d0ae f   kernel32:KERNEL32.dll
 0001:0002c0b4       _LoadLibraryA@4            1002d0b4 f   kernel32:KERNEL32.dll
 0001:0002c0ba       _InterlockedIncrement@4    1002d0ba f   kernel32:KERNEL32.dll
 0001:0002c0c0       _GetModuleFileNameA@12     1002d0c0 f   kernel32:KERNEL32.dll
 0001:0002c0c6       _GetCurrentThreadId@0      1002d0c6 f   kernel32:KERNEL32.dll
 0001:0002c0cc       _TlsSetValue@8             1002d0cc f   kernel32:KERNEL32.dll
 0001:0002c0d2       _TlsAlloc@0                1002d0d2 f   kernel32:KERNEL32.dll
 0001:0002c0d8       _TlsFree@4                 1002d0d8 f   kernel32:KERNEL32.dll
 0001:0002c0de       _SetLastError@4            1002d0de f   kernel32:KERNEL32.dll
 0001:0002c0e4       _TlsGetValue@4             1002d0e4 f   kernel32:KERNEL32.dll
 0001:0002c0ea       _GetLastError@0            1002d0ea f   kernel32:KERNEL32.dll
 0001:0002c0f0       _GetCurrentThread@0        1002d0f0 f   kernel32:KERNEL32.dll
 0001:0002c0f6       _GetModuleHandleA@4        1002d0f6 f   kernel32:KERNEL32.dll
 0001:0002c0fc       _TerminateProcess@8        1002d0fc f   kernel32:KERNEL32.dll
 0001:0002c102       _GetCurrentProcess@0       1002d102 f   kernel32:KERNEL32.dll
 0001:0002c108       _SetHandleCount@4          1002d108 f   kernel32:KERNEL32.dll
 0001:0002c10e       _GetFileType@4             1002d10e f   kernel32:KERNEL32.dll
 0001:0002c114       _GetStartupInfoA@4         1002d114 f   kernel32:KERNEL32.dll
 0001:0002c11a       _FreeEnvironmentStringsA@4 1002d11a f   kernel32:KERNEL32.dll
 0001:0002c120       _FreeEnvironmentStringsW@4 1002d120 f   kernel32:KERNEL32.dll
 0001:0002c126       _GetEnvironmentStrings@0   1002d126 f   kernel32:KERNEL32.dll
 0001:0002c12c       _GetEnvironmentStringsW@0  1002d12c f   kernel32:KERNEL32.dll
 0001:0002c132       _GetEnvironmentVariableA@12 1002d132 f   kernel32:KERNEL32.dll
 0001:0002c138       _GetVersionExA@4           1002d138 f   kernel32:KERNEL32.dll
 0001:0002c13e       _HeapDestroy@4             1002d13e f   kernel32:KERNEL32.dll
 0001:0002c144       _HeapCreate@12             1002d144 f   kernel32:KERNEL32.dll
 0001:0002c14a       _HeapFree@12               1002d14a f   kernel32:KERNEL32.dll
 0001:0002c150       _VirtualFree@12            1002d150 f   kernel32:KERNEL32.dll
 0001:0002c156       _HeapAlloc@12              1002d156 f   kernel32:KERNEL32.dll
 0001:0002c15c       _HeapReAlloc@16            1002d15c f   kernel32:KERNEL32.dll
 0001:0002c162       _VirtualAlloc@16           1002d162 f   kernel32:KERNEL32.dll
 0001:0002c168       _SetConsoleCtrlHandler@8   1002d168 f   kernel32:KERNEL32.dll
 0001:0002c16e       _SetUnhandledExceptionFilter@4 1002d16e f   kernel32:KERNEL32.dll
 0001:0002c174       _IsBadCodePtr@4            1002d174 f   kernel32:KERNEL32.dll
 0001:0002c17a       _UnhandledExceptionFilter@4 1002d17a f   kernel32:KERNEL32.dll
 0001:0002c180       _SetFilePointer@16         1002d180 f   kernel32:KERNEL32.dll
 0001:0002c186       _GetCPInfo@8               1002d186 f   kernel32:KERNEL32.dll
 0001:0002c18c       _GetACP@0                  1002d18c f   kernel32:KERNEL32.dll
 0001:0002c192       _GetOEMCP@0                1002d192 f   kernel32:KERNEL32.dll
 0001:0002c198       _GetStringTypeA@20         1002d198 f   kernel32:KERNEL32.dll
 0001:0002c19e       _GetStringTypeW@16         1002d19e f   kernel32:KERNEL32.dll
 0001:0002c1a4       _SetStdHandle@8            1002d1a4 f   kernel32:KERNEL32.dll
 0001:0002c1aa       _LCMapStringA@24           1002d1aa f   kernel32:KERNEL32.dll
 0001:0002c1b0       _LCMapStringW@24           1002d1b0 f   kernel32:KERNEL32.dll
 0001:0002c1b6       _ReadFile@20               1002d1b6 f   kernel32:KERNEL32.dll
 0001:0002c1bc       _FlushFileBuffers@4        1002d1bc f   kernel32:KERNEL32.dll
 0001:0002c1c2       _IsValidLocale@8           1002d1c2 f   kernel32:KERNEL32.dll
 0001:0002c1c8       _IsValidCodePage@4         1002d1c8 f   kernel32:KERNEL32.dll
 0001:0002c1ce       _GetLocaleInfoA@16         1002d1ce f   kernel32:KERNEL32.dll
 0001:0002c1d4       _EnumSystemLocalesA@8      1002d1d4 f   kernel32:KERNEL32.dll
 0001:0002c1da       _GetUserDefaultLCID@0      1002d1da f   kernel32:KERNEL32.dll
 0001:0002c1e0       _GetTimeZoneInformation@4  1002d1e0 f   kernel32:KERNEL32.dll
 0001:0002c1e6       _GetLocaleInfoW@16         1002d1e6 f   kernel32:KERNEL32.dll
 0001:0002c1ec       _CompareStringA@24         1002d1ec f   kernel32:KERNEL32.dll
 0001:0002c1f2       _CompareStringW@24         1002d1f2 f   kernel32:KERNEL32.dll
 0001:0002c1f8       _SetEnvironmentVariableA@8 1002d1f8 f   kernel32:KERNEL32.dll
 0001:00037ba0       __enc$textbss$begin        10038ba0     <linker-defined>
 0001:0004dba0       __enc$textbss$end          1004eba0     <linker-defined>
 0002:0000001c       ??_C@_0CA@FKDG@Error?5initializing?5DirectSound?4?$AA@ 1004f01c     dsiPlayer.obj
 0002:00000044       ??_C@_0O@IHMI@dsiPlayer?4dll?$AA@ 1004f044     dsiPlayer.obj
 0002:00000054       ??_C@_0CG@ELDF@D?3?2cpp?2lameFE?2dsiPlayer?2dsiPlaye@ 1004f054     dsiPlayer.obj
 0002:00000084       ??_C@_0L@BBEA@Initialize?$AA@ 1004f084     dsiPlayer.obj
 0002:00000094       ??_C@_06PKKD@Create?$AA@   1004f094     dsiPlayer.obj
 0002:0000009c       ??_C@_04NHBG@Play?$AA@     1004f09c     dsiPlayer.obj
 0002:000000a4       ??_C@_0BH@GPF@SetPrimaryBufferFormat?$AA@ 1004f0a4     dsutil.obj
 0002:000000c0       ??_C@_0BE@CGNH@SetCooperativeLevel?$AA@ 1004f0c0     dsutil.obj
 0002:000000d8       ??_C@_0CD@OCOA@D?3?2cpp?2lameFE?2dsiPlayer?2dsutil?4c@ 1004f0d8     dsutil.obj
 0002:00000104       ??_C@_0BD@LLMB@DirectSoundCreate8?$AA@ 1004f104     dsutil.obj
 0002:0000011c       ??_C@_09PKBA@SetFormat?$AA@ 1004f11c     dsutil.obj
 0002:00000128       ??_C@_0BC@ECN@CreateSoundBuffer?$AA@ 1004f128     dsutil.obj
 0002:00000140       ??_C@_0P@JMPC@QueryInterface?$AA@ 1004f140     dsutil.obj
 0002:00000154       ??_C@_0BF@NOCK@DuplicateSoundBuffer?$AA@ 1004f154     dsutil.obj
 0002:00000170       ??_C@_0BJ@KFDA@SetNotificationPositions?$AA@ 1004f170     dsutil.obj
 0002:00000190       ??_7CSound@@6B@            1004f190     dsutil.obj
 0002:00000194       ??_C@_09MAIG@ResetFile?$AA@ 1004f194     dsutil.obj
 0002:000001a0       ??_C@_04KCBC@Read?$AA@     1004f1a0     dsutil.obj
 0002:000001a8       ??_C@_04BKNP@Lock?$AA@     1004f1a8     dsutil.obj
 0002:000001b0       ??_C@_0O@HLMM@RestoreBuffer?$AA@ 1004f1b0     dsutil.obj
 0002:000001c0       ??_C@_09BBHI@GetStatus?$AA@ 1004f1c0     dsutil.obj
 0002:000001cc       ??_C@_0BE@MCEB@FillBufferWithSound?$AA@ 1004f1cc     dsutil.obj
 0002:000001e4       ??_C@_0O@HAAF@GetFreeBuffer?$AA@ 1004f1e4     dsutil.obj
 0002:000001f4       ??_7CStreamingSound@@6B@   1004f1f4     dsutil.obj
 0002:000001f8       ??_C@_0BD@LDMO@GetCurrentPosition?$AA@ 1004f1f8     dsutil.obj
 0002:00000210       ??_C@_09FJAN@WriteMMIO?$AA@ 1004f210     dsutil.obj
 0002:0000021c       ??_C@_08DFAE@mmioOpen?$AA@ 1004f21c     dsutil.obj
 0002:00000228       ??_C@_08FCFC@ReadMMIO?$AA@ 1004f228     dsutil.obj
 0002:00000234       ??_C@_0N@MCGG@LockResource?$AA@ 1004f234     dsutil.obj
 0002:00000244       ??_C@_0P@IJMI@SizeofResource?$AA@ 1004f244     dsutil.obj
 0002:00000258       ??_C@_0N@IAFL@LoadResource?$AA@ 1004f258     dsutil.obj
 0002:00000268       ??_C@_0N@JKKH@FindResource?$AA@ 1004f268     dsutil.obj
 0002:00000278       ??_C@_03FFGM@WAV?$AA@      1004f278     dsutil.obj
 0002:0000027c       ??_C@_04DOFO@WAVE?$AA@     1004f27c     dsutil.obj
 0002:00000284       ??_C@_0L@LHNO@mmioAscend?$AA@ 1004f284     dsutil.obj
 0002:00000294       ??_C@_03IDPP@new?$AA@      1004f294     dsutil.obj
 0002:00000298       ??_C@_06CJIP@m_pwfx?$AA@   1004f298     dsutil.obj
 0002:000002a0       ??_C@_08JKLF@mmioRead?$AA@ 1004f2a0     dsutil.obj
 0002:000002ac       ??_C@_0BG@LDHL@sizeof?$CIPCMWAVEFORMAT?$CJ?$AA@ 1004f2ac     dsutil.obj
 0002:000002c8       ??_C@_0L@OKM@mmioFOURCC?$AA@ 1004f2c8     dsutil.obj
 0002:000002d8       ??_C@_0M@NPPM@mmioDescend?$AA@ 1004f2d8     dsutil.obj
 0002:000002e8       ??_C@_0M@HOBF@mmioGetInfo?$AA@ 1004f2e8     dsutil.obj
 0002:000002f8       ??_C@_0BA@CDLD@mmioCreateChunk?$AA@ 1004f2f8     dsutil.obj
 0002:0000030c       ??_C@_08OEBA@mmioSeek?$AA@ 1004f30c     dsutil.obj
 0002:00000318       ??_C@_0M@CNBJ@mmioSetInfo?$AA@ 1004f318     dsutil.obj
 0002:00000328       ??_C@_0BD@LDAM@mmioinfoIn?4pchNext?$AA@ 1004f328     dsutil.obj
 0002:00000340       ??_C@_0M@IBMG@mmioAdvance?$AA@ 1004f340     dsutil.obj
 0002:00000350       ??_C@_09KGEC@mmioWrite?$AA@ 1004f350     dsutil.obj
 0002:0000035c       ??_C@_07FMPF@?2Media?2?$AA@ 1004f35c     dxutil.obj
 0002:00000368       ??_C@_0BF@JECD@DX81SDK?5Samples?5Path?$AA@ 1004f368     dxutil.obj
 0002:00000384       ??_C@_0BP@CEPK@Software?2Microsoft?2DirectX?5SDK?$AA@ 1004f384     dxutil.obj
 0002:000003ac       ??_C@_04DCMN@?$CFs?$CFs?$AA@ 1004f3ac     dxutil.obj
 0002:000003b8       __real@8@3ffbcccccd0000000000 1004f3b8     dxutil.obj
 0002:000003c8       __real@8@3ff583126e978d4fe000 1004f3c8     dxutil.obj
 0002:000003d8       __real@8@00000000000000000000 1004f3d8     dxutil.obj
 0002:000003e4       __real@4@bfff8000000000000000 1004f3e4     dxutil.obj
 0002:000003e8       __real@4@00000000000000000000 1004f3e8     dxutil.obj
 0002:000003ec       ??_C@_01BJG@?6?$AA@        1004f3ec     dxutil.obj
 0002:000003f0       ??_C@_0M@EJKJ@?$CIhr?$DN?$CF08lx?$CJ?6?$AA@ 1004f3f0     dxutil.obj
 0002:00000400       ??_C@_09BFBP@?$CFs?$CI?$CFld?$CJ?3?5?$AA@ 1004f400     dxutil.obj
 0002:0000040c       ??_C@_0CI@IHCN@?$HL?$CF8X?9?$CF4X?9?$CF4X?9?$CF2X?$CF2X?9?$CF2X?$CF2X?$CF2X?$CF2X@ 1004f40c     dxutil.obj
 0002:0000043c       ??_C@_0DO@JAPI@?$HL?$CF0?48X?9?$CF0?44X?9?$CF0?44X?9?$CF0?42X?$CF0?42X?9?$CF0@ 1004f43c     dxutil.obj
 0002:00000488       ??_C@_0BD@LPNICIME@DMUS_S_DOWN_OCTAVE?$AA@ 1004f488     dxerr8:dxerr8.obj
 0002:0000049c       ??_C@_0BH@FNODNEAH@DMUS_S_NOBUFFERCONTROL?$AA@ 1004f49c     dxerr8:dxerr8.obj
 0002:000004b4       ??_C@_0BJ@IHINBNLH@DMUS_S_GARBAGE_COLLECTED?$AA@ 1004f4b4     dxerr8:dxerr8.obj
 0002:000004d0       ??_C@_07NBCGADJA@Unknown?$AA@ 1004f4d0     dxerr8:dxerr8.obj
 0002:000004d8       ??_C@_0BB@MGKFCACM@DMUS_S_UP_OCTAVE?$AA@ 1004f4d8     dxerr8:dxerr8.obj
 0002:000004ec       ??_C@_0L@NNNOGBKL@DMUS_S_END?$AA@ 1004f4ec     dxerr8:dxerr8.obj
 0002:000004f8       ??_C@_0BI@NMGBNNIP@DMUS_S_STRING_TRUNCATED?$AA@ 1004f4f8     dxerr8:dxerr8.obj
 0002:00000510       ??_C@_0BB@MCCNJHCC@DMUS_S_LAST_TOOL?$AA@ 1004f510     dxerr8:dxerr8.obj
 0002:00000524       ??_C@_0BC@LONJEINH@DMUS_S_OVER_CHORD?$AA@ 1004f524     dxerr8:dxerr8.obj
 0002:00000538       ??_C@_0M@JAHKOHIB@DMUS_S_FREE?$AA@ 1004f538     dxerr8:dxerr8.obj
 0002:00000544       ??_C@_0BD@JGPHAIAK@DMUS_S_PARTIALLOAD?$AA@ 1004f544     dxerr8:dxerr8.obj
 0002:00000558       ??_C@_0BH@IGELEIII@DMUS_S_PARTIALDOWNLOAD?$AA@ 1004f558     dxerr8:dxerr8.obj
 0002:00000570       ??_C@_0P@KIIEDJKE@DMUS_S_REQUEUE?$AA@ 1004f570     dxerr8:dxerr8.obj
 0002:00000580       ??_C@_0O@EIAKKDMP@DS_INCOMPLETE?$AA@ 1004f580     dxerr8:dxerr8.obj
 0002:00000590       ??_C@_0O@LHGABCAF@DV_FULLDUPLEX?$AA@ 1004f590     dxerr8:dxerr8.obj
 0002:000005a0       ??_C@_0O@FKJDAEFJ@DV_HALFDUPLEX?$AA@ 1004f5a0     dxerr8:dxerr8.obj
 0002:000005b0       ??_C@_0L@BDBMAOOE@DV_PENDING?$AA@ 1004f5b0     dxerr8:dxerr8.obj
 0002:000005bc       ??_C@_0BF@FPKGLJFC@DS_NO_VIRTUALIZATION?$AA@ 1004f5bc     dxerr8:dxerr8.obj
 0002:000005d4       ??_C@_0BH@PNHNMKDE@VFW_S_DVD_NOT_ACCURATE?$AA@ 1004f5d4     dxerr8:dxerr8.obj
 0002:000005ec       ??_C@_0BD@IJNLBJPC@VFW_S_NOPREVIEWPIN?$AA@ 1004f5ec     dxerr8:dxerr8.obj
 0002:00000600       ??_C@_0BN@PGBCJHOL@VFW_S_DVD_NON_ONE_SEQUENTIAL?$AA@ 1004f600     dxerr8:dxerr8.obj
 0002:00000620       ??_C@_0CJ@ICAPHCNK@VFW_S_DVD_CHANNEL_CONTENTS_NOT_A@ 1004f620     dxerr8:dxerr8.obj
 0002:0000064c       ??_C@_0BD@PDOJBBAK@VFW_S_NO_STOP_TIME?$AA@ 1004f64c     dxerr8:dxerr8.obj
 0002:00000660       ??_C@_0BA@OPNPNBPH@VFW_S_ESTIMATED?$AA@ 1004f660     dxerr8:dxerr8.obj
 0002:00000670       ??_C@_0P@JAOBCGFI@VFW_S_RESERVED?$AA@ 1004f670     dxerr8:dxerr8.obj
 0002:00000680       ??_C@_0BB@KOLEIGMN@VFW_S_STREAM_OFF?$AA@ 1004f680     dxerr8:dxerr8.obj
 0002:00000694       ??_C@_0P@PLPJKDIN@VFW_S_CANT_CUE?$AA@ 1004f694     dxerr8:dxerr8.obj
 0002:000006a4       ??_C@_0L@ODJAOMGF@VFW_S_RPZA?$AA@ 1004f6a4     dxerr8:dxerr8.obj
 0002:000006b0       ??_C@_0BK@MJFGKMPI@VFW_S_RESOURCE_NOT_NEEDED?$AA@ 1004f6b0     dxerr8:dxerr8.obj
 0002:000006cc       ??_C@_0BJ@ENMAMHIG@VFW_S_MEDIA_TYPE_IGNORED?$AA@ 1004f6cc     dxerr8:dxerr8.obj
 0002:000006e8       ??_C@_0BJ@JHKGLDFI@VFW_S_VIDEO_NOT_RENDERED?$AA@ 1004f6e8     dxerr8:dxerr8.obj
 0002:00000704       ??_C@_0BJ@FLKCPFMD@VFW_S_AUDIO_NOT_RENDERED?$AA@ 1004f704     dxerr8:dxerr8.obj
 0002:00000720       ??_C@_0BL@EMJCALGE@VFW_S_CONNECTIONS_DEFERRED?$AA@ 1004f720     dxerr8:dxerr8.obj
 0002:0000073c       ??_C@_0BF@KKAOBKEG@VFW_S_DUPLICATE_NAME?$AA@ 1004f73c     dxerr8:dxerr8.obj
 0002:00000754       ??_C@_0BJ@CLNBGKKL@VFW_S_STATE_INTERMEDIATE?$AA@ 1004f754     dxerr8:dxerr8.obj
 0002:00000770       ??_C@_0BF@OFOMPAMJ@VFW_S_PARTIAL_RENDER?$AA@ 1004f770     dxerr8:dxerr8.obj
 0002:00000788       ??_C@_0BI@JMPENICD@VFW_S_SOME_DATA_IGNORED?$AA@ 1004f788     dxerr8:dxerr8.obj
 0002:000007a0       ??_C@_0BE@NHDFDKAC@VFW_S_NO_MORE_ITEMS?$AA@ 1004f7a0     dxerr8:dxerr8.obj
 0002:000007b4       ??_C@_0BE@MEDMEGJL@ERROR_INVALID_BLOCK?$AA@ 1004f7b4     dxerr8:dxerr8.obj
 0002:000007c8       ??_C@_0BG@PPEEIFCE@ERROR_BAD_ENVIRONMENT?$AA@ 1004f7c8     dxerr8:dxerr8.obj
 0002:000007e0       ??_C@_0BB@GLNJNPBJ@ERROR_BAD_FORMAT?$AA@ 1004f7e0     dxerr8:dxerr8.obj
 0002:000007f4       ??_C@_0BC@GJIJMKLH@ERROR_OUTOFMEMORY?$AA@ 1004f7f4     dxerr8:dxerr8.obj
 0002:00000808       ??_C@_0BI@DDJDPHHD@ERROR_NOT_ENOUGH_MEMORY?$AA@ 1004f808     dxerr8:dxerr8.obj
 0002:00000820       ??_C@_0BF@LEKBGAHP@ERROR_PATH_NOT_FOUND?$AA@ 1004f820     dxerr8:dxerr8.obj
 0002:00000838       ??_C@_0BK@BHKKKJME@ERROR_TOO_MANY_OPEN_FILES?$AA@ 1004f838     dxerr8:dxerr8.obj
 0002:00000854       ??_C@_0BE@PONDHKAH@ERROR_ACCESS_DENIED?$AA@ 1004f854     dxerr8:dxerr8.obj
 0002:00000868       ??_C@_0BF@FHABIGNG@ERROR_INVALID_HANDLE?$AA@ 1004f868     dxerr8:dxerr8.obj
 0002:00000880       ??_C@_0BF@JBMLEBKN@ERROR_FILE_NOT_FOUND?$AA@ 1004f880     dxerr8:dxerr8.obj
 0002:00000898       ??_C@_07BKENBJEJ@S_FALSE?$AA@ 1004f898     dxerr8:dxerr8.obj
 0002:000008a0       ??_C@_04LNELPODO@S_OK?$AA@ 1004f8a0     dxerr8:dxerr8.obj
 0002:000008a8       ??_C@_0CA@FAFCGLAE@DMUS_E_INVALID_CONTAINER_OBJECT?$AA@ 1004f8a8     dxerr8:dxerr8.obj
 0002:000008c8       ??_C@_0CC@NEEJAHCC@DMUS_E_AUDIOPATH_NOGLOBALFXBUFFE@ 1004f8c8     dxerr8:dxerr8.obj
 0002:000008ec       ??_C@_0BE@JOAJPCEO@DMUS_E_INVALIDCHUNK?$AA@ 1004f8ec     dxerr8:dxerr8.obj
 0002:00000900       ??_C@_0BE@DLJGKPFC@DMUS_E_NO_AUDIOPATH?$AA@ 1004f900     dxerr8:dxerr8.obj
 0002:00000914       ??_C@_0BI@FGCLNBGP@DMUS_E_AUDIOPATH_NOPORT?$AA@ 1004f914     dxerr8:dxerr8.obj
 0002:0000092c       ??_C@_0BK@NABBLBLA@DMUS_E_AUDIOPATH_NOBUFFER?$AA@ 1004f92c     dxerr8:dxerr8.obj
 0002:00000948       ??_C@_0BK@MFBNGKPH@DMUS_E_AUDIOPATH_INACTIVE?$AA@ 1004f948     dxerr8:dxerr8.obj
 0002:00000964       ??_C@_0BL@LLEIEOMG@DMUS_E_NO_AUDIOPATH_CONFIG?$AA@ 1004f964     dxerr8:dxerr8.obj
 0002:00000980       ??_C@_0BJ@KEAEMBJG@DMUS_E_AUDIOPATHS_IN_USE?$AA@ 1004f980     dxerr8:dxerr8.obj
 0002:0000099c       ??_C@_0BM@LPHOEGGK@DMUS_E_AUDIOPATHS_NOT_VALID?$AA@ 1004f99c     dxerr8:dxerr8.obj
 0002:000009b8       ??_C@_0CG@BJCFLAKB@DMUS_E_AUDIOVBSCRIPT_OPERATIONFA@ 1004f9b8     dxerr8:dxerr8.obj
 0002:000009e0       ??_C@_0CC@CEBIKLKB@DMUS_E_AUDIOVBSCRIPT_RUNTIMEERRO@ 1004f9e0     dxerr8:dxerr8.obj
 0002:00000a04       ??_C@_0CB@GHIDFGPC@DMUS_E_AUDIOVBSCRIPT_SYNTAXERROR@ 1004fa04     dxerr8:dxerr8.obj
 0002:00000a28       ??_C@_0CB@PLGNDAKI@DMUS_E_INVALID_PARAMCONTROLTRACK@ 1004fa28     dxerr8:dxerr8.obj
 0002:00000a4c       ??_C@_0BL@KDOMHMI@DMUS_E_INVALID_LYRICSTRACK?$AA@ 1004fa4c     dxerr8:dxerr8.obj
 0002:00000a68       ??_C@_0CD@DCEGKDEC@DMUS_E_INVALID_SEGMENTTRIGGERTRA@ 1004fa68     dxerr8:dxerr8.obj
 0002:00000a8c       ??_C@_0CC@JEOCEH@DMUS_E_SCRIPT_VALUE_NOT_SUPPORTE@ 1004fa8c     dxerr8:dxerr8.obj
 0002:00000ab0       ??_C@_0BO@GHOLKAIE@DMUS_E_SCRIPT_NOT_A_REFERENCE?$AA@ 1004fab0     dxerr8:dxerr8.obj
 0002:00000ad0       ??_C@_0BP@NMIAKMCM@DMUS_E_SCRIPT_CONTENT_READONLY?$AA@ 1004fad0     dxerr8:dxerr8.obj
 0002:00000af0       ??_C@_0CA@LBHNGADB@DMUS_E_SCRIPT_ROUTINE_NOT_FOUND?$AA@ 1004faf0     dxerr8:dxerr8.obj
 0002:00000b10       ??_C@_0CB@PINFFIBC@DMUS_E_SCRIPT_VARIABLE_NOT_FOUND@ 1004fb10     dxerr8:dxerr8.obj
 0002:00000b34       ??_C@_0BL@PHICBEM@DMUS_E_INVALID_SCRIPTTRACK?$AA@ 1004fb34     dxerr8:dxerr8.obj
 0002:00000b50       ??_C@_0BL@MGMHJCEP@DMUS_E_SCRIPT_INVALID_FILE?$AA@ 1004fb50     dxerr8:dxerr8.obj
 0002:00000b6c       ??_C@_0BP@GBCHNCIO@DMUS_E_SCRIPT_LOADSCRIPT_ERROR?$AA@ 1004fb6c     dxerr8:dxerr8.obj
 0002:00000b8c       ??_C@_0CA@FEIJFGCA@DMUS_E_SCRIPT_CANTLOAD_OLEAUT32?$AA@ 1004fb8c     dxerr8:dxerr8.obj
 0002:00000bac       ??_C@_0BO@ECNKEPAA@DMUS_E_SCRIPT_ERROR_IN_SCRIPT?$AA@ 1004fbac     dxerr8:dxerr8.obj
 0002:00000bcc       ??_C@_0CC@EIPLLIKL@DMUS_E_SCRIPT_UNSUPPORTED_VARTYP@ 1004fbcc     dxerr8:dxerr8.obj
 0002:00000bf0       ??_C@_0CE@EDPOPNFB@DMUS_E_SCRIPT_LANGUAGE_INCOMPATI@ 1004fbf0     dxerr8:dxerr8.obj
 0002:00000c14       ??_C@_0BC@HCDMBBHM@DMUS_E_NOT_LOADED?$AA@ 1004fc14     dxerr8:dxerr8.obj
 0002:00000c28       ??_C@_0BK@NFDAGFLP@DMUS_E_DESCEND_CHUNK_FAIL?$AA@ 1004fc28     dxerr8:dxerr8.obj
 0002:00000c44       ??_C@_0BG@FIHDPJEJ@DMUS_E_CANNOT_CONVERT?$AA@ 1004fc44     dxerr8:dxerr8.obj
 0002:00000c5c       ??_C@_0BI@GLLOIFNL@DMUS_E_CANNOT_OPEN_PORT?$AA@ 1004fc5c     dxerr8:dxerr8.obj
 0002:00000c74       ??_C@_0BD@PHGHCNPA@DMUS_E_CANNOT_FREE?$AA@ 1004fc74     dxerr8:dxerr8.obj
 0002:00000c88       ??_C@_0BE@DCHFOLO@DMUS_E_ALREADY_SENT?$AA@ 1004fc88     dxerr8:dxerr8.obj
 0002:00000c9c       ??_C@_0BJ@PNHNCBDB@DMUS_E_LOADER_NOFILENAME?$AA@ 1004fc9c     dxerr8:dxerr8.obj
 0002:00000cb8       ??_C@_0BD@MDGNMDO@DMUS_E_INVALIDFILE?$AA@ 1004fcb8     dxerr8:dxerr8.obj
 0002:00000ccc       ??_C@_0BG@JIAHCIAB@DMUS_E_ALREADY_EXISTS?$AA@ 1004fccc     dxerr8:dxerr8.obj
 0002:00000ce4       ??_C@_0BE@HEMJPPHG@DMUS_E_OUT_OF_RANGE?$AA@ 1004fce4     dxerr8:dxerr8.obj
 0002:00000cf8       ??_C@_0BL@NFDCILII@DMUS_E_SEGMENT_INIT_FAILED?$AA@ 1004fcf8     dxerr8:dxerr8.obj
 0002:00000d14       ??_C@_0BN@ELJJNIJC@DMUS_E_LOADER_OBJECTNOTFOUND?$AA@ 1004fd14     dxerr8:dxerr8.obj
 0002:00000d34       ??_C@_0BI@CNCKMLIJ@DMUS_E_LOADER_NOCLASSID?$AA@ 1004fd34     dxerr8:dxerr8.obj
 0002:00000d4c       ??_C@_0BG@DKEAGBHO@DMUS_E_LOADER_BADPATH?$AA@ 1004fd4c     dxerr8:dxerr8.obj
 0002:00000d64       ??_C@_0BJ@KIMIDGDN@DMUS_E_LOADER_FAILEDOPEN?$AA@ 1004fd64     dxerr8:dxerr8.obj
 0002:00000d80       ??_C@_0CB@NLDFBEOE@DMUS_E_LOADER_FORMATNOTSUPPORTED@ 1004fd80     dxerr8:dxerr8.obj
 0002:00000da4       ??_C@_0BL@JBOCJDOK@DMUS_E_LOADER_FAILEDCREATE?$AA@ 1004fda4     dxerr8:dxerr8.obj
 0002:00000dc0       ??_C@_0BH@DGGNMLHF@DMUS_E_NO_MASTER_CLOCK?$AA@ 1004fdc0     dxerr8:dxerr8.obj
 0002:00000dd8       ??_C@_0CC@LMIKKBKI@DMUS_E_TRACK_NO_CLOCKTIME_SUPPOR@ 1004fdd8     dxerr8:dxerr8.obj
 0002:00000dfc       ??_C@_0BH@OPDDPMEC@DMUS_E_TRACK_NOT_FOUND?$AA@ 1004fdfc     dxerr8:dxerr8.obj
 0002:00000e14       ??_C@_0BB@IEEJBLOH@DMUS_E_TIME_PAST?$AA@ 1004fe14     dxerr8:dxerr8.obj
 0002:00000e28       ??_C@_0BI@LGKAFGGB@DMUS_E_TYPE_UNSUPPORTED?$AA@ 1004fe28     dxerr8:dxerr8.obj
 0002:00000e40       ??_C@_0BF@NGGCHOML@DMUS_E_TYPE_DISABLED?$AA@ 1004fe40     dxerr8:dxerr8.obj
 0002:00000e58       ??_C@_0BA@CKOCBAIH@DMUS_E_NOT_INIT?$AA@ 1004fe58     dxerr8:dxerr8.obj
 0002:00000e68       ??_C@_0BJ@CGFLIGMN@DMUS_E_ALL_TRACKS_FAILED?$AA@ 1004fe68     dxerr8:dxerr8.obj
 0002:00000e84       ??_C@_0BI@HMFNNFJO@DMUS_E_ALL_TOOLS_FAILED?$AA@ 1004fe84     dxerr8:dxerr8.obj
 0002:00000e9c       ??_C@_0BI@DBGMHJFE@DMUS_E_INVALID_TOOL_HDR?$AA@ 1004fe9c     dxerr8:dxerr8.obj
 0002:00000eb4       ??_C@_0BJ@ECANGKNK@DMUS_E_INVALID_TRACK_HDR?$AA@ 1004feb4     dxerr8:dxerr8.obj
 0002:00000ed0       ??_C@_0BN@GIOFOFHL@DMUS_E_TOOL_HDR_NOT_FIRST_CK?$AA@ 1004fed0     dxerr8:dxerr8.obj
 0002:00000ef0       ??_C@_0BO@EMHFCABJ@DMUS_E_TRACK_HDR_NOT_FIRST_CK?$AA@ 1004fef0     dxerr8:dxerr8.obj
 0002:00000f10       ??_C@_0BE@PIEOPEAI@DMUS_E_INVALID_BAND?$AA@ 1004ff10     dxerr8:dxerr8.obj
 0002:00000f24       ??_C@_0BG@PJINGJL@DMUS_E_ALREADY_INITED?$AA@ 1004ff24     dxerr8:dxerr8.obj
 0002:00000f3c       ??_C@_0BK@LADONFGF@DMUS_E_UNSUPPORTED_STREAM?$AA@ 1004ff3c     dxerr8:dxerr8.obj
 0002:00000f58       ??_C@_0BF@MFKHCHGL@DMUS_E_INVALID_EVENT?$AA@ 1004ff58     dxerr8:dxerr8.obj
 0002:00000f70       ??_C@_0BK@JCFAFFJO@DMUS_E_DSOUND_ALREADY_SET?$AA@ 1004ff70     dxerr8:dxerr8.obj
 0002:00000f8c       ??_C@_0BF@GFIKBHKJ@DMUS_E_SYNTHINACTIVE?$AA@ 1004ff8c     dxerr8:dxerr8.obj
 0002:00000fa4       ??_C@_0BO@CDMMMIGN@DMUS_E_WAVEFORMATNOTSUPPORTED?$AA@ 1004ffa4     dxerr8:dxerr8.obj
 0002:00000fc4       ??_C@_0BF@OICCKIPF@DMUS_E_INVALIDBUFFER?$AA@ 1004ffc4     dxerr8:dxerr8.obj
 0002:00000fdc       ??_C@_0BJ@DAFGPCDM@DMUS_E_ALREADY_ACTIVATED?$AA@ 1004ffdc     dxerr8:dxerr8.obj
 0002:00000ff8       ??_C@_0BG@FKNBCLCG@DMUS_E_DSOUND_NOT_SET?$AA@ 1004fff8     dxerr8:dxerr8.obj
 0002:00001010       ??_C@_0BH@IONJNCON@DMUS_E_PORT_NOT_RENDER?$AA@ 10050010     dxerr8:dxerr8.obj
 0002:00001028       ??_C@_0BI@BOEAEKAH@DMUS_E_PORT_NOT_CAPTURE?$AA@ 10050028     dxerr8:dxerr8.obj
 0002:00001040       ??_C@_0BD@GLDGKFLH@DMUS_E_BUFFER_FULL?$AA@ 10050040     dxerr8:dxerr8.obj
 0002:00001054       ??_C@_0BE@OAOJECJF@DMUS_E_BUFFER_EMPTY?$AA@ 10050054     dxerr8:dxerr8.obj
 0002:00001068       ??_C@_0BH@PJGOMHNE@DMUS_E_DMUSIC_RELEASED?$AA@ 10050068     dxerr8:dxerr8.obj
 0002:00001080       ??_C@_0BC@OOJCFPLM@DMUS_E_CANNOTREAD?$AA@ 10050080     dxerr8:dxerr8.obj
 0002:00001094       ??_C@_0BD@BOMLFMKI@DMUS_E_SYNTHACTIVE?$AA@ 10050094     dxerr8:dxerr8.obj
 0002:000010a8       ??_C@_0BK@JOLEODJ@DMUS_E_SYNTHNOTCONFIGURED?$AA@ 100500a8     dxerr8:dxerr8.obj
 0002:000010c4       ??_C@_0BF@BPBGCLIE@DMUS_E_ALREADYCLOSED?$AA@ 100500c4     dxerr8:dxerr8.obj
 0002:000010dc       ??_C@_0BD@IPOPBPAD@DMUS_E_ALREADYOPEN?$AA@ 100500dc     dxerr8:dxerr8.obj
 0002:000010f0       ??_C@_0BD@EOPIBKEG@DMUS_E_NOSYNTHSINK?$AA@ 100500f0     dxerr8:dxerr8.obj
 0002:00001104       ??_C@_0BH@GDHCMOBL@DMUS_E_UNKNOWNDOWNLOAD?$AA@ 10050104     dxerr8:dxerr8.obj
 0002:0000111c       ??_C@_0BG@PFNNKKKD@DMUS_E_BADOFFSETTABLE?$AA@ 1005011c     dxerr8:dxerr8.obj
 0002:00001134       ??_C@_0P@KODPDEHF@DMUS_E_BADWAVE?$AA@ 10050134     dxerr8:dxerr8.obj
 0002:00001144       ??_C@_0O@ECMHDBDM@DMUS_E_NOTPCM?$AA@ 10050144     dxerr8:dxerr8.obj
 0002:00001154       ??_C@_0BG@LKFIOFPL@DMUS_E_NOARTICULATION?$AA@ 10050154     dxerr8:dxerr8.obj
 0002:0000116c       ??_C@_0BD@EKFCNMK@DMUS_E_BADWAVELINK?$AA@ 1005016c     dxerr8:dxerr8.obj
 0002:00001180       ??_C@_0BF@MDJOLHKE@DMUS_E_BADINSTRUMENT?$AA@ 10050180     dxerr8:dxerr8.obj
 0002:00001198       ??_C@_0BH@CMFGEHBA@DMUS_E_BADARTICULATION?$AA@ 10050198     dxerr8:dxerr8.obj
 0002:000011b0       ??_C@_0P@IICMLKKO@DMUS_E_NOTMONO?$AA@ 100501b0     dxerr8:dxerr8.obj
 0002:000011c0       ??_C@_0BH@CLGILIGJ@DMUS_E_GET_UNSUPPORTED?$AA@ 100501c0     dxerr8:dxerr8.obj
 0002:000011d8       ??_C@_0BH@BJHOMKHA@DMUS_E_SET_UNSUPPORTED?$AA@ 100501d8     dxerr8:dxerr8.obj
 0002:000011f0       ??_C@_0BI@MDPBCOBA@DMUS_E_UNKNOWN_PROPERTY?$AA@ 100501f0     dxerr8:dxerr8.obj
 0002:00001208       ??_C@_0BK@LLDGODE@DMUS_E_ALREADY_DOWNLOADED?$AA@ 10050208     dxerr8:dxerr8.obj
 0002:00001224       ??_C@_0BO@IMDIAEBE@DMUS_E_NOT_DOWNLOADED_TO_PORT?$AA@ 10050224     dxerr8:dxerr8.obj
 0002:00001244       ??_C@_0BK@BBDKEOON@DMUS_E_INVALID_DOWNLOADID?$AA@ 10050244     dxerr8:dxerr8.obj
 0002:00001260       ??_C@_0BF@HLHMPIJE@DMUS_E_CHUNKNOTFOUND?$AA@ 10050260     dxerr8:dxerr8.obj
 0002:00001278       ??_C@_0BD@BEKIIHAG@DMUS_E_CANNOTWRITE?$AA@ 10050278     dxerr8:dxerr8.obj
 0002:0000128c       ??_C@_0BC@FDGDMCBP@DMUS_E_CANNOTSEEK?$AA@ 1005028c     dxerr8:dxerr8.obj
 0002:000012a0       ??_C@_0BE@INBCEHPP@DMUS_E_INVALIDPATCH?$AA@ 100502a0     dxerr8:dxerr8.obj
 0002:000012b4       ??_C@_0BC@DKNEMJLL@DMUS_E_INVALIDPOS?$AA@ 100502b4     dxerr8:dxerr8.obj
 0002:000012c8       ??_C@_0BF@NGGAADHB@DSERR_OBJECTNOTFOUND?$AA@ 100502c8     dxerr8:dxerr8.obj
 0002:000012e0       ??_C@_0BG@PGJFDGMH@DMUS_E_ALREADY_LOADED?$AA@ 100502e0     dxerr8:dxerr8.obj
 0002:000012f8       ??_C@_0BF@DNCKLJCL@DMUS_E_INVALIDOFFSET?$AA@ 100502f8     dxerr8:dxerr8.obj
 0002:00001310       ??_C@_0BC@OMMPPNCJ@DMUS_E_NOTADLSCOL?$AA@ 10050310     dxerr8:dxerr8.obj
 0002:00001324       ??_C@_0BK@HLNNADGD@DMUS_E_BUFFERNOTAVAILABLE?$AA@ 10050324     dxerr8:dxerr8.obj
 0002:00001340       ??_C@_0BE@FHNEBLJO@DMUS_E_BUFFERNOTSET?$AA@ 10050340     dxerr8:dxerr8.obj
 0002:00001354       ??_C@_0BK@GGFANPBE@DMUS_E_INSUFFICIENTBUFFER?$AA@ 10050354     dxerr8:dxerr8.obj
 0002:00001370       ??_C@_0BF@GNFOPDNI@DMUS_E_DEVICE_IN_USE?$AA@ 10050370     dxerr8:dxerr8.obj
 0002:00001388       ??_C@_0BC@KICIODPC@DMUS_E_PORTS_OPEN?$AA@ 10050388     dxerr8:dxerr8.obj
 0002:0000139c       ??_C@_0BF@OGAIBIKN@DMUS_E_DRIVER_FAILED?$AA@ 1005039c     dxerr8:dxerr8.obj
 0002:000013b4       ??_C@_0BI@DBNEKAEK@DSERR_BADSENDBUFFERGUID?$AA@ 100503b4     dxerr8:dxerr8.obj
 0002:000013cc       ??_C@_0BF@EAFEGIOD@DSERR_BUFFERTOOSMALL?$AA@ 100503cc     dxerr8:dxerr8.obj
 0002:000013e4       ??_C@_0BD@JAFCIKKP@DSERR_DS8_REQUIRED?$AA@ 100503e4     dxerr8:dxerr8.obj
 0002:000013f8       ??_C@_0P@BOLIMOKF@DSERR_SENDLOOP?$AA@ 100503f8     dxerr8:dxerr8.obj
 0002:00001408       ??_C@_0BE@BMJCAPGM@DSERR_UNINITIALIZED?$AA@ 10050408     dxerr8:dxerr8.obj
 0002:0000141c       ??_C@_0P@HJFILJLC@DSERR_NODRIVER?$AA@ 1005041c     dxerr8:dxerr8.obj
 0002:0000142c       ??_C@_0BJ@PODLOCNP@DSERR_ALREADYINITIALIZED?$AA@ 1005042c     dxerr8:dxerr8.obj
 0002:00001448       ??_C@_0BB@MLKAOHBD@DSERR_BUFFERLOST?$AA@ 10050448     dxerr8:dxerr8.obj
 0002:0000145c       ??_C@_0BG@JFJBCEJM@DSERR_OTHERAPPHASPRIO?$AA@ 1005045c     dxerr8:dxerr8.obj
 0002:00001474       ??_C@_0BA@ECKDOBJD@DSERR_BADFORMAT?$AA@ 10050474     dxerr8:dxerr8.obj
 0002:00001484       ??_C@_0BF@KBGGCPDE@DSERR_CONTROLUNAVAIL?$AA@ 10050484     dxerr8:dxerr8.obj
 0002:0000149c       ??_C@_0BC@NMCDDLDP@DSERR_INVALIDCALL?$AA@ 1005049c     dxerr8:dxerr8.obj
 0002:000014b0       ??_C@_0BG@FGFOLLAI@DSERR_PRIOLEVELNEEDED?$AA@ 100504b0     dxerr8:dxerr8.obj
 0002:000014c8       ??_C@_0BA@COPOGMBA@DSERR_ALLOCATED?$AA@ 100504c8     dxerr8:dxerr8.obj
 0002:000014d8       ??_C@_0BH@OLPAEDNL@D3DXERR_CANNOTATTRSORT?$AA@ 100504d8     dxerr8:dxerr8.obj
 0002:000014f0       ??_C@_0BN@OFGKBIOG@D3DXERR_SKINNINGNOTSUPPORTED?$AA@ 100504f0     dxerr8:dxerr8.obj
 0002:00001510       ??_C@_0BK@BEMAPGE@D3DXERR_TOOMANYINFLUENCES?$AA@ 10050510     dxerr8:dxerr8.obj
 0002:0000152c       ??_C@_0BE@PJFJKLII@D3DXERR_INVALIDDATA?$AA@ 1005052c     dxerr8:dxerr8.obj
 0002:00001540       ??_C@_0BE@KPKGPDGC@D3DXERR_INVALIDMESH?$AA@ 10050540     dxerr8:dxerr8.obj
 0002:00001554       ??_C@_0BD@NKNFKHMN@D3DERR_INVALIDCALL?$AA@ 10050554     dxerr8:dxerr8.obj
 0002:00001568       ??_C@_0BJ@PINKIGDN@D3DERR_DRIVERINVALIDCALL?$AA@ 10050568     dxerr8:dxerr8.obj
 0002:00001584       ??_C@_0CA@LBFOOIIL@D3DXERR_CANNOTMODIFYINDEXBUFFER?$AA@ 10050584     dxerr8:dxerr8.obj
 0002:000015a4       ??_C@_0BF@IKIMMOMN@D3DERR_INVALIDDEVICE?$AA@ 100505a4     dxerr8:dxerr8.obj
 0002:000015bc       ??_C@_0BA@EMFIIMDH@D3DERR_MOREDATA?$AA@ 100505bc     dxerr8:dxerr8.obj
 0002:000015cc       ??_C@_0BC@EMHBBGDJ@D3DERR_DEVICELOST?$AA@ 100505cc     dxerr8:dxerr8.obj
 0002:000015e0       ??_C@_0BG@ODHIPO@D3DERR_DEVICENOTRESET?$AA@ 100505e0     dxerr8:dxerr8.obj
 0002:000015f8       ??_C@_0BE@EMOOFEGA@D3DERR_NOTAVAILABLE?$AA@ 100505f8     dxerr8:dxerr8.obj
 0002:0000160c       ??_C@_0BA@FEPMNEFM@D3DERR_NOTFOUND?$AA@ 1005060c     dxerr8:dxerr8.obj
 0002:0000161c       ??_C@_0BL@NGLDGHAB@D3DERR_DRIVERINTERNALERROR?$AA@ 1005061c     dxerr8:dxerr8.obj
 0002:00001638       ??_C@_0CB@FNAABFGA@D3DERR_CONFLICTINGTEXTUREPALETTE@ 10050638     dxerr8:dxerr8.obj
 0002:0000165c       ??_C@_0CA@FJBFGLDN@D3DERR_UNSUPPORTEDTEXTUREFILTER?$AA@ 1005065c     dxerr8:dxerr8.obj
 0002:0000167c       ??_C@_0BO@EMDMGLEF@D3DERR_CONFLICTINGRENDERSTATE?$AA@ 1005067c     dxerr8:dxerr8.obj
 0002:0000169c       ??_C@_0BO@MOJGBOAN@D3DERR_UNSUPPORTEDFACTORVALUE?$AA@ 1005069c     dxerr8:dxerr8.obj
 0002:000016bc       ??_C@_0CA@CFPOKCEH@D3DERR_CONFLICTINGTEXTUREFILTER?$AA@ 100506bc     dxerr8:dxerr8.obj
 0002:000016dc       ??_C@_0BJ@INFNOJNF@D3DERR_TOOMANYOPERATIONS?$AA@ 100506dc     dxerr8:dxerr8.obj
 0002:000016f8       ??_C@_0BL@BJOJBFEN@D3DERR_UNSUPPORTEDALPHAARG?$AA@ 100506f8     dxerr8:dxerr8.obj
 0002:00001714       ??_C@_0CB@JPKBHPNI@D3DERR_UNSUPPORTEDALPHAOPERATION@ 10050714     dxerr8:dxerr8.obj
 0002:00001738       ??_C@_0BL@CDKLBBHI@D3DERR_UNSUPPORTEDCOLORARG?$AA@ 10050738     dxerr8:dxerr8.obj
 0002:00001754       ??_C@_0CB@CGHHLPPG@D3DERR_UNSUPPORTEDCOLOROPERATION@ 10050754     dxerr8:dxerr8.obj
 0002:00001778       ??_C@_0BK@BPHFHCLE@D3DERR_WRONGTEXTUREFORMAT?$AA@ 10050778     dxerr8:dxerr8.obj
 0002:00001794       ??_C@_0BF@LKDNLDCD@DXFILEERR_NOINTERNET?$AA@ 10050794     dxerr8:dxerr8.obj
 0002:000017ac       ??_C@_0BH@DJCMIELE@DXFILEERR_BADCACHEFILE?$AA@ 100507ac     dxerr8:dxerr8.obj
 0002:000017c4       ??_C@_0BF@NFDJIKKM@DXFILEERR_NOMOREDATA?$AA@ 100507c4     dxerr8:dxerr8.obj
 0002:000017dc       ??_C@_0BO@KCFFMMAH@DXFILEERR_NOMORESTREAMHANDLES?$AA@ 100507dc     dxerr8:dxerr8.obj
 0002:000017fc       ??_C@_0BI@FJCNLPGO@DXFILEERR_BADINTRINSICS?$AA@ 100507fc     dxerr8:dxerr8.obj
 0002:00001814       ??_C@_0BI@JNFHOANA@DXFILEERR_NOMOREOBJECTS?$AA@ 10050814     dxerr8:dxerr8.obj
 0002:0000182c       ??_C@_0BI@FDKJFPKD@DXFILEERR_INTERNALERROR?$AA@ 1005082c     dxerr8:dxerr8.obj
 0002:00001844       ??_C@_0BL@MOIGKKOH@DXFILEERR_BADDATAREFERENCE?$AA@ 10050844     dxerr8:dxerr8.obj
 0002:00001860       ??_C@_0BH@EJKCFLIL@DXFILEERR_BADARRAYSIZE?$AA@ 10050860     dxerr8:dxerr8.obj
 0002:00001878       ??_C@_0BF@NCALJDIE@DXFILEERR_NOTEMPLATE?$AA@ 10050878     dxerr8:dxerr8.obj
 0002:00001890       ??_C@_0BF@BBPEMJAG@DXFILEERR_PARSEERROR?$AA@ 10050890     dxerr8:dxerr8.obj
 0002:000018a8       ??_C@_0BC@MPHKGJOB@DXFILEERR_BADFILE?$AA@ 100508a8     dxerr8:dxerr8.obj
 0002:000018bc       ??_C@_0CB@BGBKDDHG@DXFILEERR_BADFILECOMPRESSIONTYPE@ 100508bc     dxerr8:dxerr8.obj
 0002:000018e0       ??_C@_0BL@BBBJNMCP@DXFILEERR_BADFILEFLOATSIZE?$AA@ 100508e0     dxerr8:dxerr8.obj
 0002:000018fc       ??_C@_0BJ@FPMPPGLG@DXFILEERR_BADFILEVERSION?$AA@ 100508fc     dxerr8:dxerr8.obj
 0002:00001918       ??_C@_0BG@GNOKCEHM@DXFILEERR_BADFILETYPE?$AA@ 10050918     dxerr8:dxerr8.obj
 0002:00001930       ??_C@_0BG@PGFFOJH@DXFILEERR_BADRESOURCE?$AA@ 10050930     dxerr8:dxerr8.obj
 0002:00001948       ??_C@_0BG@MMPOGPLJ@DXFILEERR_URLNOTFOUND?$AA@ 10050948     dxerr8:dxerr8.obj
 0002:00001960       ??_C@_0BL@IDLPKGHF@DXFILEERR_RESOURCENOTFOUND?$AA@ 10050960     dxerr8:dxerr8.obj
 0002:0000197c       ??_C@_0BH@OLPIDICN@DXFILEERR_FILENOTFOUND?$AA@ 1005097c     dxerr8:dxerr8.obj
 0002:00001994       ??_C@_0BF@GGGCBGIO@DXFILEERR_NOTDONEYET?$AA@ 10050994     dxerr8:dxerr8.obj
 0002:000019ac       ??_C@_0BD@HJLDFNDK@DXFILEERR_NOTFOUND?$AA@ 100509ac     dxerr8:dxerr8.obj
 0002:000019c0       ??_C@_0BD@NEOEIOFP@DXFILEERR_BADALLOC?$AA@ 100509c0     dxerr8:dxerr8.obj
 0002:000019d4       ??_C@_0BK@JIBNKPHL@DXFILEERR_BADSTREAMHANDLE?$AA@ 100509d4     dxerr8:dxerr8.obj
 0002:000019f0       ??_C@_0BC@JAHPKAII@DXFILEERR_BADTYPE?$AA@ 100509f0     dxerr8:dxerr8.obj
 0002:00001a04       ??_C@_0BD@HFEMPJON@DXFILEERR_BADVALUE?$AA@ 10050a04     dxerr8:dxerr8.obj
 0002:00001a18       ??_C@_0BE@KPBPDPFC@DXFILEERR_BADOBJECT?$AA@ 10050a18     dxerr8:dxerr8.obj
 0002:00001a2c       ??_C@_0BN@KNLDEANB@DDERR_DEVICEDOESNTOWNSURFACE?$AA@ 10050a2c     dxerr8:dxerr8.obj
 0002:00001a4c       ??_C@_0BG@FKDJDMHA@DDERR_NODRIVERSUPPORT?$AA@ 10050a4c     dxerr8:dxerr8.obj
 0002:00001a64       ??_C@_0BL@EFEBFOMC@DDERR_NOMONITORINFORMATION?$AA@ 10050a64     dxerr8:dxerr8.obj
 0002:00001a80       ??_C@_0BF@DPOKKEIF@DDERR_VIDEONOTACTIVE?$AA@ 10050a80     dxerr8:dxerr8.obj
 0002:00001a98       ??_C@_0BI@MNADDBAC@DDERR_D3DNOTINITIALIZED?$AA@ 10050a98     dxerr8:dxerr8.obj
 0002:00001ab0       ??_C@_0O@DBFLIBLJ@DDERR_NEWMODE?$AA@ 10050ab0     dxerr8:dxerr8.obj
 0002:00001ac0       ??_C@_0BD@NFBNMILD@DDERR_TESTFINISHED?$AA@ 10050ac0     dxerr8:dxerr8.obj
 0002:00001ad4       ??_C@_0O@DIBHCCKN@DDERR_EXPIRED?$AA@ 10050ad4     dxerr8:dxerr8.obj
 0002:00001ae4       ??_C@_0P@BACCKLEO@DDERR_MOREDATA?$AA@ 10050ae4     dxerr8:dxerr8.obj
 0002:00001af4       ??_C@_0BE@ELKGHCMM@DDERR_NOTPAGELOCKED?$AA@ 10050af4     dxerr8:dxerr8.obj
 0002:00001b08       ??_C@_0BF@MPOCMAGG@DDERR_CANTPAGEUNLOCK?$AA@ 10050b08     dxerr8:dxerr8.obj
 0002:00001b20       ??_C@_0BD@GIBKCHPD@DDERR_CANTPAGELOCK?$AA@ 10050b20     dxerr8:dxerr8.obj
 0002:00001b34       ??_C@_0BH@NGNFGAPP@DDERR_NONONLOCALVIDMEM?$AA@ 10050b34     dxerr8:dxerr8.obj
 0002:00001b4c       ??_C@_0BH@BBAKKFGG@DDERR_DCALREADYCREATED?$AA@ 10050b4c     dxerr8:dxerr8.obj
 0002:00001b64       ??_C@_0BK@DGLNEGDN@DDERR_NOTONMIPMAPSUBLEVEL?$AA@ 10050b64     dxerr8:dxerr8.obj
 0002:00001b80       ??_C@_0BE@NFJHIIEO@DDERR_NOFOCUSWINDOW?$AA@ 10050b80     dxerr8:dxerr8.obj
 0002:00001b94       ??_C@_0BA@IAHGDMOK@DDERR_NOTLOADED?$AA@ 10050b94     dxerr8:dxerr8.obj
 0002:00001ba4       ??_C@_0BD@DJOGAOFP@DDERR_NOOPTIMIZEHW?$AA@ 10050ba4     dxerr8:dxerr8.obj
 0002:00001bb8       ??_C@_0BJ@HPBNNCIB@DDERR_INVALIDSURFACETYPE?$AA@ 10050bb8     dxerr8:dxerr8.obj
 0002:00001bd4       ??_C@_0BB@LNEPLBGC@DDERR_NOMIPMAPHW?$AA@ 10050bd4     dxerr8:dxerr8.obj
 0002:00001be8       ??_C@_0BG@GJEKJFBD@DDERR_UNSUPPORTEDMODE?$AA@ 10050be8     dxerr8:dxerr8.obj
 0002:00001c00       ??_C@_0BE@FGMGOELL@DDERR_NOTPALETTIZED?$AA@ 10050c00     dxerr8:dxerr8.obj
 0002:00001c14       ??_C@_0BI@NLHHKHEN@DDERR_IMPLICITLYCREATED?$AA@ 10050c14     dxerr8:dxerr8.obj
 0002:00001c2c       ??_C@_0BA@FGHHLMKB@DDERR_WRONGMODE?$AA@ 10050c2c     dxerr8:dxerr8.obj
 0002:00001c3c       ??_C@_0L@CHFPOEHC@DDERR_NODC?$AA@ 10050c3c     dxerr8:dxerr8.obj
 0002:00001c48       ??_C@_0BD@PBNGJMBK@DDERR_CANTCREATEDC?$AA@ 10050c48     dxerr8:dxerr8.obj
 0002:00001c5c       ??_C@_0BA@KCNFHPNM@DDERR_NOTLOCKED?$AA@ 10050c5c     dxerr8:dxerr8.obj
 0002:00001c6c       ??_C@_0BE@LNBDBNLL@DDERR_CANTDUPLICATE?$AA@ 10050c6c     dxerr8:dxerr8.obj
 0002:00001c80       ??_C@_0BD@FOFDLEGO@DDERR_NOTFLIPPABLE?$AA@ 10050c80     dxerr8:dxerr8.obj
 0002:00001c94       ??_C@_0BO@GMCKLDPA@DDERR_EXCLUSIVEMODEALREADYSET?$AA@ 10050c94     dxerr8:dxerr8.obj
 0002:00001cb4       ??_C@_0BJ@LGNAEONK@DDERR_NOTAOVERLAYSURFACE?$AA@ 10050cb4     dxerr8:dxerr8.obj
 0002:00001cd0       ??_C@_0BG@OMJGFIHE@DDERR_INVALIDPOSITION?$AA@ 10050cd0     dxerr8:dxerr8.obj
 0002:00001ce8       ??_C@_0BE@JKKEKLOE@DDERR_NOOVERLAYDEST?$AA@ 10050ce8     dxerr8:dxerr8.obj
 0002:00001cfc       ??_C@_0BI@CLLMFLGN@DDERR_OVERLAYNOTVISIBLE?$AA@ 10050cfc     dxerr8:dxerr8.obj
 0002:00001d14       ??_C@_0BB@BPILLDBG@DDERR_NODDROPSHW?$AA@ 10050d14     dxerr8:dxerr8.obj
 0002:00001d28       ??_C@_0O@NKGDNEG@DDERR_NOBLTHW?$AA@ 10050d28     dxerr8:dxerr8.obj
 0002:00001d38       ??_C@_0BG@HLNKGEOE@DDERR_BLTFASTCANTCLIP?$AA@ 10050d38     dxerr8:dxerr8.obj
 0002:00001d50       ??_C@_0BC@GEADEPGN@DDERR_NOPALETTEHW?$AA@ 10050d50     dxerr8:dxerr8.obj
 0002:00001d64       ??_C@_0BI@KBKHCNLK@DDERR_NOPALETTEATTACHED?$AA@ 10050d64     dxerr8:dxerr8.obj
 0002:00001d7c       ??_C@_0BF@LGLNHCHJ@DDERR_HWNDALREADYSET?$AA@ 10050d7c     dxerr8:dxerr8.obj
 0002:00001d94       ??_C@_0BF@MAFLBECE@DDERR_HWNDSUBCLASSED?$AA@ 10050d94     dxerr8:dxerr8.obj
 0002:00001dac       ??_C@_0N@EOPEBNEI@DDERR_NOHWND?$AA@ 10050dac     dxerr8:dxerr8.obj
 0002:00001dbc       ??_C@_0BI@BGMBBEJL@DDERR_NOCLIPPERATTACHED?$AA@ 10050dbc     dxerr8:dxerr8.obj
 0002:00001dd4       ??_C@_0BJ@BOEHMDDM@DDERR_CLIPPERISUSINGHWND?$AA@ 10050dd4     dxerr8:dxerr8.obj
 0002:00001df0       ??_C@_0BF@BDDJLJGA@DDERR_REGIONTOOSMALL?$AA@ 10050df0     dxerr8:dxerr8.obj
 0002:00001e08       ??_C@_0BC@DCFOAKAL@DDERR_NOEMULATION?$AA@ 10050e08     dxerr8:dxerr8.obj
 0002:00001e1c       ??_C@_0CC@FKFBEMJC@DDERR_PRIMARYSURFACEALREADYEXIST@ 10050e1c     dxerr8:dxerr8.obj
 0002:00001e40       ??_C@_0BF@NOEHEIDL@DDERR_NODIRECTDRAWHW?$AA@ 10050e40     dxerr8:dxerr8.obj
 0002:00001e58       ??_C@_0BP@CFDPGCFK@DDERR_DIRECTDRAWALREADYCREATED?$AA@ 10050e58     dxerr8:dxerr8.obj
 0002:00001e78       ??_C@_0BM@LMDGBJFD@DDERR_INVALIDDIRECTDRAWGUID?$AA@ 10050e78     dxerr8:dxerr8.obj
 0002:00001e94       ??_C@_0N@MAIIIAKF@DDERR_XALIGN?$AA@ 10050e94     dxerr8:dxerr8.obj
 0002:00001ea4       ??_C@_0BN@BHNGJHFA@DDERR_DDSCAPSCOMPLEXREQUIRED?$AA@ 10050ea4     dxerr8:dxerr8.obj
 0002:00001ec4       ??_C@_0BG@PNJKHKJC@DDERR_WASSTILLDRAWING?$AA@ 10050ec4     dxerr8:dxerr8.obj
 0002:00001edc       ??_C@_0BO@CKEGAAHC@DDERR_VERTICALBLANKINPROGRESS?$AA@ 10050edc     dxerr8:dxerr8.obj
 0002:00001efc       ??_C@_0BE@BCDLBAEK@DDERR_INVALIDSTREAM?$AA@ 10050efc     dxerr8:dxerr8.obj
 0002:00001f10       ??_C@_0BG@OHPHKFL@DDERR_UNSUPPORTEDMASK?$AA@ 10050f10     dxerr8:dxerr8.obj
 0002:00001f28       ??_C@_0BB@IBDADILM@DDERR_TOOBIGSIZE?$AA@ 10050f28     dxerr8:dxerr8.obj
 0002:00001f3c       ??_C@_0BC@MMEFKBGP@DDERR_TOOBIGWIDTH?$AA@ 10050f3c     dxerr8:dxerr8.obj
 0002:00001f50       ??_C@_0BI@GGBGCOID@DDERR_UNSUPPORTEDFORMAT?$AA@ 10050f50     dxerr8:dxerr8.obj
 0002:00001f68       ??_C@_0BD@FPHOLBKE@DDERR_TOOBIGHEIGHT?$AA@ 10050f68     dxerr8:dxerr8.obj
 0002:00001f7c       ??_C@_0BG@IADNDEGE@DDERR_CANTLOCKSURFACE?$AA@ 10050f7c     dxerr8:dxerr8.obj
 0002:00001f94       ??_C@_0BI@KAHOANAA@DDERR_SURFACEISOBSCURED?$AA@ 10050f94     dxerr8:dxerr8.obj
 0002:00001fac       ??_C@_0BC@OOFFFAGE@DDERR_SURFACELOST?$AA@ 10050fac     dxerr8:dxerr8.obj
 0002:00001fc0       ??_C@_0BJ@DMNBOKFJ@DDERR_SURFACENOTATTACHED?$AA@ 10050fc0     dxerr8:dxerr8.obj
 0002:00001fdc       ??_C@_0BC@NLGPCHLD@DDERR_SURFACEBUSY?$AA@ 10050fdc     dxerr8:dxerr8.obj
 0002:00001ff0       ??_C@_0BC@CEBGFCJL@DDERR_PALETTEBUSY?$AA@ 10050ff0     dxerr8:dxerr8.obj
 0002:00002004       ??_C@_0BF@HOAOBBGM@DDERR_COLORKEYNOTSET?$AA@ 10051004     dxerr8:dxerr8.obj
 0002:0000201c       ??_C@_0BN@DLNFLDJF@DDERR_SURFACEALREADYATTACHED?$AA@ 1005101c     dxerr8:dxerr8.obj
 0002:0000203c       ??_C@_0BO@HOHOGLO@DDERR_SURFACEALREADYDEPENDENT?$AA@ 1005103c     dxerr8:dxerr8.obj
 0002:0000205c       ??_C@_0CD@JNABKIAN@DDERR_OVERLAYCOLORKEYONLYONEACTI@ 1005105c     dxerr8:dxerr8.obj
 0002:00002080       ??_C@_0BD@IFBPLCFK@DDERR_NOZOVERLAYHW?$AA@ 10051080     dxerr8:dxerr8.obj
 0002:00002094       ??_C@_0BA@BCMNJCDB@DDERR_OUTOFCAPS?$AA@ 10051094     dxerr8:dxerr8.obj
 0002:000020a4       ??_C@_0BI@GJDGNNKD@D3DERR_OUTOFVIDEOMEMORY?$AA@ 100510a4     dxerr8:dxerr8.obj
 0002:000020bc       ??_C@_0BG@EDDFCCOG@DDERR_OVERLAYCANTCLIP?$AA@ 100510bc     dxerr8:dxerr8.obj
 0002:000020d4       ??_C@_0BC@MGOAKBHI@DDERR_NOZBUFFERHW?$AA@ 100510d4     dxerr8:dxerr8.obj
 0002:000020e8       ??_C@_0BD@FHDGHNGM@DDERR_NOT8BITCOLOR?$AA@ 100510e8     dxerr8:dxerr8.obj
 0002:000020fc       ??_C@_0BC@ENEADALF@DDERR_NOTEXTUREHW?$AA@ 100510fc     dxerr8:dxerr8.obj
 0002:00002110       ??_C@_0BA@PAPKELJP@DDERR_NOVSYNCHW?$AA@ 10051110     dxerr8:dxerr8.obj
[...]
 0003:00000c78       ?__LINE__Var@?1??Open@CWaveFile@@QAEJPADPAUtWAVEFORMATEX@@K@Z@4FA 10081c78     dsutil.obj
 0003:00000c7c       ?__LINE__Var@?1??ReadMMIO@CWaveFile@@IAEJXZ@4FA 10081c7c     dsutil.obj
 0003:00000c80       ?__LINE__Var@?1??ResetFile@CWaveFile@@QAEJXZ@4FA 10081c80     dsutil.obj
 0003:00000c84       ?__LINE__Var@?1??Read@CWaveFile@@QAEJPAEKPAK@Z@4FA 10081c84     dsutil.obj
 0003:00000c88       ?__LINE__Var@?1??Close@CWaveFile@@QAEJXZ@4FA 10081c88     dsutil.obj
 0003:00000c8c       ?__LINE__Var@?1??WriteMMIO@CWaveFile@@IAEJPAUtWAVEFORMATEX@@@Z@4FA 10081c8c     dsutil.obj
 0003:00000c90       ?__LINE__Var@?1??Write@CWaveFile@@QAEJIPAEPAI@Z@4FA 10081c90     dsutil.obj
 0003:00000c98       __NLG_Destination          10081c98     LIBCMTD:exsup.obj
 0003:00000cb0       __fltused                  10081cb0     LIBCMTD:fpinit.obj
 0003:00000cb4       __ldused                   10081cb4     LIBCMTD:fpinit.obj
 0003:00000cb8       __FPinit                   10081cb8     LIBCMTD:fpinit.obj
 0003:00000cbc       __FPmtinit                 10081cbc     LIBCMTD:fpinit.obj
 0003:00000cc0       __FPmtterm                 10081cc0     LIBCMTD:fpinit.obj
 0003:00000cd0       __aexit_rtn                10081cd0     LIBCMTD:dllcrt0.obj
 0003:00000ce0       __locktable                10081ce0     LIBCMTD:mlock.obj
 0003:00000da0       __crtDbgFlag               10081da0     LIBCMTD:dbgheap.obj
 0003:00000da8       __crtBreakAlloc            10081da8     LIBCMTD:dbgheap.obj
 0003:00000dc4       __crtAssertBusy            10081dc4     LIBCMTD:dbgrpt.obj
 0003:00000dc8       __CrtDbgMode               10081dc8     LIBCMTD:dbgrpt.obj
 0003:00000dd4       __CrtDbgFile               10081dd4     LIBCMTD:dbgrpt.obj
 0003:00000df0       ___tlsindex                10081df0     LIBCMTD:tidtable.obj
 0003:00000df4       ?__pInconsistency@@3P6AXXZA 10081df4     LIBCMTD:hooks.obj
 0003:00000df8       ___nullstring              10081df8     LIBCMTD:output.obj
 0003:00000dfc       ___wnullstring             10081dfc     LIBCMTD:output.obj
 0003:00000e00       __cfltcvt_tab              10081e00     LIBCMTD:cmiscdat.obj
 0003:00000e28       ___badioinfo               10081e28     LIBCMTD:ioinit.obj
 0003:00000e4c       __amblksiz                 10081e4c     LIBCMTD:heapinit.obj
 0003:00000ee0       __pfnAllocHook             10081ee0     LIBCMTD:dbghook.obj
 0003:00000ee8       ___old_small_block_heap    10081ee8     LIBCMTD:sbheap.obj
 0003:00002f0c       ___old_sbh_threshold       10083f0c     LIBCMTD:sbheap.obj
 0003:00002f10       __pctype                   10083f10     LIBCMTD:ctype.obj
 0003:00002f14       __pwctype                  10083f14     LIBCMTD:ctype.obj
 0003:00002f18       __ctype                    10083f18     LIBCMTD:ctype.obj
 0003:0000311c       ___mb_cur_max              1008411c     LIBCMTD:nlsdata1.obj
 0003:00003120       ___decimal_point           10084120     LIBCMTD:nlsdata1.obj
 0003:00003124       ___decimal_point_length    10084124     LIBCMTD:nlsdata1.obj
 0003:00003130       __XcptActTab               10084130     LIBCMTD:winxfltr.obj
 0003:000031a8       __First_FPE_Indx           100841a8     LIBCMTD:winxfltr.obj
 0003:000031ac       __Num_FPE                  100841ac     LIBCMTD:winxfltr.obj
 0003:000031b0       __XcptActTabSize           100841b0     LIBCMTD:winxfltr.obj
 0003:000031b4       __XcptActTabCount          100841b4     LIBCMTD:winxfltr.obj
 0003:000031b8       __iob                      100841b8     LIBCMTD:_file.obj
 0003:000037e8       ___lc_category             100847e8     LIBCMTD:setlocal.obj
 0003:00003830       ___rgLocInfo               10084830     LIBCMTD:getqloc.obj
 0003:00003cd4       ___rglangidNotDefault      10084cd4     LIBCMTD:getqloc.obj
 0003:00003ce8       ___rg_country              10084ce8     LIBCMTD:getqloc.obj
 0003:00003da0       ___rg_language             10084da0     LIBCMTD:getqloc.obj
 0003:00003fa8       ___lc_time_curr            10084fa8     LIBCMTD:strftime.obj
 0003:00003fb0       ___lc_time_c               10084fb0     LIBCMTD:strftime.obj
 0003:00004060       ___lconv_static_decimal    10085060     LIBCMTD:lconv.obj
 0003:00004068       ___lconv_c                 10085068     LIBCMTD:lconv.obj
 0003:00004098       ___lconv                   10085098     LIBCMTD:lconv.obj
 0003:000040a0       __pow10pos                 100850a0     LIBCMTD:constpow.obj
 0003:00004200       __pow10neg                 10085200     LIBCMTD:constpow.obj
 0003:0000435c       __timezone                 1008535c     LIBCMTD:timeset.obj
 0003:00004360       __daylight                 10085360     LIBCMTD:timeset.obj
 0003:00004364       __dstbias                  10085364     LIBCMTD:timeset.obj
 0003:000043e8       __tzname                   100853e8     LIBCMTD:timeset.obj
 0003:00004410       __lpdays                   10085410     LIBCMTD:days.obj
 0003:00004444       __days                     10085444     LIBCMTD:days.obj
 0003:000050b8       ?g_bBufferPaused@@3HA      100860b8     dsiPlayer.obj
 0003:000050bc       ?g_pSoundManager@@3PAVCSoundManager@@A 100860bc     dsiPlayer.obj
 0003:000050c0       ?g_pSound@@3PAVCSound@@A   100860c0     dsiPlayer.obj
 0003:00005254       ___fastflag                10086254     LIBCMTD:fpinit.obj
 0003:00005258       __adjust_fdiv              10086258     LIBCMTD:fpinit.obj
 0003:00005260       __aenvptr                  10086260     LIBCMTD:dllcrt0.obj
 0003:00005264       __wenvptr                  10086264     LIBCMTD:dllcrt0.obj
 0003:00005268       ___error_mode              10086268     LIBCMTD:dllcrt0.obj
 0003:0000526c       ___app_type                1008626c     LIBCMTD:dllcrt0.obj
 0003:000052e8       __umaskval                 100862e8     LIBCMTD:crt0dat.obj
 0003:000052ec       __osver                    100862ec     LIBCMTD:crt0dat.obj
 0003:000052f0       __winver                   100862f0     LIBCMTD:crt0dat.obj
 0003:000052f4       __winmajor                 100862f4     LIBCMTD:crt0dat.obj
 0003:000052f8       __winminor                 100862f8     LIBCMTD:crt0dat.obj
 0003:000052fc       ___argc                    100862fc     LIBCMTD:crt0dat.obj
 0003:00005300       ___argv                    10086300     LIBCMTD:crt0dat.obj
 0003:00005304       ___wargv                   10086304     LIBCMTD:crt0dat.obj
 0003:00005308       __environ                  10086308     LIBCMTD:crt0dat.obj
 0003:0000530c       ___initenv                 1008630c     LIBCMTD:crt0dat.obj
 0003:00005310       __wenviron                 10086310     LIBCMTD:crt0dat.obj
 0003:00005314       ___winitenv                10086314     LIBCMTD:crt0dat.obj
 0003:00005318       __pgmptr                   10086318     LIBCMTD:crt0dat.obj
 0003:0000531c       __wpgmptr                  1008631c     LIBCMTD:crt0dat.obj
 0003:00005320       __exitflag                 10086320     LIBCMTD:crt0dat.obj
 0003:00005324       __C_Termination_Done       10086324     LIBCMTD:crt0dat.obj
 0003:00005328       __C_Exit_Done              10086328     LIBCMTD:crt0dat.obj
 0003:00005438       __adbgmsg                  10086438     LIBCMTD:crt0msg.obj
 0003:0000543c       __newmode                  1008643c     LIBCMTD:_newmode.obj
 0003:00005440       ?_pnhHeap@@3P6AHI@ZA       10086440     LIBCMTD:handler.obj
 0003:0000546c       __cflush                   1008646c     LIBCMTD:_file.obj
 0003:00005484       ___lc_handle               10086484     LIBCMTD:nlsdata2.obj
 0003:0000549c       ___lc_codepage             1008649c     LIBCMTD:nlsdata2.obj
 0003:000054a0       ___lc_collate_cp           100864a0     LIBCMTD:nlsdata2.obj
 0003:000054a8       ___lc_time_intl            100864a8     LIBCMTD:inittime.obj
 0003:000054c4       ___lc_id                   100864c4     LIBCMTD:nlsdata3.obj
 0003:00005514       ___lconv_static_null       10086514     LIBCMTD:lconv.obj
 0003:000055e8       ___alternate_form          100865e8     <common>
 0003:000055f8       ___no_lead_zeros           100865f8     <common>
 0003:000055fc       ___setlc_active            100865fc     <common>
 0003:0000560c       ___unguarded_readlc_active 1008660c     <common>
 0003:00005610       ___mbcodepage              10086610     <common>
 0003:00005690       ___mbulinfo                10086690     <common>
 0003:0000569c       ___ismbcodepage            1008669c     <common>
 0003:000056a0       __mbcasemap                100866a0     <common>
 0003:000057a0       __mbctype                  100867a0     <common>
 0003:000058a4       ___mblcid                  100868a4     <common>
 0003:000058a8       ___piob                    100868a8     <common>
 0003:00005c00       __bufin                    10086c00     <common>
 0003:00006c00       __nstream                  10087c00     <common>
 0003:00006c04       ___sbh_sizeHeaderList      10087c04     <common>
 0003:00006c18       ___sbh_indGroupDefer       10087c18     <common>
 0003:00006c1c       ___sbh_pHeaderScan         10087c1c     <common>
 0003:00006c20       ___sbh_initialized         10087c20     <common>
 0003:00006c24       ___sbh_pHeaderDefer        10087c24     <common>
 0003:00006c28       ___sbh_cntHeaderList       10087c28     <common>
 0003:00006c2c       ___sbh_pHeaderList         10087c2c     <common>
 0003:00006c30       ___sbh_threshold           10087c30     <common>
 0003:00006c34       __crtheap                  10087c34     <common>
 0003:00006c44       ___active_heap             10087c44     <common>
 0003:00006c60       ___pioinfo                 10087c60     <common>
 0003:00006d9c       __nhandle                  10087d9c     <common>
 0003:00006da0       ___env_initialized         10087da0     <common>
 0003:00006db0       ___mbctype_initialized     10087db0     <common>
 0003:00006db4       ___onexitend               10087db4     <common>
 0003:00006db8       ___onexitbegin             10087db8     <common>
 0003:00006dbc       __pfnReportHook            10087dbc     <common>
 0003:00006dc8       __pfnDumpClient            10087dc8     <common>
 0003:00006dd4       __acmdln                   10087dd4     <common>
 0003:00006de4       __pRawDllMain              10087de4     <common>
 0004:00000000       __IMPORT_DESCRIPTOR_WINMM  10088000     winmm:WINMM.dll
 0004:00000014       __IMPORT_DESCRIPTOR_DSOUND 10088014     dsound:DSOUND.dll
 0004:00000028       __IMPORT_DESCRIPTOR_KERNEL32 10088028     kernel32:KERNEL32.dll
 0004:0000003c       __IMPORT_DESCRIPTOR_USER32 1008803c     user32:USER32.dll
 0004:00000050       __IMPORT_DESCRIPTOR_ADVAPI32 10088050     advapi32:ADVAPI32.dll
 0004:00000064       __NULL_IMPORT_DESCRIPTOR   10088064     winmm:WINMM.dll
 0004:00000348       __imp__RegOpenKeyExA@20    10088348     advapi32:ADVAPI32.dll
 0004:0000034c       __imp__RegQueryValueExA@24 1008834c     advapi32:ADVAPI32.dll
 0004:00000350       __imp__RegCloseKey@4       10088350     advapi32:ADVAPI32.dll
 0004:00000354       __imp__RegSetValueExA@24   10088354     advapi32:ADVAPI32.dll
 0004:00000358       \177ADVAPI32_NULL_THUNK_DATA 10088358     advapi32:ADVAPI32.dll
 0004:00000384       __imp__DirectSoundCreate8@12 10088384     dsound:DSOUND.dll
 0004:00000388       \177DSOUND_NULL_THUNK_DATA 10088388     dsound:DSOUND.dll
 0004:000003b4       __imp__IsValidCodePage@4   100883b4     kernel32:KERNEL32.dll
 0004:000003b8       __imp__EnumSystemLocalesA@8 100883b8     kernel32:KERNEL32.dll
 0004:000003bc       __imp__FlushFileBuffers@4  100883bc     kernel32:KERNEL32.dll
 0004:000003c0       __imp__ReadFile@20         100883c0     kernel32:KERNEL32.dll
 0004:000003c4       __imp__LCMapStringW@24     100883c4     kernel32:KERNEL32.dll
 0004:000003c8       __imp__IsValidLocale@8     100883c8     kernel32:KERNEL32.dll
 0004:000003cc       __imp__GetLocaleInfoA@16   100883cc     kernel32:KERNEL32.dll
 0004:000003d0       __imp__GetUserDefaultLCID@0 100883d0     kernel32:KERNEL32.dll
 0004:000003d4       __imp__Sleep@4             100883d4     kernel32:KERNEL32.dll
 0004:000003d8       __imp__LockResource@4      100883d8     kernel32:KERNEL32.dll
 0004:000003dc       __imp__SizeofResource@8    100883dc     kernel32:KERNEL32.dll
 0004:000003e0       __imp__LoadResource@8      100883e0     kernel32:KERNEL32.dll
 0004:000003e4       __imp__GetTimeZoneInformation@4 100883e4     kernel32:KERNEL32.dll
 0004:000003e8       __imp__CloseHandle@4       100883e8     kernel32:KERNEL32.dll
 0004:000003ec       __imp__CreateFileA@28      100883ec     kernel32:KERNEL32.dll
 0004:000003f0       __imp__GetFullPathNameA@16 100883f0     kernel32:KERNEL32.dll
 0004:000003f4       __imp__QueryPerformanceCounter@4 100883f4     kernel32:KERNEL32.dll
 0004:000003f8       __imp__QueryPerformanceFrequency@4 100883f8     kernel32:KERNEL32.dll
 0004:000003fc       __imp__MultiByteToWideChar@24 100883fc     kernel32:KERNEL32.dll
 0004:00000400       __imp__WideCharToMultiByte@32 10088400     kernel32:KERNEL32.dll
 0004:00000404       __imp__OutputDebugStringA@4 10088404     kernel32:KERNEL32.dll
 0004:00000408       __imp__OutputDebugStringW@4 10088408     kernel32:KERNEL32.dll
 0004:0000040c       __imp__LCMapStringA@24     1008840c     kernel32:KERNEL32.dll
 0004:00000410       __imp__SetStdHandle@8      10088410     kernel32:KERNEL32.dll
 0004:00000414       __imp__GetStringTypeW@16   10088414     kernel32:KERNEL32.dll
 0004:00000418       __imp__GetStringTypeA@20   10088418     kernel32:KERNEL32.dll
 0004:0000041c       __imp__GetLocaleInfoW@16   1008841c     kernel32:KERNEL32.dll
 0004:00000420       __imp__CompareStringA@24   10088420     kernel32:KERNEL32.dll
 0004:00000424       __imp__CompareStringW@24   10088424     kernel32:KERNEL32.dll
 0004:00000428       __imp__FindResourceA@12    10088428     kernel32:KERNEL32.dll
 0004:0000042c       __imp__GetProcAddress@8    1008842c     kernel32:KERNEL32.dll
 0004:00000430       __imp__RtlUnwind@16        10088430     kernel32:KERNEL32.dll
 0004:00000434       __imp__GetCommandLineA@0   10088434     kernel32:KERNEL32.dll
 0004:00000438       __imp__GetVersion@0        10088438     kernel32:KERNEL32.dll
 0004:0000043c       __imp__InitializeCriticalSection@4 1008843c     kernel32:KERNEL32.dll
 0004:00000440       __imp__DeleteCriticalSection@4 10088440     kernel32:KERNEL32.dll
 0004:00000444       __imp__EnterCriticalSection@4 10088444     kernel32:KERNEL32.dll
 0004:00000448       __imp__LeaveCriticalSection@4 10088448     kernel32:KERNEL32.dll
 0004:0000044c       __imp__ExitProcess@4       1008844c     kernel32:KERNEL32.dll
 0004:00000450       __imp__FatalAppExitA@8     10088450     kernel32:KERNEL32.dll
 0004:00000454       __imp__IsBadWritePtr@8     10088454     kernel32:KERNEL32.dll
 0004:00000458       __imp__IsBadReadPtr@8      10088458     kernel32:KERNEL32.dll
 0004:0000045c       __imp__HeapValidate@12     1008845c     kernel32:KERNEL32.dll
 0004:00000460       __imp__DebugBreak@0        10088460     kernel32:KERNEL32.dll
 0004:00000464       __imp__GetStdHandle@4      10088464     kernel32:KERNEL32.dll
 0004:00000468       __imp__WriteFile@20        10088468     kernel32:KERNEL32.dll
 0004:0000046c       __imp__InterlockedDecrement@4 1008846c     kernel32:KERNEL32.dll
 0004:00000470       __imp__SetEnvironmentVariableA@8 10088470     kernel32:KERNEL32.dll
 0004:00000474       __imp__LoadLibraryA@4      10088474     kernel32:KERNEL32.dll
 0004:00000478       __imp__InterlockedIncrement@4 10088478     kernel32:KERNEL32.dll
 0004:0000047c       __imp__GetModuleFileNameA@12 1008847c     kernel32:KERNEL32.dll
 0004:00000480       __imp__GetCurrentThreadId@0 10088480     kernel32:KERNEL32.dll
 0004:00000484       __imp__TlsSetValue@8       10088484     kernel32:KERNEL32.dll
 0004:00000488       __imp__TlsAlloc@0          10088488     kernel32:KERNEL32.dll
 0004:0000048c       __imp__TlsFree@4           1008848c     kernel32:KERNEL32.dll
 0004:00000490       __imp__SetLastError@4      10088490     kernel32:KERNEL32.dll
 0004:00000494       __imp__TlsGetValue@4       10088494     kernel32:KERNEL32.dll
 0004:00000498       __imp__GetLastError@0      10088498     kernel32:KERNEL32.dll
 0004:0000049c       __imp__GetCurrentThread@0  1008849c     kernel32:KERNEL32.dll
 0004:000004a0       __imp__GetModuleHandleA@4  100884a0     kernel32:KERNEL32.dll
 0004:000004a4       __imp__TerminateProcess@8  100884a4     kernel32:KERNEL32.dll
 0004:000004a8       __imp__GetCurrentProcess@0 100884a8     kernel32:KERNEL32.dll
 0004:000004ac       __imp__SetHandleCount@4    100884ac     kernel32:KERNEL32.dll
 0004:000004b0       __imp__GetFileType@4       100884b0     kernel32:KERNEL32.dll
 0004:000004b4       __imp__GetStartupInfoA@4   100884b4     kernel32:KERNEL32.dll
 0004:000004b8       __imp__FreeEnvironmentStringsA@4 100884b8     kernel32:KERNEL32.dll
 0004:000004bc       __imp__FreeEnvironmentStringsW@4 100884bc     kernel32:KERNEL32.dll
 0004:000004c0       __imp__GetEnvironmentStrings@0 100884c0     kernel32:KERNEL32.dll
 0004:000004c4       __imp__GetEnvironmentStringsW@0 100884c4     kernel32:KERNEL32.dll
 0004:000004c8       __imp__GetEnvironmentVariableA@12 100884c8     kernel32:KERNEL32.dll
 0004:000004cc       __imp__GetVersionExA@4     100884cc     kernel32:KERNEL32.dll
 0004:000004d0       __imp__HeapDestroy@4       100884d0     kernel32:KERNEL32.dll
 0004:000004d4       __imp__HeapCreate@12       100884d4     kernel32:KERNEL32.dll
 0004:000004d8       __imp__HeapFree@12         100884d8     kernel32:KERNEL32.dll
 0004:000004dc       __imp__VirtualFree@12      100884dc     kernel32:KERNEL32.dll
 0004:000004e0       __imp__HeapAlloc@12        100884e0     kernel32:KERNEL32.dll
 0004:000004e4       __imp__HeapReAlloc@16      100884e4     kernel32:KERNEL32.dll
 0004:000004e8       __imp__VirtualAlloc@16     100884e8     kernel32:KERNEL32.dll
 0004:000004ec       __imp__SetConsoleCtrlHandler@8 100884ec     kernel32:KERNEL32.dll
 0004:000004f0       __imp__SetUnhandledExceptionFilter@4 100884f0     kernel32:KERNEL32.dll
 0004:000004f4       __imp__IsBadCodePtr@4      100884f4     kernel32:KERNEL32.dll
 0004:000004f8       __imp__UnhandledExceptionFilter@4 100884f8     kernel32:KERNEL32.dll
 0004:000004fc       __imp__SetFilePointer@16   100884fc     kernel32:KERNEL32.dll
 0004:00000500       __imp__GetCPInfo@8         10088500     kernel32:KERNEL32.dll
 0004:00000504       __imp__GetACP@0            10088504     kernel32:KERNEL32.dll
 0004:00000508       __imp__GetOEMCP@0          10088508     kernel32:KERNEL32.dll
 0004:0000050c       \177KERNEL32_NULL_THUNK_DATA 1008850c     kernel32:KERNEL32.dll
 0004:0000057c       __imp__MessageBoxW@16      1008857c     user32:USER32.dll
 0004:00000580       __imp__wsprintfA           10088580     user32:USER32.dll
 0004:00000584       __imp__MessageBoxA@16      10088584     user32:USER32.dll
 0004:00000588       \177USER32_NULL_THUNK_DATA 10088588     user32:USER32.dll
 0004:000005b4       __imp__timeGetTime@0       100885b4     winmm:WINMM.dll
 0004:000005b8       __imp__mmioWrite@12        100885b8     winmm:WINMM.dll
 0004:000005bc       __imp__mmioAdvance@12      100885bc     winmm:WINMM.dll
 0004:000005c0       __imp__mmioSetInfo@12      100885c0     winmm:WINMM.dll
 0004:000005c4       __imp__mmioSeek@12         100885c4     winmm:WINMM.dll
 0004:000005c8       __imp__mmioCreateChunk@12  100885c8     winmm:WINMM.dll
 0004:000005cc       __imp__mmioGetInfo@12      100885cc     winmm:WINMM.dll
 0004:000005d0       __imp__mmioDescend@16      100885d0     winmm:WINMM.dll
 0004:000005d4       __imp__mmioRead@12         100885d4     winmm:WINMM.dll
 0004:000005d8       __imp__mmioAscend@12       100885d8     winmm:WINMM.dll
 0004:000005dc       __imp__mmioOpenA@12        100885dc     winmm:WINMM.dll
 0004:000005e0       __imp__mmioClose@8         100885e0     winmm:WINMM.dll
 0004:000005e4       \177WINMM_NULL_THUNK_DATA  100885e4     winmm:WINMM.dll

 entry point at        0001:000116f0

