 tagWriter

 Timestamp is 3cf2701b (Mon May 27 19:42:51 2002)

 Preferred load address is 10000000

 Start         Length     Name                   Class
 0001:00000000 00056844H .text                   CODE
 0001:00056850 00003491H .text$x                 CODE
 0001:00059ce1 0003370fH .textbss                CODE
 0002:00000000 00004576H .rdata                  DATA
 0002:00004578 0000072bH .rdata$r                DATA
 0002:00004ca8 000028b1H .xdata$x                DATA
 0002:00007560 0000019dH .edata                  DATA
 0003:00000000 00000104H .CRT$XCA                DATA
 0003:00000104 0000017cH .CRT$XCU                DATA
 0003:00000280 00000104H .CRT$XCZ                DATA
 0003:00000384 00000104H .CRT$XIA                DATA
 0003:00000488 0000010eH .CRT$XIC                DATA
 0003:00000598 00000104H .CRT$XIY                DATA
 0003:0000069c 00000104H .CRT$XIZ                DATA
 0003:000007a0 00000104H .CRT$XPA                DATA
 0003:000008a4 00000109H .CRT$XPX                DATA
 0003:000009b0 00000104H .CRT$XPZ                DATA
 0003:00000ab4 00000104H .CRT$XTA                DATA
 0003:00000bb8 00000104H .CRT$XTB                DATA
 0003:00000cbc 00000104H .CRT$XTZ                DATA
 0003:00000dc0 00006d39H .data                   DATA
 0003:00007b00 00001bd5H .bss                    DATA
 0004:00000000 00000014H .idata$2                DATA
 0004:00000014 00000014H .idata$3                DATA
 0004:00000028 000001b4H .idata$4                DATA
 0004:000001dc 000001b4H .idata$5                DATA
 0004:00000390 00000776H .idata$6                DATA

  Address         Publics by Value              Rva+Base     Lib:Object

 0001:00000060       ??0TagRenderer@@QAE@PBD@Z  10001060 f   TagRenderer.obj
 0001:00000120       ??_ETagRenderer@@UAEPAXI@Z 10001120 f i TagRenderer.obj
 0001:00000120       ??_GTagRenderer@@UAEPAXI@Z 10001120 f i TagRenderer.obj
 0001:00000190       ??1TagRenderer@@UAE@XZ     10001190 f   TagRenderer.obj
 0001:00000230       ?RenderTag@TagRenderer@@QAEHPBD000000@Z 10001230 f   TagRenderer.obj
 0001:00000760       _DllMain@12                10001760 f   tagWriter.obj
 0001:00000790       ?TW_InitTagRenderer@@YGHPBD@Z 10001790 f   tagWriter.obj
 0001:00000860       ?TW_RenderTags@@YGHPBD000000@Z 10001860 f   tagWriter.obj
 0001:000008e0       ?TW_GetVersion@@YGXPAUMP3_VERSION@@@Z 100018e0 f   tagWriter.obj
 0001:00000bb0       ??0ID3_Frame@@QAE@W4ID3_FrameID@@@Z 10001bb0 f   id3libD:frame.obj
 0001:00000c60       ??_GID3_Frame@@UAEPAXI@Z   10001c60 f i id3libD:frame.obj
 0001:00000c60       ??_EID3_Frame@@UAEPAXI@Z   10001c60 f i id3libD:frame.obj
 0001:00000cc0       ??0ID3_Frame@@QAE@ABV0@@Z  10001cc0 f   id3libD:frame.obj
 0001:00000d70       ??1ID3_Frame@@UAE@XZ       10001d70 f   id3libD:frame.obj
 0001:00000de0       ?Clear@ID3_Frame@@QAEXXZ   10001de0 f   id3libD:frame.obj
 0001:00000e20       ?GetID@ID3_Frame@@QBE?AW4ID3_FrameID@@XZ 10001e20 f   id3libD:frame.obj
 0001:00000e60       ?SetID@ID3_Frame@@QAE_NW4ID3_FrameID@@@Z 10001e60 f   id3libD:frame.obj
 0001:00000ea0       ?SetSpec@ID3_Frame@@QAE_NW4ID3_V2Spec@@@Z 10001ea0 f   id3libD:frame.obj
 0001:00000ee0       ?GetSpec@ID3_Frame@@QBE?AW4ID3_V2Spec@@XZ 10001ee0 f   id3libD:frame.obj
 0001:00000f20       ?Field@ID3_Frame@@QBEAAVID3_Field@@W4ID3_FieldID@@@Z 10001f20 f   id3libD:frame.obj
 0001:00000f60       ?GetField@ID3_Frame@@QBEPAVID3_Field@@W4ID3_FieldID@@@Z 10001f60 f   id3libD:frame.obj
 0001:00000fa0       ?NumFields@ID3_Frame@@QBEIXZ 10001fa0 f   id3libD:frame.obj
 0001:00000fe0       ?Size@ID3_Frame@@QAEIXZ    10001fe0 f   id3libD:frame.obj
 0001:00001020       ?HasChanged@ID3_Frame@@QBE_NXZ 10002020 f   id3libD:frame.obj
 0001:00001060       ??4ID3_Frame@@QAEAAV0@ABV0@@Z 10002060 f   id3libD:frame.obj
 0001:000010b0       ?GetDescription@ID3_Frame@@SAPBDW4ID3_FrameID@@@Z 100020b0 f   id3libD:frame.obj
 0001:000010f0       ?GetDescription@ID3_Frame@@QBEPBDXZ 100020f0 f   id3libD:frame.obj
 0001:00001130       ?GetTextID@ID3_Frame@@QBEPBDXZ 10002130 f   id3libD:frame.obj
 0001:00001170       ?Parse@ID3_Frame@@QAE_NAAVID3_Reader@@@Z 10002170 f   id3libD:frame.obj
 0001:000011b0       ?Render@ID3_Frame@@QBEXAAVID3_Writer@@@Z 100021b0 f   id3libD:frame.obj
 0001:000011f0       ?Contains@ID3_Frame@@QBE_NW4ID3_FieldID@@@Z 100021f0 f   id3libD:frame.obj
 0001:00001230       ?SetCompression@ID3_Frame@@QAE_N_N@Z 10002230 f   id3libD:frame.obj
 0001:00001270       ?GetCompression@ID3_Frame@@QBE_NXZ 10002270 f   id3libD:frame.obj
 0001:000012b0       ?GetDataSize@ID3_Frame@@QBEIXZ 100022b0 f   id3libD:frame.obj
 0001:000012f0       ?SetEncryptionID@ID3_Frame@@QAE_NE@Z 100022f0 f   id3libD:frame.obj
 0001:00001330       ?GetEncryptionID@ID3_Frame@@QBEEXZ 10002330 f   id3libD:frame.obj
 0001:00001370       ?SetGroupingID@ID3_Frame@@QAE_NE@Z 10002370 f   id3libD:frame.obj
 0001:000013b0       ?GetGroupingID@ID3_Frame@@QBEEXZ 100023b0 f   id3libD:frame.obj
 0001:000013f0       ?CreateIterator@ID3_Frame@@QAEPAVIterator@1@XZ 100023f0 f   id3libD:frame.obj
 0001:00001490       ??0IteratorImpl@?%c:\dokumente und einstellungen\tw\eigene dateien\projects\tagwriter.dll\vc32\vbid3lib-3.8.0pre1\src\frame.cpp2886327612@@QAE@AAVID3_FrameImpl@@@Z 10002490 f i id3libD:frame.obj
 0001:000014f0       ?GetNext@IteratorImpl@?%c:\dokumente und einstellungen\tw\eigene dateien\projects\tagwriter.dll\vc32\vbid3lib-3.8.0pre1\src\frame.cpp2886327612@@UAEPAVID3_Field@@XZ 100024f0 f i id3libD:frame.obj
 0001:00001550       ??0Iterator@ID3_Frame@@QAE@XZ 10002550 f i id3libD:frame.obj
 0001:00001580       ?CreateIterator@ID3_Frame@@QBEPAVConstIterator@1@XZ 10002580 f   id3libD:frame.obj
 0001:00001620       ??0ConstIteratorImpl@?%c:\dokumente und einstellungen\tw\eigene dateien\projects\tagwriter.dll\vc32\vbid3lib-3.8.0pre1\src\frame.cpp2886327612@@QAE@AAVID3_FrameImpl@@@Z 10002620 f i id3libD:frame.obj
 0001:00001680       ?GetNext@ConstIteratorImpl@?%c:\dokumente und einstellungen\tw\eigene dateien\projects\tagwriter.dll\vc32\vbid3lib-3.8.0pre1\src\frame.cpp2886327612@@UAEPBVID3_Field@@XZ 10002680 f i id3libD:frame.obj
 0001:000016e0       ??0ConstIterator@ID3_Frame@@QAE@XZ 100026e0 f i id3libD:frame.obj
 0001:00001750       ?id@?$ctype@G@std@@$D      10002750 f i id3libD:frame.obj
 0001:000017d0       ?id@?$ctype@G@std@@$E      100027d0 f i id3libD:frame.obj
 0001:000017f0       ?GetID@ID3_FrameImpl@@QBE?AW4ID3_FrameID@@XZ 100027f0 f i id3libD:frame.obj
 0001:00001830       ?GetTextID@ID3_FrameImpl@@QBEPBDXZ 10002830 f i id3libD:frame.obj
 0001:00001870       ?Contains@ID3_FrameImpl@@QBE_NW4ID3_FieldID@@@Z 10002870 f i id3libD:frame.obj
 0001:000018b0       ?test@?$bitset@$0BI@@std@@QBE_NI@Z 100028b0 f i id3libD:frame.obj
 0001:00001920       ?_Xran@?$bitset@$0BI@@std@@ABEXXZ 10002920 f i id3libD:frame.obj
 0001:000019b0       ??0?$basic_string@DU?$char_traits@D@std@@V?$allocator@D@2@@std@@QAE@PBDABV?$allocator@D@1@@Z 100029b0 f i id3libD:frame.obj
 0001:00001a10       ??1?$basic_string@DU?$char_traits@D@std@@V?$allocator@D@2@@std@@QAE@XZ 10002a10 f i id3libD:frame.obj
 0001:00001a50       ?assign@?$basic_string@DU?$char_traits@D@std@@V?$allocator@D@2@@std@@QAEAAV12@PBD@Z 10002a50 f i id3libD:frame.obj
 0001:00001aa0       ?_Tidy@?$basic_string@DU?$char_traits@D@std@@V?$allocator@D@2@@std@@AAEX_N@Z 10002aa0 f i id3libD:frame.obj
 0001:00001b80       ?length@?$char_traits@D@std@@SAIPBD@Z 10002b80 f i id3libD:frame.obj
 0001:00001bc0       ??0logic_error@std@@QAE@ABV01@@Z 10002bc0 f i id3libD:frame.obj
 0001:00001c50       ??0?$basic_string@DU?$char_traits@D@std@@V?$allocator@D@2@@std@@QAE@ABV01@@Z 10002c50 f i id3libD:frame.obj
 0001:00001cb0       ?assign@?$basic_string@DU?$char_traits@D@std@@V?$allocator@D@2@@std@@QAEAAV12@ABV12@II@Z 10002cb0 f i id3libD:frame.obj
 0001:00001e30       ?c_str@?$basic_string@DU?$char_traits@D@std@@V?$allocator@D@2@@std@@QBEPBDXZ 10002e30 f i id3libD:frame.obj
 0001:00001e80       ?size@?$basic_string@DU?$char_traits@D@std@@V?$allocator@D@2@@std@@QBEIXZ 10002e80 f i id3libD:frame.obj
 0001:00001eb0       ?_Nullstr@?$basic_string@DU?$char_traits@D@std@@V?$allocator@D@2@@std@@CAPBDXZ 10002eb0 f i id3libD:frame.obj
 0001:00001ee0       ?copy@?$char_traits@D@std@@SAPADPADPBDI@Z 10002ee0 f i id3libD:frame.obj
 0001:00001f20       ?what@logic_error@std@@UBEPBDXZ 10002f20 f i id3libD:frame.obj
 0001:00001f60       ?_Doraise@logic_error@std@@MBEXXZ 10002f60 f i id3libD:frame.obj
 0001:00001fb0       ??1logic_error@std@@UAE@XZ 10002fb0 f i id3libD:frame.obj
 0001:00002030       ??_Elogic_error@std@@UAEPAXI@Z 10003030 f i id3libD:frame.obj
 0001:00002030       ??_Glogic_error@std@@UAEPAXI@Z 10003030 f i id3libD:frame.obj
 0001:00002090       ??0out_of_range@std@@QAE@ABV?$basic_string@DU?$char_traits@D@std@@V?$allocator@D@2@@1@@Z 10003090 f i id3libD:frame.obj
 0001:000020e0       ??0logic_error@std@@QAE@ABV?$basic_string@DU?$char_traits@D@std@@V?$allocator@D@2@@1@@Z 100030e0 f i id3libD:frame.obj
 0001:00002170       ??1out_of_range@std@@UAE@XZ 10003170 f i id3libD:frame.obj
 0001:000021b0       ?_Doraise@out_of_range@std@@MBEXXZ 100031b0 f i id3libD:frame.obj
 0001:00002200       ??_Gout_of_range@std@@UAEPAXI@Z 10003200 f i id3libD:frame.obj
 0001:00002200       ??_Eout_of_range@std@@UAEPAXI@Z 10003200 f i id3libD:frame.obj
 0001:00002260       ??0out_of_range@std@@QAE@ABV01@@Z 10003260 f i id3libD:frame.obj
 0001:000022b0       ?assign@?$basic_string@DU?$char_traits@D@std@@V?$allocator@D@2@@std@@QAEAAV12@PBDI@Z 100032b0 f i id3libD:frame.obj
 0001:00002320       ?erase@?$basic_string@DU?$char_traits@D@std@@V?$allocator@D@2@@std@@QAEAAV12@II@Z 10003320 f i id3libD:frame.obj
 0001:000023f0       ?move@?$char_traits@D@std@@SAPADPADPBDI@Z 100033f0 f i id3libD:frame.obj
 0001:00002430       ?capacity@?$basic_string@DU?$char_traits@D@std@@V?$allocator@D@2@@std@@QBEIXZ 10003430 f i id3libD:frame.obj
 0001:00002460       ?_Eos@?$basic_string@DU?$char_traits@D@std@@V?$allocator@D@2@@std@@AAEXI@Z 10003460 f i id3libD:frame.obj
 0001:000024c0       ?assign@?$char_traits@D@std@@SAXAADABD@Z 100034c0 f i id3libD:frame.obj
 0001:000024f0       ?_Grow@?$basic_string@DU?$char_traits@D@std@@V?$allocator@D@2@@std@@AAE_NI_N@Z 100034f0 f i id3libD:frame.obj
 0001:00002650       ?_Refcnt@?$basic_string@DU?$char_traits@D@std@@V?$allocator@D@2@@std@@AAEAAEPBD@Z 10003650 f i id3libD:frame.obj
 0001:00002680       ?deallocate@?$allocator@D@std@@QAEXPAXI@Z 10003680 f i id3libD:frame.obj
 0001:000026c0       ?max_size@?$basic_string@DU?$char_traits@D@std@@V?$allocator@D@2@@std@@QBEIXZ 100036c0 f i id3libD:frame.obj
 0001:00002720       ?_Copy@?$basic_string@DU?$char_traits@D@std@@V?$allocator@D@2@@std@@AAEXI@Z 10003720 f i id3libD:frame.obj
 0001:00002880       ?_Split@?$basic_string@DU?$char_traits@D@std@@V?$allocator@D@2@@std@@AAEXXZ 10003880 f i id3libD:frame.obj
 0001:00002910       ?allocate@?$allocator@D@std@@QAEPADIPBX@Z 10003910 f i id3libD:frame.obj
 0001:00002950       ?max_size@?$allocator@D@std@@QBEIXZ 10003950 f i id3libD:frame.obj
 0001:000029a0       ??8std@@YA_NABV?$allocator@D@0@0@Z 100039a0 f i id3libD:frame.obj
 0001:000029d0       ?_Allocate@std@@YAPADHPAD@Z 100039d0 f i id3libD:frame.obj
 0001:00002a20       ?SetCompression@ID3_FrameImpl@@QAE_N_N@Z 10003a20 f i id3libD:frame.obj
 0001:00002a60       ?SetCompression@ID3_FrameHeader@@QAE_N_N@Z 10003a60 f i id3libD:frame.obj
 0001:00002ab0       ?SetFlags@ID3_FrameHeader@@IAE_NG_N@Z 10003ab0 f i id3libD:frame.obj
 0001:00002b30       ?set@ID3_Flags@@QAE_NG_N@Z 10003b30 f i id3libD:frame.obj
 0001:00002b90       ?add@ID3_Flags@@QAE_NG@Z   10003b90 f i id3libD:frame.obj
 0001:00002bf0       ?get@ID3_Flags@@QBEGXZ     10003bf0 f i id3libD:frame.obj
 0001:00002c20       ?set@ID3_Flags@@QAE_NG@Z   10003c20 f i id3libD:frame.obj
 0001:00002c70       ?remove@ID3_Flags@@QAE_NG@Z 10003c70 f i id3libD:frame.obj
 0001:00002cd0       ?GetCompression@ID3_FrameImpl@@QBE_NXZ 10003cd0 f i id3libD:frame.obj
 0001:00002d10       ?GetCompression@ID3_FrameHeader@@QBE_NXZ 10003d10 f i id3libD:frame.obj
 0001:00002d50       ?test@ID3_Flags@@QBE_NG@Z  10003d50 f i id3libD:frame.obj
 0001:00002db0       ?GetDataSize@ID3_FrameImpl@@QBEIXZ 10003db0 f i id3libD:frame.obj
 0001:00002df0       ?GetDataSize@ID3_Header@@QBEIXZ 10003df0 f i id3libD:frame.obj
 0001:00002e20       ?SetEncryptionID@ID3_FrameImpl@@QAE_NE@Z 10003e20 f i id3libD:frame.obj
 0001:00002ec0       ?SetEncryption@ID3_FrameHeader@@QAE_N_N@Z 10003ec0 f i id3libD:frame.obj
 0001:00002f00       ?GetEncryptionID@ID3_FrameImpl@@QBEEXZ 10003f00 f i id3libD:frame.obj
 0001:00002f30       ?SetGroupingID@ID3_FrameImpl@@QAE_NE@Z 10003f30 f i id3libD:frame.obj
 0001:00002fd0       ?SetGrouping@ID3_FrameHeader@@QAE_N_N@Z 10003fd0 f i id3libD:frame.obj
 0001:00003010       ?GetGroupingID@ID3_FrameImpl@@QBEEXZ 10004010 f i id3libD:frame.obj
 0001:00003040       ?begin@ID3_FrameImpl@@QAEPAPAVID3_Field@@XZ 10004040 f i id3libD:frame.obj
 0001:00003080       ?begin@?$vector@PAVID3_Field@@V?$allocator@PAVID3_Field@@@std@@@std@@QAEPAPAVID3_Field@@XZ 10004080 f i id3libD:frame.obj
 0001:000030b0       ?end@ID3_FrameImpl@@QAEPAPAVID3_Field@@XZ 100040b0 f i id3libD:frame.obj
 0001:000030f0       ?end@?$vector@PAVID3_Field@@V?$allocator@PAVID3_Field@@@std@@@std@@QAEPAPAVID3_Field@@XZ 100040f0 f i id3libD:frame.obj
 0001:00003120       ??0ID3_Tag@@QAE@PBD@Z      10004120 f   id3libD:tag.obj
 0001:000031d0       ??_GID3_Tag@@UAEPAXI@Z     100041d0 f i id3libD:tag.obj
 0001:000031d0       ??_EID3_Tag@@UAEPAXI@Z     100041d0 f i id3libD:tag.obj
 0001:00003230       ??0ID3_Tag@@QAE@ABV0@@Z    10004230 f   id3libD:tag.obj
 0001:000032e0       ??1ID3_Tag@@UAE@XZ         100042e0 f   id3libD:tag.obj
 0001:00003350       ?Clear@ID3_Tag@@QAEXXZ     10004350 f   id3libD:tag.obj
 0001:00003390       ?HasChanged@ID3_Tag@@QBE_NXZ 10004390 f   id3libD:tag.obj
 0001:000033d0       ?Size@ID3_Tag@@QBEIXZ      100043d0 f   id3libD:tag.obj
 0001:00003410       ?SetUnsync@ID3_Tag@@QAE_N_N@Z 10004410 f   id3libD:tag.obj
 0001:00003450       ?SetExtendedHeader@ID3_Tag@@QAE_N_N@Z 10004450 f   id3libD:tag.obj
 0001:00003490       ?SetPadding@ID3_Tag@@QAE_N_N@Z 10004490 f   id3libD:tag.obj
 0001:000034d0       ?SetExperimental@ID3_Tag@@QAE_N_N@Z 100044d0 f   id3libD:tag.obj
 0001:00003510       ?GetUnsync@ID3_Tag@@QBE_NXZ 10004510 f   id3libD:tag.obj
 0001:00003550       ?GetExtendedHeader@ID3_Tag@@QBE_NXZ 10004550 f   id3libD:tag.obj
 0001:00003590       ?GetExperimental@ID3_Tag@@QBE_NXZ 10004590 f   id3libD:tag.obj
 0001:000035d0       ?AddFrame@ID3_Tag@@QAEXABVID3_Frame@@@Z 100045d0 f   id3libD:tag.obj
 0001:00003610       ?AddFrame@ID3_Tag@@QAEXPBVID3_Frame@@@Z 10004610 f   id3libD:tag.obj
 0001:00003650       ?AttachFrame@ID3_Tag@@QAEXPAVID3_Frame@@@Z 10004650 f   id3libD:tag.obj
 0001:00003690       ?RemoveFrame@ID3_Tag@@QAEPAVID3_Frame@@PBV2@@Z 10004690 f   id3libD:tag.obj
 0001:000036d0       ?Parse@ID3_Tag@@QAE_NAAVID3_Reader@@@Z 100046d0 f   id3libD:tag.obj
 0001:00003720       ?Parse@ID3_Tag@@QAEIPBEI@Z 10004720 f   id3libD:tag.obj
 0001:000037d0       ?Parse@ID3_Tag@@QAEIQBEPBE@Z 100047d0 f   id3libD:tag.obj
 0001:000038b0       ?Render@ID3_Tag@@QBEIPAEW4ID3_TagType@@@Z 100048b0 f   id3libD:tag.obj
 0001:00003940       ?Render@ID3_Tag@@QBEIAAVID3_Writer@@W4ID3_TagType@@@Z 10004940 f   id3libD:tag.obj
 0001:00003a50       ?Link@ID3_Tag@@QAEIPBDG@Z  10004a50 f   id3libD:tag.obj
 0001:00003aa0       ?Update@ID3_Tag@@QAEGG@Z   10004aa0 f   id3libD:tag.obj
 0001:00003ae0       ?Strip@ID3_Tag@@QAEGG@Z    10004ae0 f   id3libD:tag.obj
 0001:00003b20       ?GetPrependedBytes@ID3_Tag@@QBEIXZ 10004b20 f   id3libD:tag.obj
 0001:00003b60       ?GetAppendedBytes@ID3_Tag@@QBEIXZ 10004b60 f   id3libD:tag.obj
 0001:00003ba0       ?GetFileSize@ID3_Tag@@QBEIXZ 10004ba0 f   id3libD:tag.obj
 0001:00003be0       ?GetFileName@ID3_Tag@@QBEPBDXZ 10004be0 f   id3libD:tag.obj
 0001:00003c70       ?Find@ID3_Tag@@QBEPAVID3_Frame@@W4ID3_FrameID@@@Z 10004c70 f   id3libD:tag.obj
 0001:00003cb0       ?Find@ID3_Tag@@QBEPAVID3_Frame@@W4ID3_FrameID@@W4ID3_FieldID@@I@Z 10004cb0 f   id3libD:tag.obj
 0001:00003d00       ?Find@ID3_Tag@@QBEPAVID3_Frame@@W4ID3_FrameID@@W4ID3_FieldID@@PBD@Z 10004d00 f   id3libD:tag.obj
 0001:00003db0       ?Find@ID3_Tag@@QBEPAVID3_Frame@@W4ID3_FrameID@@W4ID3_FieldID@@PBG@Z 10004db0 f   id3libD:tag.obj
 0001:00003e70       ?NumFrames@ID3_Tag@@QBEIXZ 10004e70 f   id3libD:tag.obj
 0001:00003eb0       ??4ID3_Tag@@QAEAAV0@ABV0@@Z 10004eb0 f   id3libD:tag.obj
 0001:00003f00       ?HasTagType@ID3_Tag@@QBE_NG@Z 10004f00 f   id3libD:tag.obj
 0001:00003f40       ?GetSpec@ID3_Tag@@QBE?AW4ID3_V2Spec@@XZ 10004f40 f   id3libD:tag.obj
 0001:00003f80       ?SetSpec@ID3_Tag@@QAE_NW4ID3_V2Spec@@@Z 10004f80 f   id3libD:tag.obj
 0001:00003fc0       ?IsV2Tag@ID3_Tag@@SAIPBE@Z 10004fc0 f   id3libD:tag.obj
 0001:00004040       ?IsV2Tag@ID3_Tag@@SAIAAVID3_Reader@@@Z 10005040 f   id3libD:tag.obj
 0001:00004080       ?AddNewFrame@ID3_Tag@@QAEXPAVID3_Frame@@@Z 10005080 f   id3libD:tag.obj
 0001:000040c0       ?AddFrames@ID3_Tag@@QAEXPBVID3_Frame@@I@Z 100050c0 f   id3libD:tag.obj
 0001:00004130       ?Link@ID3_Tag@@QAEIPBD_N1@Z 10005130 f   id3libD:tag.obj
 0001:00004180       ?SetCompression@ID3_Tag@@QAEX_N@Z 10005180 f   id3libD:tag.obj
 0001:000041b0       ?HasLyrics@ID3_Tag@@QBE_NXZ 100051b0 f   id3libD:tag.obj
 0001:000041f0       ?HasV2Tag@ID3_Tag@@QBE_NXZ 100051f0 f   id3libD:tag.obj
 0001:00004230       ?HasV1Tag@ID3_Tag@@QBE_NXZ 10005230 f   id3libD:tag.obj
 0001:00004270       ??6ID3_Tag@@QAEAAV0@ABVID3_Frame@@@Z 10005270 f   id3libD:tag.obj
 0001:000042b0       ??6ID3_Tag@@QAEAAV0@PBVID3_Frame@@@Z 100052b0 f   id3libD:tag.obj
 0001:00004300       ?ID3_IsTagHeader@@YAHQBE@Z 10005300 f   id3libD:tag.obj
 0001:00004350       ?CreateIterator@ID3_Tag@@QAEPAVIterator@1@XZ 10005350 f   id3libD:tag.obj
 0001:000043f0       ??0IteratorImpl@?%c:\dokumente und einstellungen\tw\eigene dateien\projects\tagwriter.dll\vc32\vbid3lib-3.8.0pre1\src\tag.cpp304173324@@QAE@AAVID3_TagImpl@@@Z 100053f0 f i id3libD:tag.obj
 0001:00004460       ?GetNext@IteratorImpl@?%c:\dokumente und einstellungen\tw\eigene dateien\projects\tagwriter.dll\vc32\vbid3lib-3.8.0pre1\src\tag.cpp304173324@@UAEPAVID3_Frame@@XZ 10005460 f i id3libD:tag.obj
 0001:000044e0       ??0Iterator@ID3_Tag@@QAE@XZ 100054e0 f i id3libD:tag.obj
 0001:00004510       ?CreateIterator@ID3_Tag@@QBEPAVConstIterator@1@XZ 10005510 f   id3libD:tag.obj
 0001:000045b0       ??0ConstIteratorImpl@?%c:\dokumente und einstellungen\tw\eigene dateien\projects\tagwriter.dll\vc32\vbid3lib-3.8.0pre1\src\tag.cpp304173324@@QAE@AAVID3_TagImpl@@@Z 100055b0 f i id3libD:tag.obj
 0001:00004630       ?GetNext@ConstIteratorImpl@?%c:\dokumente und einstellungen\tw\eigene dateien\projects\tagwriter.dll\vc32\vbid3lib-3.8.0pre1\src\tag.cpp304173324@@UAEPBVID3_Frame@@XZ 10005630 f i id3libD:tag.obj
 0001:000046b0       ??0ConstIterator@ID3_Tag@@QAE@XZ 100056b0 f i id3libD:tag.obj
 0001:000046e0       ??0ID3_MemoryReader@@QAE@PBEI@Z 100056e0 f i id3libD:tag.obj
 0001:00004740       ?readChar@ID3_Reader@@UAEFXZ 10005740 f i id3libD:tag.obj
 0001:000047c0       ?skipChars@ID3_Reader@@UAEII@Z 100057c0 f i id3libD:tag.obj
 0001:00004890       ?remainingBytes@ID3_Reader@@UAEIXZ 10005890 f i id3libD:tag.obj
 0001:00004910       ?atEnd@ID3_Reader@@UAE_NXZ 10005910 f i id3libD:tag.obj
 0001:00004970       ??0ID3_Reader@@QAE@XZ      10005970 f i id3libD:tag.obj
 0001:000049a0       ?getBeg@ID3_Reader@@UAEIXZ 100059a0 f i id3libD:tag.obj
 0001:000049d0       ?getEnd@ID3_Reader@@UAEIXZ 100059d0 f i id3libD:tag.obj
 0001:00004a00       ?readChars@ID3_Reader@@UAEIQADI@Z 10005a00 f i id3libD:tag.obj
 0001:00004a50       ?setBuffer@ID3_MemoryReader@@IAEXPBEI@Z 10005a50 f i id3libD:tag.obj
 0001:00004aa0       ??1ID3_MemoryReader@@UAE@XZ 10005aa0 f i id3libD:tag.obj
 0001:00004ad0       ?close@ID3_MemoryReader@@UAEXXZ 10005ad0 f i id3libD:tag.obj
 0001:00004b00       ?peekChar@ID3_MemoryReader@@UAEFXZ 10005b00 f i id3libD:tag.obj
 0001:00004b60       ?readChars@ID3_MemoryReader@@UAEIQADI@Z 10005b60 f i id3libD:tag.obj
 0001:00004bb0       ?getCur@ID3_MemoryReader@@UAEIXZ 10005bb0 f i id3libD:tag.obj
 0001:00004be0       ?getBeg@ID3_MemoryReader@@UAEIXZ 10005be0 f i id3libD:tag.obj
 0001:00004c10       ?getEnd@ID3_MemoryReader@@UAEIXZ 10005c10 f i id3libD:tag.obj
 0001:00004c40       ?setCur@ID3_MemoryReader@@UAEII@Z 10005c40 f i id3libD:tag.obj
 0001:00004cd0       ??_GID3_MemoryReader@@UAEPAXI@Z 10005cd0 f i id3libD:tag.obj
 0001:00004cd0       ??_EID3_MemoryReader@@UAEPAXI@Z 10005cd0 f i id3libD:tag.obj
 0001:00004d30       ??0const_iterator@?$list@PAVID3_Frame@@V?$allocator@PAVID3_Frame@@@std@@@std@@QAE@ABViterator@12@@Z 10005d30 f i id3libD:tag.obj
 0001:00004d70       ??Dconst_iterator@?$list@PAVID3_Frame@@V?$allocator@PAVID3_Frame@@@std@@@std@@QBEABQAVID3_Frame@@XZ 10005d70 f i id3libD:tag.obj
 0001:00004db0       ??Econst_iterator@?$list@PAVID3_Frame@@V?$allocator@PAVID3_Frame@@@std@@@std@@QAEAAV012@XZ 10005db0 f i id3libD:tag.obj
 0001:00004e00       ??9const_iterator@?$list@PAVID3_Frame@@V?$allocator@PAVID3_Frame@@@std@@@std@@QBE_NABV012@@Z 10005e00 f i id3libD:tag.obj
 0001:00004e50       ??Diterator@?$list@PAVID3_Frame@@V?$allocator@PAVID3_Frame@@@std@@@std@@QBEAAPAVID3_Frame@@XZ 10005e50 f i id3libD:tag.obj
 0001:00004e90       ??Eiterator@?$list@PAVID3_Frame@@V?$allocator@PAVID3_Frame@@@std@@@std@@QAEAAV012@XZ 10005e90 f i id3libD:tag.obj
 0001:00004ee0       ??9iterator@?$list@PAVID3_Frame@@V?$allocator@PAVID3_Frame@@@std@@@std@@QBE_NABV012@@Z 10005ee0 f i id3libD:tag.obj
 0001:00004f30       ??0?$basic_string@GU?$char_traits@G@std@@V?$allocator@G@2@@std@@QAE@ABV01@@Z 10005f30 f i id3libD:tag.obj
 0001:00004f90       ??1?$basic_string@GU?$char_traits@G@std@@V?$allocator@G@2@@std@@QAE@XZ 10005f90 f i id3libD:tag.obj
 0001:00004fd0       ??0?$basic_string@EU?$char_traits@E@std@@V?$allocator@E@2@@std@@QAE@ABV?$allocator@E@1@@Z 10005fd0 f i id3libD:tag.obj
 0001:00005020       ??1?$basic_string@EU?$char_traits@E@std@@V?$allocator@E@2@@std@@QAE@XZ 10006020 f i id3libD:tag.obj
 0001:00005060       ?append@?$basic_string@EU?$char_traits@E@std@@V?$allocator@E@2@@std@@QAEAAV12@PBEI@Z 10006060 f i id3libD:tag.obj
 0001:00005100       ?data@?$basic_string@EU?$char_traits@E@std@@V?$allocator@E@2@@std@@QBEPBEXZ 10006100 f i id3libD:tag.obj
 0001:00005140       ?size@?$basic_string@EU?$char_traits@E@std@@V?$allocator@E@2@@std@@QBEIXZ 10006140 f i id3libD:tag.obj
 0001:00005170       ?reserve@?$basic_string@EU?$char_traits@E@std@@V?$allocator@E@2@@std@@QAEXI@Z 10006170 f i id3libD:tag.obj
 0001:000051c0       ??0ID3_MemoryWriter@@QAE@QAEI@Z 100061c0 f i id3libD:tag.obj
 0001:00005220       ?getSize@ID3_Writer@@UAEIXZ 10006220 f i id3libD:tag.obj
 0001:00005280       ?getMaxSize@ID3_Writer@@UAEIXZ 10006280 f i id3libD:tag.obj
 0001:000052e0       ?writeChar@ID3_Writer@@UAEFE@Z 100062e0 f i id3libD:tag.obj
 0001:00005360       ?atEnd@ID3_Writer@@UAE_NXZ 10006360 f i id3libD:tag.obj
 0001:000053c0       ??0ID3_Writer@@QAE@XZ      100063c0 f i id3libD:tag.obj
 0001:000053f0       ?getBeg@ID3_Writer@@UAEIXZ 100063f0 f i id3libD:tag.obj
 0001:00005420       ?getEnd@ID3_Writer@@UAEIXZ 10006420 f i id3libD:tag.obj
 0001:00005450       ?writeChars@ID3_Writer@@UAEIQBDI@Z 10006450 f i id3libD:tag.obj
 0001:000054a0       ?setBuffer@ID3_MemoryWriter@@IAEXPAEI@Z 100064a0 f i id3libD:tag.obj
 0001:000054f0       ??1ID3_MemoryWriter@@UAE@XZ 100064f0 f i id3libD:tag.obj
 0001:00005520       ?close@ID3_MemoryWriter@@UAEXXZ 10006520 f i id3libD:tag.obj
 0001:00005550       ?flush@ID3_MemoryWriter@@UAEXXZ 10006550 f i id3libD:tag.obj
 0001:00005580       ?writeChars@ID3_MemoryWriter@@UAEIQBDI@Z 10006580 f i id3libD:tag.obj
 0001:000055d0       ?writeChars@ID3_MemoryWriter@@UAEIQBEI@Z 100065d0 f i id3libD:tag.obj
 0001:00005660       ?getCur@ID3_MemoryWriter@@UAEIXZ 10006660 f i id3libD:tag.obj
 0001:00005690       ?getBeg@ID3_MemoryWriter@@UAEIXZ 10006690 f i id3libD:tag.obj
 0001:000056c0       ?getEnd@ID3_MemoryWriter@@UAEIXZ 100066c0 f i id3libD:tag.obj
 0001:000056f0       ??_GID3_MemoryWriter@@UAEPAXI@Z 100066f0 f i id3libD:tag.obj
 0001:000056f0       ??_EID3_MemoryWriter@@UAEPAXI@Z 100066f0 f i id3libD:tag.obj
 0001:00005750       ?_Next@_Acc@?$list@PAVID3_Frame@@V?$allocator@PAVID3_Frame@@@std@@@std@@SAAAPAU_Node@23@PAU423@@Z 10006750 f i id3libD:tag.obj
 0001:00005780       ?_Value@_Acc@?$list@PAVID3_Frame@@V?$allocator@PAVID3_Frame@@@std@@@std@@SAAAPAVID3_Frame@@PAU_Node@23@@Z 10006780 f i id3libD:tag.obj
 0001:000057b0       ??8const_iterator@?$list@PAVID3_Frame@@V?$allocator@PAVID3_Frame@@@std@@@std@@QBE_NABV012@@Z 100067b0 f i id3libD:tag.obj
 0001:000057f0       ??8iterator@?$list@PAVID3_Frame@@V?$allocator@PAVID3_Frame@@@std@@@std@@QBE_NABV012@@Z 100067f0 f i id3libD:tag.obj
 0001:00005830       ?assign@?$basic_string@GU?$char_traits@G@std@@V?$allocator@G@2@@std@@QAEAAV12@ABV12@II@Z 10006830 f i id3libD:tag.obj
 0001:000059b0       ?copy@?$char_traits@G@std@@SAPAGPAGPBGI@Z 100069b0 f i id3libD:tag.obj
 0001:000059f0       _wmemcpy                   100069f0 f i id3libD:tag.obj
 0001:00005a60       ?_Tidy@?$basic_string@GU?$char_traits@G@std@@V?$allocator@G@2@@std@@AAEX_N@Z 10006a60 f i id3libD:tag.obj
 0001:00005b40       ?c_str@?$basic_string@EU?$char_traits@E@std@@V?$allocator@E@2@@std@@QBEPBEXZ 10006b40 f i id3libD:tag.obj
 0001:00005b90       ?_Eos@?$basic_string@EU?$char_traits@E@std@@V?$allocator@E@2@@std@@AAEXI@Z 10006b90 f i id3libD:tag.obj
 0001:00005bf0       ?_Grow@?$basic_string@EU?$char_traits@E@std@@V?$allocator@E@2@@std@@AAE_NI_N@Z 10006bf0 f i id3libD:tag.obj
 0001:00005d50       ?_Tidy@?$basic_string@EU?$char_traits@E@std@@V?$allocator@E@2@@std@@AAEX_N@Z 10006d50 f i id3libD:tag.obj
 0001:00005e30       ?copy@?$char_traits@E@std@@SAPAEPAEPBEI@Z 10006e30 f i id3libD:tag.obj
 0001:00005ea0       ?erase@?$basic_string@GU?$char_traits@G@std@@V?$allocator@G@2@@std@@QAEAAV12@II@Z 10006ea0 f i id3libD:tag.obj
 0001:00005f70       ?move@?$char_traits@G@std@@SAPAGPAGPBGI@Z 10006f70 f i id3libD:tag.obj
 0001:00005fb0       _wmemmove                  10006fb0 f i id3libD:tag.obj
 0001:00006090       ?c_str@?$basic_string@GU?$char_traits@G@std@@V?$allocator@G@2@@std@@QBEPBGXZ 10007090 f i id3libD:tag.obj
 0001:000060e0       ?size@?$basic_string@GU?$char_traits@G@std@@V?$allocator@G@2@@std@@QBEIXZ 100070e0 f i id3libD:tag.obj
 0001:00006110       ?capacity@?$basic_string@GU?$char_traits@G@std@@V?$allocator@G@2@@std@@QBEIXZ 10007110 f i id3libD:tag.obj
 0001:00006140       ?_Eos@?$basic_string@GU?$char_traits@G@std@@V?$allocator@G@2@@std@@AAEXI@Z 10007140 f i id3libD:tag.obj
 0001:000061a0       ?assign@?$char_traits@G@std@@SAXAAGABG@Z 100071a0 f i id3libD:tag.obj
 0001:000061d0       ?_Grow@?$basic_string@GU?$char_traits@G@std@@V?$allocator@G@2@@std@@AAE_NI_N@Z 100071d0 f i id3libD:tag.obj
 0001:00006330       ?_Refcnt@?$basic_string@GU?$char_traits@G@std@@V?$allocator@G@2@@std@@AAEAAEPBG@Z 10007330 f i id3libD:tag.obj
 0001:00006360       ?deallocate@?$allocator@G@std@@QAEXPAXI@Z 10007360 f i id3libD:tag.obj
 0001:000063a0       ?max_size@?$basic_string@EU?$char_traits@E@std@@V?$allocator@E@2@@std@@QBEIXZ 100073a0 f i id3libD:tag.obj
 0001:00006400       ?_Copy@?$basic_string@EU?$char_traits@E@std@@V?$allocator@E@2@@std@@AAEXI@Z 10007400 f i id3libD:tag.obj
 0001:00006560       ?_Nullstr@?$basic_string@EU?$char_traits@E@std@@V?$allocator@E@2@@std@@CAPBEXZ 10007560 f i id3libD:tag.obj
 0001:00006590       ?_Refcnt@?$basic_string@EU?$char_traits@E@std@@V?$allocator@E@2@@std@@AAEAAEPBE@Z 10007590 f i id3libD:tag.obj
 0001:000065c0       ?deallocate@?$allocator@E@std@@QAEXPAXI@Z 100075c0 f i id3libD:tag.obj
 0001:00006600       ?assign@?$char_traits@E@std@@SAXAAEABE@Z 10007600 f i id3libD:tag.obj
 0001:00006630       ?max_size@?$basic_string@GU?$char_traits@G@std@@V?$allocator@G@2@@std@@QBEIXZ 10007630 f i id3libD:tag.obj
 0001:00006690       ?_Copy@?$basic_string@GU?$char_traits@G@std@@V?$allocator@G@2@@std@@AAEXI@Z 10007690 f i id3libD:tag.obj
 0001:000067f0       ?_Nullstr@?$basic_string@GU?$char_traits@G@std@@V?$allocator@G@2@@std@@CAPBGXZ 100077f0 f i id3libD:tag.obj
 0001:00006820       ?_Split@?$basic_string@GU?$char_traits@G@std@@V?$allocator@G@2@@std@@AAEXXZ 10007820 f i id3libD:tag.obj
 0001:000068b0       ?allocate@?$allocator@E@std@@QAEPAEIPBX@Z 100078b0 f i id3libD:tag.obj
 0001:000068f0       ?max_size@?$allocator@E@std@@QBEIXZ 100078f0 f i id3libD:tag.obj
 0001:00006940       ?assign@?$basic_string@GU?$char_traits@G@std@@V?$allocator@G@2@@std@@QAEAAV12@PBG@Z 10007940 f i id3libD:tag.obj
 0001:00006990       ?length@?$char_traits@G@std@@SAIPBG@Z 10007990 f i id3libD:tag.obj
 0001:000069d0       ?allocate@?$allocator@G@std@@QAEPAGIPBX@Z 100079d0 f i id3libD:tag.obj
 0001:00006a10       ?max_size@?$allocator@G@std@@QBEIXZ 10007a10 f i id3libD:tag.obj
 0001:00006a60       ?assign@?$basic_string@GU?$char_traits@G@std@@V?$allocator@G@2@@std@@QAEAAV12@PBGI@Z 10007a60 f i id3libD:tag.obj
 0001:00006ad0       ??8std@@YA_NABV?$allocator@G@0@0@Z 10007ad0 f i id3libD:tag.obj
 0001:00006b00       ?_Allocate@std@@YAPAEHPAE@Z 10007b00 f i id3libD:tag.obj
 0001:00006b50       ?_Allocate@std@@YAPAGHPAG@Z 10007b50 f i id3libD:tag.obj
 0001:00006c20       ?GetPrependedBytes@ID3_TagImpl@@QBEIXZ 10007c20 f i id3libD:tag.obj
 0001:00006c50       ?GetAppendedBytes@ID3_TagImpl@@QBEIXZ 10007c50 f i id3libD:tag.obj
 0001:00006c80       ?GetFileSize@ID3_TagImpl@@QBEIXZ 10007c80 f i id3libD:tag.obj
 0001:00006cb0       ?GetFileName@ID3_TagImpl@@QBE?AV?$basic_string@DU?$char_traits@D@std@@V?$allocator@D@2@@std@@XZ 10007cb0 f i id3libD:tag.obj
 0001:00006d10       ?NumFrames@ID3_TagImpl@@QBEIXZ 10007d10 f i id3libD:tag.obj
 0001:00006d50       ?size@?$list@PAVID3_Frame@@V?$allocator@PAVID3_Frame@@@std@@@std@@QBEIXZ 10007d50 f i id3libD:tag.obj
 0001:00006d80       ?HasTagType@ID3_TagImpl@@QBE_NG@Z 10007d80 f i id3libD:tag.obj
 0001:00006dc0       ?begin@ID3_TagImpl@@QAE?AViterator@?$list@PAVID3_Frame@@V?$allocator@PAVID3_Frame@@@std@@@std@@XZ 10007dc0 f i id3libD:tag.obj
 0001:00006e10       ?begin@?$list@PAVID3_Frame@@V?$allocator@PAVID3_Frame@@@std@@@std@@QAE?AViterator@12@XZ 10007e10 f i id3libD:tag.obj
 0001:00006e70       ??0iterator@?$list@PAVID3_Frame@@V?$allocator@PAVID3_Frame@@@std@@@std@@QAE@PAU_Node@12@@Z 10007e70 f i id3libD:tag.obj
 0001:00006eb0       ??0const_iterator@?$list@PAVID3_Frame@@V?$allocator@PAVID3_Frame@@@std@@@std@@QAE@PAU_Node@12@@Z 10007eb0 f i id3libD:tag.obj
 0001:00006ef0       ?end@ID3_TagImpl@@QAE?AViterator@?$list@PAVID3_Frame@@V?$allocator@PAVID3_Frame@@@std@@@std@@XZ 10007ef0 f i id3libD:tag.obj
 0001:00006f40       ?end@?$list@PAVID3_Frame@@V?$allocator@PAVID3_Frame@@@std@@@std@@QAE?AViterator@12@XZ 10007f40 f i id3libD:tag.obj
 0001:00006f90       ??0ID3_FrameImpl@@QAE@W4ID3_FrameID@@@Z 10007f90 f   id3libD:frame_impl.obj
 0001:00007050       ??_GID3_FrameImpl@@UAEPAXI@Z 10008050 f i id3libD:frame_impl.obj
 0001:00007050       ??_EID3_FrameImpl@@UAEPAXI@Z 10008050 f i id3libD:frame_impl.obj
 0001:000070b0       ??0ID3_FrameImpl@@QAE@ABVID3_FrameHeader@@@Z 100080b0 f   id3libD:frame_impl.obj
 0001:00007170       ??0ID3_FrameHeader@@QAE@ABV0@@Z 10008170 f i id3libD:frame_impl.obj
 0001:000071d0       ??0ID3_Header@@QAE@ABV0@@Z 100081d0 f i id3libD:frame_impl.obj
 0001:00007250       ??0ID3_Flags@@QAE@ABV0@@Z  10008250 f i id3libD:frame_impl.obj
 0001:00007290       ??0ID3_FrameImpl@@QAE@ABVID3_Frame@@@Z 10008290 f   id3libD:frame_impl.obj
 0001:00007350       ??1ID3_FrameImpl@@UAE@XZ   10008350 f   id3libD:frame_impl.obj
 0001:000073e0       ?_ClearFields@ID3_FrameImpl@@IAE_NXZ 100083e0 f   id3libD:frame_impl.obj
 0001:000074a0       ?Clear@ID3_FrameImpl@@QAEXXZ 100084a0 f   id3libD:frame_impl.obj
 0001:00007500       ?_InitFields@ID3_FrameImpl@@IAEXXZ 10008500 f   id3libD:frame_impl.obj
 0001:000076a0       ?SetID@ID3_FrameImpl@@QAE_NW4ID3_FrameID@@@Z 100086a0 f   id3libD:frame_impl.obj
 0001:00007710       ?_SetID@ID3_FrameImpl@@IAE_NW4ID3_FrameID@@@Z 10008710 f   id3libD:frame_impl.obj
 0001:000077a0       ?SetSpec@ID3_FrameImpl@@QAE_NW4ID3_V2Spec@@@Z 100087a0 f   id3libD:frame_impl.obj
 0001:000077f0       ?GetSpec@ID3_FrameImpl@@QBE?AW4ID3_V2Spec@@XZ 100087f0 f   id3libD:frame_impl.obj
 0001:00007830       ?GetField@ID3_FrameImpl@@QBEPAVID3_Field@@W4ID3_FieldID@@@Z 10008830 f   id3libD:frame_impl.obj
 0001:000078e0       ?NumFields@ID3_FrameImpl@@QBEIXZ 100088e0 f   id3libD:frame_impl.obj
 0001:00007920       ?Size@ID3_FrameImpl@@QAEIXZ 10008920 f   id3libD:frame_impl.obj
 0001:00007aa0       ?HasChanged@ID3_FrameImpl@@QBE_NXZ 10008aa0 f   id3libD:frame_impl.obj
 0001:00007b60       ??4ID3_FrameImpl@@QAEAAV0@ABVID3_Frame@@@Z 10008b60 f   id3libD:frame_impl.obj
 0001:00007c80       ?GetDescription@ID3_FrameImpl@@SAPBDW4ID3_FrameID@@@Z 10008c80 f   id3libD:frame_impl.obj
 0001:00007cd0       ?GetDescription@ID3_FrameImpl@@QBEPBDXZ 10008cd0 f   id3libD:frame_impl.obj
 0001:00007d20       ??0?$vector@PAVID3_Field@@V?$allocator@PAVID3_Field@@@std@@@std@@QAE@ABV?$allocator@PAVID3_Field@@@1@@Z 10008d20 f i id3libD:frame_impl.obj
 0001:00007d80       ??1?$vector@PAVID3_Field@@V?$allocator@PAVID3_Field@@@std@@@std@@QAE@XZ 10008d80 f i id3libD:frame_impl.obj
 0001:00007e10       ?begin@?$vector@PAVID3_Field@@V?$allocator@PAVID3_Field@@@std@@@std@@QBEPBQAVID3_Field@@XZ 10008e10 f i id3libD:frame_impl.obj
 0001:00007e40       ?end@?$vector@PAVID3_Field@@V?$allocator@PAVID3_Field@@@std@@@std@@QBEPBQAVID3_Field@@XZ 10008e40 f i id3libD:frame_impl.obj
 0001:00007e70       ?size@?$vector@PAVID3_Field@@V?$allocator@PAVID3_Field@@@std@@@std@@QBEIXZ 10008e70 f i id3libD:frame_impl.obj
 0001:00007ec0       ?push_back@?$vector@PAVID3_Field@@V?$allocator@PAVID3_Field@@@std@@@std@@QAEXABQAVID3_Field@@@Z 10008ec0 f i id3libD:frame_impl.obj
 0001:00007f10       ?clear@?$vector@PAVID3_Field@@V?$allocator@PAVID3_Field@@@std@@@std@@QAEXXZ 10008f10 f i id3libD:frame_impl.obj
 0001:00007f60       ??0?$bitset@$0BI@@std@@QAE@XZ 10008f60 f i id3libD:frame_impl.obj
 0001:00007fa0       ?set@?$bitset@$0BI@@std@@QAEAAV12@I_N@Z 10008fa0 f i id3libD:frame_impl.obj
 0001:00008050       ?reset@?$bitset@$0BI@@std@@QAEAAV12@XZ 10009050 f i id3libD:frame_impl.obj
 0001:00008090       ?insert@?$vector@PAVID3_Field@@V?$allocator@PAVID3_Field@@@std@@@std@@QAEPAPAVID3_Field@@PAPAV3@ABQAV3@@Z 10009090 f i id3libD:frame_impl.obj
 0001:00008100       ?erase@?$vector@PAVID3_Field@@V?$allocator@PAVID3_Field@@@std@@@std@@QAEPAPAVID3_Field@@PAPAV3@0@Z 10009100 f i id3libD:frame_impl.obj
 0001:00008170       ?_Destroy@?$vector@PAVID3_Field@@V?$allocator@PAVID3_Field@@@std@@@std@@IAEXPAPAVID3_Field@@0@Z 10009170 f i id3libD:frame_impl.obj
 0001:000081d0       ?deallocate@?$allocator@PAVID3_Field@@@std@@QAEXPAXI@Z 100091d0 f i id3libD:frame_impl.obj
 0001:00008210       ?_Tidy@?$bitset@$0BI@@std@@AAEXK@Z 10009210 f i id3libD:frame_impl.obj
 0001:00008280       ?insert@?$vector@PAVID3_Field@@V?$allocator@PAVID3_Field@@@std@@@std@@QAEXPAPAVID3_Field@@IABQAV3@@Z 10009280 f i id3libD:frame_impl.obj
 0001:000084c0       ?destroy@?$allocator@PAVID3_Field@@@std@@QAEXPAPAVID3_Field@@@Z 100094c0 f i id3libD:frame_impl.obj
 0001:00008500       ?_Trim@?$bitset@$0BI@@std@@AAEXXZ 10009500 f i id3libD:frame_impl.obj
 0001:00008540       ?_Ucopy@?$vector@PAVID3_Field@@V?$allocator@PAVID3_Field@@@std@@@std@@IAEPAPAVID3_Field@@PBQAV3@0PAPAV3@@Z 10009540 f i id3libD:frame_impl.obj
 0001:000085b0       ?_Ufill@?$vector@PAVID3_Field@@V?$allocator@PAVID3_Field@@@std@@@std@@IAEXPAPAVID3_Field@@IABQAV3@@Z 100095b0 f i id3libD:frame_impl.obj
 0001:00008620       ?allocate@?$allocator@PAVID3_Field@@@std@@QAEPAPAVID3_Field@@IPBX@Z 10009620 f i id3libD:frame_impl.obj
 0001:00008660       ?construct@?$allocator@PAVID3_Field@@@std@@QAEXPAPAVID3_Field@@ABQAV3@@Z 10009660 f i id3libD:frame_impl.obj
 0001:000086a0       ?copy@std@@YAPAPAVID3_Field@@PAPAV2@00@Z 100096a0 f i id3libD:frame_impl.obj
 0001:00008700       ?fill@std@@YAXPAPAVID3_Field@@0ABQAV2@@Z 10009700 f i id3libD:frame_impl.obj
 0001:00008750       ?copy_backward@std@@YAPAPAVID3_Field@@PAPAV2@00@Z 10009750 f i id3libD:frame_impl.obj
 0001:000087a0       ?_Destroy@std@@YAXPAPAVID3_Field@@@Z 100097a0 f i id3libD:frame_impl.obj
 0001:000087c0       ?_Allocate@std@@YAPAPAVID3_Field@@HPAPAV2@@Z 100097c0 f i id3libD:frame_impl.obj
 0001:00008810       ?_Construct@std@@YAXPAPAVID3_Field@@ABQAV2@@Z 10009810 f i id3libD:frame_impl.obj
 0001:00008870       ??2@YAPAXIPAX@Z            10009870 f i id3libD:frame_impl.obj
 0001:00008920       ??_EID3_Flags@@UAEPAXI@Z   10009920 f i id3libD:frame_impl.obj
 0001:00008920       ??_GID3_Flags@@UAEPAXI@Z   10009920 f i id3libD:frame_impl.obj
 0001:00008980       ??1ID3_Flags@@UAE@XZ       10009980 f i id3libD:frame_impl.obj
 0001:000089b0       ?GetSpec@ID3_Header@@QBE?AW4ID3_V2Spec@@XZ 100099b0 f i id3libD:frame_impl.obj
 0001:000089e0       ?Clear@ID3_Header@@UAE_NXZ 100099e0 f i id3libD:frame_impl.obj
 0001:00008ab0       ?clear@ID3_Flags@@QAE_NXZ  10009ab0 f i id3libD:frame_impl.obj
 0001:00008af0       ?SetDataSize@ID3_Header@@QAE_NI@Z 10009af0 f i id3libD:frame_impl.obj
 0001:00008b70       ??_GID3_Header@@UAEPAXI@Z  10009b70 f i id3libD:frame_impl.obj
 0001:00008b70       ??_EID3_Header@@UAEPAXI@Z  10009b70 f i id3libD:frame_impl.obj
 0001:00008bd0       ??1ID3_Header@@UAE@XZ      10009bd0 f i id3libD:frame_impl.obj
 0001:00008c20       ??0ID3_FrameHeader@@QAE@XZ 10009c20 f i id3libD:frame_impl.obj
 0001:00008c80       ??0ID3_Header@@QAE@XZ      10009c80 f i id3libD:frame_impl.obj
 0001:00008d20       ??0ID3_Flags@@QAE@XZ       10009d20 f i id3libD:frame_impl.obj
 0001:00008d60       ??1ID3_FrameHeader@@UAE@XZ 10009d60 f i id3libD:frame_impl.obj
 0001:00008de0       ??_EID3_FrameHeader@@UAEPAXI@Z 10009de0 f i id3libD:frame_impl.obj
 0001:00008de0       ??_GID3_FrameHeader@@UAEPAXI@Z 10009de0 f i id3libD:frame_impl.obj
 0001:00008e40       ?parseFields@?%c:\dokumente und einstellungen\tw\eigene dateien\projects\tagwriter.dll\vc32\vbid3lib-3.8.0pre1\src\frame_parse.cpp214631435@@YA_NAAVID3_Reader@@AAVID3_FrameImpl@@@Z 10009e40 f   id3libD:frame_parse.obj
 0001:00009070       ?Parse@ID3_FrameImpl@@QAE_NAAVID3_Reader@@@Z 1000a070 f   id3libD:frame_parse.obj
 0001:00009350       ?GetEncryption@ID3_FrameHeader@@QBE_NXZ 1000a350 f i id3libD:frame_parse.obj
 0001:00009390       ?GetGrouping@ID3_FrameHeader@@QBE_NXZ 1000a390 f i id3libD:frame_parse.obj
 0001:000093d0       ??0ExitTrigger@io@dami@@QAE@AAVID3_Reader@@@Z 1000a3d0 f i id3libD:frame_parse.obj
 0001:00009440       ??1ExitTrigger@io@dami@@UAE@XZ 1000a440 f i id3libD:frame_parse.obj
 0001:000094b0       ?setExitPos@ExitTrigger@io@dami@@QAEXI@Z 1000a4b0 f i id3libD:frame_parse.obj
 0001:000094e0       ??_GExitTrigger@io@dami@@UAEPAXI@Z 1000a4e0 f i id3libD:frame_parse.obj
 0001:000094e0       ??_EExitTrigger@io@dami@@UAEPAXI@Z 1000a4e0 f i id3libD:frame_parse.obj
 0001:00009540       ??0WindowedReader@io@dami@@QAE@AAVID3_Reader@@I@Z 1000a540 f i id3libD:frame_parse.obj
 0001:000095e0       ?setCur@WindowedReader@io@dami@@UAEII@Z 1000a5e0 f i id3libD:frame_parse.obj
 0001:00009670       ?mid@dami@@YAABIABI00@Z    1000a670 f i id3libD:frame_parse.obj
 0001:000096c0       ?min@dami@@YAABIABI0@Z     1000a6c0 f i id3libD:frame_parse.obj
 0001:00009710       ?max@dami@@YAABIABI0@Z     1000a710 f i id3libD:frame_parse.obj
 0001:00009760       ?getCur@WindowedReader@io@dami@@UAEIXZ 1000a760 f i id3libD:frame_parse.obj
 0001:000097b0       ?getBeg@WindowedReader@io@dami@@UAEIXZ 1000a7b0 f i id3libD:frame_parse.obj
 0001:000097e0       ?getEnd@WindowedReader@io@dami@@UAEIXZ 1000a7e0 f i id3libD:frame_parse.obj
 0001:00009810       ?readChars@WindowedReader@io@dami@@UAEIQADI@Z 1000a810 f i id3libD:frame_parse.obj
 0001:00009860       ?close@WindowedReader@io@dami@@UAEXXZ 1000a860 f i id3libD:frame_parse.obj
 0001:00009890       ?renderFields@?%c:\dokumente und einstellungen\tw\eigene dateien\projects\tagwriter.dll\vc32\vbid3lib-3.8.0pre1\src\frame_render.cpp23017169@@YAXAAVID3_Writer@@ABVID3_FrameImpl@@@Z 1000a890 f   id3libD:frame_render.obj
 0001:000099a0       ?Render@ID3_FrameImpl@@QBEXAAVID3_Writer@@@Z 1000a9a0 f   id3libD:frame_render.obj
 0001:00009c80       ??0?$basic_string@DU?$char_traits@D@std@@V?$allocator@D@2@@std@@QAE@ABV?$allocator@D@1@@Z 1000ac80 f i id3libD:frame_render.obj
 0001:00009cd0       ?data@?$basic_string@DU?$char_traits@D@std@@V?$allocator@D@2@@std@@QBEPBDXZ 1000acd0 f i id3libD:frame_render.obj
 0001:00009d90       ?begin@ID3_FrameImpl@@QBEPBQAVID3_Field@@XZ 1000ad90 f i id3libD:frame_render.obj
 0001:00009dd0       ?end@ID3_FrameImpl@@QBEPBQAVID3_Field@@XZ 1000add0 f i id3libD:frame_render.obj
 0001:00009e10       ??0CompressedWriter@io@dami@@QAE@AAVID3_Writer@@@Z 1000ae10 f i id3libD:frame_render.obj
 0001:00009e80       ??1CompressedWriter@io@dami@@UAE@XZ 1000ae80 f i id3libD:frame_render.obj
 0001:00009f00       ?getOrigSize@CompressedWriter@io@dami@@QBEIXZ 1000af00 f i id3libD:frame_render.obj
 0001:00009f30       ?writeChars@CompressedWriter@io@dami@@UAEIQBDI@Z 1000af30 f i id3libD:frame_render.obj
 0001:00009f80       ?getCur@CompressedWriter@io@dami@@UAEIXZ 1000af80 f i id3libD:frame_render.obj
 0001:00009fc0       ?close@CompressedWriter@io@dami@@UAEXXZ 1000afc0 f i id3libD:frame_render.obj
 0001:00009ff0       ??_ECompressedWriter@io@dami@@UAEPAXI@Z 1000aff0 f i id3libD:frame_render.obj
 0001:00009ff0       ??_GCompressedWriter@io@dami@@UAEPAXI@Z 1000aff0 f i id3libD:frame_render.obj
 0001:0000a050       ??0StringWriter@io@dami@@QAE@AAV?$basic_string@DU?$char_traits@D@std@@V?$allocator@D@2@@std@@@Z 1000b050 f i id3libD:frame_render.obj
 0001:0000a0a0       ??1StringWriter@io@dami@@UAE@XZ 1000b0a0 f i id3libD:frame_render.obj
 0001:0000a0d0       ?close@StringWriter@io@dami@@UAEXXZ 1000b0d0 f i id3libD:frame_render.obj
 0001:0000a100       ?flush@StringWriter@io@dami@@UAEXXZ 1000b100 f i id3libD:frame_render.obj
 0001:0000a130       ?writeChars@StringWriter@io@dami@@UAEIQBDI@Z 1000b130 f i id3libD:frame_render.obj
 0001:0000a180       ?append@?$basic_string@DU?$char_traits@D@std@@V?$allocator@D@2@@std@@QAEAAV12@PBDI@Z 1000b180 f i id3libD:frame_render.obj
 0001:0000a220       ?writeChars@StringWriter@io@dami@@UAEIQBEI@Z 1000b220 f i id3libD:frame_render.obj
 0001:0000a270       ?getCur@StringWriter@io@dami@@UAEIXZ 1000b270 f i id3libD:frame_render.obj
 0001:0000a2b0       ??_EStringWriter@io@dami@@UAEPAXI@Z 1000b2b0 f i id3libD:frame_render.obj
 0001:0000a2b0       ??_GStringWriter@io@dami@@UAEPAXI@Z 1000b2b0 f i id3libD:frame_render.obj
 0001:0000a310       ?SetUnknownFrame@ID3_FrameHeader@@IAEXPBD@Z 1000b310 f   id3libD:header_frame.obj
 0001:0000a430       ?SetFrameID@ID3_FrameHeader@@QAE_NW4ID3_FrameID@@@Z 1000b430 f   id3libD:header_frame.obj
 0001:0000a4d0       ?Size@ID3_FrameHeader@@UBEIXZ 1000b4d0 f   id3libD:header_frame.obj
 0001:0000a530       ?Parse@ID3_FrameHeader@@UAE_NAAVID3_Reader@@@Z 1000b530 f   id3libD:header_frame.obj
 0001:0000a700       ?Render@ID3_FrameHeader@@UBEXAAVID3_Writer@@@Z 1000b700 f   id3libD:header_frame.obj
 0001:0000a7f0       ?GetTextID@ID3_FrameHeader@@QBEPBDXZ 1000b7f0 f   id3libD:header_frame.obj
 0001:0000a880       ??4ID3_FrameHeader@@QAEAAV0@ABV0@@Z 1000b880 f   id3libD:header_frame.obj
 0001:0000a9a0       ??4ID3_Header@@QAEAAV0@ABV0@@Z 1000b9a0 f i id3libD:header_frame.obj
 0001:0000aa20       ??4ID3_Flags@@QAEAAV0@ABV0@@Z 1000ba20 f i id3libD:header_frame.obj
 0001:0000aa70       ?GetFrameID@ID3_FrameHeader@@QBE?AW4ID3_FrameID@@XZ 1000ba70 f   id3libD:header_frame.obj
 0001:0000aac0       ?GetFrameDef@ID3_FrameHeader@@QBEPBUID3_FrameDef@@XZ 1000bac0 f   id3libD:header_frame.obj
 0001:0000aaf0       ?Clear@ID3_FrameHeader@@UAE_NXZ 1000baf0 f   id3libD:header_frame.obj
 0001:0000abf0       ?IsV2Tag@ID3_TagImpl@@SAIAAVID3_Reader@@@Z 1000bbf0 f   id3libD:tag_impl.obj
 0001:0000ae80       ??0ID3_TagImpl@@QAE@PBD@Z  1000be80 f   id3libD:tag_impl.obj
 0001:0000afa0       ??_GID3_TagImpl@@UAEPAXI@Z 1000bfa0 f i id3libD:tag_impl.obj
 0001:0000afa0       ??_EID3_TagImpl@@UAEPAXI@Z 1000bfa0 f i id3libD:tag_impl.obj
 0001:0000b000       ??0ID3_TagImpl@@QAE@ABVID3_Tag@@@Z 1000c000 f   id3libD:tag_impl.obj
 0001:0000b110       ??1ID3_TagImpl@@UAE@XZ     1000c110 f   id3libD:tag_impl.obj
 0001:0000b1d0       ?Clear@ID3_TagImpl@@QAEXXZ 1000c1d0 f   id3libD:tag_impl.obj
 0001:0000b310       ?AddFrame@ID3_TagImpl@@QAEXABVID3_Frame@@@Z 1000c310 f   id3libD:tag_impl.obj
 0001:0000b350       ?AddFrame@ID3_TagImpl@@QAEXPBVID3_Frame@@@Z 1000c350 f   id3libD:tag_impl.obj
 0001:0000b400       ?AttachFrame@ID3_TagImpl@@QAEXPAVID3_Frame@@@Z 1000c400 f   id3libD:tag_impl.obj
 0001:0000b470       ?RemoveFrame@ID3_TagImpl@@QAEPAVID3_Frame@@PBV2@@Z 1000c470 f   id3libD:tag_impl.obj
 0001:0000b520       ?HasChanged@ID3_TagImpl@@QBE_NXZ 1000c520 f   id3libD:tag_impl.obj
 0001:0000b5e0       ?SetSpec@ID3_TagImpl@@QAE_NW4ID3_V2Spec@@@Z 1000c5e0 f   id3libD:tag_impl.obj
 0001:0000b670       ?GetSpec@ID3_TagImpl@@QBE?AW4ID3_V2Spec@@XZ 1000c670 f   id3libD:tag_impl.obj
 0001:0000b6b0       ?SetUnsync@ID3_TagImpl@@QAE_N_N@Z 1000c6b0 f   id3libD:tag_impl.obj
 0001:0000b730       ?SetExtended@ID3_TagImpl@@QAE_N_N@Z 1000c730 f   id3libD:tag_impl.obj
 0001:0000b7b0       ?SetExperimental@ID3_TagImpl@@QAE_N_N@Z 1000c7b0 f   id3libD:tag_impl.obj
 0001:0000b830       ?GetUnsync@ID3_TagImpl@@QBE_NXZ 1000c830 f   id3libD:tag_impl.obj
 0001:0000b870       ?GetExtended@ID3_TagImpl@@QBE_NXZ 1000c870 f   id3libD:tag_impl.obj
 0001:0000b8b0       ?GetExperimental@ID3_TagImpl@@QBE_NXZ 1000c8b0 f   id3libD:tag_impl.obj
 0001:0000b8f0       ?SetPadding@ID3_TagImpl@@QAE_N_N@Z 1000c8f0 f   id3libD:tag_impl.obj
 0001:0000b980       ??4ID3_TagImpl@@QAEAAV0@ABVID3_Tag@@@Z 1000c980 f   id3libD:tag_impl.obj
 0001:0000baa0       ?ID3_GetDataSize@@YAIABVID3_TagImpl@@@Z 1000caa0 f   id3libD:tag_impl.obj
 0001:0000baf0       ??A?$basic_string@DU?$char_traits@D@std@@V?$allocator@D@2@@std@@QAEAADI@Z 1000caf0 f i id3libD:tag_impl.obj
 0001:0000bb50       ??0ID3_TagHeader@@QAE@XZ   1000cb50 f i id3libD:tag_impl.obj
 0001:0000bba0       ??1ID3_TagHeader@@UAE@XZ   1000cba0 f i id3libD:tag_impl.obj
 0001:0000bbe0       ?SetUnsync@ID3_TagHeader@@QAE_N_N@Z 1000cbe0 f i id3libD:tag_impl.obj
 0001:0000bc60       ?GetUnsync@ID3_TagHeader@@QBE_NXZ 1000cc60 f i id3libD:tag_impl.obj
 0001:0000bca0       ?SetExtended@ID3_TagHeader@@QAE_N_N@Z 1000cca0 f i id3libD:tag_impl.obj
 0001:0000bd20       ?GetExtended@ID3_TagHeader@@QBE_NXZ 1000cd20 f i id3libD:tag_impl.obj
 0001:0000bd60       ?SetExperimental@ID3_TagHeader@@QAE_N_N@Z 1000cd60 f i id3libD:tag_impl.obj
 0001:0000bde0       ?GetExperimental@ID3_TagHeader@@QBE_NXZ 1000cde0 f i id3libD:tag_impl.obj
 0001:0000be20       ??_EID3_TagHeader@@UAEPAXI@Z 1000ce20 f i id3libD:tag_impl.obj
 0001:0000be20       ??_GID3_TagHeader@@UAEPAXI@Z 1000ce20 f i id3libD:tag_impl.obj
 0001:0000be80       ??0?$list@PAVID3_Frame@@V?$allocator@PAVID3_Frame@@@std@@@std@@QAE@ABV?$allocator@PAVID3_Frame@@@1@@Z 1000ce80 f i id3libD:tag_impl.obj
 0001:0000bee0       ??1?$list@PAVID3_Frame@@V?$allocator@PAVID3_Frame@@@std@@@std@@QAE@XZ 1000cee0 f i id3libD:tag_impl.obj
 0001:0000bf60       ?begin@?$list@PAVID3_Frame@@V?$allocator@PAVID3_Frame@@@std@@@std@@QBE?AVconst_iterator@12@XZ 1000cf60 f i id3libD:tag_impl.obj
 0001:0000bfc0       ?end@?$list@PAVID3_Frame@@V?$allocator@PAVID3_Frame@@@std@@@std@@QBE?AVconst_iterator@12@XZ 1000cfc0 f i id3libD:tag_impl.obj
 0001:0000c010       ?push_back@?$list@PAVID3_Frame@@V?$allocator@PAVID3_Frame@@@std@@@std@@QAEXABQAVID3_Frame@@@Z 1000d010 f i id3libD:tag_impl.obj
 0001:0000c060       ?erase@?$list@PAVID3_Frame@@V?$allocator@PAVID3_Frame@@@std@@@std@@QAE?AViterator@12@V312@@Z 1000d060 f i id3libD:tag_impl.obj
 0001:0000c140       ?clear@?$list@PAVID3_Frame@@V?$allocator@PAVID3_Frame@@@std@@@std@@QAEXXZ 1000d140 f i id3libD:tag_impl.obj
 0001:0000c1a0       ?_Freeze@?$basic_string@DU?$char_traits@D@std@@V?$allocator@D@2@@std@@AAEXXZ 1000d1a0 f i id3libD:tag_impl.obj
 0001:0000c240       ?insert@?$list@PAVID3_Frame@@V?$allocator@PAVID3_Frame@@@std@@@std@@QAE?AViterator@12@V312@ABQAVID3_Frame@@@Z 1000d240 f i id3libD:tag_impl.obj
 0001:0000c320       ?erase@?$list@PAVID3_Frame@@V?$allocator@PAVID3_Frame@@@std@@@std@@QAE?AViterator@12@V312@0@Z 1000d320 f i id3libD:tag_impl.obj
 0001:0000c390       ?_Buynode@?$list@PAVID3_Frame@@V?$allocator@PAVID3_Frame@@@std@@@std@@IAEPAU_Node@12@PAU312@0@Z 1000d390 f i id3libD:tag_impl.obj
 0001:0000c420       ?_Freenode@?$list@PAVID3_Frame@@V?$allocator@PAVID3_Frame@@@std@@@std@@IAEXPAU_Node@12@@Z 1000d420 f i id3libD:tag_impl.obj
 0001:0000c460       ?_Prev@_Acc@?$list@PAVID3_Frame@@V?$allocator@PAVID3_Frame@@@std@@@std@@SAAAPAU_Node@23@PAU423@@Z 1000d460 f i id3libD:tag_impl.obj
 0001:0000c490       ?destroy@?$allocator@PAVID3_Frame@@@std@@QAEXPAPAVID3_Frame@@@Z 1000d490 f i id3libD:tag_impl.obj
 0001:0000c4d0       ?_Mynode@const_iterator@?$list@PAVID3_Frame@@V?$allocator@PAVID3_Frame@@@std@@@std@@QBEPAU_Node@23@XZ 1000d4d0 f i id3libD:tag_impl.obj
 0001:0000c500       ??Eiterator@?$list@PAVID3_Frame@@V?$allocator@PAVID3_Frame@@@std@@@std@@QAE?AV012@H@Z 1000d500 f i id3libD:tag_impl.obj
 0001:0000c550       ?_Charalloc@?$allocator@PAVID3_Frame@@@std@@QAEPADI@Z 1000d550 f i id3libD:tag_impl.obj
 0001:0000c590       ?deallocate@?$allocator@PAVID3_Frame@@@std@@QAEXPAXI@Z 1000d590 f i id3libD:tag_impl.obj
 0001:0000c5d0       ?construct@?$allocator@PAVID3_Frame@@@std@@QAEXPAPAVID3_Frame@@ABQAV3@@Z 1000d5d0 f i id3libD:tag_impl.obj
 0001:0000c610       ??8std@@YA_NABV?$basic_string@DU?$char_traits@D@std@@V?$allocator@D@2@@0@PBD@Z 1000d610 f i id3libD:tag_impl.obj
 0001:0000c650       ??9std@@YA_NABV?$basic_string@DU?$char_traits@D@std@@V?$allocator@D@2@@0@PBD@Z 1000d650 f i id3libD:tag_impl.obj
 0001:0000c6a0       ?_Destroy@std@@YAXPAPAVID3_Frame@@@Z 1000d6a0 f i id3libD:tag_impl.obj
 0001:0000c6c0       ?_Construct@std@@YAXPAPAVID3_Frame@@ABQAV2@@Z 1000d6c0 f i id3libD:tag_impl.obj
 0001:0000c720       ?compare@?$basic_string@DU?$char_traits@D@std@@V?$allocator@D@2@@std@@QBEHPBD@Z 1000d720 f i id3libD:tag_impl.obj
 0001:0000c780       ?compare@?$basic_string@DU?$char_traits@D@std@@V?$allocator@D@2@@std@@QBEHIIPBDI@Z 1000d780 f i id3libD:tag_impl.obj
 0001:0000c850       ?compare@?$char_traits@D@std@@SAHPBD0I@Z 1000d850 f i id3libD:tag_impl.obj
 0001:0000c890       ?_Psum@?$basic_string@DU?$char_traits@D@std@@V?$allocator@D@2@@std@@CAPADPADI@Z 1000d890 f i id3libD:tag_impl.obj
 0001:0000c950       ??0StringReader@io@dami@@QAE@ABV?$basic_string@DU?$char_traits@D@std@@V?$allocator@D@2@@std@@@Z 1000d950 f i id3libD:tag_impl.obj
 0001:0000c9b0       ??1StringReader@io@dami@@UAE@XZ 1000d9b0 f i id3libD:tag_impl.obj
 0001:0000c9e0       ?close@StringReader@io@dami@@UAEXXZ 1000d9e0 f i id3libD:tag_impl.obj
 0001:0000ca10       ?peekChar@StringReader@io@dami@@UAEFXZ 1000da10 f i id3libD:tag_impl.obj
 0001:0000ca80       ??A?$basic_string@DU?$char_traits@D@std@@V?$allocator@D@2@@std@@QBEABDI@Z 1000da80 f i id3libD:tag_impl.obj
 0001:0000cad0       ?readChars@StringReader@io@dami@@UAEIQADI@Z 1000dad0 f i id3libD:tag_impl.obj
 0001:0000cb20       ?readChars@StringReader@io@dami@@UAEIQAEI@Z 1000db20 f i id3libD:tag_impl.obj
 0001:0000cbb0       ?copy@?$basic_string@DU?$char_traits@D@std@@V?$allocator@D@2@@std@@QBEIPADII@Z 1000dbb0 f i id3libD:tag_impl.obj
 0001:0000cc30       ?getCur@StringReader@io@dami@@UAEIXZ 1000dc30 f i id3libD:tag_impl.obj
 0001:0000cc60       ?getBeg@StringReader@io@dami@@UAEIXZ 1000dc60 f i id3libD:tag_impl.obj
 0001:0000cc90       ?getEnd@StringReader@io@dami@@UAEIXZ 1000dc90 f i id3libD:tag_impl.obj
 0001:0000ccd0       ?setCur@StringReader@io@dami@@UAEII@Z 1000dcd0 f i id3libD:tag_impl.obj
 0001:0000cd40       ?atEnd@StringReader@io@dami@@UAE_NXZ 1000dd40 f i id3libD:tag_impl.obj
 0001:0000cd90       ?skipChars@StringReader@io@dami@@UAEII@Z 1000dd90 f i id3libD:tag_impl.obj
 0001:0000ce00       ??_GStringReader@io@dami@@UAEPAXI@Z 1000de00 f i id3libD:tag_impl.obj
 0001:0000ce00       ??_EStringReader@io@dami@@UAEPAXI@Z 1000de00 f i id3libD:tag_impl.obj
 0001:0000ce60       ?render@v1@id3@dami@@YAXAAVID3_Writer@@ABVID3_TagImpl@@@Z 1000de60 f   id3libD:tag_render.obj
 0001:0000d040       ?renderFrames@?%c:\dokumente und einstellungen\tw\eigene dateien\projects\tagwriter.dll\vc32\vbid3lib-3.8.0pre1\src\tag_render.cpp3272417283@@YAXAAVID3_Writer@@ABVID3_TagImpl@@@Z 1000e040 f   id3libD:tag_render.obj
 0001:0000d0d0       ?render@v2@id3@dami@@YAXAAVID3_Writer@@ABVID3_TagImpl@@@Z 1000e0d0 f   id3libD:tag_render.obj
 0001:0000d300       ?Size@ID3_TagImpl@@QBEIXZ  1000e300 f   id3libD:tag_render.obj
 0001:0000d4a0       ?RenderExtHeader@ID3_TagImpl@@IAEXPAE@Z 1000e4a0 f   id3libD:tag_render.obj
 0001:0000d4e0       ?PaddingSize@ID3_TagImpl@@QBEII@Z 1000e4e0 f   id3libD:tag_render.obj
 0001:0000d630       ?begin@ID3_TagImpl@@QBE?AVconst_iterator@?$list@PAVID3_Frame@@V?$allocator@PAVID3_Frame@@@std@@@std@@XZ 1000e630 f i id3libD:tag_render.obj
 0001:0000d680       ?end@ID3_TagImpl@@QBE?AVconst_iterator@?$list@PAVID3_Frame@@V?$allocator@PAVID3_Frame@@@std@@@std@@XZ 1000e680 f i id3libD:tag_render.obj
 0001:0000d6d0       ??0UnsyncedWriter@io@dami@@QAE@AAVID3_Writer@@@Z 1000e6d0 f i id3libD:tag_render.obj
 0001:0000d730       ?getNumSyncs@UnsyncedWriter@io@dami@@QBEIXZ 1000e730 f i id3libD:tag_render.obj
 0001:0000d760       ?writeChars@UnsyncedWriter@io@dami@@UAEIQBDI@Z 1000e760 f i id3libD:tag_render.obj
 0001:0000d7b0       ?close@UnsyncedWriter@io@dami@@UAEXXZ 1000e7b0 f i id3libD:tag_render.obj
 0001:0000d7e0       ?getBeg@UnsyncedWriter@io@dami@@UAEIXZ 1000e7e0 f i id3libD:tag_render.obj
 0001:0000d830       ?getCur@UnsyncedWriter@io@dami@@UAEIXZ 1000e830 f i id3libD:tag_render.obj
 0001:0000d880       ?getEnd@UnsyncedWriter@io@dami@@UAEIXZ 1000e880 f i id3libD:tag_render.obj
 0001:0000d8d0       ?parseFrames@?%c:\dokumente und einstellungen\tw\eigene dateien\projects\tagwriter.dll\vc32\vbid3lib-3.8.0pre1\src\tag_parse.cpp33879160@@YA_NAAVID3_TagImpl@@AAVID3_Reader@@@Z 1000e8d0 f   id3libD:tag_parse.obj
 0001:0000dc60       ?parse@v2@id3@dami@@YA_NAAVID3_TagImpl@@AAVID3_Reader@@@Z 1000ec60 f   id3libD:tag_parse.obj
 0001:0000deb0       ?ParseFile@ID3_TagImpl@@IAEXXZ 1000eeb0 f   id3libD:tag_parse.obj
 0001:0000e1f0       ??_Difstream@@QAEXXZ       1000f1f0 f i id3libD:tag_parse.obj
 0001:0000e2c0       ??0ID3_IFStreamReader@@QAE@AAVifstream@@@Z 1000f2c0 f i id3libD:tag_parse.obj
 0001:0000e320       ??0ID3_IStreamReader@@QAE@AAVistream@@@Z 1000f320 f i id3libD:tag_parse.obj
 0001:0000e370       ?close@ID3_IStreamReader@@UAEXXZ 1000f370 f i id3libD:tag_parse.obj
 0001:0000e3a0       ?peekChar@ID3_IStreamReader@@UAEFXZ 1000f3a0 f i id3libD:tag_parse.obj
 0001:0000e3e0       ?readChars@ID3_IStreamReader@@UAEIQADI@Z 1000f3e0 f i id3libD:tag_parse.obj
 0001:0000e430       ?readChars@ID3_IStreamReader@@UAEIQAEI@Z 1000f430 f i id3libD:tag_parse.obj
 0001:0000e480       ?gcount@istream@@QBEHXZ    1000f480 f i id3libD:tag_parse.obj
 0001:0000e4b0       ?read@istream@@QAEAAV1@PAEH@Z 1000f4b0 f i id3libD:tag_parse.obj
 0001:0000e4f0       ?getBeg@ID3_IStreamReader@@UAEIXZ 1000f4f0 f i id3libD:tag_parse.obj
 0001:0000e520       ?getCur@ID3_IStreamReader@@UAEIXZ 1000f520 f i id3libD:tag_parse.obj
 0001:0000e560       ?getEnd@ID3_IStreamReader@@UAEIXZ 1000f560 f i id3libD:tag_parse.obj
 0001:0000e5f0       ?setCur@ID3_IStreamReader@@UAEII@Z 1000f5f0 f i id3libD:tag_parse.obj
 0001:0000e640       ??_EID3_IStreamReader@@UAEPAXI@Z 1000f640 f i id3libD:tag_parse.obj
 0001:0000e640       ??_GID3_IStreamReader@@UAEPAXI@Z 1000f640 f i id3libD:tag_parse.obj
 0001:0000e6a0       ??1ID3_IStreamReader@@UAE@XZ 1000f6a0 f i id3libD:tag_parse.obj
 0001:0000e6d0       ?close@ID3_IFStreamReader@@UAEXXZ 1000f6d0 f i id3libD:tag_parse.obj
 0001:0000e710       ??_GID3_IFStreamReader@@UAEPAXI@Z 1000f710 f i id3libD:tag_parse.obj
 0001:0000e710       ??_EID3_IFStreamReader@@UAEPAXI@Z 1000f710 f i id3libD:tag_parse.obj
 0001:0000e770       ??1ID3_IFStreamReader@@UAE@XZ 1000f770 f i id3libD:tag_parse.obj
 0001:0000e7b0       ??0ExitTrigger@io@dami@@QAE@AAVID3_Reader@@I@Z 1000f7b0 f i id3libD:tag_parse.obj
 0001:0000e800       ??0WindowedReader@io@dami@@QAE@AAVID3_Reader@@@Z 1000f800 f i id3libD:tag_parse.obj
 0001:0000e890       ??0UnsyncedReader@io@dami@@QAE@AAVID3_Reader@@@Z 1000f890 f i id3libD:tag_parse.obj
 0001:0000e8e0       ??0CharReader@io@dami@@QAE@AAVID3_Reader@@@Z 1000f8e0 f i id3libD:tag_parse.obj
 0001:0000e930       ?readChars@CharReader@io@dami@@UAEIQADI@Z 1000f930 f i id3libD:tag_parse.obj
 0001:0000e980       ?close@CharReader@io@dami@@UAEXXZ 1000f980 f i id3libD:tag_parse.obj
 0001:0000e9b0       ?peekChar@CharReader@io@dami@@UAEFXZ 1000f9b0 f i id3libD:tag_parse.obj
 0001:0000ea00       ?getBeg@CharReader@io@dami@@UAEIXZ 1000fa00 f i id3libD:tag_parse.obj
 0001:0000ea50       ?getCur@CharReader@io@dami@@UAEIXZ 1000fa50 f i id3libD:tag_parse.obj
 0001:0000eaa0       ?getEnd@CharReader@io@dami@@UAEIXZ 1000faa0 f i id3libD:tag_parse.obj
 0001:0000eaf0       ?setCur@CharReader@io@dami@@UAEII@Z 1000faf0 f i id3libD:tag_parse.obj
 0001:0000eb40       ??_ECharReader@io@dami@@UAEPAXI@Z 1000fb40 f i id3libD:tag_parse.obj
 0001:0000eb40       ??_GCharReader@io@dami@@UAEPAXI@Z 1000fb40 f i id3libD:tag_parse.obj
 0001:0000eba0       ??1CharReader@io@dami@@UAE@XZ 1000fba0 f i id3libD:tag_parse.obj
 0001:0000ebd0       ??_EUnsyncedReader@io@dami@@UAEPAXI@Z 1000fbd0 f i id3libD:tag_parse.obj
 0001:0000ebd0       ??_GUnsyncedReader@io@dami@@UAEPAXI@Z 1000fbd0 f i id3libD:tag_parse.obj
 0001:0000ec30       ??1UnsyncedReader@io@dami@@UAE@XZ 1000fc30 f i id3libD:tag_parse.obj
 0001:0000ec70       ??0BStringReader@io@dami@@QAE@ABV?$basic_string@EU?$char_traits@E@std@@V?$allocator@E@2@@std@@@Z 1000fc70 f i id3libD:tag_parse.obj
 0001:0000ecd0       ??1BStringReader@io@dami@@UAE@XZ 1000fcd0 f i id3libD:tag_parse.obj
 0001:0000ed00       ?close@BStringReader@io@dami@@UAEXXZ 1000fd00 f i id3libD:tag_parse.obj
 0001:0000ed30       ?peekChar@BStringReader@io@dami@@UAEFXZ 1000fd30 f i id3libD:tag_parse.obj
 0001:0000eda0       ??A?$basic_string@EU?$char_traits@E@std@@V?$allocator@E@2@@std@@QBEABEI@Z 1000fda0 f i id3libD:tag_parse.obj
 0001:0000edf0       ?readChars@BStringReader@io@dami@@UAEIQADI@Z 1000fdf0 f i id3libD:tag_parse.obj
 0001:0000ee40       ?readChars@BStringReader@io@dami@@UAEIQAEI@Z 1000fe40 f i id3libD:tag_parse.obj
 0001:0000eed0       ?copy@?$basic_string@EU?$char_traits@E@std@@V?$allocator@E@2@@std@@QBEIPAEII@Z 1000fed0 f i id3libD:tag_parse.obj
 0001:0000ef50       ?getCur@BStringReader@io@dami@@UAEIXZ 1000ff50 f i id3libD:tag_parse.obj
 0001:0000ef80       ?getBeg@BStringReader@io@dami@@UAEIXZ 1000ff80 f i id3libD:tag_parse.obj
 0001:0000efb0       ?getEnd@BStringReader@io@dami@@UAEIXZ 1000ffb0 f i id3libD:tag_parse.obj
 0001:0000eff0       ?setCur@BStringReader@io@dami@@UAEII@Z 1000fff0 f i id3libD:tag_parse.obj
 0001:0000f060       ?atEnd@BStringReader@io@dami@@UAE_NXZ 10010060 f i id3libD:tag_parse.obj
 0001:0000f0b0       ?skipChars@BStringReader@io@dami@@UAEII@Z 100100b0 f i id3libD:tag_parse.obj
 0001:0000f120       ??_EBStringReader@io@dami@@UAEPAXI@Z 10010120 f i id3libD:tag_parse.obj
 0001:0000f120       ??_GBStringReader@io@dami@@UAEPAXI@Z 10010120 f i id3libD:tag_parse.obj
 0001:0000f180       ?Link@ID3_TagImpl@@QAEIPBD_N1@Z 10010180 f   id3libD:tag_file.obj
 0001:0000f200       ?Link@ID3_TagImpl@@QAEIPBDG@Z 10010200 f   id3libD:tag_file.obj
 0001:0000f270       ?RenderV1ToFile@@YAIAAVID3_TagImpl@@AAVfstream@@@Z 10010270 f   id3libD:tag_file.obj
 0001:0000f390       ?RenderV2ToFile@@YAIABVID3_TagImpl@@AAVfstream@@@Z 10010390 f   id3libD:tag_file.obj
 0001:0000f630       ??7ios@@QBEHXZ             10010630 f i id3libD:tag_file.obj
 0001:0000f660       ?Update@ID3_TagImpl@@QAEGG@Z 10010660 f   id3libD:tag_file.obj
 0001:0000f8c0       ??_Dfstream@@QAEXXZ        100108c0 f i id3libD:tag_file.obj
 0001:0000f910       ?Strip@ID3_TagImpl@@QAEGG@Z 10010910 f   id3libD:tag_file.obj
 0001:0000fe00       ?eof@ios@@QBEHXZ           10010e00 f i id3libD:tag_file.obj
 0001:0000fe30       ??4?$basic_string@DU?$char_traits@D@std@@V?$allocator@D@2@@std@@QAEAAV01@PBD@Z 10010e30 f i id3libD:tag_file.obj
 0001:0000fe70       ?write@ostream@@QAEAAV1@PBEH@Z 10010e70 f i id3libD:tag_file.obj
 0001:0000ff30       ??0ID3_IOStreamWriter@@QAE@AAViostream@@@Z 10010f30 f i id3libD:tag_file.obj
 0001:0000ffa0       ??1ID3_IOStreamWriter@@UAE@XZ 10010fa0 f i id3libD:tag_file.obj
 0001:0000ffd0       ?close@ID3_IOStreamWriter@@UAEXXZ 10010fd0 f i id3libD:tag_file.obj
 0001:00010000       ?flush@ID3_IOStreamWriter@@UAEXXZ 10011000 f i id3libD:tag_file.obj
 0001:00010040       ?writeChar@ID3_IOStreamWriter@@UAEFE@Z 10011040 f i id3libD:tag_file.obj
 0001:00010090       ?writeChars@ID3_IOStreamWriter@@UAEIQBDI@Z 10011090 f i id3libD:tag_file.obj
 0001:000100e0       ?writeChars@ID3_IOStreamWriter@@UAEIQBEI@Z 100110e0 f i id3libD:tag_file.obj
 0001:00010130       ?getBeg@ID3_IOStreamWriter@@UAEIXZ 10011130 f i id3libD:tag_file.obj
 0001:00010160       ?getCur@ID3_IOStreamWriter@@UAEIXZ 10011160 f i id3libD:tag_file.obj
 0001:000101a0       ??_EID3_IOStreamWriter@@UAEPAXI@Z 100111a0 f i id3libD:tag_file.obj
 0001:000101a0       ??_GID3_IOStreamWriter@@UAEPAXI@Z 100111a0 f i id3libD:tag_file.obj
 0001:00010200       ?Find@ID3_TagImpl@@IBE?AVconst_iterator@?$list@PAVID3_Frame@@V?$allocator@PAVID3_Frame@@@std@@@std@@PBVID3_Frame@@@Z 10011200 f   id3libD:tag_find.obj
 0001:000102a0       ?Find@ID3_TagImpl@@IAE?AViterator@?$list@PAVID3_Frame@@V?$allocator@PAVID3_Frame@@@std@@@std@@PBVID3_Frame@@@Z 100112a0 f   id3libD:tag_find.obj
 0001:00010340       ?Find@ID3_TagImpl@@QBEPAVID3_Frame@@W4ID3_FrameID@@@Z 10011340 f   id3libD:tag_find.obj
 0001:000104d0       ?Find@ID3_TagImpl@@QBEPAVID3_Frame@@W4ID3_FrameID@@W4ID3_FieldID@@V?$basic_string@DU?$char_traits@D@std@@V?$allocator@D@2@@std@@@Z 100114d0 f   id3libD:tag_find.obj
 0001:00010760       ?Find@ID3_TagImpl@@QBEPAVID3_Frame@@W4ID3_FrameID@@W4ID3_FieldID@@V?$basic_string@GU?$char_traits@G@std@@V?$allocator@G@2@@std@@@Z 10011760 f   id3libD:tag_find.obj
 0001:000109f0       ?Find@ID3_TagImpl@@QBEPAVID3_Frame@@W4ID3_FrameID@@W4ID3_FieldID@@I@Z 100119f0 f   id3libD:tag_find.obj
 0001:00010bb0       ??0?$basic_string@DU?$char_traits@D@std@@V?$allocator@D@2@@std@@QAE@PBDIABV?$allocator@D@1@@Z 10011bb0 f i id3libD:tag_find.obj
 0001:00010c10       ??8std@@YA_NABV?$basic_string@DU?$char_traits@D@std@@V?$allocator@D@2@@0@0@Z 10011c10 f i id3libD:tag_find.obj
 0001:00010c50       ??8std@@YA_NABV?$basic_string@GU?$char_traits@G@std@@V?$allocator@G@2@@0@0@Z 10011c50 f i id3libD:tag_find.obj
 0001:00010c90       ?compare@?$basic_string@DU?$char_traits@D@std@@V?$allocator@D@2@@std@@QBEHABV12@@Z 10011c90 f i id3libD:tag_find.obj
 0001:00010cf0       ?compare@?$basic_string@GU?$char_traits@G@std@@V?$allocator@G@2@@std@@QBEHABV12@@Z 10011cf0 f i id3libD:tag_find.obj
 0001:00010d50       ?compare@?$basic_string@GU?$char_traits@G@std@@V?$allocator@G@2@@std@@QBEHIIPBGI@Z 10011d50 f i id3libD:tag_find.obj
 0001:00010e20       ?compare@?$char_traits@G@std@@SAHPBG0I@Z 10011e20 f i id3libD:tag_find.obj
 0001:00010e60       _wmemcmp                   10011e60 f i id3libD:tag_find.obj
 0001:00010ef0       ?_Psum@?$basic_string@GU?$char_traits@G@std@@V?$allocator@G@2@@std@@CAPAGPAGI@Z 10011ef0 f i id3libD:tag_find.obj
 0001:00010fb0       ?renderNumber@dami@@YAIPAEII@Z 10011fb0 f   id3libD:utils.obj
 0001:00011020       ?renderNumber@dami@@YA?AV?$basic_string@DU?$char_traits@D@std@@V?$allocator@D@2@@std@@II@Z 10012020 f   id3libD:utils.obj
 0001:00011100       ?mbstoucs@?%c:\dokumente und einstellungen\tw\eigene dateien\projects\tagwriter.dll\vc32\vbid3lib-3.8.0pre1\src\utils.cpp3008030726@@YA?AV?$basic_string@DU?$char_traits@D@std@@V?$allocator@D@2@@std@@V23@@Z 10012100 f   id3libD:utils.obj
 0001:00011200       ?ucstombs@?%c:\dokumente und einstellungen\tw\eigene dateien\projects\tagwriter.dll\vc32\vbid3lib-3.8.0pre1\src\utils.cpp3008030726@@YA?AV?$basic_string@DU?$char_traits@D@std@@V?$allocator@D@2@@std@@V23@@Z 10012200 f   id3libD:utils.obj
 0001:00011300       ?convert@dami@@YA?AV?$basic_string@DU?$char_traits@D@std@@V?$allocator@D@2@@std@@V23@W4ID3_TextEnc@@1@Z 10012300 f   id3libD:utils.obj
 0001:00011480       ?ucslen@dami@@YAIPBG@Z     10012480 f   id3libD:utils.obj
 0001:000114f0       ?exists@?%c:\dokumente und einstellungen\tw\eigene dateien\projects\tagwriter.dll\vc32\vbid3lib-3.8.0pre1\src\utils.cpp3008030726@@YA_NV?$basic_string@DU?$char_traits@D@std@@V?$allocator@D@2@@std@@@Z 100124f0 f   id3libD:utils.obj
 0001:000115a0       ?createFile@dami@@YA?AW4ID3_Err@@V?$basic_string@DU?$char_traits@D@std@@V?$allocator@D@2@@std@@AAVfstream@@@Z 100125a0 f   id3libD:utils.obj
 0001:00011670       ?getFileSize@dami@@YAIAAVfstream@@@Z 10012670 f   id3libD:utils.obj
 0001:000116e0       ?getFileSize@dami@@YAIAAVifstream@@@Z 100126e0 f   id3libD:utils.obj
 0001:00011750       ?getFileSize@dami@@YAIAAVofstream@@@Z 10012750 f   id3libD:utils.obj
 0001:000117c0       ?openWritableFile@dami@@YA?AW4ID3_Err@@V?$basic_string@DU?$char_traits@D@std@@V?$allocator@D@2@@std@@AAVfstream@@@Z 100127c0 f   id3libD:utils.obj
 0001:000118e0       ?openWritableFile@dami@@YA?AW4ID3_Err@@V?$basic_string@DU?$char_traits@D@std@@V?$allocator@D@2@@std@@AAVofstream@@@Z 100128e0 f   id3libD:utils.obj
 0001:00011a00       ?openReadableFile@dami@@YA?AW4ID3_Err@@V?$basic_string@DU?$char_traits@D@std@@V?$allocator@D@2@@std@@AAVfstream@@@Z 10012a00 f   id3libD:utils.obj
 0001:00011ad0       ?openReadableFile@dami@@YA?AW4ID3_Err@@V?$basic_string@DU?$char_traits@D@std@@V?$allocator@D@2@@std@@AAVifstream@@@Z 10012ad0 f   id3libD:utils.obj
 0001:00011ba0       ?toString@dami@@YA?AV?$basic_string@DU?$char_traits@D@std@@V?$allocator@D@2@@std@@I@Z 10012ba0 f   id3libD:utils.obj
 0001:00011cf0       ?toWString@dami@@YA?AV?$basic_string@GU?$char_traits@G@std@@V?$allocator@G@2@@std@@QBGI@Z 10012cf0 f   id3libD:utils.obj
 0001:00011dc0       ??0?$basic_string@DU?$char_traits@D@std@@V?$allocator@D@2@@std@@QAE@IDABV?$allocator@D@1@@Z 10012dc0 f i id3libD:utils.obj
 0001:00011e20       ??4?$basic_string@DU?$char_traits@D@std@@V?$allocator@D@2@@std@@QAEAAV01@ABV01@@Z 10012e20 f i id3libD:utils.obj
 0001:00011e60       ??Y?$basic_string@DU?$char_traits@D@std@@V?$allocator@D@2@@std@@QAEAAV01@D@Z 10012e60 f i id3libD:utils.obj
 0001:00011ea0       ?is_open@ifstream@@QBEHXZ  10012ea0 f i id3libD:utils.obj
 0001:00011ee0       ?is_open@filebuf@@QBEHXZ   10012ee0 f i id3libD:utils.obj
 0001:00011f20       ?rdbuf@ifstream@@QBEPAVfilebuf@@XZ 10012f20 f i id3libD:utils.obj
 0001:00011f60       ?rdbuf@ios@@QBEPAVstreambuf@@XZ 10012f60 f i id3libD:utils.obj
 0001:00011f90       ?is_open@ofstream@@QBEHXZ  10012f90 f i id3libD:utils.obj
 0001:00011fd0       ?rdbuf@ofstream@@QBEPAVfilebuf@@XZ 10012fd0 f i id3libD:utils.obj
 0001:00012010       ?is_open@fstream@@QBEHXZ   10013010 f i id3libD:utils.obj
 0001:00012050       ?rdbuf@fstream@@QBEPAVfilebuf@@XZ 10013050 f i id3libD:utils.obj
 0001:00012090       ??0?$basic_string@GU?$char_traits@G@std@@V?$allocator@G@2@@std@@QAE@ABV?$allocator@G@1@@Z 10013090 f i id3libD:utils.obj
 0001:000120e0       ??Y?$basic_string@GU?$char_traits@G@std@@V?$allocator@G@2@@std@@QAEAAV01@G@Z 100130e0 f i id3libD:utils.obj
 0001:00012120       ?reserve@?$basic_string@GU?$char_traits@G@std@@V?$allocator@G@2@@std@@QAEXI@Z 10013120 f i id3libD:utils.obj
 0001:00012170       ?append@?$basic_string@DU?$char_traits@D@std@@V?$allocator@D@2@@std@@QAEAAV12@ID@Z 10013170 f i id3libD:utils.obj
 0001:00012210       ?assign@?$char_traits@D@std@@SAPADPADIABD@Z 10013210 f i id3libD:utils.obj
 0001:00012250       ?assign@?$basic_string@DU?$char_traits@D@std@@V?$allocator@D@2@@std@@QAEAAV12@ABV12@@Z 10013250 f i id3libD:utils.obj
 0001:000122a0       ?assign@?$basic_string@DU?$char_traits@D@std@@V?$allocator@D@2@@std@@QAEAAV12@ID@Z 100132a0 f i id3libD:utils.obj
 0001:00012320       ?append@?$basic_string@GU?$char_traits@G@std@@V?$allocator@G@2@@std@@QAEAAV12@IG@Z 10013320 f i id3libD:utils.obj
 0001:000123c0       ?assign@?$char_traits@G@std@@SAPAGPAGIABG@Z 100133c0 f i id3libD:utils.obj
 0001:00012400       _wmemset                   10013400 f i id3libD:utils.obj
 0001:00012460       ??Hstd@@YA?AV?$basic_string@DU?$char_traits@D@std@@V?$allocator@D@2@@0@ABV10@0@Z 10013460 f i id3libD:utils.obj
 0001:00012500       ??Y?$basic_string@DU?$char_traits@D@std@@V?$allocator@D@2@@std@@QAEAAV01@ABV01@@Z 10013500 f i id3libD:utils.obj
 0001:00012540       ?append@?$basic_string@DU?$char_traits@D@std@@V?$allocator@D@2@@std@@QAEAAV12@ABV12@@Z 10013540 f i id3libD:utils.obj
 0001:00012580       ?append@?$basic_string@DU?$char_traits@D@std@@V?$allocator@D@2@@std@@QAEAAV12@ABV12@II@Z 10013580 f i id3libD:utils.obj
 0001:000126d0       ?readChars@ID3_MemoryReader@@UAEIQAEI@Z 100136d0 f   id3libD:readers.obj
 0001:000127d0       ?SetSpec@ID3_Header@@UAE_NW4ID3_V2Spec@@@Z 100137d0 f   id3libD:header.obj
 0001:00012890       ??0ID3_FieldImpl@@AAE@XZ   10013890 f   id3libD:field.obj
 0001:00012990       ??_EID3_FieldImpl@@UAEPAXI@Z 10013990 f i id3libD:field.obj
 0001:00012990       ??_GID3_FieldImpl@@UAEPAXI@Z 10013990 f i id3libD:field.obj
 0001:000129f0       ??0ID3_FieldImpl@@AAE@ABUID3_FieldDef@@@Z 100139f0 f   id3libD:field.obj
 0001:00012b00       ??1ID3_Field@@MAE@XZ       10013b00 f i id3libD:field.obj
 0001:00012b30       ??0ID3_Field@@IAE@XZ       10013b30 f i id3libD:field.obj
 0001:00012b60       ??_EID3_Field@@MAEPAXI@Z   10013b60 f i id3libD:field.obj
 0001:00012b60       ??_GID3_Field@@MAEPAXI@Z   10013b60 f i id3libD:field.obj
 0001:00012bc0       ??1ID3_FieldImpl@@UAE@XZ   10013bc0 f   id3libD:field.obj
 0001:00012c50       ?Clear@ID3_FieldImpl@@UAEXXZ 10013c50 f   id3libD:field.obj
 0001:00012d60       ?HasChanged@ID3_FieldImpl@@UBE_NXZ 10013d60 f   id3libD:field.obj
 0001:00012d90       ?BinSize@ID3_FieldImpl@@UBEIXZ 10013d90 f   id3libD:field.obj
 0001:00012e50       ?Size@ID3_FieldImpl@@UBEIXZ 10013e50 f   id3libD:field.obj
 0001:00012ee0       ?Parse@ID3_FieldImpl@@UAE_NAAVID3_Reader@@@Z 10013ee0 f   id3libD:field.obj
 0001:00012f80       ?ID3_FindFrameDef@@YAPAUID3_FrameDef@@W4ID3_FrameID@@@Z 10013f80 f   id3libD:field.obj
 0001:00013000       ?ID3_FindFrameID@@YA?AW4ID3_FrameID@@PBD@Z 10014000 f   id3libD:field.obj
 0001:000130e0       ?Render@ID3_FieldImpl@@UBEXAAVID3_Writer@@@Z 100140e0 f   id3libD:field.obj
 0001:00013170       ??4ID3_FieldImpl@@UAEAAVID3_Field@@ABV1@@Z 10014170 f   id3libD:field.obj
 0001:00013290       ?SetEncoding@ID3_FieldImpl@@UAE_NW4ID3_TextEnc@@@Z 10014290 f   id3libD:field.obj
 0001:000133c0       ?assign@?$basic_string@EU?$char_traits@E@std@@V?$allocator@E@2@@std@@QAEAAV12@IE@Z 100143c0 f i id3libD:field.obj
 0001:00013440       ?erase@?$basic_string@EU?$char_traits@E@std@@V?$allocator@E@2@@std@@QAEAAV12@II@Z 10014440 f i id3libD:field.obj
 0001:00013510       ?_Split@?$basic_string@EU?$char_traits@E@std@@V?$allocator@E@2@@std@@AAEXXZ 10014510 f i id3libD:field.obj
 0001:000135a0       ?move@?$char_traits@E@std@@SAPAEPAEPBEI@Z 100145a0 f i id3libD:field.obj
 0001:00013680       ?assign@?$char_traits@E@std@@SAPAEPAEIABE@Z 10014680 f i id3libD:field.obj
 0001:000136f0       ?assign@?$basic_string@EU?$char_traits@E@std@@V?$allocator@E@2@@std@@QAEAAV12@PBE@Z 100146f0 f i id3libD:field.obj
 0001:00013740       ?assign@?$basic_string@EU?$char_traits@E@std@@V?$allocator@E@2@@std@@QAEAAV12@PBEI@Z 10014740 f i id3libD:field.obj
 0001:000137b0       ?length@?$char_traits@E@std@@SAIPBE@Z 100147b0 f i id3libD:field.obj
 0001:00013820       ?eq@?$char_traits@E@std@@SA_NABE0@Z 10014820 f i id3libD:field.obj
 0001:00013860       ??4ID3_FieldImpl@@UAEAAVID3_Field@@I@Z 10014860 f i id3libD:field.obj
 0001:000138b0       ??4ID3_FieldImpl@@UAEAAVID3_Field@@PBD@Z 100148b0 f i id3libD:field.obj
 0001:00013900       ??4ID3_FieldImpl@@UAEAAVID3_Field@@PBG@Z 10014900 f i id3libD:field.obj
 0001:00013950       ?InScope@ID3_FieldImpl@@UBE_NW4ID3_V2Spec@@@Z 10014950 f i id3libD:field.obj
 0001:000139a0       ?GetID@ID3_FieldImpl@@UBE?AW4ID3_FieldID@@XZ 100149a0 f i id3libD:field.obj
 0001:000139d0       ?GetType@ID3_FieldImpl@@UBE?AW4ID3_FieldType@@XZ 100149d0 f i id3libD:field.obj
 0001:00013a80       ?GetEncoding@ID3_FieldImpl@@UBE?AW4ID3_TextEnc@@XZ 10014a80 f i id3libD:field.obj
 0001:00013ab0       ?IsEncodable@ID3_FieldImpl@@UBE_NXZ 10014ab0 f i id3libD:field.obj
 0001:00013af0       ?setWindow@WindowedReader@io@dami@@QAEXII@Z 10014af0 f   id3libD:io_decorators.obj
 0001:00013bd0       ?setBeg@WindowedReader@io@dami@@QAEII@Z 10014bd0 f   id3libD:io_decorators.obj
 0001:00013c60       ?setEnd@WindowedReader@io@dami@@QAEII@Z 10014c60 f   id3libD:io_decorators.obj
 0001:00013ce0       ?readChar@WindowedReader@io@dami@@UAEFXZ 10014ce0 f   id3libD:io_decorators.obj
 0001:00013d50       ?peekChar@WindowedReader@io@dami@@UAEFXZ 10014d50 f   id3libD:io_decorators.obj
 0001:00013dc0       ?readChars@WindowedReader@io@dami@@UAEIQAEI@Z 10014dc0 f   id3libD:io_decorators.obj
 0001:00013e70       ?readChars@CharReader@io@dami@@UAEIQAEI@Z 10014e70 f   id3libD:io_decorators.obj
 0001:00013f10       ?readChar@LineFeedReader@io@dami@@UAEFXZ 10014f10 f   id3libD:io_decorators.obj
 0001:00013fd0       ?readChar@UnsyncedReader@io@dami@@UAEFXZ 10014fd0 f   id3libD:io_decorators.obj
 0001:00014090       ??0CompressedReader@io@dami@@QAE@AAVID3_Reader@@I@Z 10015090 f   id3libD:io_decorators.obj
 0001:00014190       ??_GCompressedReader@io@dami@@UAEPAXI@Z 10015190 f i id3libD:io_decorators.obj
 0001:00014190       ??_ECompressedReader@io@dami@@UAEPAXI@Z 10015190 f i id3libD:io_decorators.obj
 0001:000141f0       ??1CompressedReader@io@dami@@UAE@XZ 100151f0 f   id3libD:io_decorators.obj
 0001:00014250       ?writeChar@UnsyncedWriter@io@dami@@UAEFE@Z 10015250 f   id3libD:io_decorators.obj
 0001:00014310       ?flush@UnsyncedWriter@io@dami@@UAEXXZ 10015310 f   id3libD:io_decorators.obj
 0001:000143a0       ?writeChars@UnsyncedWriter@io@dami@@UAEIQBEI@Z 100153a0 f   id3libD:io_decorators.obj
 0001:00014470       ?flush@CompressedWriter@io@dami@@UAEXXZ 10015470 f   id3libD:io_decorators.obj
 0001:000145c0       ?writeChars@CompressedWriter@io@dami@@UAEIQBEI@Z 100155c0 f   id3libD:io_decorators.obj
 0001:00014690       ??0ID3_MemoryReader@@QAE@XZ 10015690 f i id3libD:io_decorators.obj
 0001:000146e0       ?inWindow@WindowedReader@io@dami@@AAE_NI@Z 100156e0 f i id3libD:io_decorators.obj
 0001:00014760       ?inWindow@WindowedReader@io@dami@@QAE_NXZ 10015760 f i id3libD:io_decorators.obj
 0001:000147b0       ?readString@io@dami@@YA?AV?$basic_string@DU?$char_traits@D@std@@V?$allocator@D@2@@std@@AAVID3_Reader@@@Z 100157b0 f   id3libD:io_helpers.obj
 0001:00014890       ?readText@io@dami@@YA?AV?$basic_string@DU?$char_traits@D@std@@V?$allocator@D@2@@std@@AAVID3_Reader@@I@Z 10015890 f   id3libD:io_helpers.obj
 0001:000149e0       ?isNull@?%c:\dokumente und einstellungen\tw\eigene dateien\projects\tagwriter.dll\vc32\vbid3lib-3.8.0pre1\src\io_helpers.cpp998710678@@YA_NEE@Z 100159e0 f   id3libD:io_helpers.obj
 0001:00014a30       ?isBOM@?%c:\dokumente und einstellungen\tw\eigene dateien\projects\tagwriter.dll\vc32\vbid3lib-3.8.0pre1\src\io_helpers.cpp998710678@@YAHEE@Z 10015a30 f   id3libD:io_helpers.obj
 0001:00014aa0       ?readTwoChars@?%c:\dokumente und einstellungen\tw\eigene dateien\projects\tagwriter.dll\vc32\vbid3lib-3.8.0pre1\src\io_helpers.cpp998710678@@YA_NAAVID3_Reader@@AAE1@Z 10015aa0 f   id3libD:io_helpers.obj
 0001:00014bb0       ?readUnicodeString@io@dami@@YA?AV?$basic_string@DU?$char_traits@D@std@@V?$allocator@D@2@@std@@AAVID3_Reader@@@Z 10015bb0 f   id3libD:io_helpers.obj
 0001:00014d60       ?readUnicodeText@io@dami@@YA?AV?$basic_string@DU?$char_traits@D@std@@V?$allocator@D@2@@std@@AAVID3_Reader@@I@Z 10015d60 f   id3libD:io_helpers.obj
 0001:00014f50       ?readAllBinary@io@dami@@YA?AV?$basic_string@EU?$char_traits@E@std@@V?$allocator@E@2@@std@@AAVID3_Reader@@@Z 10015f50 f   id3libD:io_helpers.obj
 0001:00014fc0       ?readBinary@io@dami@@YA?AV?$basic_string@EU?$char_traits@E@std@@V?$allocator@E@2@@std@@AAVID3_Reader@@I@Z 10015fc0 f   id3libD:io_helpers.obj
 0001:000150f0       ?readLENumber@io@dami@@YAIAAVID3_Reader@@I@Z 100160f0 f   id3libD:io_helpers.obj
 0001:000151a0       ?readBENumber@io@dami@@YAIAAVID3_Reader@@I@Z 100161a0 f   id3libD:io_helpers.obj
 0001:00015250       ?readTrailingSpaces@io@dami@@YA?AV?$basic_string@DU?$char_traits@D@std@@V?$allocator@D@2@@std@@AAVID3_Reader@@I@Z 10016250 f   id3libD:io_helpers.obj
 0001:000153c0       ?readUInt28@io@dami@@YAIAAVID3_Reader@@@Z 100163c0 f   id3libD:io_helpers.obj
 0001:00015480       ?writeBENumber@io@dami@@YAIAAVID3_Writer@@II@Z 10016480 f   id3libD:io_helpers.obj
 0001:00015500       ?writeTrailingSpaces@io@dami@@YAIAAVID3_Writer@@V?$basic_string@DU?$char_traits@D@std@@V?$allocator@D@2@@std@@I@Z 10016500 f   id3libD:io_helpers.obj
 0001:00015610       ?writeUInt28@io@dami@@YAIAAVID3_Writer@@I@Z 10016610 f   id3libD:io_helpers.obj
 0001:000156c0       ?writeString@io@dami@@YAIAAVID3_Writer@@V?$basic_string@DU?$char_traits@D@std@@V?$allocator@D@2@@std@@@Z 100166c0 f   id3libD:io_helpers.obj
 0001:00015770       ?writeText@io@dami@@YAIAAVID3_Writer@@V?$basic_string@DU?$char_traits@D@std@@V?$allocator@D@2@@std@@@Z 10016770 f   id3libD:io_helpers.obj
 0001:00015830       ?writeUnicodeString@io@dami@@YAIAAVID3_Writer@@V?$basic_string@DU?$char_traits@D@std@@V?$allocator@D@2@@std@@_N@Z 10016830 f   id3libD:io_helpers.obj
 0001:000158f0       ?writeUnicodeText@io@dami@@YAIAAVID3_Writer@@V?$basic_string@DU?$char_traits@D@std@@V?$allocator@D@2@@std@@_N@Z 100168f0 f   id3libD:io_helpers.obj
 0001:00015a50       ?reserve@?$basic_string@DU?$char_traits@D@std@@V?$allocator@D@2@@std@@QAEXI@Z 10016a50 f i id3libD:io_helpers.obj
 0001:00015aa0       ??0?$basic_string@EU?$char_traits@E@std@@V?$allocator@E@2@@std@@QAE@ABV01@@Z 10016aa0 f i id3libD:io_helpers.obj
 0001:00015b00       ?assign@?$basic_string@EU?$char_traits@E@std@@V?$allocator@E@2@@std@@QAEAAV12@ABV12@II@Z 10016b00 f i id3libD:io_helpers.obj
 0001:00015c80       ?capacity@?$basic_string@EU?$char_traits@E@std@@V?$allocator@E@2@@std@@QBEIXZ 10016c80 f i id3libD:io_helpers.obj
 0001:00015cb0       ??Hstd@@YA?AV?$basic_string@DU?$char_traits@D@std@@V?$allocator@D@2@@0@ABV10@D@Z 10016cb0 f i id3libD:io_helpers.obj
 0001:00015d50       ??8std@@YA_NABV?$allocator@E@0@0@Z 10016d50 f i id3libD:io_helpers.obj
 0001:00015e00       ?release@ExitTrigger@io@dami@@QAEXXZ 10016e00 f i id3libD:io_helpers.obj
 0001:00015e30       ?SetSpec@ID3_TagHeader@@UAE_NW4ID3_V2Spec@@@Z 10016e30 f   id3libD:header_tag.obj
 0001:00015ec0       ?Size@ID3_TagHeader@@UBEIXZ 10016ec0 f   id3libD:header_tag.obj
 0001:00015f10       ?Render@ID3_TagHeader@@UBEXAAVID3_Writer@@@Z 10016f10 f   id3libD:header_tag.obj
 0001:00016020       ?Parse@ID3_TagHeader@@UAE_NAAVID3_Reader@@@Z 10017020 f   id3libD:header_tag.obj
 0001:00016230       ?getString@v2@id3@dami@@YA?AV?$basic_string@DU?$char_traits@D@std@@V?$allocator@D@2@@std@@PBVID3_Frame@@W4ID3_FieldID@@@Z 10017230 f   id3libD:helpers.obj
 0001:00016390       ?getStringAtIndex@v2@id3@dami@@YA?AV?$basic_string@DU?$char_traits@D@std@@V?$allocator@D@2@@std@@PBVID3_Frame@@W4ID3_FieldID@@I@Z 10017390 f   id3libD:helpers.obj
 0001:000164e0       ?removeFrames@v2@id3@dami@@YAIAAVID3_TagImpl@@W4ID3_FrameID@@@Z 100174e0 f   id3libD:helpers.obj
 0001:00016580       ?getFrameText@v2@id3@dami@@YA?AV?$basic_string@DU?$char_traits@D@std@@V?$allocator@D@2@@std@@ABVID3_TagImpl@@W4ID3_FrameID@@@Z 10017580 f   id3libD:helpers.obj
[...]
 0002:00004a88       ??_R4out_of_range@std@@6B@ 10093a88     libcpd:string.obj
 0002:00004de0       __CT??_R0?AVexception@@@8??0exception@@QAE@ABV0@@Z12 10093de0     id3libD:frame.obj
 0002:00004e00       __CT??_R0?AVlogic_error@std@@@8??0logic_error@std@@QAE@ABV01@@Z28 10093e00     id3libD:frame.obj
 0002:00004e20       __CT??_R0?AVout_of_range@std@@@8??0out_of_range@std@@QAE@ABV01@@Z28 10093e20     id3libD:frame.obj
 0002:00004e40       __CTA3?AVout_of_range@std@@ 10093e40     id3libD:frame.obj
 0002:00004e50       __TI3?AVout_of_range@std@@ 10093e50     id3libD:frame.obj
 0002:00004eb0       __CTA2?AVlogic_error@std@@ 10093eb0     id3libD:frame.obj
 0002:00004ec0       __TI2?AVlogic_error@std@@  10093ec0     id3libD:frame.obj
 0002:00006d38       __CT??_R0?AVlength_error@std@@@8??0length_error@std@@QAE@ABV01@@Z28 10095d38     libcpd:string.obj
 0002:00006d58       __CTA3?AVlength_error@std@@ 10095d58     libcpd:string.obj
 0002:00006d68       __TI3?AVlength_error@std@@ 10095d68     libcpd:string.obj
 0003:00000000       ___xc_a                    10097000     LIBCMTD:crt0init.obj
 0003:00000280       ___xc_z                    10097280     LIBCMTD:crt0init.obj
 0003:00000384       ___xi_a                    10097384     LIBCMTD:crt0init.obj
 0003:0000069c       ___xi_z                    1009769c     LIBCMTD:crt0init.obj
 0003:000007a0       ___xp_a                    100977a0     LIBCMTD:crt0init.obj
 0003:000009b0       ___xp_z                    100979b0     LIBCMTD:crt0init.obj
 0003:00000ab4       ___xt_a                    10097ab4     LIBCMTD:crt0init.obj
 0003:00000cbc       ___xt_z                    10097cbc     LIBCMTD:crt0init.obj
 0003:00000dc0       ??_R0?AVexception@@@8      10097dc0     id3libD:frame.obj
 0003:00000dd8       ??_R0?AVlogic_error@std@@@8 10097dd8     id3libD:frame.obj
 0003:00000df8       ??_R0?AVout_of_range@std@@@8 10097df8     id3libD:frame.obj
 0003:00000e50       ?DEFAULT@ID3_FieldDef@@2PBU1@B 10097e50     id3libD:field.obj
 0003:00001d08       __NLG_Destination          10098d08     LIBCMTD:exsup.obj
 0003:00001d20       __aexit_rtn                10098d20     LIBCMTD:dllcrt0.obj
 0003:00001d28       ??_R0?AVtype_info@@@8      10098d28     LIBCMTD:typinfo.obj
 0003:00001d40       ?__pMyUnhandledExceptionFilter@@3PAXA 10098d40     LIBCMTD:throw.obj
 0003:00001d60       ___tlsindex                10098d60     LIBCMTD:tidtable.obj
 0003:00001d64       ?__pInconsistency@@3P6AXXZA 10098d64     LIBCMTD:hooks.obj
 0003:00001d68       __crtAssertBusy            10098d68     LIBCMTD:dbgrpt.obj
 0003:00001d6c       __CrtDbgMode               10098d6c     LIBCMTD:dbgrpt.obj
 0003:00001d78       __CrtDbgFile               10098d78     LIBCMTD:dbgrpt.obj
 0003:00001d90       __locktable                10098d90     LIBCMTD:mlock.obj
 0003:00001e50       __crtDbgFlag               10098e50     LIBCMTD:dbgheap.obj
 0003:00001e58       __crtBreakAlloc            10098e58     LIBCMTD:dbgheap.obj
 0003:00001e74       __pctype                   10098e74     LIBCMTD:ctype.obj
 0003:00001e78       __pwctype                  10098e78     LIBCMTD:ctype.obj
 0003:00001e7c       __ctype                    10098e7c     LIBCMTD:ctype.obj
 0003:00002080       ___mb_cur_max              10099080     LIBCMTD:nlsdata1.obj
 0003:00002084       ___decimal_point           10099084     LIBCMTD:nlsdata1.obj
 0003:00002088       ___decimal_point_length    10099088     LIBCMTD:nlsdata1.obj
 0003:00002090       ___badioinfo               10099090     LIBCMTD:ioinit.obj
 0003:000020b4       __amblksiz                 100990b4     LIBCMTD:heapinit.obj
 0003:00002148       __iob                      10099148     LIBCMTD:_file.obj
 0003:00002530       __tmpoff                   10099530     LIBCMTD:rmtmp.obj
 0003:00002534       __tempoff                  10099534     LIBCMTD:rmtmp.obj
 0003:00002538       __XcptActTab               10099538     LIBCMTD:winxfltr.obj
 0003:000025b0       __First_FPE_Indx           100995b0     LIBCMTD:winxfltr.obj
 0003:000025b4       __Num_FPE                  100995b4     LIBCMTD:winxfltr.obj
 0003:000025b8       __XcptActTabSize           100995b8     LIBCMTD:winxfltr.obj
 0003:000025bc       __XcptActTabCount          100995bc     LIBCMTD:winxfltr.obj
 0003:000025c0       __pfnAllocHook             100995c0     LIBCMTD:dbghook.obj
 0003:000025c8       ___old_small_block_heap    100995c8     LIBCMTD:sbheap.obj
 0003:000045ec       ___old_sbh_threshold       1009b5ec     LIBCMTD:sbheap.obj
 0003:000046f0       ___nullstring              1009b6f0     LIBCMTD:output.obj
 0003:000046f4       ___wnullstring             1009b6f4     LIBCMTD:output.obj
 0003:00004808       ___lc_category             1009b808     LIBCMTD:setlocal.obj
 0003:00004850       __cfltcvt_tab              1009b850     LIBCMTD:cmiscdat.obj
 0003:00004870       ___rgLocInfo               1009b870     LIBCMTD:getqloc.obj
 0003:00004d14       ___rglangidNotDefault      1009bd14     LIBCMTD:getqloc.obj
 0003:00004d28       ___rg_country              1009bd28     LIBCMTD:getqloc.obj
 0003:00004de0       ___rg_language             1009bde0     LIBCMTD:getqloc.obj
 0003:00004fe8       ___lc_time_curr            1009bfe8     LIBCMTD:strftime.obj
 0003:00004ff0       ___lc_time_c               1009bff0     LIBCMTD:strftime.obj
 0003:000050a0       ___lconv_static_decimal    1009c0a0     LIBCMTD:lconv.obj
 0003:000050a8       ___lconv_c                 1009c0a8     LIBCMTD:lconv.obj
 0003:000050d8       ___lconv                   1009c0d8     LIBCMTD:lconv.obj
 0003:000050e0       __timezone                 1009c0e0     LIBCMTD:timeset.obj
 0003:000050e4       __daylight                 1009c0e4     LIBCMTD:timeset.obj
 0003:000050e8       __dstbias                  1009c0e8     LIBCMTD:timeset.obj
 0003:0000516c       __tzname                   1009c16c     LIBCMTD:timeset.obj
 0003:00005194       __lpdays                   1009c194     LIBCMTD:days.obj
 0003:000051c8       __days                     1009c1c8     LIBCMTD:days.obj
 0003:00005200       ??_R0?AVios@@@8            1009c200     libcid:ifstream.obj
 0003:00005218       ??_R0?AVistream@@@8        1009c218     libcid:ifstream.obj
 0003:00005230       ??_R0?AVifstream@@@8       1009c230     libcid:ifstream.obj
 0003:00005248       ?x_maxbit@ios@@0JA         1009c248     libcid:_ios.obj
 0003:0000524c       ?x_curindex@ios@@0HA       1009c24c     libcid:_ios.obj
 0003:00005250       ??_R0?AVistream_withassign@@@8 1009c250     libcid:istream.obj
 0003:00005278       ??_R0?AVostream@@@8        1009c278     libcid:fstream.obj
 0003:00005290       ??_R0?AViostream@@@8       1009c290     libcid:fstream.obj
 0003:000052a8       ??_R0?AVfstream@@@8        1009c2a8     libcid:fstream.obj
 0003:000052c0       ??_R0?AVostream_withassign@@@8 1009c2c0     libcid:ostream.obj
 0003:000052e8       ??_R0?AVstreambuf@@@8      1009c2e8     libcid:filebuf.obj
 0003:00005300       ??_R0?AVfilebuf@@@8        1009c300     libcid:filebuf.obj
 0003:00005318       ??_R0?AVofstream@@@8       1009c318     libcid:ofstream.obj
 0003:00005330       ??_R0?AVlength_error@std@@@8 1009c330     libcpd:string.obj
 0003:00005458       _z_errmsg                  1009c458     zlib:zutil.obj
 0003:00006778       _inflate_mask              1009d778     zlib:infutil.obj
 0003:00007b00       ?tRenderer@@3PAVTagRenderer@@A 1009eb00     tagWriter.obj
 0003:00007b08       __aenvptr                  1009eb08     LIBCMTD:dllcrt0.obj
 0003:00007b0c       __wenvptr                  1009eb0c     LIBCMTD:dllcrt0.obj
 0003:00007b10       ___error_mode              1009eb10     LIBCMTD:dllcrt0.obj
 0003:00007b14       ___app_type                1009eb14     LIBCMTD:dllcrt0.obj
 0003:00007bb4       __umaskval                 1009ebb4     LIBCMTD:crt0dat.obj
 0003:00007bb8       __osver                    1009ebb8     LIBCMTD:crt0dat.obj
 0003:00007bbc       __winver                   1009ebbc     LIBCMTD:crt0dat.obj
 0003:00007bc0       __winmajor                 1009ebc0     LIBCMTD:crt0dat.obj
 0003:00007bc4       __winminor                 1009ebc4     LIBCMTD:crt0dat.obj
 0003:00007bc8       ___argc                    1009ebc8     LIBCMTD:crt0dat.obj
 0003:00007bcc       ___argv                    1009ebcc     LIBCMTD:crt0dat.obj
 0003:00007bd0       ___wargv                   1009ebd0     LIBCMTD:crt0dat.obj
 0003:00007bd4       __environ                  1009ebd4     LIBCMTD:crt0dat.obj
 0003:00007bd8       ___initenv                 1009ebd8     LIBCMTD:crt0dat.obj
 0003:00007bdc       __wenviron                 1009ebdc     LIBCMTD:crt0dat.obj
 0003:00007be0       ___winitenv                1009ebe0     LIBCMTD:crt0dat.obj
 0003:00007be4       __pgmptr                   1009ebe4     LIBCMTD:crt0dat.obj
 0003:00007be8       __wpgmptr                  1009ebe8     LIBCMTD:crt0dat.obj
 0003:00007bec       __exitflag                 1009ebec     LIBCMTD:crt0dat.obj
 0003:00007bf0       __C_Termination_Done       1009ebf0     LIBCMTD:crt0dat.obj
 0003:00007bf4       __C_Exit_Done              1009ebf4     LIBCMTD:crt0dat.obj
 0003:00007d04       __adbgmsg                  1009ed04     LIBCMTD:crt0msg.obj
 0003:00007d0c       __cflush                   1009ed0c     LIBCMTD:_file.obj
 0003:00007d10       __commode                  1009ed10     LIBCMTD:ncommode.obj
 0003:00007d14       __old_pfxlen               1009ed14     LIBCMTD:rmtmp.obj
 0003:00007d38       __newmode                  1009ed38     LIBCMTD:_newmode.obj
 0003:00007d3c       ?_pnhHeap@@3P6AHI@ZA       1009ed3c     LIBCMTD:handler.obj
 0003:00007d4c       __fmode                    1009ed4c     LIBCMTD:txtmode.obj
 0003:00007d50       ___lc_handle               1009ed50     LIBCMTD:nlsdata2.obj
 0003:00007d68       ___lc_codepage             1009ed68     LIBCMTD:nlsdata2.obj
 0003:00007d6c       ___lc_collate_cp           1009ed6c     LIBCMTD:nlsdata2.obj
 0003:00007d80       ___lc_time_intl            1009ed80     LIBCMTD:inittime.obj
 0003:00007d9c       ___lc_id                   1009ed9c     LIBCMTD:nlsdata3.obj
 0003:00007dec       ___lconv_static_null       1009edec     LIBCMTD:lconv.obj
 0003:00007ec0       ?x_statebuf@ios@@0PAJA     1009eec0     libcid:_ios.obj
 0003:00007ec9       ??_B?1???id@?$ctype@G@std@@$D@@9@51 1009eec9     <common>
 0003:00007ed4       ___alternate_form          1009eed4     <common>
 0003:00007ee4       ___no_lead_zeros           1009eee4     <common>
 0003:00007ee8       ___setlc_active            1009eee8     <common>
 0003:00007ef8       ___unguarded_readlc_active 1009eef8     <common>
 0003:00007efc       ___mbcodepage              1009eefc     <common>
 0003:00007f80       ___mbulinfo                1009ef80     <common>
 0003:00007f8c       ___ismbcodepage            1009ef8c     <common>
 0003:00007fa0       __mbcasemap                1009efa0     <common>
 0003:000080a0       __mbctype                  1009f0a0     <common>
 0003:000081a4       ___mblcid                  1009f1a4     <common>
 0003:000081a8       ___sbh_sizeHeaderList      1009f1a8     <common>
 0003:000081bc       ___sbh_indGroupDefer       1009f1bc     <common>
 0003:000081c0       ___sbh_pHeaderScan         1009f1c0     <common>
 0003:000081c4       ___sbh_initialized         1009f1c4     <common>
 0003:000081c8       ___sbh_pHeaderDefer        1009f1c8     <common>
 0003:000081cc       ___sbh_cntHeaderList       1009f1cc     <common>
 0003:000081d0       ___sbh_pHeaderList         1009f1d0     <common>
 0003:000081d4       ___sbh_threshold           1009f1d4     <common>
 0003:000081d8       ___piob                    1009f1d8     <common>
 0003:00008520       __bufin                    1009f520     <common>
 0003:00009520       __nstream                  100a0520     <common>
 0003:00009524       __crtheap                  100a0524     <common>
 0003:00009534       ___active_heap             100a0534     <common>
 0003:00009540       ___pioinfo                 100a0540     <common>
 0003:0000967c       __nhandle                  100a067c     <common>
 0003:00009680       ___env_initialized         100a0680     <common>
 0003:00009690       ___mbctype_initialized     100a0690     <common>
 0003:00009694       ___onexitend               100a0694     <common>
 0003:00009698       ___onexitbegin             100a0698     <common>
 0003:0000969c       __FPinit                   100a069c     <common>
 0003:000096a0       __pfnDumpClient            100a06a0     <common>
 0003:000096ac       __pfnReportHook            100a06ac     <common>
 0003:000096b8       __acmdln                   100a06b8     <common>
 0003:000096c8       __pRawDllMain              100a06c8     <common>
 0003:000096cc       ??_B?1???id@?$collate@D@std@@$D@@9@51 100a06cc     <common>
 0004:00000000       __IMPORT_DESCRIPTOR_KERNEL32 100a1000     kernel32:KERNEL32.dll
 0004:00000014       __NULL_IMPORT_DESCRIPTOR   100a1014     kernel32:KERNEL32.dll
 0004:000001dc       __imp__CloseHandle@4       100a11dc     kernel32:KERNEL32.dll
 0004:000001e0       __imp__SetEndOfFile@4      100a11e0     kernel32:KERNEL32.dll
 0004:000001e4       __imp__SetFilePointer@16   100a11e4     kernel32:KERNEL32.dll
 0004:000001e8       __imp__CreateFileA@28      100a11e8     kernel32:KERNEL32.dll
 0004:000001ec       __imp__RtlUnwind@16        100a11ec     kernel32:KERNEL32.dll
 0004:000001f0       __imp__GetCommandLineA@0   100a11f0     kernel32:KERNEL32.dll
 0004:000001f4       __imp__GetVersion@0        100a11f4     kernel32:KERNEL32.dll
 0004:000001f8       __imp__RaiseException@16   100a11f8     kernel32:KERNEL32.dll
 0004:000001fc       __imp__GetCurrentThreadId@0 100a11fc     kernel32:KERNEL32.dll
 0004:00000200       __imp__TlsSetValue@8       100a1200     kernel32:KERNEL32.dll
 0004:00000204       __imp__TlsAlloc@0          100a1204     kernel32:KERNEL32.dll
 0004:00000208       __imp__TlsFree@4           100a1208     kernel32:KERNEL32.dll
 0004:0000020c       __imp__SetLastError@4      100a120c     kernel32:KERNEL32.dll
 0004:00000210       __imp__TlsGetValue@4       100a1210     kernel32:KERNEL32.dll
 0004:00000214       __imp__GetLastError@0      100a1214     kernel32:KERNEL32.dll
 0004:00000218       __imp__GetCurrentThread@0  100a1218     kernel32:KERNEL32.dll
 0004:0000021c       __imp__DebugBreak@0        100a121c     kernel32:KERNEL32.dll
 0004:00000220       __imp__GetStdHandle@4      100a1220     kernel32:KERNEL32.dll
 0004:00000224       __imp__WriteFile@20        100a1224     kernel32:KERNEL32.dll
 0004:00000228       __imp__InterlockedDecrement@4 100a1228     kernel32:KERNEL32.dll
 0004:0000022c       __imp__OutputDebugStringA@4 100a122c     kernel32:KERNEL32.dll
 0004:00000230       __imp__GetProcAddress@8    100a1230     kernel32:KERNEL32.dll
 0004:00000234       __imp__LoadLibraryA@4      100a1234     kernel32:KERNEL32.dll
 0004:00000238       __imp__InterlockedIncrement@4 100a1238     kernel32:KERNEL32.dll
 0004:0000023c       __imp__GetModuleFileNameA@12 100a123c     kernel32:KERNEL32.dll
 0004:00000240       __imp__InitializeCriticalSection@4 100a1240     kernel32:KERNEL32.dll
 0004:00000244       __imp__DeleteCriticalSection@4 100a1244     kernel32:KERNEL32.dll
 0004:00000248       __imp__EnterCriticalSection@4 100a1248     kernel32:KERNEL32.dll
 0004:0000024c       __imp__LeaveCriticalSection@4 100a124c     kernel32:KERNEL32.dll
 0004:00000250       __imp__ExitProcess@4       100a1250     kernel32:KERNEL32.dll
 0004:00000254       __imp__FatalAppExitA@8     100a1254     kernel32:KERNEL32.dll
 0004:00000258       __imp__IsBadWritePtr@8     100a1258     kernel32:KERNEL32.dll
 0004:0000025c       __imp__IsBadReadPtr@8      100a125c     kernel32:KERNEL32.dll
 0004:00000260       __imp__HeapValidate@12     100a1260     kernel32:KERNEL32.dll
 0004:00000264       __imp__TerminateProcess@8  100a1264     kernel32:KERNEL32.dll
 0004:00000268       __imp__GetCurrentProcess@0 100a1268     kernel32:KERNEL32.dll
 0004:0000026c       __imp__SetHandleCount@4    100a126c     kernel32:KERNEL32.dll
 0004:00000270       __imp__GetFileType@4       100a1270     kernel32:KERNEL32.dll
 0004:00000274       __imp__GetStartupInfoA@4   100a1274     kernel32:KERNEL32.dll
 0004:00000278       __imp__FreeEnvironmentStringsA@4 100a1278     kernel32:KERNEL32.dll
 0004:0000027c       __imp__FreeEnvironmentStringsW@4 100a127c     kernel32:KERNEL32.dll
 0004:00000280       __imp__WideCharToMultiByte@32 100a1280     kernel32:KERNEL32.dll
 0004:00000284       __imp__GetEnvironmentStrings@0 100a1284     kernel32:KERNEL32.dll
 0004:00000288       __imp__GetEnvironmentStringsW@0 100a1288     kernel32:KERNEL32.dll
 0004:0000028c       __imp__GetModuleHandleA@4  100a128c     kernel32:KERNEL32.dll
 0004:00000290       __imp__GetEnvironmentVariableA@12 100a1290     kernel32:KERNEL32.dll
 0004:00000294       __imp__GetVersionExA@4     100a1294     kernel32:KERNEL32.dll
 0004:00000298       __imp__HeapDestroy@4       100a1298     kernel32:KERNEL32.dll
 0004:0000029c       __imp__HeapCreate@12       100a129c     kernel32:KERNEL32.dll
 0004:000002a0       __imp__HeapFree@12         100a12a0     kernel32:KERNEL32.dll
 0004:000002a4       __imp__VirtualFree@12      100a12a4     kernel32:KERNEL32.dll
 0004:000002a8       __imp__SetUnhandledExceptionFilter@4 100a12a8     kernel32:KERNEL32.dll
 0004:000002ac       __imp__ReadFile@20         100a12ac     kernel32:KERNEL32.dll
 0004:000002b0       __imp__GetFileAttributesA@4 100a12b0     kernel32:KERNEL32.dll
 0004:000002b4       __imp__GetCurrentProcessId@0 100a12b4     kernel32:KERNEL32.dll
 0004:000002b8       __imp__IsBadCodePtr@4      100a12b8     kernel32:KERNEL32.dll
 0004:000002bc       __imp__UnhandledExceptionFilter@4 100a12bc     kernel32:KERNEL32.dll
 0004:000002c0       __imp__SetConsoleCtrlHandler@8 100a12c0     kernel32:KERNEL32.dll
 0004:000002c4       __imp__HeapAlloc@12        100a12c4     kernel32:KERNEL32.dll
 0004:000002c8       __imp__HeapReAlloc@16      100a12c8     kernel32:KERNEL32.dll
 0004:000002cc       __imp__VirtualAlloc@16     100a12cc     kernel32:KERNEL32.dll
 0004:000002d0       __imp__MultiByteToWideChar@24 100a12d0     kernel32:KERNEL32.dll
 0004:000002d4       __imp__GetStringTypeA@20   100a12d4     kernel32:KERNEL32.dll
 0004:000002d8       __imp__GetStringTypeW@16   100a12d8     kernel32:KERNEL32.dll
 0004:000002dc       __imp__GetCPInfo@8         100a12dc     kernel32:KERNEL32.dll
 0004:000002e0       __imp__GetACP@0            100a12e0     kernel32:KERNEL32.dll
 0004:000002e4       __imp__GetOEMCP@0          100a12e4     kernel32:KERNEL32.dll
 0004:000002e8       __imp__SetStdHandle@8      100a12e8     kernel32:KERNEL32.dll
 0004:000002ec       __imp__FlushFileBuffers@4  100a12ec     kernel32:KERNEL32.dll
 0004:000002f0       __imp__LCMapStringA@24     100a12f0     kernel32:KERNEL32.dll
 0004:000002f4       __imp__LCMapStringW@24     100a12f4     kernel32:KERNEL32.dll
 0004:000002f8       __imp__Sleep@4             100a12f8     kernel32:KERNEL32.dll
 0004:000002fc       __imp__IsValidLocale@8     100a12fc     kernel32:KERNEL32.dll
 0004:00000300       __imp__IsValidCodePage@4   100a1300     kernel32:KERNEL32.dll
 0004:00000304       __imp__GetLocaleInfoA@16   100a1304     kernel32:KERNEL32.dll
 0004:00000308       __imp__EnumSystemLocalesA@8 100a1308     kernel32:KERNEL32.dll
 0004:0000030c       __imp__GetUserDefaultLCID@0 100a130c     kernel32:KERNEL32.dll
 0004:00000310       __imp__GetTimeZoneInformation@4 100a1310     kernel32:KERNEL32.dll
 0004:00000314       __imp__GetLocaleInfoW@16   100a1314     kernel32:KERNEL32.dll
 0004:00000318       __imp__CompareStringA@24   100a1318     kernel32:KERNEL32.dll
 0004:0000031c       __imp__CompareStringW@24   100a131c     kernel32:KERNEL32.dll
 0004:00000320       __imp__SetEnvironmentVariableA@8 100a1320     kernel32:KERNEL32.dll
 0004:00000324       \177KERNEL32_NULL_THUNK_DATA 100a1324     kernel32:KERNEL32.dll

 entry point at        0001:0001e190

